
--- 2026-01-02T05:46:54.519Z debug
🪵  Writing logs to "/home/hades/.config/.wrangler/logs/wrangler-2026-01-02_05-46-53_471.log"
---

--- 2026-01-02T05:46:54.518Z debug
Metrics dispatcher: Posting data {"deviceId":"d39dff02-21f2-40cf-941a-454076f127d1","event":"wrangler command started","timestamp":1767332814517,"properties":{"amplitude_session_id":1767332814513,"amplitude_event_id":0,"wranglerVersion":"4.53.0","osPlatform":"Linux","osVersion":"#1 SMP PREEMPT_DYNAMIC Thu Jun  5 18:30:46 UTC 2025","nodeVersion":22,"isFirstUsage":false,"configFileType":"toml","isCI":false,"isPagesCI":false,"isWorkersCI":false,"isInteractive":true,"hasAssets":false,"argsUsed":["remote"],"argsCombination":"remote","command":"wrangler d1 execute","args":{}}}
---

--- 2026-01-02T05:46:54.559Z debug
.env file not found at "/home/hades/FUN/cloudflareProjet/passvault/.env.local". Continuing... For more details, refer to https://developers.cloudflare.com/workers/wrangler/system-environment-variables/
---

--- 2026-01-02T05:46:54.657Z log

 ⛅️ wrangler 4.53.0 (update available 4.54.0)
─────────────────────────────────────────────
---

--- 2026-01-02T05:46:54.661Z log
Resource location: remote 

---

--- 2026-01-02T05:47:26.026Z debug
Retrieving cached values for account from node_modules/.cache/wrangler
---

--- 2026-01-02T05:47:26.028Z log
🌀 Executing on remote database passvault-db (ed03d8fe-6a25-4682-9406-2f3410ebc417):
---

--- 2026-01-02T05:47:26.030Z log
🌀 To execute on your local development database, remove the --remote flag from your wrangler command.
---

--- 2026-01-02T05:47:26.050Z log
Note: if the execution fails to complete, your DB will return to its original state and you can safely retry.
---

--- 2026-01-02T05:47:26.055Z debug
-- START CF API REQUEST: POST https://api.cloudflare.com/client/v4/accounts/f006ec5b85550c77e565a3f9f99a35c0/d1/database/ed03d8fe-6a25-4682-9406-2f3410ebc417/import
---

--- 2026-01-02T05:47:26.056Z debug
QUERY STRING: omitted; set WRANGLER_LOG_SANITIZE=false to include sanitized data
---

--- 2026-01-02T05:47:26.059Z debug
HEADERS: omitted; set WRANGLER_LOG_SANITIZE=false to include sanitized data
---

--- 2026-01-02T05:47:26.059Z debug
INIT: omitted; set WRANGLER_LOG_SANITIZE=false to include sanitized data
---

--- 2026-01-02T05:47:26.059Z debug
-- END CF API REQUEST
---

--- 2026-01-02T05:47:27.475Z debug
-- START CF API RESPONSE: OK 200
---

--- 2026-01-02T05:47:27.477Z debug
HEADERS: omitted; set WRANGLER_LOG_SANITIZE=false to include sanitized data
---

--- 2026-01-02T05:47:27.477Z debug
RESPONSE: omitted; set WRANGLER_LOG_SANITIZE=false to include sanitized data
---

--- 2026-01-02T05:47:27.477Z debug
-- END CF API RESPONSE
---

--- 2026-01-02T05:47:28.830Z debug
-- START CF API REQUEST: POST https://api.cloudflare.com/client/v4/accounts/f006ec5b85550c77e565a3f9f99a35c0/d1/database/ed03d8fe-6a25-4682-9406-2f3410ebc417/import
---

--- 2026-01-02T05:47:28.830Z debug
QUERY STRING: omitted; set WRANGLER_LOG_SANITIZE=false to include sanitized data
---

--- 2026-01-02T05:47:28.831Z debug
HEADERS: omitted; set WRANGLER_LOG_SANITIZE=false to include sanitized data
---

--- 2026-01-02T05:47:28.831Z debug
INIT: omitted; set WRANGLER_LOG_SANITIZE=false to include sanitized data
---

--- 2026-01-02T05:47:28.831Z debug
-- END CF API REQUEST
---

--- 2026-01-02T05:47:29.776Z debug
-- START CF API RESPONSE: OK 200
---

--- 2026-01-02T05:47:29.777Z debug
HEADERS: omitted; set WRANGLER_LOG_SANITIZE=false to include sanitized data
---

--- 2026-01-02T05:47:29.777Z debug
RESPONSE: omitted; set WRANGLER_LOG_SANITIZE=false to include sanitized data
---

--- 2026-01-02T05:47:29.777Z debug
-- END CF API RESPONSE
---

--- 2026-01-02T05:47:29.779Z log
🌀 Starting import...
---

--- 2026-01-02T05:47:29.780Z log
🌀 Processed 29 queries.
---

--- 2026-01-02T05:47:29.780Z log
🚣 Executed 29 queries in 4.84ms (48 rows read, 49 rows written)
   Database is currently at bookmark 00000000-0000000c-00004fe7-f3b25f60c7d0faaa4678977279724cfd.
---

--- 2026-01-02T05:47:29.808Z log
┌────────────────────────┬───────────┬──────────────┬────────────────────┐
│ Total queries executed │ Rows read │ Rows written │ Database size (MB) │
├────────────────────────┼───────────┼──────────────┼────────────────────┤
│ 29                     │ 48        │ 49           │ 0.18               │
└────────────────────────┴───────────┴──────────────┴────────────────────┘
---

--- 2026-01-02T05:47:29.812Z debug
Metrics dispatcher: Posting data {"deviceId":"d39dff02-21f2-40cf-941a-454076f127d1","event":"wrangler command completed","timestamp":1767332849812,"properties":{"amplitude_session_id":1767332814513,"amplitude_event_id":1,"wranglerVersion":"4.53.0","osPlatform":"Linux","osVersion":"#1 SMP PREEMPT_DYNAMIC Thu Jun  5 18:30:46 UTC 2025","nodeVersion":22,"isFirstUsage":false,"configFileType":"toml","isCI":false,"isPagesCI":false,"isWorkersCI":false,"isInteractive":true,"hasAssets":false,"argsUsed":["remote"],"argsCombination":"remote","command":"wrangler d1 execute","args":{},"durationMs":35449,"durationSeconds":35.449,"durationMinutes":0.5908166666666667}}
---
