
--- 2025-12-24T07:13:04.816Z debug
🪵  Writing logs to "/home/hades/.config/.wrangler/logs/wrangler-2025-12-24_07-13-04_200.log"
---

--- 2025-12-24T07:13:04.816Z debug
Metrics dispatcher: Posting data {"deviceId":"d39dff02-21f2-40cf-941a-454076f127d1","event":"wrangler command started","timestamp":1766560384816,"properties":{"amplitude_session_id":1766560384809,"amplitude_event_id":0,"wranglerVersion":"4.53.0","osPlatform":"Linux","osVersion":"#1 SMP PREEMPT_DYNAMIC Thu Jun  5 18:30:46 UTC 2025","nodeVersion":22,"packageManager":"npm","isFirstUsage":false,"configFileType":"none","isCI":false,"isPagesCI":false,"isWorkersCI":false,"isInteractive":true,"hasAssets":false,"argsUsed":[],"argsCombination":"","command":"wrangler pages project list","args":{}}}
---

--- 2025-12-24T07:13:04.838Z debug
.env file not found at "/home/hades/FUN/NotesProjeck/beta/vaultnotes/.env.local". Continuing... For more details, refer to https://developers.cloudflare.com/workers/wrangler/system-environment-variables/
---

--- 2025-12-24T07:13:04.884Z log

 ⛅️ wrangler 4.53.0 (update available 4.56.0)
─────────────────────────────────────────────
---

--- 2025-12-24T07:13:04.916Z debug
Retrieving cached values for account_id and project_name from node_modules/.cache/wrangler
---

--- 2025-12-24T07:13:04.918Z debug
-- START CF API REQUEST: GET https://api.cloudflare.com/client/v4/accounts/f006ec5b85550c77e565a3f9f99a35c0/pages/projects
---

--- 2025-12-24T07:13:04.918Z debug
QUERY STRING: omitted; set WRANGLER_LOG_SANITIZE=false to include sanitized data
---

--- 2025-12-24T07:13:04.919Z debug
HEADERS: omitted; set WRANGLER_LOG_SANITIZE=false to include sanitized data
---

--- 2025-12-24T07:13:04.919Z debug
INIT: omitted; set WRANGLER_LOG_SANITIZE=false to include sanitized data
---

--- 2025-12-24T07:13:04.919Z debug
-- END CF API REQUEST
---

--- 2025-12-24T07:13:06.837Z debug
-- START CF API RESPONSE: OK 200
---

--- 2025-12-24T07:13:06.839Z debug
HEADERS: omitted; set WRANGLER_LOG_SANITIZE=false to include sanitized data
---

--- 2025-12-24T07:13:06.839Z debug
RESPONSE: omitted; set WRANGLER_LOG_SANITIZE=false to include sanitized data
---

--- 2025-12-24T07:13:06.839Z debug
-- END CF API RESPONSE
---

--- 2025-12-24T07:13:06.863Z debug
Saving to cache: {"account_id":"f006ec5b85550c77e565a3f9f99a35c0"}
---

--- 2025-12-24T07:13:06.897Z log
┌─────────────────┬─────────────────────────────────────────────┬──────────────┬────────────────┐
│ Project Name    │ Project Domains                             │ Git Provider │ Last Modified  │
├─────────────────┼─────────────────────────────────────────────┼──────────────┼────────────────┤
│ leafvault-notes │ leafvault-notes.pages.dev, notes.lexa.my.id │ No           │ 25 seconds ago │
└─────────────────┴─────────────────────────────────────────────┴──────────────┴────────────────┘
---

--- 2025-12-24T07:13:06.901Z debug
Metrics dispatcher: Posting data {"deviceId":"d39dff02-21f2-40cf-941a-454076f127d1","event":"list pages projects","timestamp":1766560386901,"properties":{"category":"Workers","wranglerVersion":"4.53.0","os":"linux:x64"}}
---

--- 2025-12-24T07:13:06.914Z debug
Metrics dispatcher: Posting data {"deviceId":"d39dff02-21f2-40cf-941a-454076f127d1","event":"wrangler command completed","timestamp":1766560386914,"properties":{"amplitude_session_id":1766560384809,"amplitude_event_id":1,"wranglerVersion":"4.53.0","osPlatform":"Linux","osVersion":"#1 SMP PREEMPT_DYNAMIC Thu Jun  5 18:30:46 UTC 2025","nodeVersion":22,"packageManager":"npm","isFirstUsage":false,"configFileType":"none","isCI":false,"isPagesCI":false,"isWorkersCI":false,"isInteractive":true,"hasAssets":false,"argsUsed":[],"argsCombination":"","command":"wrangler pages project list","args":{},"durationMs":2206,"durationSeconds":2.206,"durationMinutes":0.03676666666666666}}
---
