
--- 2025-12-26T06:04:50.887Z debug
🪵  Writing logs to "/home/hades/.config/.wrangler/logs/wrangler-2025-12-26_06-04-50_516.log"
---

--- 2025-12-26T06:04:50.886Z debug
Metrics dispatcher: Posting data {"deviceId":"d39dff02-21f2-40cf-941a-454076f127d1","event":"wrangler command started","timestamp":1766729090885,"properties":{"amplitude_session_id":1766729090878,"amplitude_event_id":0,"wranglerVersion":"3.114.16","osPlatform":"Linux","osVersion":"#1 SMP PREEMPT_DYNAMIC Thu Jun  5 18:30:46 UTC 2025","nodeVersion":22,"packageManager":"npm","isFirstUsage":false,"configFileType":"toml","isCI":false,"isPagesCI":false,"isWorkersCI":false,"isInteractive":true,"hasAssets":false,"argsUsed":["remote"],"argsCombination":"remote","command":"wrangler d1 execute","args":{}}}
---

--- 2025-12-26T06:04:50.920Z debug
.env file not found at ".env". Continuing... For more details, refer to https://developers.cloudflare.com/workers/wrangler/system-environment-variables/
---

--- 2025-12-26T06:04:51.007Z log

 ⛅️ wrangler 3.114.16 (update available 4.54.0)
---------------------------------------------------------

---

--- 2025-12-26T06:04:51.303Z warn
▲ [WARNING] The version of Wrangler you are using is now out-of-date.

  Please update to the latest version to prevent critical errors.
  Run `npm install --save-dev wrangler@4` to update to the latest version.
  After installation, run Wrangler with `npx wrangler`.


---

--- 2025-12-26T06:04:51.320Z debug
No experimental flag store instantiated
---

--- 2025-12-26T06:04:51.320Z debug
Attempted to use flag "RESOURCES_PROVISION" which has not been instantiated
---

--- 2025-12-26T06:05:04.269Z debug
Retrieving cached values for account from node_modules/.cache/wrangler
---

--- 2025-12-26T06:05:04.269Z log
🌀 Executing on remote database leafvault-db (3b15207f-68c2-49d0-998e-d8344047d796):
---

--- 2025-12-26T06:05:04.270Z log
🌀 To execute on your local development database, remove the --remote flag from your wrangler command.
---

--- 2025-12-26T06:05:04.284Z log
Note: if the execution fails to complete, your DB will return to its original state and you can safely retry.
---

--- 2025-12-26T06:05:04.288Z debug
-- START CF API REQUEST: POST https://api.cloudflare.com/client/v4/accounts/f006ec5b85550c77e565a3f9f99a35c0/d1/database/3b15207f-68c2-49d0-998e-d8344047d796/import
---

--- 2025-12-26T06:05:04.289Z debug
HEADERS: omitted; set WRANGLER_LOG_SANITIZE=false to include sanitized data
---

--- 2025-12-26T06:05:04.289Z debug
INIT: omitted; set WRANGLER_LOG_SANITIZE=false to include sanitized data
---

--- 2025-12-26T06:05:04.289Z debug
-- END CF API REQUEST
---

--- 2025-12-26T06:05:06.961Z debug
-- START CF API RESPONSE: OK 200
---

--- 2025-12-26T06:05:06.964Z debug
HEADERS: omitted; set WRANGLER_LOG_SANITIZE=false to include sanitized data
---

--- 2025-12-26T06:05:06.964Z debug
RESPONSE: omitted; set WRANGLER_LOG_SANITIZE=false to include sanitized data
---

--- 2025-12-26T06:05:06.964Z debug
-- END CF API RESPONSE
---

--- 2025-12-26T06:05:07.301Z log

---

--- 2025-12-26T06:05:07.304Z error
✘ [ERROR] fetch failed


---

--- 2025-12-26T06:05:07.305Z debug
TypeError: fetch failed
    at fetch (/home/hades/FUN/tempmail/vaultnotes-beta/worker/node_modules/wrangler/wrangler-dist/cli.js:17234:19)
    at process.processTicksAndRejections (node:internal/process/task_queues:105:5)
    at async spinnerWhile (/home/hades/FUN/tempmail/vaultnotes-beta/worker/node_modules/wrangler/wrangler-dist/cli.js:91798:20)
    at async uploadAndBeginIngestion (/home/hades/FUN/tempmail/vaultnotes-beta/worker/node_modules/wrangler/wrangler-dist/cli.js:118737:26)
    at async executeRemotely (/home/hades/FUN/tempmail/vaultnotes-beta/worker/node_modules/wrangler/wrangler-dist/cli.js:118685:7)
    at async executeSql (/home/hades/FUN/tempmail/vaultnotes-beta/worker/node_modules/wrangler/wrangler-dist/cli.js:118540:38)
    at async Object.Handler [as handler] (/home/hades/FUN/tempmail/vaultnotes-beta/worker/node_modules/wrangler/wrangler-dist/cli.js:118456:22)
---

--- 2025-12-26T06:05:07.305Z log
If you think this is a bug then please create an issue at https://github.com/cloudflare/workers-sdk/issues/new/choose
---

--- 2025-12-26T06:05:07.306Z log
Note that there is a newer version of Wrangler available (4.54.0). Consider checking whether upgrading resolves this error.
---

--- 2025-12-26T06:05:13.283Z debug
Sentry: Capturing exception TypeError: fetch failed
---

--- 2025-12-26T06:05:13.305Z debug
Metrics dispatcher: Posting data {"deviceId":"d39dff02-21f2-40cf-941a-454076f127d1","event":"wrangler command errored","timestamp":1766729113305,"properties":{"amplitude_session_id":1766729090878,"amplitude_event_id":1,"wranglerVersion":"3.114.16","osPlatform":"Linux","osVersion":"#1 SMP PREEMPT_DYNAMIC Thu Jun  5 18:30:46 UTC 2025","nodeVersion":22,"packageManager":"npm","isFirstUsage":false,"configFileType":"toml","isCI":false,"isPagesCI":false,"isWorkersCI":false,"isInteractive":true,"hasAssets":false,"argsUsed":["remote"],"argsCombination":"remote","command":"wrangler d1 execute","args":{},"durationMs":22516,"durationSeconds":22.516,"durationMinutes":0.37526666666666664,"errorType":"TypeError"}}
---
