
--- 2025-12-26T07:02:30.582Z debug
🪵  Writing logs to "/home/hades/.config/.wrangler/logs/wrangler-2025-12-26_07-02-30_209.log"
---

--- 2025-12-26T07:02:30.581Z debug
Metrics dispatcher: Posting data {"deviceId":"d39dff02-21f2-40cf-941a-454076f127d1","event":"wrangler command started","timestamp":1766732550581,"properties":{"amplitude_session_id":1766732550575,"amplitude_event_id":0,"wranglerVersion":"3.114.16","osPlatform":"Linux","osVersion":"#1 SMP PREEMPT_DYNAMIC Thu Jun  5 18:30:46 UTC 2025","nodeVersion":22,"packageManager":"npm","isFirstUsage":false,"configFileType":"toml","isCI":false,"isPagesCI":false,"isWorkersCI":false,"isInteractive":true,"hasAssets":false,"argsUsed":["command","remote"],"argsCombination":"command, remote","command":"wrangler d1 execute","args":{}}}
---

--- 2025-12-26T07:02:30.616Z debug
.env file not found at ".env". Continuing... For more details, refer to https://developers.cloudflare.com/workers/wrangler/system-environment-variables/
---

--- 2025-12-26T07:02:30.709Z log

 ⛅️ wrangler 3.114.16 (update available 4.54.0)
---------------------------------------------------------

---

--- 2025-12-26T07:02:30.908Z warn
▲ [WARNING] The version of Wrangler you are using is now out-of-date.

  Please update to the latest version to prevent critical errors.
  Run `npm install --save-dev wrangler@4` to update to the latest version.
  After installation, run Wrangler with `npx wrangler`.


---

--- 2025-12-26T07:02:30.928Z debug
No experimental flag store instantiated
---

--- 2025-12-26T07:02:30.928Z debug
Attempted to use flag "RESOURCES_PROVISION" which has not been instantiated
---

--- 2025-12-26T07:02:30.940Z debug
Retrieving cached values for account from node_modules/.cache/wrangler
---

--- 2025-12-26T07:02:30.941Z log
🌀 Executing on remote database leafvault-db (3b15207f-68c2-49d0-998e-d8344047d796):
---

--- 2025-12-26T07:02:30.942Z log
🌀 To execute on your local development database, remove the --remote flag from your wrangler command.
---

--- 2025-12-26T07:02:30.944Z debug
-- START CF API REQUEST: POST https://api.cloudflare.com/client/v4/accounts/f006ec5b85550c77e565a3f9f99a35c0/d1/database/3b15207f-68c2-49d0-998e-d8344047d796/query
---

--- 2025-12-26T07:02:30.945Z debug
HEADERS: omitted; set WRANGLER_LOG_SANITIZE=false to include sanitized data
---

--- 2025-12-26T07:02:30.945Z debug
INIT: omitted; set WRANGLER_LOG_SANITIZE=false to include sanitized data
---

--- 2025-12-26T07:02:30.945Z debug
-- END CF API REQUEST
---

--- 2025-12-26T07:02:31.227Z debug
Metrics dispatcher: Failed to send request: fetch failed
---

--- 2025-12-26T07:02:31.392Z debug
-- START CF API RESPONSE: OK 200
---

--- 2025-12-26T07:02:31.394Z debug
HEADERS: omitted; set WRANGLER_LOG_SANITIZE=false to include sanitized data
---

--- 2025-12-26T07:02:31.394Z debug
RESPONSE: omitted; set WRANGLER_LOG_SANITIZE=false to include sanitized data
---

--- 2025-12-26T07:02:31.394Z debug
-- END CF API RESPONSE
---

--- 2025-12-26T07:02:31.400Z log
🚣 Executed 1 command in 0.33ms
---

--- 2025-12-26T07:02:31.423Z log
┌───────────────────┬──────────────────────────────────────────────────────────────────┐
│ email             │ password_hash                                                    │
├───────────────────┼──────────────────────────────────────────────────────────────────┤
│ podsni0@gmail.com │ 974a8e8c713dafd9b6c072b0d8f1ab88753e34acd7bf43d370fce99a288da154 │
├───────────────────┼──────────────────────────────────────────────────────────────────┤
│ coba@gmail.com    │ 361ae98f580207328d54174646db38ca5361f20fd263e052c398a3cf9164c548 │
└───────────────────┴──────────────────────────────────────────────────────────────────┘
---

--- 2025-12-26T07:02:31.427Z debug
Metrics dispatcher: Posting data {"deviceId":"d39dff02-21f2-40cf-941a-454076f127d1","event":"wrangler command completed","timestamp":1766732551427,"properties":{"amplitude_session_id":1766732550575,"amplitude_event_id":1,"wranglerVersion":"3.114.16","osPlatform":"Linux","osVersion":"#1 SMP PREEMPT_DYNAMIC Thu Jun  5 18:30:46 UTC 2025","nodeVersion":22,"packageManager":"npm","isFirstUsage":false,"configFileType":"toml","isCI":false,"isPagesCI":false,"isWorkersCI":false,"isInteractive":true,"hasAssets":false,"argsUsed":["command","remote"],"argsCombination":"command, remote","command":"wrangler d1 execute","args":{},"durationMs":952,"durationSeconds":0.952,"durationMinutes":0.015866666666666664}}
---
