
--- 2025-12-26T06:55:38.343Z debug
🪵  Writing logs to "/home/hades/.config/.wrangler/logs/wrangler-2025-12-26_06-55-37_961.log"
---

--- 2025-12-26T06:55:38.343Z debug
Metrics dispatcher: Posting data {"deviceId":"d39dff02-21f2-40cf-941a-454076f127d1","event":"wrangler command started","timestamp":1766732138342,"properties":{"amplitude_session_id":1766732138333,"amplitude_event_id":0,"wranglerVersion":"3.114.16","osPlatform":"Linux","osVersion":"#1 SMP PREEMPT_DYNAMIC Thu Jun  5 18:30:46 UTC 2025","nodeVersion":22,"packageManager":"npm","isFirstUsage":false,"configFileType":"toml","isCI":false,"isPagesCI":false,"isWorkersCI":false,"isInteractive":true,"hasAssets":false,"argsUsed":[],"argsCombination":"","command":"wrangler deploy","args":{}}}
---

--- 2025-12-26T06:55:38.378Z debug
.env file not found at ".env". Continuing... For more details, refer to https://developers.cloudflare.com/workers/wrangler/system-environment-variables/
---

--- 2025-12-26T06:55:38.515Z log

 ⛅️ wrangler 3.114.16 (update available 4.54.0)
---------------------------------------------------------

---

--- 2025-12-26T06:55:38.780Z warn
▲ [WARNING] The version of Wrangler you are using is now out-of-date.

  Please update to the latest version to prevent critical errors.
  Run `npm install --save-dev wrangler@4` to update to the latest version.
  After installation, run Wrangler with `npx wrangler`.


---

--- 2025-12-26T06:55:38.906Z debug
Retrieving cached values for account from node_modules/.cache/wrangler
---

--- 2025-12-26T06:55:38.908Z debug
Starting verifyWorkerMatchesCITag() with tag: undefined, name: leafvault-api
---

--- 2025-12-26T06:55:38.908Z debug
No WRANGLER_CI_MATCH_TAG variable provided, aborting verifyWorkerMatchesCITag()
---

--- 2025-12-26T06:55:38.912Z debug
-- START CF API REQUEST: GET https://api.cloudflare.com/client/v4/accounts/f006ec5b85550c77e565a3f9f99a35c0/workers/services/leafvault-api
---

--- 2025-12-26T06:55:38.913Z debug
HEADERS: omitted; set WRANGLER_LOG_SANITIZE=false to include sanitized data
---

--- 2025-12-26T06:55:38.914Z debug
INIT: omitted; set WRANGLER_LOG_SANITIZE=false to include sanitized data
---

--- 2025-12-26T06:55:38.914Z debug
-- END CF API REQUEST
---

--- 2025-12-26T06:55:40.879Z debug
-- START CF API RESPONSE: OK 200
---

--- 2025-12-26T06:55:40.881Z debug
HEADERS: omitted; set WRANGLER_LOG_SANITIZE=false to include sanitized data
---

--- 2025-12-26T06:55:40.882Z debug
RESPONSE: omitted; set WRANGLER_LOG_SANITIZE=false to include sanitized data
---

--- 2025-12-26T06:55:40.882Z debug
-- END CF API RESPONSE
---

--- 2025-12-26T06:55:40.895Z debug
-- START CF API REQUEST: GET https://api.cloudflare.com/client/v4/accounts/f006ec5b85550c77e565a3f9f99a35c0/workers/scripts/leafvault-api/deployments
---

--- 2025-12-26T06:55:40.895Z debug
HEADERS: omitted; set WRANGLER_LOG_SANITIZE=false to include sanitized data
---

--- 2025-12-26T06:55:40.895Z debug
INIT: omitted; set WRANGLER_LOG_SANITIZE=false to include sanitized data
---

--- 2025-12-26T06:55:40.895Z debug
-- END CF API REQUEST
---

--- 2025-12-26T06:55:42.344Z debug
-- START CF API RESPONSE: OK 200
---

--- 2025-12-26T06:55:42.345Z debug
HEADERS: omitted; set WRANGLER_LOG_SANITIZE=false to include sanitized data
---

--- 2025-12-26T06:55:42.345Z debug
RESPONSE: omitted; set WRANGLER_LOG_SANITIZE=false to include sanitized data
---

--- 2025-12-26T06:55:42.345Z debug
-- END CF API RESPONSE
---

--- 2025-12-26T06:55:42.472Z log
Total Upload: 92.44 KiB / gzip: 20.17 KiB
---

--- 2025-12-26T06:55:42.493Z debug
-- START CF API REQUEST: POST https://api.cloudflare.com/client/v4/accounts/f006ec5b85550c77e565a3f9f99a35c0/workers/scripts/leafvault-api/versions
---

--- 2025-12-26T06:55:42.493Z debug
HEADERS: omitted; set WRANGLER_LOG_SANITIZE=false to include sanitized data
---

--- 2025-12-26T06:55:42.493Z debug
INIT: omitted; set WRANGLER_LOG_SANITIZE=false to include sanitized data
---

--- 2025-12-26T06:55:42.505Z debug
BODY: omitted; set WRANGLER_LOG_SANITIZE=false to include sanitized data
---

--- 2025-12-26T06:55:42.505Z debug
-- END CF API REQUEST
---

--- 2025-12-26T06:55:46.520Z debug
-- START CF API RESPONSE: OK 200
---

--- 2025-12-26T06:55:46.521Z debug
HEADERS: omitted; set WRANGLER_LOG_SANITIZE=false to include sanitized data
---

--- 2025-12-26T06:55:46.521Z debug
RESPONSE: omitted; set WRANGLER_LOG_SANITIZE=false to include sanitized data
---

--- 2025-12-26T06:55:46.521Z debug
-- END CF API RESPONSE
---

--- 2025-12-26T06:55:46.525Z debug
-- START CF API REQUEST: POST https://api.cloudflare.com/client/v4/accounts/f006ec5b85550c77e565a3f9f99a35c0/workers/scripts/leafvault-api/deployments
---

--- 2025-12-26T06:55:46.525Z debug
HEADERS: omitted; set WRANGLER_LOG_SANITIZE=false to include sanitized data
---

--- 2025-12-26T06:55:46.525Z debug
INIT: omitted; set WRANGLER_LOG_SANITIZE=false to include sanitized data
---

--- 2025-12-26T06:55:46.525Z debug
-- END CF API REQUEST
---

--- 2025-12-26T06:55:48.194Z debug
-- START CF API RESPONSE: OK 200
---

--- 2025-12-26T06:55:48.195Z debug
HEADERS: omitted; set WRANGLER_LOG_SANITIZE=false to include sanitized data
---

--- 2025-12-26T06:55:48.195Z debug
RESPONSE: omitted; set WRANGLER_LOG_SANITIZE=false to include sanitized data
---

--- 2025-12-26T06:55:48.195Z debug
-- END CF API RESPONSE
---

--- 2025-12-26T06:55:48.195Z debug
-- START CF API REQUEST: PATCH https://api.cloudflare.com/client/v4/accounts/f006ec5b85550c77e565a3f9f99a35c0/workers/scripts/leafvault-api/script-settings
---

--- 2025-12-26T06:55:48.195Z debug
HEADERS: omitted; set WRANGLER_LOG_SANITIZE=false to include sanitized data
---

--- 2025-12-26T06:55:48.195Z debug
INIT: omitted; set WRANGLER_LOG_SANITIZE=false to include sanitized data
---

--- 2025-12-26T06:55:48.195Z debug
-- END CF API REQUEST
---

--- 2025-12-26T06:55:50.012Z debug
-- START CF API RESPONSE: OK 200
---

--- 2025-12-26T06:55:50.012Z debug
HEADERS: omitted; set WRANGLER_LOG_SANITIZE=false to include sanitized data
---

--- 2025-12-26T06:55:50.012Z debug
RESPONSE: omitted; set WRANGLER_LOG_SANITIZE=false to include sanitized data
---

--- 2025-12-26T06:55:50.012Z debug
-- END CF API RESPONSE
---

--- 2025-12-26T06:55:50.013Z log
Worker Startup Time: 1 ms
---

--- 2025-12-26T06:55:50.016Z log
Your worker has access to the following bindings:
- D1 Databases:
  - DB: leafvault-db (3b15207f-68c2-49d0-998e-d8344047d796)
- Vars:
  - ALLOWED_ORIGINS: "https://notes.lexa.my.id,https://leaf..."
  - TURNSTILE_SECRET_KEY: "0x4AAAAAACI3x_pdY-KnjlL1UYF27Y0hVCI"
  - JWT_SECRET: "mwpgp/pn61lbQqFtA5gSvdAdCLDkdTWkvwgJj..."
---

--- 2025-12-26T06:55:50.019Z log
Uploaded leafvault-api (9.13 sec)
---

--- 2025-12-26T06:55:50.027Z debug
-- START CF API REQUEST: GET https://api.cloudflare.com/client/v4/accounts/f006ec5b85550c77e565a3f9f99a35c0/workers/scripts/leafvault-api/subdomain
---

--- 2025-12-26T06:55:50.028Z debug
HEADERS: omitted; set WRANGLER_LOG_SANITIZE=false to include sanitized data
---

--- 2025-12-26T06:55:50.028Z debug
INIT: omitted; set WRANGLER_LOG_SANITIZE=false to include sanitized data
---

--- 2025-12-26T06:55:50.028Z debug
-- END CF API REQUEST
---

--- 2025-12-26T06:55:51.594Z debug
-- START CF API RESPONSE: OK 200
---

--- 2025-12-26T06:55:51.595Z debug
HEADERS: omitted; set WRANGLER_LOG_SANITIZE=false to include sanitized data
---

--- 2025-12-26T06:55:51.595Z debug
RESPONSE: omitted; set WRANGLER_LOG_SANITIZE=false to include sanitized data
---

--- 2025-12-26T06:55:51.595Z debug
-- END CF API RESPONSE
---

--- 2025-12-26T06:55:51.596Z debug
-- START CF API REQUEST: POST https://api.cloudflare.com/client/v4/accounts/f006ec5b85550c77e565a3f9f99a35c0/workers/scripts/leafvault-api/subdomain
---

--- 2025-12-26T06:55:51.596Z debug
HEADERS: omitted; set WRANGLER_LOG_SANITIZE=false to include sanitized data
---

--- 2025-12-26T06:55:51.596Z debug
INIT: omitted; set WRANGLER_LOG_SANITIZE=false to include sanitized data
---

--- 2025-12-26T06:55:51.596Z debug
-- END CF API REQUEST
---

--- 2025-12-26T06:55:53.343Z debug
-- START CF API RESPONSE: OK 200
---

--- 2025-12-26T06:55:53.344Z debug
HEADERS: omitted; set WRANGLER_LOG_SANITIZE=false to include sanitized data
---

--- 2025-12-26T06:55:53.344Z debug
RESPONSE: omitted; set WRANGLER_LOG_SANITIZE=false to include sanitized data
---

--- 2025-12-26T06:55:53.344Z debug
-- END CF API RESPONSE
---

--- 2025-12-26T06:55:53.350Z debug
-- START CF API REQUEST: GET https://api.cloudflare.com/client/v4/zones?name=leafvault-api.lexa.my.id&account.id=f006ec5b85550c77e565a3f9f99a35c0
---

--- 2025-12-26T06:55:53.350Z debug
HEADERS: omitted; set WRANGLER_LOG_SANITIZE=false to include sanitized data
---

--- 2025-12-26T06:55:53.350Z debug
INIT: omitted; set WRANGLER_LOG_SANITIZE=false to include sanitized data
---

--- 2025-12-26T06:55:53.350Z debug
-- END CF API REQUEST
---

--- 2025-12-26T06:55:54.406Z debug
-- START CF API RESPONSE: OK 200
---

--- 2025-12-26T06:55:54.406Z debug
HEADERS: omitted; set WRANGLER_LOG_SANITIZE=false to include sanitized data
---

--- 2025-12-26T06:55:54.406Z debug
RESPONSE: omitted; set WRANGLER_LOG_SANITIZE=false to include sanitized data
---

--- 2025-12-26T06:55:54.406Z debug
-- END CF API RESPONSE
---

--- 2025-12-26T06:55:54.408Z debug
-- START CF API REQUEST: GET https://api.cloudflare.com/client/v4/zones?name=lexa.my.id&account.id=f006ec5b85550c77e565a3f9f99a35c0
---

--- 2025-12-26T06:55:54.408Z debug
HEADERS: omitted; set WRANGLER_LOG_SANITIZE=false to include sanitized data
---

--- 2025-12-26T06:55:54.409Z debug
INIT: omitted; set WRANGLER_LOG_SANITIZE=false to include sanitized data
---

--- 2025-12-26T06:55:54.410Z debug
-- END CF API REQUEST
---

--- 2025-12-26T06:55:55.432Z debug
-- START CF API RESPONSE: OK 200
---

--- 2025-12-26T06:55:55.433Z debug
HEADERS: omitted; set WRANGLER_LOG_SANITIZE=false to include sanitized data
---

--- 2025-12-26T06:55:55.433Z debug
RESPONSE: omitted; set WRANGLER_LOG_SANITIZE=false to include sanitized data
---

--- 2025-12-26T06:55:55.433Z debug
-- END CF API RESPONSE
---

--- 2025-12-26T06:55:55.435Z debug
-- START CF API REQUEST: GET https://api.cloudflare.com/client/v4/zones/3135039f210c2bf30cd0fec4c5397c78/workers/routes
---

--- 2025-12-26T06:55:55.435Z debug
HEADERS: omitted; set WRANGLER_LOG_SANITIZE=false to include sanitized data
---

--- 2025-12-26T06:55:55.435Z debug
INIT: omitted; set WRANGLER_LOG_SANITIZE=false to include sanitized data
---

--- 2025-12-26T06:55:55.435Z debug
-- END CF API REQUEST
---
