
--- 2025-12-25T18:47:04.526Z debug
🪵  Writing logs to "/home/hades/.config/.wrangler/logs/wrangler-2025-12-25_18-47-03_471.log"
---

--- 2025-12-25T18:47:04.525Z debug
Metrics dispatcher: Posting data {"deviceId":"d39dff02-21f2-40cf-941a-454076f127d1","event":"wrangler command started","timestamp":1766688424524,"properties":{"amplitude_session_id":1766688424512,"amplitude_event_id":0,"wranglerVersion":"4.53.0","osPlatform":"Linux","osVersion":"#1 SMP PREEMPT_DYNAMIC Thu Jun  5 18:30:46 UTC 2025","nodeVersion":22,"isFirstUsage":false,"configFileType":"none","isCI":false,"isPagesCI":false,"isWorkersCI":false,"isInteractive":false,"hasAssets":false,"argsUsed":[],"argsCombination":"","command":"wrangler pages deploy","args":{}}}
---

--- 2025-12-25T18:47:04.583Z debug
.env file not found at "/home/hades/FUN/tempmail/lexa_tempmail/frontend/.env.local". Continuing... For more details, refer to https://developers.cloudflare.com/workers/wrangler/system-environment-variables/
---

--- 2025-12-25T18:47:04.723Z log

 ⛅️ wrangler 4.53.0 (update available 4.54.0)
─────────────────────────────────────────────
---

--- 2025-12-25T18:47:04.818Z debug
-- START CF API REQUEST: GET https://api.cloudflare.com/client/v4/accounts/f006ec5b85550c77e565a3f9f99a35c0/pages/projects/lexa-tempmail
---

--- 2025-12-25T18:47:04.818Z debug
QUERY STRING: omitted; set WRANGLER_LOG_SANITIZE=false to include sanitized data
---

--- 2025-12-25T18:47:04.821Z debug
HEADERS: omitted; set WRANGLER_LOG_SANITIZE=false to include sanitized data
---

--- 2025-12-25T18:47:04.821Z debug
INIT: omitted; set WRANGLER_LOG_SANITIZE=false to include sanitized data
---

--- 2025-12-25T18:47:04.821Z debug
-- END CF API REQUEST
---

--- 2025-12-25T18:47:06.963Z debug
-- START CF API RESPONSE: OK 200
---

--- 2025-12-25T18:47:06.965Z debug
HEADERS: omitted; set WRANGLER_LOG_SANITIZE=false to include sanitized data
---

--- 2025-12-25T18:47:06.965Z debug
RESPONSE: omitted; set WRANGLER_LOG_SANITIZE=false to include sanitized data
---

--- 2025-12-25T18:47:06.965Z debug
-- END CF API RESPONSE
---

--- 2025-12-25T18:47:07.134Z debug
-- START CF API REQUEST: GET https://api.cloudflare.com/client/v4/accounts/f006ec5b85550c77e565a3f9f99a35c0/pages/projects/lexa-tempmail
---

--- 2025-12-25T18:47:07.134Z debug
QUERY STRING: omitted; set WRANGLER_LOG_SANITIZE=false to include sanitized data
---

--- 2025-12-25T18:47:07.135Z debug
HEADERS: omitted; set WRANGLER_LOG_SANITIZE=false to include sanitized data
---

--- 2025-12-25T18:47:07.135Z debug
INIT: omitted; set WRANGLER_LOG_SANITIZE=false to include sanitized data
---

--- 2025-12-25T18:47:07.135Z debug
-- END CF API REQUEST
---

--- 2025-12-25T18:47:09.009Z debug
-- START CF API RESPONSE: OK 200
---

--- 2025-12-25T18:47:09.010Z debug
HEADERS: omitted; set WRANGLER_LOG_SANITIZE=false to include sanitized data
---

--- 2025-12-25T18:47:09.010Z debug
RESPONSE: omitted; set WRANGLER_LOG_SANITIZE=false to include sanitized data
---

--- 2025-12-25T18:47:09.010Z debug
-- END CF API RESPONSE
---

--- 2025-12-25T18:47:09.208Z debug
-- START CF API REQUEST: GET https://api.cloudflare.com/client/v4/accounts/f006ec5b85550c77e565a3f9f99a35c0/pages/projects/lexa-tempmail/upload-token
---

--- 2025-12-25T18:47:09.208Z debug
QUERY STRING: omitted; set WRANGLER_LOG_SANITIZE=false to include sanitized data
---

--- 2025-12-25T18:47:09.208Z debug
HEADERS: omitted; set WRANGLER_LOG_SANITIZE=false to include sanitized data
---

--- 2025-12-25T18:47:09.208Z debug
INIT: omitted; set WRANGLER_LOG_SANITIZE=false to include sanitized data
---

--- 2025-12-25T18:47:09.208Z debug
-- END CF API REQUEST
---

--- 2025-12-25T18:47:10.728Z debug
-- START CF API RESPONSE: OK 200
---

--- 2025-12-25T18:47:10.729Z debug
HEADERS: omitted; set WRANGLER_LOG_SANITIZE=false to include sanitized data
---

--- 2025-12-25T18:47:10.729Z debug
RESPONSE: omitted; set WRANGLER_LOG_SANITIZE=false to include sanitized data
---

--- 2025-12-25T18:47:10.729Z debug
-- END CF API RESPONSE
---

--- 2025-12-25T18:47:10.731Z debug
-- START CF API REQUEST: POST https://api.cloudflare.com/client/v4/pages/assets/check-missing
---

--- 2025-12-25T18:47:10.731Z debug
QUERY STRING: omitted; set WRANGLER_LOG_SANITIZE=false to include sanitized data
---

--- 2025-12-25T18:47:10.731Z debug
HEADERS: omitted; set WRANGLER_LOG_SANITIZE=false to include sanitized data
---

--- 2025-12-25T18:47:10.731Z debug
INIT: omitted; set WRANGLER_LOG_SANITIZE=false to include sanitized data
---

--- 2025-12-25T18:47:10.731Z debug
-- END CF API REQUEST
---

--- 2025-12-25T18:47:11.058Z debug
-- START CF API RESPONSE: OK 200
---

--- 2025-12-25T18:47:11.059Z debug
HEADERS: omitted; set WRANGLER_LOG_SANITIZE=false to include sanitized data
---

--- 2025-12-25T18:47:11.059Z debug
RESPONSE: omitted; set WRANGLER_LOG_SANITIZE=false to include sanitized data
---

--- 2025-12-25T18:47:11.059Z debug
-- END CF API RESPONSE
---

--- 2025-12-25T18:47:11.060Z log
Uploading... (13/22)
---

--- 2025-12-25T18:47:11.083Z debug
POST /pages/assets/upload
---

--- 2025-12-25T18:47:11.090Z debug
-- START CF API REQUEST: POST https://api.cloudflare.com/client/v4/pages/assets/upload
---

--- 2025-12-25T18:47:11.090Z debug
QUERY STRING: omitted; set WRANGLER_LOG_SANITIZE=false to include sanitized data
---

--- 2025-12-25T18:47:11.090Z debug
HEADERS: omitted; set WRANGLER_LOG_SANITIZE=false to include sanitized data
---

--- 2025-12-25T18:47:11.094Z debug
INIT: omitted; set WRANGLER_LOG_SANITIZE=false to include sanitized data
---

--- 2025-12-25T18:47:11.094Z debug
-- END CF API REQUEST
---

--- 2025-12-25T18:47:11.105Z debug
POST /pages/assets/upload
---

--- 2025-12-25T18:47:11.128Z debug
-- START CF API REQUEST: POST https://api.cloudflare.com/client/v4/pages/assets/upload
---

--- 2025-12-25T18:47:11.128Z debug
QUERY STRING: omitted; set WRANGLER_LOG_SANITIZE=false to include sanitized data
---

--- 2025-12-25T18:47:11.129Z debug
HEADERS: omitted; set WRANGLER_LOG_SANITIZE=false to include sanitized data
---

--- 2025-12-25T18:47:11.145Z debug
INIT: omitted; set WRANGLER_LOG_SANITIZE=false to include sanitized data
---

--- 2025-12-25T18:47:11.145Z debug
-- END CF API REQUEST
---

--- 2025-12-25T18:47:11.157Z debug
POST /pages/assets/upload
---

--- 2025-12-25T18:47:11.210Z debug
-- START CF API REQUEST: POST https://api.cloudflare.com/client/v4/pages/assets/upload
---

--- 2025-12-25T18:47:11.210Z debug
QUERY STRING: omitted; set WRANGLER_LOG_SANITIZE=false to include sanitized data
---

--- 2025-12-25T18:47:11.210Z debug
HEADERS: omitted; set WRANGLER_LOG_SANITIZE=false to include sanitized data
---

--- 2025-12-25T18:47:11.243Z debug
INIT: omitted; set WRANGLER_LOG_SANITIZE=false to include sanitized data
---

--- 2025-12-25T18:47:11.244Z debug
-- END CF API REQUEST
---

--- 2025-12-25T18:47:14.858Z debug
-- START CF API RESPONSE: OK 200
---

--- 2025-12-25T18:47:14.859Z debug
HEADERS: omitted; set WRANGLER_LOG_SANITIZE=false to include sanitized data
---

--- 2025-12-25T18:47:14.859Z debug
RESPONSE: omitted; set WRANGLER_LOG_SANITIZE=false to include sanitized data
---

--- 2025-12-25T18:47:14.860Z debug
-- END CF API RESPONSE
---

--- 2025-12-25T18:47:14.862Z debug
result: { successful_key_count: 3, unsuccessful_keys: [] }
---

--- 2025-12-25T18:47:14.862Z log
Uploading... (16/22)
---

--- 2025-12-25T18:47:19.895Z debug
-- START CF API RESPONSE: OK 200
---

--- 2025-12-25T18:47:19.896Z debug
HEADERS: omitted; set WRANGLER_LOG_SANITIZE=false to include sanitized data
---

--- 2025-12-25T18:47:19.896Z debug
RESPONSE: omitted; set WRANGLER_LOG_SANITIZE=false to include sanitized data
---

--- 2025-12-25T18:47:19.896Z debug
-- END CF API RESPONSE
---

--- 2025-12-25T18:47:19.896Z debug
result: { successful_key_count: 3, unsuccessful_keys: [] }
---

--- 2025-12-25T18:47:19.896Z log
Uploading... (19/22)
---

--- 2025-12-25T18:47:22.222Z debug
-- START CF API RESPONSE: OK 200
---

--- 2025-12-25T18:47:22.223Z debug
HEADERS: omitted; set WRANGLER_LOG_SANITIZE=false to include sanitized data
---

--- 2025-12-25T18:47:22.223Z debug
RESPONSE: omitted; set WRANGLER_LOG_SANITIZE=false to include sanitized data
---

--- 2025-12-25T18:47:22.223Z debug
-- END CF API RESPONSE
---

--- 2025-12-25T18:47:22.224Z debug
result: { successful_key_count: 3, unsuccessful_keys: [] }
---

--- 2025-12-25T18:47:22.224Z log
Uploading... (22/22)
---

--- 2025-12-25T18:47:22.225Z log
✨ Success! Uploaded 9 files (13 already uploaded) (11.49 sec)

---

--- 2025-12-25T18:47:22.227Z debug
-- START CF API REQUEST: POST https://api.cloudflare.com/client/v4/pages/assets/upsert-hashes
---

--- 2025-12-25T18:47:22.227Z debug
QUERY STRING: omitted; set WRANGLER_LOG_SANITIZE=false to include sanitized data
---

--- 2025-12-25T18:47:22.227Z debug
HEADERS: omitted; set WRANGLER_LOG_SANITIZE=false to include sanitized data
---

--- 2025-12-25T18:47:22.228Z debug
INIT: omitted; set WRANGLER_LOG_SANITIZE=false to include sanitized data
---

--- 2025-12-25T18:47:22.228Z debug
-- END CF API REQUEST
---

--- 2025-12-25T18:47:22.890Z debug
-- START CF API RESPONSE: OK 200
---

--- 2025-12-25T18:47:22.891Z debug
HEADERS: omitted; set WRANGLER_LOG_SANITIZE=false to include sanitized data
---

--- 2025-12-25T18:47:22.891Z debug
RESPONSE: omitted; set WRANGLER_LOG_SANITIZE=false to include sanitized data
---

--- 2025-12-25T18:47:22.891Z debug
-- END CF API RESPONSE
---

--- 2025-12-25T18:47:22.892Z debug
-- START CF API REQUEST: POST https://api.cloudflare.com/client/v4/accounts/f006ec5b85550c77e565a3f9f99a35c0/pages/projects/lexa-tempmail/deployments
---

--- 2025-12-25T18:47:22.892Z debug
QUERY STRING: omitted; set WRANGLER_LOG_SANITIZE=false to include sanitized data
---

--- 2025-12-25T18:47:22.892Z debug
HEADERS: omitted; set WRANGLER_LOG_SANITIZE=false to include sanitized data
---

--- 2025-12-25T18:47:22.892Z debug
INIT: omitted; set WRANGLER_LOG_SANITIZE=false to include sanitized data
---

--- 2025-12-25T18:47:22.896Z debug
BODY: omitted; set WRANGLER_LOG_SANITIZE=false to include sanitized data
---

--- 2025-12-25T18:47:22.896Z debug
-- END CF API REQUEST
---

--- 2025-12-25T18:47:25.345Z debug
-- START CF API RESPONSE: OK 200
---

--- 2025-12-25T18:47:25.346Z debug
HEADERS: omitted; set WRANGLER_LOG_SANITIZE=false to include sanitized data
---

--- 2025-12-25T18:47:25.346Z debug
RESPONSE: omitted; set WRANGLER_LOG_SANITIZE=false to include sanitized data
---

--- 2025-12-25T18:47:25.346Z debug
-- END CF API RESPONSE
---

--- 2025-12-25T18:47:25.348Z debug
Saving to cache: {"account_id":"f006ec5b85550c77e565a3f9f99a35c0","project_name":"lexa-tempmail"}
---

--- 2025-12-25T18:47:25.349Z log
🌎 Deploying...
---

--- 2025-12-25T18:47:26.351Z debug
attempt #1: Attempting to fetch status for deployment with id "12c0572c-e0a9-4263-80d3-715adb4ba7b2" ...
---

--- 2025-12-25T18:47:26.352Z debug
-- START CF API REQUEST: GET https://api.cloudflare.com/client/v4/accounts/f006ec5b85550c77e565a3f9f99a35c0/pages/projects/lexa-tempmail/deployments/12c0572c-e0a9-4263-80d3-715adb4ba7b2
---

--- 2025-12-25T18:47:26.352Z debug
QUERY STRING: omitted; set WRANGLER_LOG_SANITIZE=false to include sanitized data
---

--- 2025-12-25T18:47:26.352Z debug
HEADERS: omitted; set WRANGLER_LOG_SANITIZE=false to include sanitized data
---

--- 2025-12-25T18:47:26.352Z debug
INIT: omitted; set WRANGLER_LOG_SANITIZE=false to include sanitized data
---

--- 2025-12-25T18:47:26.352Z debug
-- END CF API REQUEST
---

--- 2025-12-25T18:47:28.005Z debug
-- START CF API RESPONSE: OK 200
---

--- 2025-12-25T18:47:28.006Z debug
HEADERS: omitted; set WRANGLER_LOG_SANITIZE=false to include sanitized data
---

--- 2025-12-25T18:47:28.006Z debug
RESPONSE: omitted; set WRANGLER_LOG_SANITIZE=false to include sanitized data
---

--- 2025-12-25T18:47:28.006Z debug
-- END CF API RESPONSE
---

--- 2025-12-25T18:47:28.009Z log
✨ Deployment complete! Take a peek over at https://12c0572c.lexa-tempmail.pages.dev
---

--- 2025-12-25T18:47:28.011Z debug
Metrics dispatcher: Posting data {"deviceId":"d39dff02-21f2-40cf-941a-454076f127d1","event":"create pages deployment","timestamp":1766688448011,"properties":{"category":"Workers","wranglerVersion":"4.53.0","os":"linux:x64"}}
---

--- 2025-12-25T18:47:28.024Z debug
Metrics dispatcher: Posting data {"deviceId":"d39dff02-21f2-40cf-941a-454076f127d1","event":"wrangler command completed","timestamp":1766688448024,"properties":{"amplitude_session_id":1766688424512,"amplitude_event_id":1,"wranglerVersion":"4.53.0","osPlatform":"Linux","osVersion":"#1 SMP PREEMPT_DYNAMIC Thu Jun  5 18:30:46 UTC 2025","nodeVersion":22,"isFirstUsage":false,"configFileType":"none","isCI":false,"isPagesCI":false,"isWorkersCI":false,"isInteractive":false,"hasAssets":false,"argsUsed":[],"argsCombination":"","command":"wrangler pages deploy","args":{},"durationMs":23634,"durationSeconds":23.634,"durationMinutes":0.39390000000000003}}
---
