
--- 2025-12-06T03:13:27.864Z debug
🪵  Writing logs to "/home/hades/.config/.wrangler/logs/wrangler-2025-12-06_03-13-27_533.log"
---

--- 2025-12-06T03:13:27.864Z debug
Metrics dispatcher: Posting data {"deviceId":"d39dff02-21f2-40cf-941a-454076f127d1","event":"wrangler command started","timestamp":1764990807863,"properties":{"amplitude_session_id":1764990807857,"amplitude_event_id":0,"wranglerVersion":"3.114.15","osPlatform":"Linux","osVersion":"#1 SMP PREEMPT_DYNAMIC Thu Jun  5 18:30:46 UTC 2025","nodeVersion":22,"packageManager":"npm","isFirstUsage":false,"configFileType":"toml","isCI":false,"isPagesCI":false,"isWorkersCI":false,"isInteractive":true,"hasAssets":false,"argsUsed":[],"argsCombination":"","command":"wrangler deployments list","args":{"xJsonConfig":true,"j":true,"json":false}}}
---

--- 2025-12-06T03:13:27.898Z debug
.env file not found at ".env". Continuing... For more details, refer to https://developers.cloudflare.com/workers/wrangler/system-environment-variables/
---

--- 2025-12-06T03:13:27.991Z debug
Metrics dispatcher: Posting data {"deviceId":"d39dff02-21f2-40cf-941a-454076f127d1","event":"list versioned deployments","timestamp":1764990807991,"properties":{"category":"Workers","wranglerVersion":"3.114.15","os":"linux:x64","json":false}}
---

--- 2025-12-06T03:13:27.998Z debug
Retrieving cached values for account from node_modules/.cache/wrangler
---

--- 2025-12-06T03:13:27.999Z debug
-- START CF API REQUEST: GET https://api.cloudflare.com/client/v4/accounts/f006ec5b85550c77e565a3f9f99a35c0/workers/scripts/cctv-malang-proxy/deployments
---

--- 2025-12-06T03:13:28.000Z debug
HEADERS: omitted; set WRANGLER_LOG_SANITIZE=false to include sanitized data
---

--- 2025-12-06T03:13:28.000Z debug
INIT: omitted; set WRANGLER_LOG_SANITIZE=false to include sanitized data
---

--- 2025-12-06T03:13:28.000Z debug
-- END CF API REQUEST
---

--- 2025-12-06T03:13:29.800Z debug
-- START CF API RESPONSE: OK 200
---

--- 2025-12-06T03:13:29.803Z debug
HEADERS: omitted; set WRANGLER_LOG_SANITIZE=false to include sanitized data
---

--- 2025-12-06T03:13:29.803Z debug
RESPONSE: omitted; set WRANGLER_LOG_SANITIZE=false to include sanitized data
---

--- 2025-12-06T03:13:29.803Z debug
-- END CF API RESPONSE
---

--- 2025-12-06T03:13:29.809Z debug
-- START CF API REQUEST: GET https://api.cloudflare.com/client/v4/accounts/f006ec5b85550c77e565a3f9f99a35c0/workers/scripts/cctv-malang-proxy/versions/31fccf13-6199-474c-8ca6-1eb433a36117
---

--- 2025-12-06T03:13:29.809Z debug
HEADERS: omitted; set WRANGLER_LOG_SANITIZE=false to include sanitized data
---

--- 2025-12-06T03:13:29.809Z debug
INIT: omitted; set WRANGLER_LOG_SANITIZE=false to include sanitized data
---

--- 2025-12-06T03:13:29.809Z debug
-- END CF API REQUEST
---

--- 2025-12-06T03:13:31.207Z debug
-- START CF API RESPONSE: OK 200
---

--- 2025-12-06T03:13:31.208Z debug
HEADERS: omitted; set WRANGLER_LOG_SANITIZE=false to include sanitized data
---

--- 2025-12-06T03:13:31.208Z debug
RESPONSE: omitted; set WRANGLER_LOG_SANITIZE=false to include sanitized data
---

--- 2025-12-06T03:13:31.208Z debug
-- END CF API RESPONSE
---

--- 2025-12-06T03:13:31.217Z debug
Metrics dispatcher: Posting data {"deviceId":"d39dff02-21f2-40cf-941a-454076f127d1","event":"wrangler command completed","timestamp":1764990811217,"properties":{"amplitude_session_id":1764990807857,"amplitude_event_id":1,"wranglerVersion":"3.114.15","osPlatform":"Linux","osVersion":"#1 SMP PREEMPT_DYNAMIC Thu Jun  5 18:30:46 UTC 2025","nodeVersion":22,"packageManager":"npm","isFirstUsage":false,"configFileType":"toml","isCI":false,"isPagesCI":false,"isWorkersCI":false,"isInteractive":true,"hasAssets":false,"argsUsed":[],"argsCombination":"","command":"wrangler deployments list","args":{"xJsonConfig":true,"j":true,"json":false},"durationMs":3422,"durationSeconds":3.422,"durationMinutes":0.05703333333333334}}
---
