
--- 2025-12-26T05:25:02.020Z debug
🪵  Writing logs to "/home/hades/.config/.wrangler/logs/wrangler-2025-12-26_05-25-01_684.log"
---

--- 2025-12-26T05:25:02.019Z debug
Metrics dispatcher: Posting data {"deviceId":"d39dff02-21f2-40cf-941a-454076f127d1","event":"wrangler command started","timestamp":1766726702019,"properties":{"amplitude_session_id":1766726702010,"amplitude_event_id":0,"wranglerVersion":"3.114.16","osPlatform":"Linux","osVersion":"#1 SMP PREEMPT_DYNAMIC Thu Jun  5 18:30:46 UTC 2025","nodeVersion":22,"packageManager":"npm","isFirstUsage":false,"configFileType":"toml","isCI":false,"isPagesCI":false,"isWorkersCI":false,"isInteractive":true,"hasAssets":false,"argsUsed":["remote"],"argsCombination":"remote","command":"wrangler d1 execute","args":{}}}
---

--- 2025-12-26T05:25:02.059Z debug
.env file not found at ".env". Continuing... For more details, refer to https://developers.cloudflare.com/workers/wrangler/system-environment-variables/
---

--- 2025-12-26T05:25:02.145Z log

 ⛅️ wrangler 3.114.16 (update available 4.54.0)
---------------------------------------------------------

---

--- 2025-12-26T05:25:02.350Z warn
▲ [WARNING] The version of Wrangler you are using is now out-of-date.

  Please update to the latest version to prevent critical errors.
  Run `npm install --save-dev wrangler@4` to update to the latest version.
  After installation, run Wrangler with `npx wrangler`.


---

--- 2025-12-26T05:25:02.365Z debug
No experimental flag store instantiated
---

--- 2025-12-26T05:25:02.365Z debug
Attempted to use flag "RESOURCES_PROVISION" which has not been instantiated
---

--- 2025-12-26T05:25:38.608Z debug
Retrieving cached values for account from node_modules/.cache/wrangler
---

--- 2025-12-26T05:25:38.611Z log
🌀 Executing on remote database leafvault-db (3b15207f-68c2-49d0-998e-d8344047d796):
---

--- 2025-12-26T05:25:38.613Z log
🌀 To execute on your local development database, remove the --remote flag from your wrangler command.
---

--- 2025-12-26T05:25:38.629Z log
Note: if the execution fails to complete, your DB will return to its original state and you can safely retry.
---

--- 2025-12-26T05:25:38.634Z debug
-- START CF API REQUEST: POST https://api.cloudflare.com/client/v4/accounts/f006ec5b85550c77e565a3f9f99a35c0/d1/database/3b15207f-68c2-49d0-998e-d8344047d796/import
---

--- 2025-12-26T05:25:38.634Z debug
HEADERS: omitted; set WRANGLER_LOG_SANITIZE=false to include sanitized data
---

--- 2025-12-26T05:25:38.634Z debug
INIT: omitted; set WRANGLER_LOG_SANITIZE=false to include sanitized data
---

--- 2025-12-26T05:25:38.634Z debug
-- END CF API REQUEST
---

--- 2025-12-26T05:25:41.335Z debug
-- START CF API RESPONSE: OK 200
---

--- 2025-12-26T05:25:41.337Z debug
HEADERS: omitted; set WRANGLER_LOG_SANITIZE=false to include sanitized data
---

--- 2025-12-26T05:25:41.337Z debug
RESPONSE: omitted; set WRANGLER_LOG_SANITIZE=false to include sanitized data
---

--- 2025-12-26T05:25:41.337Z debug
-- END CF API RESPONSE
---

--- 2025-12-26T05:25:42.491Z debug
-- START CF API REQUEST: POST https://api.cloudflare.com/client/v4/accounts/f006ec5b85550c77e565a3f9f99a35c0/d1/database/3b15207f-68c2-49d0-998e-d8344047d796/import
---

--- 2025-12-26T05:25:42.491Z debug
HEADERS: omitted; set WRANGLER_LOG_SANITIZE=false to include sanitized data
---

--- 2025-12-26T05:25:42.491Z debug
INIT: omitted; set WRANGLER_LOG_SANITIZE=false to include sanitized data
---

--- 2025-12-26T05:25:42.491Z debug
-- END CF API REQUEST
---

--- 2025-12-26T05:25:43.466Z debug
-- START CF API RESPONSE: OK 200
---

--- 2025-12-26T05:25:43.467Z debug
HEADERS: omitted; set WRANGLER_LOG_SANITIZE=false to include sanitized data
---

--- 2025-12-26T05:25:43.467Z debug
RESPONSE: omitted; set WRANGLER_LOG_SANITIZE=false to include sanitized data
---

--- 2025-12-26T05:25:43.467Z debug
-- END CF API RESPONSE
---

--- 2025-12-26T05:25:43.470Z log
🌀 Starting import...
---

--- 2025-12-26T05:25:43.471Z log
🌀 Processed 3 queries.
---

--- 2025-12-26T05:25:43.471Z log
🚣 Executed 3 queries in 2.59ms (5 rows read, 7 rows written)
   Database is currently at bookmark 0000003d-00000006-00004fe0-808bcf21b1e7d6e9e7579dab374b1036.
---

--- 2025-12-26T05:25:43.500Z log
┌────────────────────────┬───────────┬──────────────┬────────────────────┐
│ Total queries executed │ Rows read │ Rows written │ Database size (MB) │
├────────────────────────┼───────────┼──────────────┼────────────────────┤
│ 3                      │ 5         │ 7            │ 0.10               │
└────────────────────────┴───────────┴──────────────┴────────────────────┘
---

--- 2025-12-26T05:25:43.504Z debug
Metrics dispatcher: Posting data {"deviceId":"d39dff02-21f2-40cf-941a-454076f127d1","event":"wrangler command completed","timestamp":1766726743504,"properties":{"amplitude_session_id":1766726702010,"amplitude_event_id":1,"wranglerVersion":"3.114.16","osPlatform":"Linux","osVersion":"#1 SMP PREEMPT_DYNAMIC Thu Jun  5 18:30:46 UTC 2025","nodeVersion":22,"packageManager":"npm","isFirstUsage":false,"configFileType":"toml","isCI":false,"isPagesCI":false,"isWorkersCI":false,"isInteractive":true,"hasAssets":false,"argsUsed":["remote"],"argsCombination":"remote","command":"wrangler d1 execute","args":{},"durationMs":41569,"durationSeconds":41.569,"durationMinutes":0.6928166666666667}}
---
