
--- 2025-12-25T18:12:23.530Z debug
🪵  Writing logs to "/home/hades/.config/.wrangler/logs/wrangler-2025-12-25_18-12-23_007.log"
---

--- 2025-12-25T18:12:23.530Z debug
Metrics dispatcher: Posting data {"deviceId":"d39dff02-21f2-40cf-941a-454076f127d1","event":"wrangler command started","timestamp":1766686343529,"properties":{"amplitude_session_id":1766686343525,"amplitude_event_id":0,"wranglerVersion":"4.53.0","osPlatform":"Linux","osVersion":"#1 SMP PREEMPT_DYNAMIC Thu Jun  5 18:30:46 UTC 2025","nodeVersion":22,"isFirstUsage":false,"configFileType":"toml","isCI":false,"isPagesCI":false,"isWorkersCI":false,"isInteractive":false,"hasAssets":false,"argsUsed":[],"argsCombination":"","command":"wrangler secret put","args":{}}}
---

--- 2025-12-25T18:12:23.547Z debug
.env file not found at "/home/hades/FUN/tempmail/lexa_tempmail/worker/.env". Continuing... For more details, refer to https://developers.cloudflare.com/workers/wrangler/system-environment-variables/
---

--- 2025-12-25T18:12:23.548Z debug
.env file not found at "/home/hades/FUN/tempmail/lexa_tempmail/worker/.env.local". Continuing... For more details, refer to https://developers.cloudflare.com/workers/wrangler/system-environment-variables/
---

--- 2025-12-25T18:12:23.581Z log

 ⛅️ wrangler 4.53.0 (update available 4.54.0)
─────────────────────────────────────────────
---

--- 2025-12-25T18:12:23.626Z log
🌀 Creating the secret for the Worker "cloudflare_temp_email" 
---

--- 2025-12-25T18:12:23.627Z debug
-- START CF API REQUEST: PUT https://api.cloudflare.com/client/v4/accounts/f006ec5b85550c77e565a3f9f99a35c0/workers/scripts/cloudflare_temp_email/secrets
---

--- 2025-12-25T18:12:23.627Z debug
QUERY STRING: omitted; set WRANGLER_LOG_SANITIZE=false to include sanitized data
---

--- 2025-12-25T18:12:23.628Z debug
HEADERS: omitted; set WRANGLER_LOG_SANITIZE=false to include sanitized data
---

--- 2025-12-25T18:12:23.628Z debug
INIT: omitted; set WRANGLER_LOG_SANITIZE=false to include sanitized data
---

--- 2025-12-25T18:12:23.628Z debug
-- END CF API REQUEST
---

--- 2025-12-25T18:12:24.780Z debug
-- START CF API RESPONSE: Created 201
---

--- 2025-12-25T18:12:24.783Z debug
HEADERS: omitted; set WRANGLER_LOG_SANITIZE=false to include sanitized data
---

--- 2025-12-25T18:12:24.783Z debug
RESPONSE: omitted; set WRANGLER_LOG_SANITIZE=false to include sanitized data
---

--- 2025-12-25T18:12:24.783Z debug
-- END CF API RESPONSE
---

--- 2025-12-25T18:12:24.796Z debug
Metrics dispatcher: Posting data {"deviceId":"d39dff02-21f2-40cf-941a-454076f127d1","event":"create encrypted variable","timestamp":1766686344796,"properties":{"category":"Workers","wranglerVersion":"4.53.0","os":"linux:x64"}}
---

--- 2025-12-25T18:12:24.801Z log
✨ Success! Uploaded secret RESEND_TOKEN_LEXA_MY_ID
---

--- 2025-12-25T18:12:24.820Z debug
Metrics dispatcher: Posting data {"deviceId":"d39dff02-21f2-40cf-941a-454076f127d1","event":"wrangler command completed","timestamp":1766686344820,"properties":{"amplitude_session_id":1766686343525,"amplitude_event_id":1,"wranglerVersion":"4.53.0","osPlatform":"Linux","osVersion":"#1 SMP PREEMPT_DYNAMIC Thu Jun  5 18:30:46 UTC 2025","nodeVersion":22,"isFirstUsage":false,"configFileType":"toml","isCI":false,"isPagesCI":false,"isWorkersCI":false,"isInteractive":false,"hasAssets":false,"argsUsed":[],"argsCombination":"","command":"wrangler secret put","args":{},"durationMs":1350,"durationSeconds":1.35,"durationMinutes":0.022500000000000003}}
---
