
--- 2026-01-02T05:58:59.738Z debug
🪵  Writing logs to "/home/hades/.config/.wrangler/logs/wrangler-2026-01-02_05-58-59_228.log"
---

--- 2026-01-02T05:58:59.738Z debug
Metrics dispatcher: Posting data {"deviceId":"d39dff02-21f2-40cf-941a-454076f127d1","event":"wrangler command started","timestamp":1767333539738,"properties":{"amplitude_session_id":1767333539734,"amplitude_event_id":0,"wranglerVersion":"4.53.0","osPlatform":"Linux","osVersion":"#1 SMP PREEMPT_DYNAMIC Thu Jun  5 18:30:46 UTC 2025","nodeVersion":22,"isFirstUsage":false,"configFileType":"toml","isCI":false,"isPagesCI":false,"isWorkersCI":false,"isInteractive":false,"hasAssets":false,"argsUsed":["env"],"argsCombination":"env","command":"wrangler deploy","args":{}}}
---

--- 2026-01-02T05:58:59.755Z debug
.env file not found at "/home/hades/FUN/cloudflareProjet/passvault/api/.env". Continuing... For more details, refer to https://developers.cloudflare.com/workers/wrangler/system-environment-variables/
---

--- 2026-01-02T05:58:59.755Z debug
.env file not found at "/home/hades/FUN/cloudflareProjet/passvault/api/.env.local". Continuing... For more details, refer to https://developers.cloudflare.com/workers/wrangler/system-environment-variables/
---

--- 2026-01-02T05:58:59.755Z debug
.env file not found at "/home/hades/FUN/cloudflareProjet/passvault/api/.env.production". Continuing... For more details, refer to https://developers.cloudflare.com/workers/wrangler/system-environment-variables/
---

--- 2026-01-02T05:58:59.755Z debug
.env file not found at "/home/hades/FUN/cloudflareProjet/passvault/api/.env.production.local". Continuing... For more details, refer to https://developers.cloudflare.com/workers/wrangler/system-environment-variables/
---

--- 2026-01-02T05:58:59.911Z log

 ⛅️ wrangler 4.53.0 (update available 4.54.0)
─────────────────────────────────────────────
---

--- 2026-01-02T05:59:00.242Z debug
Starting verifyWorkerMatchesCITag() with tag: undefined, name: passvault-api
---

--- 2026-01-02T05:59:00.243Z debug
No WRANGLER_CI_MATCH_TAG variable provided, aborting verifyWorkerMatchesCITag()
---

--- 2026-01-02T05:59:00.253Z debug
-- START CF API REQUEST: GET https://api.cloudflare.com/client/v4/accounts/f006ec5b85550c77e565a3f9f99a35c0/workers/services/passvault-api
---

--- 2026-01-02T05:59:00.253Z debug
QUERY STRING: omitted; set WRANGLER_LOG_SANITIZE=false to include sanitized data
---

--- 2026-01-02T05:59:00.255Z debug
HEADERS: omitted; set WRANGLER_LOG_SANITIZE=false to include sanitized data
---

--- 2026-01-02T05:59:00.256Z debug
INIT: omitted; set WRANGLER_LOG_SANITIZE=false to include sanitized data
---

--- 2026-01-02T05:59:00.256Z debug
-- END CF API REQUEST
---

--- 2026-01-02T05:59:00.891Z debug
-- START CF API RESPONSE: OK 200
---

--- 2026-01-02T05:59:00.894Z debug
HEADERS: omitted; set WRANGLER_LOG_SANITIZE=false to include sanitized data
---

--- 2026-01-02T05:59:00.894Z debug
RESPONSE: omitted; set WRANGLER_LOG_SANITIZE=false to include sanitized data
---

--- 2026-01-02T05:59:00.894Z debug
-- END CF API RESPONSE
---

--- 2026-01-02T05:59:00.910Z debug
-- START CF API REQUEST: GET https://api.cloudflare.com/client/v4/accounts/f006ec5b85550c77e565a3f9f99a35c0/workers/scripts/passvault-api/deployments
---

--- 2026-01-02T05:59:00.910Z debug
QUERY STRING: omitted; set WRANGLER_LOG_SANITIZE=false to include sanitized data
---

--- 2026-01-02T05:59:00.911Z debug
HEADERS: omitted; set WRANGLER_LOG_SANITIZE=false to include sanitized data
---

--- 2026-01-02T05:59:00.911Z debug
INIT: omitted; set WRANGLER_LOG_SANITIZE=false to include sanitized data
---

--- 2026-01-02T05:59:00.911Z debug
-- END CF API REQUEST
---

--- 2026-01-02T05:59:01.262Z debug
-- START CF API RESPONSE: OK 200
---

--- 2026-01-02T05:59:01.263Z debug
HEADERS: omitted; set WRANGLER_LOG_SANITIZE=false to include sanitized data
---

--- 2026-01-02T05:59:01.263Z debug
RESPONSE: omitted; set WRANGLER_LOG_SANITIZE=false to include sanitized data
---

--- 2026-01-02T05:59:01.263Z debug
-- END CF API RESPONSE
---

--- 2026-01-02T05:59:01.478Z log
Total Upload: 26.89 KiB / gzip: 6.41 KiB
---

--- 2026-01-02T05:59:01.481Z debug
-- START CF API REQUEST: GET https://api.cloudflare.com/client/v4/accounts/f006ec5b85550c77e565a3f9f99a35c0/workers/scripts/passvault-api/settings
---

--- 2026-01-02T05:59:01.481Z debug
QUERY STRING: omitted; set WRANGLER_LOG_SANITIZE=false to include sanitized data
---

--- 2026-01-02T05:59:01.481Z debug
HEADERS: omitted; set WRANGLER_LOG_SANITIZE=false to include sanitized data
---

--- 2026-01-02T05:59:01.481Z debug
INIT: omitted; set WRANGLER_LOG_SANITIZE=false to include sanitized data
---

--- 2026-01-02T05:59:01.481Z debug
-- END CF API REQUEST
---

--- 2026-01-02T05:59:01.859Z debug
-- START CF API RESPONSE: OK 200
---

--- 2026-01-02T05:59:01.859Z debug
HEADERS: omitted; set WRANGLER_LOG_SANITIZE=false to include sanitized data
---

--- 2026-01-02T05:59:01.859Z debug
RESPONSE: omitted; set WRANGLER_LOG_SANITIZE=false to include sanitized data
---

--- 2026-01-02T05:59:01.859Z debug
-- END CF API RESPONSE
---

--- 2026-01-02T05:59:01.866Z debug
-- START CF API REQUEST: POST https://api.cloudflare.com/client/v4/accounts/f006ec5b85550c77e565a3f9f99a35c0/workers/scripts/passvault-api/versions
---

--- 2026-01-02T05:59:01.867Z debug
QUERY STRING: omitted; set WRANGLER_LOG_SANITIZE=false to include sanitized data
---

--- 2026-01-02T05:59:01.867Z debug
HEADERS: omitted; set WRANGLER_LOG_SANITIZE=false to include sanitized data
---

--- 2026-01-02T05:59:01.868Z debug
INIT: omitted; set WRANGLER_LOG_SANITIZE=false to include sanitized data
---

--- 2026-01-02T05:59:01.877Z debug
BODY: omitted; set WRANGLER_LOG_SANITIZE=false to include sanitized data
---

--- 2026-01-02T05:59:01.877Z debug
-- END CF API REQUEST
---

--- 2026-01-02T05:59:03.156Z debug
-- START CF API RESPONSE: OK 200
---

--- 2026-01-02T05:59:03.157Z debug
HEADERS: omitted; set WRANGLER_LOG_SANITIZE=false to include sanitized data
---

--- 2026-01-02T05:59:03.157Z debug
RESPONSE: omitted; set WRANGLER_LOG_SANITIZE=false to include sanitized data
---

--- 2026-01-02T05:59:03.157Z debug
-- END CF API RESPONSE
---

--- 2026-01-02T05:59:03.159Z debug
-- START CF API REQUEST: POST https://api.cloudflare.com/client/v4/accounts/f006ec5b85550c77e565a3f9f99a35c0/workers/scripts/passvault-api/deployments
---

--- 2026-01-02T05:59:03.159Z debug
QUERY STRING: omitted; set WRANGLER_LOG_SANITIZE=false to include sanitized data
---

--- 2026-01-02T05:59:03.160Z debug
HEADERS: omitted; set WRANGLER_LOG_SANITIZE=false to include sanitized data
---

--- 2026-01-02T05:59:03.160Z debug
INIT: omitted; set WRANGLER_LOG_SANITIZE=false to include sanitized data
---

--- 2026-01-02T05:59:03.160Z debug
-- END CF API REQUEST
---

--- 2026-01-02T05:59:03.727Z debug
-- START CF API RESPONSE: OK 200
---

--- 2026-01-02T05:59:03.728Z debug
HEADERS: omitted; set WRANGLER_LOG_SANITIZE=false to include sanitized data
---

--- 2026-01-02T05:59:03.728Z debug
RESPONSE: omitted; set WRANGLER_LOG_SANITIZE=false to include sanitized data
---

--- 2026-01-02T05:59:03.728Z debug
-- END CF API RESPONSE
---

--- 2026-01-02T05:59:03.729Z debug
-- START CF API REQUEST: PATCH https://api.cloudflare.com/client/v4/accounts/f006ec5b85550c77e565a3f9f99a35c0/workers/scripts/passvault-api/script-settings
---

--- 2026-01-02T05:59:03.729Z debug
QUERY STRING: omitted; set WRANGLER_LOG_SANITIZE=false to include sanitized data
---

--- 2026-01-02T05:59:03.730Z debug
HEADERS: omitted; set WRANGLER_LOG_SANITIZE=false to include sanitized data
---

--- 2026-01-02T05:59:03.730Z debug
INIT: omitted; set WRANGLER_LOG_SANITIZE=false to include sanitized data
---

--- 2026-01-02T05:59:03.730Z debug
-- END CF API REQUEST
---

--- 2026-01-02T05:59:04.542Z debug
-- START CF API RESPONSE: OK 200
---

--- 2026-01-02T05:59:04.542Z debug
HEADERS: omitted; set WRANGLER_LOG_SANITIZE=false to include sanitized data
---

--- 2026-01-02T05:59:04.542Z debug
RESPONSE: omitted; set WRANGLER_LOG_SANITIZE=false to include sanitized data
---

--- 2026-01-02T05:59:04.542Z debug
-- END CF API RESPONSE
---

--- 2026-01-02T05:59:04.543Z log
Worker Startup Time: 17 ms
---

--- 2026-01-02T05:59:04.547Z log
Your Worker has access to the following bindings:
---

--- 2026-01-02T05:59:04.548Z log
Binding                    Resource         
---

--- 2026-01-02T05:59:04.548Z log
env.DB (passvault-db)      D1 Database      
---

--- 2026-01-02T05:59:04.548Z log

---

--- 2026-01-02T05:59:04.558Z log
Uploaded passvault-api (3.65 sec)
---

--- 2026-01-02T05:59:04.560Z debug
-- START CF API REQUEST: GET https://api.cloudflare.com/client/v4/accounts/f006ec5b85550c77e565a3f9f99a35c0/workers/scripts/passvault-api/subdomain
---

--- 2026-01-02T05:59:04.560Z debug
QUERY STRING: omitted; set WRANGLER_LOG_SANITIZE=false to include sanitized data
---

--- 2026-01-02T05:59:04.561Z debug
HEADERS: omitted; set WRANGLER_LOG_SANITIZE=false to include sanitized data
---

--- 2026-01-02T05:59:04.561Z debug
INIT: omitted; set WRANGLER_LOG_SANITIZE=false to include sanitized data
---

--- 2026-01-02T05:59:04.561Z debug
-- END CF API REQUEST
---

--- 2026-01-02T05:59:05.100Z debug
-- START CF API RESPONSE: OK 200
---

--- 2026-01-02T05:59:05.101Z debug
HEADERS: omitted; set WRANGLER_LOG_SANITIZE=false to include sanitized data
---

--- 2026-01-02T05:59:05.101Z debug
RESPONSE: omitted; set WRANGLER_LOG_SANITIZE=false to include sanitized data
---

--- 2026-01-02T05:59:05.101Z debug
-- END CF API RESPONSE
---

--- 2026-01-02T05:59:05.103Z debug
-- START CF API REQUEST: POST https://api.cloudflare.com/client/v4/accounts/f006ec5b85550c77e565a3f9f99a35c0/workers/scripts/passvault-api/subdomain
---

--- 2026-01-02T05:59:05.103Z debug
QUERY STRING: omitted; set WRANGLER_LOG_SANITIZE=false to include sanitized data
---

--- 2026-01-02T05:59:05.104Z debug
HEADERS: omitted; set WRANGLER_LOG_SANITIZE=false to include sanitized data
---

--- 2026-01-02T05:59:05.104Z debug
INIT: omitted; set WRANGLER_LOG_SANITIZE=false to include sanitized data
---

--- 2026-01-02T05:59:05.104Z debug
-- END CF API REQUEST
---

--- 2026-01-02T05:59:05.861Z debug
-- START CF API RESPONSE: OK 200
---

--- 2026-01-02T05:59:05.862Z debug
HEADERS: omitted; set WRANGLER_LOG_SANITIZE=false to include sanitized data
---

--- 2026-01-02T05:59:05.862Z debug
RESPONSE: omitted; set WRANGLER_LOG_SANITIZE=false to include sanitized data
---

--- 2026-01-02T05:59:05.862Z debug
-- END CF API RESPONSE
---

--- 2026-01-02T05:59:05.870Z debug
-- START CF API REQUEST: GET https://api.cloudflare.com/client/v4/zones
---

--- 2026-01-02T05:59:05.871Z debug
QUERY STRING: omitted; set WRANGLER_LOG_SANITIZE=false to include sanitized data
---

--- 2026-01-02T05:59:05.871Z debug
HEADERS: omitted; set WRANGLER_LOG_SANITIZE=false to include sanitized data
---

--- 2026-01-02T05:59:05.871Z debug
INIT: omitted; set WRANGLER_LOG_SANITIZE=false to include sanitized data
---

--- 2026-01-02T05:59:05.871Z debug
-- END CF API REQUEST
---

--- 2026-01-02T05:59:06.808Z debug
-- START CF API RESPONSE: OK 200
---

--- 2026-01-02T05:59:06.809Z debug
HEADERS: omitted; set WRANGLER_LOG_SANITIZE=false to include sanitized data
---

--- 2026-01-02T05:59:06.809Z debug
RESPONSE: omitted; set WRANGLER_LOG_SANITIZE=false to include sanitized data
---

--- 2026-01-02T05:59:06.809Z debug
-- END CF API RESPONSE
---

--- 2026-01-02T05:59:06.811Z debug
-- START CF API REQUEST: GET https://api.cloudflare.com/client/v4/zones/3135039f210c2bf30cd0fec4c5397c78/workers/routes
---

--- 2026-01-02T05:59:06.811Z debug
QUERY STRING: omitted; set WRANGLER_LOG_SANITIZE=false to include sanitized data
---

--- 2026-01-02T05:59:06.811Z debug
HEADERS: omitted; set WRANGLER_LOG_SANITIZE=false to include sanitized data
---

--- 2026-01-02T05:59:06.811Z debug
INIT: omitted; set WRANGLER_LOG_SANITIZE=false to include sanitized data
---

--- 2026-01-02T05:59:06.811Z debug
-- END CF API REQUEST
---

--- 2026-01-02T05:59:08.387Z debug
-- START CF API RESPONSE: OK 200
---

--- 2026-01-02T05:59:08.388Z debug
HEADERS: omitted; set WRANGLER_LOG_SANITIZE=false to include sanitized data
---

--- 2026-01-02T05:59:08.388Z debug
RESPONSE: omitted; set WRANGLER_LOG_SANITIZE=false to include sanitized data
---

--- 2026-01-02T05:59:08.388Z debug
-- END CF API RESPONSE
---

--- 2026-01-02T05:59:08.390Z debug
-- START CF API REQUEST: PUT https://api.cloudflare.com/client/v4/accounts/f006ec5b85550c77e565a3f9f99a35c0/workers/scripts/passvault-api/routes
---

--- 2026-01-02T05:59:08.390Z debug
QUERY STRING: omitted; set WRANGLER_LOG_SANITIZE=false to include sanitized data
---

--- 2026-01-02T05:59:08.390Z debug
HEADERS: omitted; set WRANGLER_LOG_SANITIZE=false to include sanitized data
---

--- 2026-01-02T05:59:08.390Z debug
INIT: omitted; set WRANGLER_LOG_SANITIZE=false to include sanitized data
---

--- 2026-01-02T05:59:08.390Z debug
-- END CF API REQUEST
---

--- 2026-01-02T05:59:10.359Z debug
-- START CF API RESPONSE: OK 200
---

--- 2026-01-02T05:59:10.359Z debug
HEADERS: omitted; set WRANGLER_LOG_SANITIZE=false to include sanitized data
---

--- 2026-01-02T05:59:10.359Z debug
RESPONSE: omitted; set WRANGLER_LOG_SANITIZE=false to include sanitized data
---

--- 2026-01-02T05:59:10.359Z debug
-- END CF API RESPONSE
---

--- 2026-01-02T05:59:10.360Z log
Deployed passvault-api triggers (5.80 sec)
---

--- 2026-01-02T05:59:10.362Z log
  pass-api.lexa.my.id/* (zone name: lexa.my.id)
---

--- 2026-01-02T05:59:10.362Z log
Current Version ID: e60532b7-005d-4bcd-9dd9-4f75dddde9fa
---

--- 2026-01-02T05:59:10.364Z debug
Metrics dispatcher: Posting data {"deviceId":"d39dff02-21f2-40cf-941a-454076f127d1","event":"deploy worker script","timestamp":1767333550364,"properties":{"category":"Workers","wranglerVersion":"4.53.0","os":"linux:x64","usesTypeScript":true,"durationMs":10121}}
---

--- 2026-01-02T05:59:10.374Z debug
Metrics dispatcher: Posting data {"deviceId":"d39dff02-21f2-40cf-941a-454076f127d1","event":"wrangler command completed","timestamp":1767333550374,"properties":{"amplitude_session_id":1767333539734,"amplitude_event_id":1,"wranglerVersion":"4.53.0","osPlatform":"Linux","osVersion":"#1 SMP PREEMPT_DYNAMIC Thu Jun  5 18:30:46 UTC 2025","nodeVersion":22,"isFirstUsage":false,"configFileType":"toml","isCI":false,"isPagesCI":false,"isWorkersCI":false,"isInteractive":false,"hasAssets":false,"argsUsed":["env"],"argsCombination":"env","command":"wrangler deploy","args":{},"durationMs":10687,"durationSeconds":10.687,"durationMinutes":0.17811666666666665}}
---
