
--- 2025-12-26T09:06:26.270Z debug
🪵  Writing logs to "/home/hades/.config/.wrangler/logs/wrangler-2025-12-26_09-06-25_246.log"
---

--- 2025-12-26T09:06:26.270Z debug
Metrics dispatcher: Posting data {"deviceId":"d39dff02-21f2-40cf-941a-454076f127d1","event":"wrangler command started","timestamp":1766739986269,"properties":{"amplitude_session_id":1766739986189,"amplitude_event_id":0,"wranglerVersion":"4.53.0","osPlatform":"Linux","osVersion":"#1 SMP PREEMPT_DYNAMIC Thu Jun  5 18:30:46 UTC 2025","nodeVersion":22,"packageManager":"npm","isFirstUsage":false,"configFileType":"none","isCI":false,"isPagesCI":false,"isWorkersCI":false,"isInteractive":true,"hasAssets":false,"argsUsed":[],"argsCombination":"","command":"wrangler pages deploy","args":{}}}
---

--- 2025-12-26T09:06:26.304Z debug
.env file not found at "/home/hades/FUN/tempmail/vaultnotes-beta/.env.local". Continuing... For more details, refer to https://developers.cloudflare.com/workers/wrangler/system-environment-variables/
---

--- 2025-12-26T09:06:26.455Z log

 ⛅️ wrangler 4.53.0 (update available 4.54.0)
─────────────────────────────────────────────
---

--- 2025-12-26T09:06:26.566Z debug
Retrieving cached values for account_id and project_name from node_modules/.cache/wrangler
---

--- 2025-12-26T09:06:26.570Z debug
-- START CF API REQUEST: GET https://api.cloudflare.com/client/v4/accounts/f006ec5b85550c77e565a3f9f99a35c0/pages/projects/leafvault-notes
---

--- 2025-12-26T09:06:26.570Z debug
QUERY STRING: omitted; set WRANGLER_LOG_SANITIZE=false to include sanitized data
---

--- 2025-12-26T09:06:26.572Z debug
HEADERS: omitted; set WRANGLER_LOG_SANITIZE=false to include sanitized data
---

--- 2025-12-26T09:06:26.573Z debug
INIT: omitted; set WRANGLER_LOG_SANITIZE=false to include sanitized data
---

--- 2025-12-26T09:06:26.573Z debug
-- END CF API REQUEST
---

--- 2025-12-26T09:06:28.631Z debug
-- START CF API RESPONSE: OK 200
---

--- 2025-12-26T09:06:28.633Z debug
HEADERS: omitted; set WRANGLER_LOG_SANITIZE=false to include sanitized data
---

--- 2025-12-26T09:06:28.633Z debug
RESPONSE: omitted; set WRANGLER_LOG_SANITIZE=false to include sanitized data
---

--- 2025-12-26T09:06:28.634Z debug
-- END CF API RESPONSE
---

--- 2025-12-26T09:06:28.751Z debug
-- START CF API REQUEST: GET https://api.cloudflare.com/client/v4/accounts/f006ec5b85550c77e565a3f9f99a35c0/pages/projects/leafvault-notes
---

--- 2025-12-26T09:06:28.751Z debug
QUERY STRING: omitted; set WRANGLER_LOG_SANITIZE=false to include sanitized data
---

--- 2025-12-26T09:06:28.752Z debug
HEADERS: omitted; set WRANGLER_LOG_SANITIZE=false to include sanitized data
---

--- 2025-12-26T09:06:28.752Z debug
INIT: omitted; set WRANGLER_LOG_SANITIZE=false to include sanitized data
---

--- 2025-12-26T09:06:28.752Z debug
-- END CF API REQUEST
---

--- 2025-12-26T09:06:30.518Z debug
-- START CF API RESPONSE: OK 200
---

--- 2025-12-26T09:06:30.519Z debug
HEADERS: omitted; set WRANGLER_LOG_SANITIZE=false to include sanitized data
---

--- 2025-12-26T09:06:30.519Z debug
RESPONSE: omitted; set WRANGLER_LOG_SANITIZE=false to include sanitized data
---

--- 2025-12-26T09:06:30.519Z debug
-- END CF API RESPONSE
---

--- 2025-12-26T09:06:30.603Z debug
-- START CF API REQUEST: GET https://api.cloudflare.com/client/v4/accounts/f006ec5b85550c77e565a3f9f99a35c0/pages/projects/leafvault-notes/upload-token
---

--- 2025-12-26T09:06:30.603Z debug
QUERY STRING: omitted; set WRANGLER_LOG_SANITIZE=false to include sanitized data
---

--- 2025-12-26T09:06:30.604Z debug
HEADERS: omitted; set WRANGLER_LOG_SANITIZE=false to include sanitized data
---

--- 2025-12-26T09:06:30.604Z debug
INIT: omitted; set WRANGLER_LOG_SANITIZE=false to include sanitized data
---

--- 2025-12-26T09:06:30.604Z debug
-- END CF API REQUEST
---

--- 2025-12-26T09:06:32.095Z debug
-- START CF API RESPONSE: OK 200
---

--- 2025-12-26T09:06:32.096Z debug
HEADERS: omitted; set WRANGLER_LOG_SANITIZE=false to include sanitized data
---

--- 2025-12-26T09:06:32.096Z debug
RESPONSE: omitted; set WRANGLER_LOG_SANITIZE=false to include sanitized data
---

--- 2025-12-26T09:06:32.096Z debug
-- END CF API RESPONSE
---

--- 2025-12-26T09:06:32.099Z debug
-- START CF API REQUEST: POST https://api.cloudflare.com/client/v4/pages/assets/check-missing
---

--- 2025-12-26T09:06:32.100Z debug
QUERY STRING: omitted; set WRANGLER_LOG_SANITIZE=false to include sanitized data
---

--- 2025-12-26T09:06:32.101Z debug
HEADERS: omitted; set WRANGLER_LOG_SANITIZE=false to include sanitized data
---

--- 2025-12-26T09:06:32.101Z debug
INIT: omitted; set WRANGLER_LOG_SANITIZE=false to include sanitized data
---

--- 2025-12-26T09:06:32.101Z debug
-- END CF API REQUEST
---

--- 2025-12-26T09:06:32.446Z debug
-- START CF API RESPONSE: OK 200
---

--- 2025-12-26T09:06:32.446Z debug
HEADERS: omitted; set WRANGLER_LOG_SANITIZE=false to include sanitized data
---

--- 2025-12-26T09:06:32.446Z debug
RESPONSE: omitted; set WRANGLER_LOG_SANITIZE=false to include sanitized data
---

--- 2025-12-26T09:06:32.446Z debug
-- END CF API RESPONSE
---

--- 2025-12-26T09:06:32.461Z debug
POST /pages/assets/upload
---

--- 2025-12-26T09:06:32.464Z debug
-- START CF API REQUEST: POST https://api.cloudflare.com/client/v4/pages/assets/upload
---

--- 2025-12-26T09:06:32.464Z debug
QUERY STRING: omitted; set WRANGLER_LOG_SANITIZE=false to include sanitized data
---

--- 2025-12-26T09:06:32.464Z debug
HEADERS: omitted; set WRANGLER_LOG_SANITIZE=false to include sanitized data
---

--- 2025-12-26T09:06:32.467Z debug
INIT: omitted; set WRANGLER_LOG_SANITIZE=false to include sanitized data
---

--- 2025-12-26T09:06:32.467Z debug
-- END CF API REQUEST
---

--- 2025-12-26T09:06:32.477Z debug
POST /pages/assets/upload
---

--- 2025-12-26T09:06:32.477Z debug
-- START CF API REQUEST: POST https://api.cloudflare.com/client/v4/pages/assets/upload
---

--- 2025-12-26T09:06:32.478Z debug
QUERY STRING: omitted; set WRANGLER_LOG_SANITIZE=false to include sanitized data
---

--- 2025-12-26T09:06:32.478Z debug
HEADERS: omitted; set WRANGLER_LOG_SANITIZE=false to include sanitized data
---

--- 2025-12-26T09:06:32.478Z debug
INIT: omitted; set WRANGLER_LOG_SANITIZE=false to include sanitized data
---

--- 2025-12-26T09:06:32.478Z debug
-- END CF API REQUEST
---

--- 2025-12-26T09:06:32.497Z debug
POST /pages/assets/upload
---

--- 2025-12-26T09:06:32.538Z debug
-- START CF API REQUEST: POST https://api.cloudflare.com/client/v4/pages/assets/upload
---

--- 2025-12-26T09:06:32.538Z debug
QUERY STRING: omitted; set WRANGLER_LOG_SANITIZE=false to include sanitized data
---

--- 2025-12-26T09:06:32.538Z debug
HEADERS: omitted; set WRANGLER_LOG_SANITIZE=false to include sanitized data
---

--- 2025-12-26T09:06:32.559Z debug
INIT: omitted; set WRANGLER_LOG_SANITIZE=false to include sanitized data
---

--- 2025-12-26T09:06:32.559Z debug
-- END CF API REQUEST
---

--- 2025-12-26T09:06:33.340Z debug
-- START CF API RESPONSE: OK 200
---

--- 2025-12-26T09:06:33.341Z debug
HEADERS: omitted; set WRANGLER_LOG_SANITIZE=false to include sanitized data
---

--- 2025-12-26T09:06:33.341Z debug
RESPONSE: omitted; set WRANGLER_LOG_SANITIZE=false to include sanitized data
---

--- 2025-12-26T09:06:33.341Z debug
-- END CF API RESPONSE
---

--- 2025-12-26T09:06:33.342Z debug
result: { successful_key_count: 1, unsuccessful_keys: [] }
---

--- 2025-12-26T09:06:34.906Z debug
-- START CF API RESPONSE: OK 200
---

--- 2025-12-26T09:06:34.907Z debug
HEADERS: omitted; set WRANGLER_LOG_SANITIZE=false to include sanitized data
---

--- 2025-12-26T09:06:34.907Z debug
RESPONSE: omitted; set WRANGLER_LOG_SANITIZE=false to include sanitized data
---

--- 2025-12-26T09:06:34.907Z debug
-- END CF API RESPONSE
---

--- 2025-12-26T09:06:34.908Z debug
result: { successful_key_count: 1, unsuccessful_keys: [] }
---

--- 2025-12-26T09:06:40.423Z debug
-- START CF API RESPONSE: OK 200
---

--- 2025-12-26T09:06:40.424Z debug
HEADERS: omitted; set WRANGLER_LOG_SANITIZE=false to include sanitized data
---

--- 2025-12-26T09:06:40.424Z debug
RESPONSE: omitted; set WRANGLER_LOG_SANITIZE=false to include sanitized data
---

--- 2025-12-26T09:06:40.424Z debug
-- END CF API RESPONSE
---

--- 2025-12-26T09:06:40.425Z debug
result: { successful_key_count: 1, unsuccessful_keys: [] }
---

--- 2025-12-26T09:06:40.425Z log
✨ Success! Uploaded 3 files (36 already uploaded) (8.33 sec)

---

--- 2025-12-26T09:06:40.428Z debug
-- START CF API REQUEST: POST https://api.cloudflare.com/client/v4/pages/assets/upsert-hashes
---

--- 2025-12-26T09:06:40.428Z debug
QUERY STRING: omitted; set WRANGLER_LOG_SANITIZE=false to include sanitized data
---

--- 2025-12-26T09:06:40.429Z debug
HEADERS: omitted; set WRANGLER_LOG_SANITIZE=false to include sanitized data
---

--- 2025-12-26T09:06:40.429Z debug
INIT: omitted; set WRANGLER_LOG_SANITIZE=false to include sanitized data
---

--- 2025-12-26T09:06:40.429Z debug
-- END CF API REQUEST
---

--- 2025-12-26T09:06:41.065Z debug
-- START CF API RESPONSE: OK 200
---

--- 2025-12-26T09:06:41.066Z debug
HEADERS: omitted; set WRANGLER_LOG_SANITIZE=false to include sanitized data
---

--- 2025-12-26T09:06:41.066Z debug
RESPONSE: omitted; set WRANGLER_LOG_SANITIZE=false to include sanitized data
---

--- 2025-12-26T09:06:41.066Z debug
-- END CF API RESPONSE
---

--- 2025-12-26T09:06:41.069Z log
✨ Uploading _headers
---

--- 2025-12-26T09:06:41.070Z log
✨ Uploading _redirects
---

--- 2025-12-26T09:06:41.072Z debug
-- START CF API REQUEST: POST https://api.cloudflare.com/client/v4/accounts/f006ec5b85550c77e565a3f9f99a35c0/pages/projects/leafvault-notes/deployments
---

--- 2025-12-26T09:06:41.072Z debug
QUERY STRING: omitted; set WRANGLER_LOG_SANITIZE=false to include sanitized data
---

--- 2025-12-26T09:06:41.072Z debug
HEADERS: omitted; set WRANGLER_LOG_SANITIZE=false to include sanitized data
---

--- 2025-12-26T09:06:41.072Z debug
INIT: omitted; set WRANGLER_LOG_SANITIZE=false to include sanitized data
---

--- 2025-12-26T09:06:41.079Z debug
BODY: omitted; set WRANGLER_LOG_SANITIZE=false to include sanitized data
---

--- 2025-12-26T09:06:41.079Z debug
-- END CF API REQUEST
---

--- 2025-12-26T09:06:43.351Z debug
-- START CF API RESPONSE: OK 200
---

--- 2025-12-26T09:06:43.351Z debug
HEADERS: omitted; set WRANGLER_LOG_SANITIZE=false to include sanitized data
---

--- 2025-12-26T09:06:43.351Z debug
RESPONSE: omitted; set WRANGLER_LOG_SANITIZE=false to include sanitized data
---

--- 2025-12-26T09:06:43.351Z debug
-- END CF API RESPONSE
---

--- 2025-12-26T09:06:43.353Z debug
Saving to cache: {"account_id":"f006ec5b85550c77e565a3f9f99a35c0","project_name":"leafvault-notes"}
---

--- 2025-12-26T09:06:43.354Z log
🌎 Deploying...
---

--- 2025-12-26T09:06:44.356Z debug
attempt #1: Attempting to fetch status for deployment with id "eaa33e56-8241-45a7-9832-e496ea3bc013" ...
---

--- 2025-12-26T09:06:44.357Z debug
-- START CF API REQUEST: GET https://api.cloudflare.com/client/v4/accounts/f006ec5b85550c77e565a3f9f99a35c0/pages/projects/leafvault-notes/deployments/eaa33e56-8241-45a7-9832-e496ea3bc013
---

--- 2025-12-26T09:06:44.357Z debug
QUERY STRING: omitted; set WRANGLER_LOG_SANITIZE=false to include sanitized data
---

--- 2025-12-26T09:06:44.357Z debug
HEADERS: omitted; set WRANGLER_LOG_SANITIZE=false to include sanitized data
---

--- 2025-12-26T09:06:44.357Z debug
INIT: omitted; set WRANGLER_LOG_SANITIZE=false to include sanitized data
---

--- 2025-12-26T09:06:44.357Z debug
-- END CF API REQUEST
---

--- 2025-12-26T09:06:46.004Z debug
-- START CF API RESPONSE: OK 200
---

--- 2025-12-26T09:06:46.006Z debug
HEADERS: omitted; set WRANGLER_LOG_SANITIZE=false to include sanitized data
---

--- 2025-12-26T09:06:46.006Z debug
RESPONSE: omitted; set WRANGLER_LOG_SANITIZE=false to include sanitized data
---

--- 2025-12-26T09:06:46.006Z debug
-- END CF API RESPONSE
---

--- 2025-12-26T09:06:46.010Z log
✨ Deployment complete! Take a peek over at https://eaa33e56.leafvault-notes.pages.dev
---

--- 2025-12-26T09:06:46.012Z debug
Metrics dispatcher: Posting data {"deviceId":"d39dff02-21f2-40cf-941a-454076f127d1","event":"create pages deployment","timestamp":1766740006012,"properties":{"category":"Workers","wranglerVersion":"4.53.0","os":"linux:x64"}}
---

--- 2025-12-26T09:06:46.023Z debug
Metrics dispatcher: Posting data {"deviceId":"d39dff02-21f2-40cf-941a-454076f127d1","event":"wrangler command completed","timestamp":1766740006023,"properties":{"amplitude_session_id":1766739986189,"amplitude_event_id":1,"wranglerVersion":"4.53.0","osPlatform":"Linux","osVersion":"#1 SMP PREEMPT_DYNAMIC Thu Jun  5 18:30:46 UTC 2025","nodeVersion":22,"packageManager":"npm","isFirstUsage":false,"configFileType":"none","isCI":false,"isPagesCI":false,"isWorkersCI":false,"isInteractive":true,"hasAssets":false,"argsUsed":[],"argsCombination":"","command":"wrangler pages deploy","args":{},"durationMs":19956,"durationSeconds":19.956,"durationMinutes":0.3326}}
---
