
--- 2025-12-24T07:04:43.306Z debug
🪵  Writing logs to "/home/hades/.config/.wrangler/logs/wrangler-2025-12-24_07-04-42_494.log"
---

--- 2025-12-24T07:04:43.305Z debug
Metrics dispatcher: Posting data {"deviceId":"d39dff02-21f2-40cf-941a-454076f127d1","event":"wrangler command started","timestamp":1766559883305,"properties":{"amplitude_session_id":1766559883297,"amplitude_event_id":0,"wranglerVersion":"4.53.0","osPlatform":"Linux","osVersion":"#1 SMP PREEMPT_DYNAMIC Thu Jun  5 18:30:46 UTC 2025","nodeVersion":22,"packageManager":"npm","isFirstUsage":false,"configFileType":"none","isCI":false,"isPagesCI":false,"isWorkersCI":false,"isInteractive":true,"hasAssets":false,"argsUsed":[],"argsCombination":"","command":"wrangler pages deploy","args":{}}}
---

--- 2025-12-24T07:04:43.345Z debug
.env file not found at "/home/hades/FUN/NotesProjeck/beta/vaultnotes/.env.local". Continuing... For more details, refer to https://developers.cloudflare.com/workers/wrangler/system-environment-variables/
---

--- 2025-12-24T07:04:43.421Z log

 ⛅️ wrangler 4.53.0 (update available 4.56.0)
─────────────────────────────────────────────
---

--- 2025-12-24T07:04:43.485Z debug
-- START CF API REQUEST: GET https://api.cloudflare.com/client/v4/memberships
---

--- 2025-12-24T07:04:43.485Z debug
QUERY STRING: omitted; set WRANGLER_LOG_SANITIZE=false to include sanitized data
---

--- 2025-12-24T07:04:43.487Z debug
HEADERS: omitted; set WRANGLER_LOG_SANITIZE=false to include sanitized data
---

--- 2025-12-24T07:04:43.487Z debug
INIT: omitted; set WRANGLER_LOG_SANITIZE=false to include sanitized data
---

--- 2025-12-24T07:04:43.487Z debug
-- END CF API REQUEST
---

--- 2025-12-24T07:04:45.398Z debug
-- START CF API RESPONSE: OK 200
---

--- 2025-12-24T07:04:45.399Z debug
HEADERS: omitted; set WRANGLER_LOG_SANITIZE=false to include sanitized data
---

--- 2025-12-24T07:04:45.399Z debug
RESPONSE: omitted; set WRANGLER_LOG_SANITIZE=false to include sanitized data
---

--- 2025-12-24T07:04:45.399Z debug
-- END CF API RESPONSE
---

--- 2025-12-24T07:04:45.410Z debug
Saving to cache: {"account":{"id":"f006ec5b85550c77e565a3f9f99a35c0","name":"Dwirxx@gmail.com's Account"}}
---

--- 2025-12-24T07:04:45.414Z debug
-- START CF API REQUEST: GET https://api.cloudflare.com/client/v4/accounts/f006ec5b85550c77e565a3f9f99a35c0/pages/projects/leafvault-notes
---

--- 2025-12-24T07:04:45.415Z debug
QUERY STRING: omitted; set WRANGLER_LOG_SANITIZE=false to include sanitized data
---

--- 2025-12-24T07:04:45.415Z debug
HEADERS: omitted; set WRANGLER_LOG_SANITIZE=false to include sanitized data
---

--- 2025-12-24T07:04:45.415Z debug
INIT: omitted; set WRANGLER_LOG_SANITIZE=false to include sanitized data
---

--- 2025-12-24T07:04:45.415Z debug
-- END CF API REQUEST
---

--- 2025-12-24T07:04:46.964Z debug
-- START CF API RESPONSE: Not Found 404
---

--- 2025-12-24T07:04:46.964Z debug
HEADERS: omitted; set WRANGLER_LOG_SANITIZE=false to include sanitized data
---

--- 2025-12-24T07:04:46.965Z debug
RESPONSE: omitted; set WRANGLER_LOG_SANITIZE=false to include sanitized data
---

--- 2025-12-24T07:04:46.965Z debug
-- END CF API RESPONSE
---

--- 2025-12-24T07:05:06.474Z debug
-- START CF API REQUEST: POST https://api.cloudflare.com/client/v4/accounts/f006ec5b85550c77e565a3f9f99a35c0/pages/projects
---

--- 2025-12-24T07:05:06.475Z debug
QUERY STRING: omitted; set WRANGLER_LOG_SANITIZE=false to include sanitized data
---

--- 2025-12-24T07:05:06.475Z debug
HEADERS: omitted; set WRANGLER_LOG_SANITIZE=false to include sanitized data
---

--- 2025-12-24T07:05:06.475Z debug
INIT: omitted; set WRANGLER_LOG_SANITIZE=false to include sanitized data
---

--- 2025-12-24T07:05:06.475Z debug
-- END CF API REQUEST
---

--- 2025-12-24T07:05:11.199Z debug
-- START CF API RESPONSE: OK 200
---

--- 2025-12-24T07:05:11.200Z debug
HEADERS: omitted; set WRANGLER_LOG_SANITIZE=false to include sanitized data
---

--- 2025-12-24T07:05:11.200Z debug
RESPONSE: omitted; set WRANGLER_LOG_SANITIZE=false to include sanitized data
---

--- 2025-12-24T07:05:11.200Z debug
-- END CF API RESPONSE
---

--- 2025-12-24T07:05:11.203Z debug
Saving to cache: {"account_id":"f006ec5b85550c77e565a3f9f99a35c0","project_name":"leafvault-notes"}
---

--- 2025-12-24T07:05:11.204Z log
✨ Successfully created the 'leafvault-notes' project.
---

--- 2025-12-24T07:05:11.208Z debug
Metrics dispatcher: Posting data {"deviceId":"d39dff02-21f2-40cf-941a-454076f127d1","event":"create pages project","timestamp":1766559911208,"properties":{"category":"Workers","wranglerVersion":"4.53.0","os":"linux:x64"}}
---

--- 2025-12-24T07:05:12.482Z warn
▲ [WARNING] Warning: Your working directory is a git repo and has uncommitted changes

  To silence this warning, pass in --commit-dirty=true


---

--- 2025-12-24T07:05:12.491Z debug
-- START CF API REQUEST: GET https://api.cloudflare.com/client/v4/accounts/f006ec5b85550c77e565a3f9f99a35c0/pages/projects/leafvault-notes
---

--- 2025-12-24T07:05:12.491Z debug
QUERY STRING: omitted; set WRANGLER_LOG_SANITIZE=false to include sanitized data
---

--- 2025-12-24T07:05:12.492Z debug
HEADERS: omitted; set WRANGLER_LOG_SANITIZE=false to include sanitized data
---

--- 2025-12-24T07:05:12.492Z debug
INIT: omitted; set WRANGLER_LOG_SANITIZE=false to include sanitized data
---

--- 2025-12-24T07:05:12.492Z debug
-- END CF API REQUEST
---

--- 2025-12-24T07:05:14.148Z debug
-- START CF API RESPONSE: OK 200
---

--- 2025-12-24T07:05:14.149Z debug
HEADERS: omitted; set WRANGLER_LOG_SANITIZE=false to include sanitized data
---

--- 2025-12-24T07:05:14.149Z debug
RESPONSE: omitted; set WRANGLER_LOG_SANITIZE=false to include sanitized data
---

--- 2025-12-24T07:05:14.149Z debug
-- END CF API RESPONSE
---

--- 2025-12-24T07:05:14.249Z debug
-- START CF API REQUEST: GET https://api.cloudflare.com/client/v4/accounts/f006ec5b85550c77e565a3f9f99a35c0/pages/projects/leafvault-notes/upload-token
---

--- 2025-12-24T07:05:14.250Z debug
QUERY STRING: omitted; set WRANGLER_LOG_SANITIZE=false to include sanitized data
---

--- 2025-12-24T07:05:14.250Z debug
HEADERS: omitted; set WRANGLER_LOG_SANITIZE=false to include sanitized data
---

--- 2025-12-24T07:05:14.250Z debug
INIT: omitted; set WRANGLER_LOG_SANITIZE=false to include sanitized data
---

--- 2025-12-24T07:05:14.250Z debug
-- END CF API REQUEST
---

--- 2025-12-24T07:05:15.980Z debug
-- START CF API RESPONSE: OK 200
---

--- 2025-12-24T07:05:15.981Z debug
HEADERS: omitted; set WRANGLER_LOG_SANITIZE=false to include sanitized data
---

--- 2025-12-24T07:05:15.981Z debug
RESPONSE: omitted; set WRANGLER_LOG_SANITIZE=false to include sanitized data
---

--- 2025-12-24T07:05:15.981Z debug
-- END CF API RESPONSE
---

--- 2025-12-24T07:05:15.982Z debug
-- START CF API REQUEST: POST https://api.cloudflare.com/client/v4/pages/assets/check-missing
---

--- 2025-12-24T07:05:15.982Z debug
QUERY STRING: omitted; set WRANGLER_LOG_SANITIZE=false to include sanitized data
---

--- 2025-12-24T07:05:15.982Z debug
HEADERS: omitted; set WRANGLER_LOG_SANITIZE=false to include sanitized data
---

--- 2025-12-24T07:05:15.982Z debug
INIT: omitted; set WRANGLER_LOG_SANITIZE=false to include sanitized data
---

--- 2025-12-24T07:05:15.982Z debug
-- END CF API REQUEST
---

--- 2025-12-24T07:05:16.750Z debug
-- START CF API RESPONSE: OK 200
---

--- 2025-12-24T07:05:16.751Z debug
HEADERS: omitted; set WRANGLER_LOG_SANITIZE=false to include sanitized data
---

--- 2025-12-24T07:05:16.751Z debug
RESPONSE: omitted; set WRANGLER_LOG_SANITIZE=false to include sanitized data
---

--- 2025-12-24T07:05:16.751Z debug
-- END CF API RESPONSE
---

--- 2025-12-24T07:05:16.800Z debug
POST /pages/assets/upload
---

--- 2025-12-24T07:05:16.803Z debug
-- START CF API REQUEST: POST https://api.cloudflare.com/client/v4/pages/assets/upload
---

--- 2025-12-24T07:05:16.803Z debug
QUERY STRING: omitted; set WRANGLER_LOG_SANITIZE=false to include sanitized data
---

--- 2025-12-24T07:05:16.804Z debug
HEADERS: omitted; set WRANGLER_LOG_SANITIZE=false to include sanitized data
---

--- 2025-12-24T07:05:16.808Z debug
INIT: omitted; set WRANGLER_LOG_SANITIZE=false to include sanitized data
---

--- 2025-12-24T07:05:16.808Z debug
-- END CF API REQUEST
---

--- 2025-12-24T07:05:16.814Z debug
POST /pages/assets/upload
---

--- 2025-12-24T07:05:16.816Z debug
-- START CF API REQUEST: POST https://api.cloudflare.com/client/v4/pages/assets/upload
---

--- 2025-12-24T07:05:16.816Z debug
QUERY STRING: omitted; set WRANGLER_LOG_SANITIZE=false to include sanitized data
---

--- 2025-12-24T07:05:16.816Z debug
HEADERS: omitted; set WRANGLER_LOG_SANITIZE=false to include sanitized data
---

--- 2025-12-24T07:05:16.818Z debug
INIT: omitted; set WRANGLER_LOG_SANITIZE=false to include sanitized data
---

--- 2025-12-24T07:05:16.818Z debug
-- END CF API REQUEST
---

--- 2025-12-24T07:05:16.830Z debug
POST /pages/assets/upload
---

--- 2025-12-24T07:05:16.853Z debug
-- START CF API REQUEST: POST https://api.cloudflare.com/client/v4/pages/assets/upload
---

--- 2025-12-24T07:05:16.853Z debug
QUERY STRING: omitted; set WRANGLER_LOG_SANITIZE=false to include sanitized data
---

--- 2025-12-24T07:05:16.853Z debug
HEADERS: omitted; set WRANGLER_LOG_SANITIZE=false to include sanitized data
---

--- 2025-12-24T07:05:16.876Z debug
INIT: omitted; set WRANGLER_LOG_SANITIZE=false to include sanitized data
---

--- 2025-12-24T07:05:16.876Z debug
-- END CF API REQUEST
---

--- 2025-12-24T07:05:20.546Z debug
-- START CF API RESPONSE: OK 200
---

--- 2025-12-24T07:05:20.547Z debug
HEADERS: omitted; set WRANGLER_LOG_SANITIZE=false to include sanitized data
---

--- 2025-12-24T07:05:20.547Z debug
RESPONSE: omitted; set WRANGLER_LOG_SANITIZE=false to include sanitized data
---

--- 2025-12-24T07:05:20.547Z debug
-- END CF API RESPONSE
---

--- 2025-12-24T07:05:20.548Z debug
result: { successful_key_count: 11, unsuccessful_keys: [] }
---

--- 2025-12-24T07:05:21.127Z debug
-- START CF API RESPONSE: OK 200
---

--- 2025-12-24T07:05:21.128Z debug
HEADERS: omitted; set WRANGLER_LOG_SANITIZE=false to include sanitized data
---

--- 2025-12-24T07:05:21.128Z debug
RESPONSE: omitted; set WRANGLER_LOG_SANITIZE=false to include sanitized data
---

--- 2025-12-24T07:05:21.128Z debug
-- END CF API RESPONSE
---

--- 2025-12-24T07:05:21.129Z debug
result: { successful_key_count: 11, unsuccessful_keys: [] }
---

--- 2025-12-24T07:05:26.697Z debug
-- START CF API RESPONSE: OK 200
---

--- 2025-12-24T07:05:26.698Z debug
HEADERS: omitted; set WRANGLER_LOG_SANITIZE=false to include sanitized data
---

--- 2025-12-24T07:05:26.698Z debug
RESPONSE: omitted; set WRANGLER_LOG_SANITIZE=false to include sanitized data
---

--- 2025-12-24T07:05:26.698Z debug
-- END CF API RESPONSE
---

--- 2025-12-24T07:05:26.699Z debug
result: { successful_key_count: 11, unsuccessful_keys: [] }
---

--- 2025-12-24T07:05:26.700Z log
✨ Success! Uploaded 33 files (10.72 sec)

---

--- 2025-12-24T07:05:26.702Z debug
-- START CF API REQUEST: POST https://api.cloudflare.com/client/v4/pages/assets/upsert-hashes
---

--- 2025-12-24T07:05:26.702Z debug
QUERY STRING: omitted; set WRANGLER_LOG_SANITIZE=false to include sanitized data
---

--- 2025-12-24T07:05:26.702Z debug
HEADERS: omitted; set WRANGLER_LOG_SANITIZE=false to include sanitized data
---

--- 2025-12-24T07:05:26.702Z debug
INIT: omitted; set WRANGLER_LOG_SANITIZE=false to include sanitized data
---

--- 2025-12-24T07:05:26.702Z debug
-- END CF API REQUEST
---

--- 2025-12-24T07:05:27.135Z debug
-- START CF API RESPONSE: OK 200
---

--- 2025-12-24T07:05:27.136Z debug
HEADERS: omitted; set WRANGLER_LOG_SANITIZE=false to include sanitized data
---

--- 2025-12-24T07:05:27.136Z debug
RESPONSE: omitted; set WRANGLER_LOG_SANITIZE=false to include sanitized data
---

--- 2025-12-24T07:05:27.136Z debug
-- END CF API RESPONSE
---

--- 2025-12-24T07:05:27.137Z debug
-- START CF API REQUEST: POST https://api.cloudflare.com/client/v4/accounts/f006ec5b85550c77e565a3f9f99a35c0/pages/projects/leafvault-notes/deployments
---

--- 2025-12-24T07:05:27.137Z debug
QUERY STRING: omitted; set WRANGLER_LOG_SANITIZE=false to include sanitized data
---

--- 2025-12-24T07:05:27.138Z debug
HEADERS: omitted; set WRANGLER_LOG_SANITIZE=false to include sanitized data
---

--- 2025-12-24T07:05:27.138Z debug
INIT: omitted; set WRANGLER_LOG_SANITIZE=false to include sanitized data
---

--- 2025-12-24T07:05:27.145Z debug
BODY: omitted; set WRANGLER_LOG_SANITIZE=false to include sanitized data
---

--- 2025-12-24T07:05:27.145Z debug
-- END CF API REQUEST
---

--- 2025-12-24T07:05:29.314Z debug
-- START CF API RESPONSE: OK 200
---

--- 2025-12-24T07:05:29.315Z debug
HEADERS: omitted; set WRANGLER_LOG_SANITIZE=false to include sanitized data
---

--- 2025-12-24T07:05:29.315Z debug
RESPONSE: omitted; set WRANGLER_LOG_SANITIZE=false to include sanitized data
---

--- 2025-12-24T07:05:29.315Z debug
-- END CF API RESPONSE
---

--- 2025-12-24T07:05:29.317Z debug
Saving to cache: {"account_id":"f006ec5b85550c77e565a3f9f99a35c0","project_name":"leafvault-notes"}
---

--- 2025-12-24T07:05:29.318Z debug
Retrieving cached values for account_id and project_name from node_modules/.cache/wrangler
---

--- 2025-12-24T07:05:29.318Z log
🌎 Deploying...
---

--- 2025-12-24T07:05:30.320Z debug
attempt #1: Attempting to fetch status for deployment with id "4bb6c1da-8e7d-4fb4-aff8-1e751b8938bf" ...
---

--- 2025-12-24T07:05:30.320Z debug
-- START CF API REQUEST: GET https://api.cloudflare.com/client/v4/accounts/f006ec5b85550c77e565a3f9f99a35c0/pages/projects/leafvault-notes/deployments/4bb6c1da-8e7d-4fb4-aff8-1e751b8938bf
---

--- 2025-12-24T07:05:30.320Z debug
QUERY STRING: omitted; set WRANGLER_LOG_SANITIZE=false to include sanitized data
---

--- 2025-12-24T07:05:30.320Z debug
HEADERS: omitted; set WRANGLER_LOG_SANITIZE=false to include sanitized data
---

--- 2025-12-24T07:05:30.320Z debug
INIT: omitted; set WRANGLER_LOG_SANITIZE=false to include sanitized data
---

--- 2025-12-24T07:05:30.320Z debug
-- END CF API REQUEST
---

--- 2025-12-24T07:05:31.884Z debug
-- START CF API RESPONSE: OK 200
---

--- 2025-12-24T07:05:31.884Z debug
HEADERS: omitted; set WRANGLER_LOG_SANITIZE=false to include sanitized data
---

--- 2025-12-24T07:05:31.884Z debug
RESPONSE: omitted; set WRANGLER_LOG_SANITIZE=false to include sanitized data
---

--- 2025-12-24T07:05:31.884Z debug
-- END CF API RESPONSE
---

--- 2025-12-24T07:05:31.886Z log
✨ Deployment complete! Take a peek over at https://4bb6c1da.leafvault-notes.pages.dev
✨ Deployment alias URL: https://main.leafvault-notes.pages.dev
---

--- 2025-12-24T07:05:31.888Z debug
Metrics dispatcher: Posting data {"deviceId":"d39dff02-21f2-40cf-941a-454076f127d1","event":"create pages deployment","timestamp":1766559931888,"properties":{"category":"Workers","wranglerVersion":"4.53.0","os":"linux:x64"}}
---

--- 2025-12-24T07:05:31.898Z debug
Metrics dispatcher: Posting data {"deviceId":"d39dff02-21f2-40cf-941a-454076f127d1","event":"wrangler command completed","timestamp":1766559931898,"properties":{"amplitude_session_id":1766559883297,"amplitude_event_id":1,"wranglerVersion":"4.53.0","osPlatform":"Linux","osVersion":"#1 SMP PREEMPT_DYNAMIC Thu Jun  5 18:30:46 UTC 2025","nodeVersion":22,"packageManager":"npm","isFirstUsage":false,"configFileType":"none","isCI":false,"isPagesCI":false,"isWorkersCI":false,"isInteractive":true,"hasAssets":false,"argsUsed":[],"argsCombination":"","command":"wrangler pages deploy","args":{},"durationMs":48749,"durationSeconds":48.749,"durationMinutes":0.8124833333333333}}
---
