
--- 2025-12-24T07:48:53.706Z debug
🪵  Writing logs to "/home/hades/.config/.wrangler/logs/wrangler-2025-12-24_07-48-52_670.log"
---

--- 2025-12-24T07:48:53.705Z debug
Metrics dispatcher: Posting data {"deviceId":"d39dff02-21f2-40cf-941a-454076f127d1","event":"wrangler command started","timestamp":1766562533705,"properties":{"amplitude_session_id":1766562533700,"amplitude_event_id":0,"wranglerVersion":"4.53.0","osPlatform":"Linux","osVersion":"#1 SMP PREEMPT_DYNAMIC Thu Jun  5 18:30:46 UTC 2025","nodeVersion":22,"isFirstUsage":false,"configFileType":"none","isCI":false,"isPagesCI":false,"isWorkersCI":false,"isInteractive":true,"hasAssets":false,"argsUsed":["compatibilityDate","name"],"argsCombination":"compatibilityDate, name","command":"wrangler deploy","args":{}}}
---

--- 2025-12-24T07:48:53.732Z debug
.env file not found at "/home/hades/FUN/NotesProjeck/beta/vaultnotes/.env.local". Continuing... For more details, refer to https://developers.cloudflare.com/workers/wrangler/system-environment-variables/
---

--- 2025-12-24T07:48:53.772Z log

 ⛅️ wrangler 4.53.0 (update available 4.56.0)
─────────────────────────────────────────────
---

--- 2025-12-24T07:48:53.805Z log

---

--- 2025-12-24T07:48:53.886Z error
✘ [ERROR] The entry-point file at "src/index.ts" was not found.


---

--- 2025-12-24T07:48:53.886Z debug
Error: The entry-point file at "src/index.ts" was not found.
    at assertEntryPointExists (/home/hades/.local/share/fnm/node-versions/v22.21.1/installation/lib/node_modules/wrangler/wrangler-dist/cli.js:125328:11)
    at runCustomBuild (/home/hades/.local/share/fnm/node-versions/v22.21.1/installation/lib/node_modules/wrangler/wrangler-dist/cli.js:125319:5)
    at getEntry (/home/hades/.local/share/fnm/node-versions/v22.21.1/installation/lib/node_modules/wrangler/wrangler-dist/cli.js:212078:9)
    at Object.handler (/home/hades/.local/share/fnm/node-versions/v22.21.1/installation/lib/node_modules/wrangler/wrangler-dist/cli.js:212617:29)
    at /home/hades/.local/share/fnm/node-versions/v22.21.1/installation/lib/node_modules/wrangler/wrangler-dist/cli.js:165194:20
    at AsyncLocalStorage.run (node:internal/async_local_storage/async_hooks:91:14)
    at run (/home/hades/.local/share/fnm/node-versions/v22.21.1/installation/lib/node_modules/wrangler/wrangler-dist/cli.js:48005:61)
    at Object.handler (/home/hades/.local/share/fnm/node-versions/v22.21.1/installation/lib/node_modules/wrangler/wrangler-dist/cli.js:165176:13)
---

--- 2025-12-24T07:48:53.888Z debug
Metrics dispatcher: Posting data {"deviceId":"d39dff02-21f2-40cf-941a-454076f127d1","event":"wrangler command errored","timestamp":1766562533888,"properties":{"amplitude_session_id":1766562533700,"amplitude_event_id":1,"wranglerVersion":"4.53.0","osPlatform":"Linux","osVersion":"#1 SMP PREEMPT_DYNAMIC Thu Jun  5 18:30:46 UTC 2025","nodeVersion":22,"isFirstUsage":false,"configFileType":"none","isCI":false,"isPagesCI":false,"isWorkersCI":false,"isInteractive":true,"hasAssets":false,"argsUsed":["compatibilityDate","name"],"argsCombination":"compatibilityDate, name","command":"wrangler deploy","args":{},"durationMs":297,"durationSeconds":0.297,"durationMinutes":0.0049499999999999995,"errorType":"UserError"}}
---
