
--- 2025-12-24T07:15:16.480Z debug
🪵  Writing logs to "/home/hades/.config/.wrangler/logs/wrangler-2025-12-24_07-15-15_662.log"
---

--- 2025-12-24T07:15:16.479Z debug
Metrics dispatcher: Posting data {"deviceId":"d39dff02-21f2-40cf-941a-454076f127d1","event":"wrangler command started","timestamp":1766560516479,"properties":{"amplitude_session_id":1766560516473,"amplitude_event_id":0,"wranglerVersion":"4.53.0","osPlatform":"Linux","osVersion":"#1 SMP PREEMPT_DYNAMIC Thu Jun  5 18:30:46 UTC 2025","nodeVersion":22,"packageManager":"npm","isFirstUsage":false,"configFileType":"none","isCI":false,"isPagesCI":false,"isWorkersCI":false,"isInteractive":true,"hasAssets":false,"argsUsed":["yes"],"argsCombination":"yes","command":"wrangler pages project delete","args":{}}}
---

--- 2025-12-24T07:15:16.517Z debug
.env file not found at "/home/hades/FUN/NotesProjeck/beta/vaultnotes/.env.local". Continuing... For more details, refer to https://developers.cloudflare.com/workers/wrangler/system-environment-variables/
---

--- 2025-12-24T07:15:16.593Z log

 ⛅️ wrangler 4.53.0 (update available 4.56.0)
─────────────────────────────────────────────
---

--- 2025-12-24T07:15:16.656Z debug
Retrieving cached values for account_id and project_name from node_modules/.cache/wrangler
---

--- 2025-12-24T07:15:16.659Z log
Deleting leafvault-notes
---

--- 2025-12-24T07:15:16.664Z debug
-- START CF API REQUEST: DELETE https://api.cloudflare.com/client/v4/accounts/f006ec5b85550c77e565a3f9f99a35c0/pages/projects/leafvault-notes
---

--- 2025-12-24T07:15:16.664Z debug
QUERY STRING: omitted; set WRANGLER_LOG_SANITIZE=false to include sanitized data
---

--- 2025-12-24T07:15:16.666Z debug
HEADERS: omitted; set WRANGLER_LOG_SANITIZE=false to include sanitized data
---

--- 2025-12-24T07:15:16.666Z debug
INIT: omitted; set WRANGLER_LOG_SANITIZE=false to include sanitized data
---

--- 2025-12-24T07:15:16.666Z debug
-- END CF API REQUEST
---

--- 2025-12-24T07:15:18.483Z debug
-- START CF API RESPONSE: Bad Request 400
---

--- 2025-12-24T07:15:18.497Z debug
HEADERS: omitted; set WRANGLER_LOG_SANITIZE=false to include sanitized data
---

--- 2025-12-24T07:15:18.497Z debug
RESPONSE: omitted; set WRANGLER_LOG_SANITIZE=false to include sanitized data
---

--- 2025-12-24T07:15:18.497Z debug
-- END CF API RESPONSE
---

--- 2025-12-24T07:15:18.520Z log

---

--- 2025-12-24T07:15:18.755Z error
✘ [ERROR] A request to the Cloudflare API (/accounts/f006ec5b85550c77e565a3f9f99a35c0/pages/projects/leafvault-notes) failed.

  To delete your project, you must first delete all custom domains associated with your project.
  [code: 8000028]
  
  If you think this is a bug, please open an issue at:
  https://github.com/cloudflare/workers-sdk/issues/new/choose


---

--- 2025-12-24T07:15:18.759Z debug
Metrics dispatcher: Posting data {"deviceId":"d39dff02-21f2-40cf-941a-454076f127d1","event":"wrangler command errored","timestamp":1766560518759,"properties":{"amplitude_session_id":1766560516473,"amplitude_event_id":1,"wranglerVersion":"4.53.0","osPlatform":"Linux","osVersion":"#1 SMP PREEMPT_DYNAMIC Thu Jun  5 18:30:46 UTC 2025","nodeVersion":22,"packageManager":"npm","isFirstUsage":false,"configFileType":"none","isCI":false,"isPagesCI":false,"isWorkersCI":false,"isInteractive":true,"hasAssets":false,"argsUsed":["yes"],"argsCombination":"yes","command":"wrangler pages project delete","args":{},"durationMs":2405,"durationSeconds":2.405,"durationMinutes":0.04008333333333333,"errorType":"APIError"}}
---
