
--- 2025-12-24T07:34:50.976Z debug
🪵  Writing logs to "/home/hades/.config/.wrangler/logs/wrangler-2025-12-24_07-34-50_195.log"
---

--- 2025-12-24T07:34:50.975Z debug
Metrics dispatcher: Posting data {"deviceId":"d39dff02-21f2-40cf-941a-454076f127d1","event":"wrangler command started","timestamp":1766561690974,"properties":{"amplitude_session_id":1766561690966,"amplitude_event_id":0,"wranglerVersion":"4.53.0","osPlatform":"Linux","osVersion":"#1 SMP PREEMPT_DYNAMIC Thu Jun  5 18:30:46 UTC 2025","nodeVersion":22,"packageManager":"npm","isFirstUsage":false,"configFileType":"none","isCI":false,"isPagesCI":false,"isWorkersCI":false,"isInteractive":true,"hasAssets":false,"argsUsed":[],"argsCombination":"","command":"wrangler pages deploy","args":{}}}
---

--- 2025-12-24T07:34:51.020Z debug
.env file not found at "/home/hades/FUN/NotesProjeck/beta/vaultnotes/.env.local". Continuing... For more details, refer to https://developers.cloudflare.com/workers/wrangler/system-environment-variables/
---

--- 2025-12-24T07:34:51.108Z log

 ⛅️ wrangler 4.53.0 (update available 4.56.0)
─────────────────────────────────────────────
---

--- 2025-12-24T07:34:51.214Z debug
Retrieving cached values for account_id and project_name from node_modules/.cache/wrangler
---

--- 2025-12-24T07:34:51.217Z debug
-- START CF API REQUEST: GET https://api.cloudflare.com/client/v4/accounts/f006ec5b85550c77e565a3f9f99a35c0/pages/projects/leafvault-notes
---

--- 2025-12-24T07:34:51.218Z debug
QUERY STRING: omitted; set WRANGLER_LOG_SANITIZE=false to include sanitized data
---

--- 2025-12-24T07:34:51.219Z debug
HEADERS: omitted; set WRANGLER_LOG_SANITIZE=false to include sanitized data
---

--- 2025-12-24T07:34:51.220Z debug
INIT: omitted; set WRANGLER_LOG_SANITIZE=false to include sanitized data
---

--- 2025-12-24T07:34:51.220Z debug
-- END CF API REQUEST
---

--- 2025-12-24T07:34:53.518Z debug
-- START CF API RESPONSE: OK 200
---

--- 2025-12-24T07:34:53.519Z debug
HEADERS: omitted; set WRANGLER_LOG_SANITIZE=false to include sanitized data
---

--- 2025-12-24T07:34:53.520Z debug
RESPONSE: omitted; set WRANGLER_LOG_SANITIZE=false to include sanitized data
---

--- 2025-12-24T07:34:53.520Z debug
-- END CF API RESPONSE
---

--- 2025-12-24T07:34:53.620Z debug
-- START CF API REQUEST: GET https://api.cloudflare.com/client/v4/accounts/f006ec5b85550c77e565a3f9f99a35c0/pages/projects/leafvault-notes
---

--- 2025-12-24T07:34:53.621Z debug
QUERY STRING: omitted; set WRANGLER_LOG_SANITIZE=false to include sanitized data
---

--- 2025-12-24T07:34:53.621Z debug
HEADERS: omitted; set WRANGLER_LOG_SANITIZE=false to include sanitized data
---

--- 2025-12-24T07:34:53.621Z debug
INIT: omitted; set WRANGLER_LOG_SANITIZE=false to include sanitized data
---

--- 2025-12-24T07:34:53.621Z debug
-- END CF API REQUEST
---

--- 2025-12-24T07:34:55.094Z debug
-- START CF API RESPONSE: OK 200
---

--- 2025-12-24T07:34:55.094Z debug
HEADERS: omitted; set WRANGLER_LOG_SANITIZE=false to include sanitized data
---

--- 2025-12-24T07:34:55.094Z debug
RESPONSE: omitted; set WRANGLER_LOG_SANITIZE=false to include sanitized data
---

--- 2025-12-24T07:34:55.095Z debug
-- END CF API RESPONSE
---

--- 2025-12-24T07:34:55.176Z debug
-- START CF API REQUEST: GET https://api.cloudflare.com/client/v4/accounts/f006ec5b85550c77e565a3f9f99a35c0/pages/projects/leafvault-notes/upload-token
---

--- 2025-12-24T07:34:55.176Z debug
QUERY STRING: omitted; set WRANGLER_LOG_SANITIZE=false to include sanitized data
---

--- 2025-12-24T07:34:55.177Z debug
HEADERS: omitted; set WRANGLER_LOG_SANITIZE=false to include sanitized data
---

--- 2025-12-24T07:34:55.177Z debug
INIT: omitted; set WRANGLER_LOG_SANITIZE=false to include sanitized data
---

--- 2025-12-24T07:34:55.177Z debug
-- END CF API REQUEST
---

--- 2025-12-24T07:34:56.666Z debug
-- START CF API RESPONSE: OK 200
---

--- 2025-12-24T07:34:56.667Z debug
HEADERS: omitted; set WRANGLER_LOG_SANITIZE=false to include sanitized data
---

--- 2025-12-24T07:34:56.667Z debug
RESPONSE: omitted; set WRANGLER_LOG_SANITIZE=false to include sanitized data
---

--- 2025-12-24T07:34:56.667Z debug
-- END CF API RESPONSE
---

--- 2025-12-24T07:34:56.668Z debug
-- START CF API REQUEST: POST https://api.cloudflare.com/client/v4/pages/assets/check-missing
---

--- 2025-12-24T07:34:56.668Z debug
QUERY STRING: omitted; set WRANGLER_LOG_SANITIZE=false to include sanitized data
---

--- 2025-12-24T07:34:56.668Z debug
HEADERS: omitted; set WRANGLER_LOG_SANITIZE=false to include sanitized data
---

--- 2025-12-24T07:34:56.669Z debug
INIT: omitted; set WRANGLER_LOG_SANITIZE=false to include sanitized data
---

--- 2025-12-24T07:34:56.669Z debug
-- END CF API REQUEST
---

--- 2025-12-24T07:34:57.014Z debug
-- START CF API RESPONSE: OK 200
---

--- 2025-12-24T07:34:57.015Z debug
HEADERS: omitted; set WRANGLER_LOG_SANITIZE=false to include sanitized data
---

--- 2025-12-24T07:34:57.015Z debug
RESPONSE: omitted; set WRANGLER_LOG_SANITIZE=false to include sanitized data
---

--- 2025-12-24T07:34:57.015Z debug
-- END CF API RESPONSE
---

--- 2025-12-24T07:34:57.025Z debug
POST /pages/assets/upload
---

--- 2025-12-24T07:34:57.027Z debug
-- START CF API REQUEST: POST https://api.cloudflare.com/client/v4/pages/assets/upload
---

--- 2025-12-24T07:34:57.027Z debug
QUERY STRING: omitted; set WRANGLER_LOG_SANITIZE=false to include sanitized data
---

--- 2025-12-24T07:34:57.027Z debug
HEADERS: omitted; set WRANGLER_LOG_SANITIZE=false to include sanitized data
---

--- 2025-12-24T07:34:57.027Z debug
INIT: omitted; set WRANGLER_LOG_SANITIZE=false to include sanitized data
---

--- 2025-12-24T07:34:57.027Z debug
-- END CF API REQUEST
---

--- 2025-12-24T07:34:57.035Z debug
POST /pages/assets/upload
---

--- 2025-12-24T07:34:57.052Z debug
-- START CF API REQUEST: POST https://api.cloudflare.com/client/v4/pages/assets/upload
---

--- 2025-12-24T07:34:57.052Z debug
QUERY STRING: omitted; set WRANGLER_LOG_SANITIZE=false to include sanitized data
---

--- 2025-12-24T07:34:57.052Z debug
HEADERS: omitted; set WRANGLER_LOG_SANITIZE=false to include sanitized data
---

--- 2025-12-24T07:34:57.068Z debug
INIT: omitted; set WRANGLER_LOG_SANITIZE=false to include sanitized data
---

--- 2025-12-24T07:34:57.068Z debug
-- END CF API REQUEST
---

--- 2025-12-24T07:34:57.795Z debug
-- START CF API RESPONSE: OK 200
---

--- 2025-12-24T07:34:57.795Z debug
HEADERS: omitted; set WRANGLER_LOG_SANITIZE=false to include sanitized data
---

--- 2025-12-24T07:34:57.795Z debug
RESPONSE: omitted; set WRANGLER_LOG_SANITIZE=false to include sanitized data
---

--- 2025-12-24T07:34:57.796Z debug
-- END CF API RESPONSE
---

--- 2025-12-24T07:34:57.797Z debug
result: { successful_key_count: 1, unsuccessful_keys: [] }
---

--- 2025-12-24T07:35:07.122Z debug
-- START CF API RESPONSE: OK 200
---

--- 2025-12-24T07:35:07.123Z debug
HEADERS: omitted; set WRANGLER_LOG_SANITIZE=false to include sanitized data
---

--- 2025-12-24T07:35:07.123Z debug
RESPONSE: omitted; set WRANGLER_LOG_SANITIZE=false to include sanitized data
---

--- 2025-12-24T07:35:07.123Z debug
-- END CF API RESPONSE
---

--- 2025-12-24T07:35:07.124Z debug
result: { successful_key_count: 1, unsuccessful_keys: [] }
---

--- 2025-12-24T07:35:07.126Z log
✨ Success! Uploaded 2 files (36 already uploaded) (10.46 sec)

---

--- 2025-12-24T07:35:07.128Z debug
-- START CF API REQUEST: POST https://api.cloudflare.com/client/v4/pages/assets/upsert-hashes
---

--- 2025-12-24T07:35:07.128Z debug
QUERY STRING: omitted; set WRANGLER_LOG_SANITIZE=false to include sanitized data
---

--- 2025-12-24T07:35:07.128Z debug
HEADERS: omitted; set WRANGLER_LOG_SANITIZE=false to include sanitized data
---

--- 2025-12-24T07:35:07.129Z debug
INIT: omitted; set WRANGLER_LOG_SANITIZE=false to include sanitized data
---

--- 2025-12-24T07:35:07.129Z debug
-- END CF API REQUEST
---

--- 2025-12-24T07:35:07.636Z debug
-- START CF API RESPONSE: OK 200
---

--- 2025-12-24T07:35:07.636Z debug
HEADERS: omitted; set WRANGLER_LOG_SANITIZE=false to include sanitized data
---

--- 2025-12-24T07:35:07.637Z debug
RESPONSE: omitted; set WRANGLER_LOG_SANITIZE=false to include sanitized data
---

--- 2025-12-24T07:35:07.637Z debug
-- END CF API RESPONSE
---

--- 2025-12-24T07:35:07.639Z log
✨ Uploading _headers
---

--- 2025-12-24T07:35:07.641Z log
✨ Uploading _redirects
---

--- 2025-12-24T07:35:07.642Z debug
-- START CF API REQUEST: POST https://api.cloudflare.com/client/v4/accounts/f006ec5b85550c77e565a3f9f99a35c0/pages/projects/leafvault-notes/deployments
---

--- 2025-12-24T07:35:07.642Z debug
QUERY STRING: omitted; set WRANGLER_LOG_SANITIZE=false to include sanitized data
---

--- 2025-12-24T07:35:07.643Z debug
HEADERS: omitted; set WRANGLER_LOG_SANITIZE=false to include sanitized data
---

--- 2025-12-24T07:35:07.643Z debug
INIT: omitted; set WRANGLER_LOG_SANITIZE=false to include sanitized data
---

--- 2025-12-24T07:35:07.652Z debug
BODY: omitted; set WRANGLER_LOG_SANITIZE=false to include sanitized data
---

--- 2025-12-24T07:35:07.652Z debug
-- END CF API REQUEST
---

--- 2025-12-24T07:35:09.936Z debug
-- START CF API RESPONSE: OK 200
---

--- 2025-12-24T07:35:09.936Z debug
HEADERS: omitted; set WRANGLER_LOG_SANITIZE=false to include sanitized data
---

--- 2025-12-24T07:35:09.936Z debug
RESPONSE: omitted; set WRANGLER_LOG_SANITIZE=false to include sanitized data
---

--- 2025-12-24T07:35:09.936Z debug
-- END CF API RESPONSE
---

--- 2025-12-24T07:35:09.938Z debug
Saving to cache: {"account_id":"f006ec5b85550c77e565a3f9f99a35c0","project_name":"leafvault-notes"}
---

--- 2025-12-24T07:35:09.939Z log
🌎 Deploying...
---

--- 2025-12-24T07:35:10.941Z debug
attempt #1: Attempting to fetch status for deployment with id "e69e7612-82a0-4f74-9fc2-d3a723479578" ...
---

--- 2025-12-24T07:35:10.943Z debug
-- START CF API REQUEST: GET https://api.cloudflare.com/client/v4/accounts/f006ec5b85550c77e565a3f9f99a35c0/pages/projects/leafvault-notes/deployments/e69e7612-82a0-4f74-9fc2-d3a723479578
---

--- 2025-12-24T07:35:10.943Z debug
QUERY STRING: omitted; set WRANGLER_LOG_SANITIZE=false to include sanitized data
---

--- 2025-12-24T07:35:10.943Z debug
HEADERS: omitted; set WRANGLER_LOG_SANITIZE=false to include sanitized data
---

--- 2025-12-24T07:35:10.943Z debug
INIT: omitted; set WRANGLER_LOG_SANITIZE=false to include sanitized data
---

--- 2025-12-24T07:35:10.943Z debug
-- END CF API REQUEST
---

--- 2025-12-24T07:35:12.540Z debug
-- START CF API RESPONSE: OK 200
---

--- 2025-12-24T07:35:12.541Z debug
HEADERS: omitted; set WRANGLER_LOG_SANITIZE=false to include sanitized data
---

--- 2025-12-24T07:35:12.542Z debug
RESPONSE: omitted; set WRANGLER_LOG_SANITIZE=false to include sanitized data
---

--- 2025-12-24T07:35:12.542Z debug
-- END CF API RESPONSE
---

--- 2025-12-24T07:35:12.546Z log
✨ Deployment complete! Take a peek over at https://e69e7612.leafvault-notes.pages.dev
---

--- 2025-12-24T07:35:12.548Z debug
Metrics dispatcher: Posting data {"deviceId":"d39dff02-21f2-40cf-941a-454076f127d1","event":"create pages deployment","timestamp":1766561712548,"properties":{"category":"Workers","wranglerVersion":"4.53.0","os":"linux:x64"}}
---

--- 2025-12-24T07:35:12.555Z debug
Metrics dispatcher: Posting data {"deviceId":"d39dff02-21f2-40cf-941a-454076f127d1","event":"wrangler command completed","timestamp":1766561712555,"properties":{"amplitude_session_id":1766561690966,"amplitude_event_id":1,"wranglerVersion":"4.53.0","osPlatform":"Linux","osVersion":"#1 SMP PREEMPT_DYNAMIC Thu Jun  5 18:30:46 UTC 2025","nodeVersion":22,"packageManager":"npm","isFirstUsage":false,"configFileType":"none","isCI":false,"isPagesCI":false,"isWorkersCI":false,"isInteractive":true,"hasAssets":false,"argsUsed":[],"argsCombination":"","command":"wrangler pages deploy","args":{},"durationMs":21757,"durationSeconds":21.757,"durationMinutes":0.3626166666666667}}
---
