
--- 2025-12-24T08:33:55.302Z debug
🪵  Writing logs to "/home/hades/.config/.wrangler/logs/wrangler-2025-12-24_08-33-54_479.log"
---

--- 2025-12-24T08:33:55.301Z debug
Metrics dispatcher: Posting data {"deviceId":"d39dff02-21f2-40cf-941a-454076f127d1","event":"wrangler command started","timestamp":1766565235301,"properties":{"amplitude_session_id":1766565235295,"amplitude_event_id":0,"wranglerVersion":"4.53.0","osPlatform":"Linux","osVersion":"#1 SMP PREEMPT_DYNAMIC Thu Jun  5 18:30:46 UTC 2025","nodeVersion":22,"packageManager":"npm","isFirstUsage":false,"configFileType":"none","isCI":false,"isPagesCI":false,"isWorkersCI":false,"isInteractive":true,"hasAssets":false,"argsUsed":[],"argsCombination":"","command":"wrangler pages deploy","args":{}}}
---

--- 2025-12-24T08:33:55.337Z debug
.env file not found at "/home/hades/FUN/NotesProjeck/beta/vaultnotes/.env.local". Continuing... For more details, refer to https://developers.cloudflare.com/workers/wrangler/system-environment-variables/
---

--- 2025-12-24T08:33:55.420Z log

 ⛅️ wrangler 4.53.0 (update available 4.56.0)
─────────────────────────────────────────────
---

--- 2025-12-24T08:33:55.504Z debug
Retrieving cached values for account_id and project_name from node_modules/.cache/wrangler
---

--- 2025-12-24T08:33:55.507Z debug
-- START CF API REQUEST: GET https://api.cloudflare.com/client/v4/accounts/f006ec5b85550c77e565a3f9f99a35c0/pages/projects/leafvault-notes
---

--- 2025-12-24T08:33:55.508Z debug
QUERY STRING: omitted; set WRANGLER_LOG_SANITIZE=false to include sanitized data
---

--- 2025-12-24T08:33:55.510Z debug
HEADERS: omitted; set WRANGLER_LOG_SANITIZE=false to include sanitized data
---

--- 2025-12-24T08:33:55.510Z debug
INIT: omitted; set WRANGLER_LOG_SANITIZE=false to include sanitized data
---

--- 2025-12-24T08:33:55.510Z debug
-- END CF API REQUEST
---

--- 2025-12-24T08:33:57.202Z debug
-- START CF API RESPONSE: OK 200
---

--- 2025-12-24T08:33:57.204Z debug
HEADERS: omitted; set WRANGLER_LOG_SANITIZE=false to include sanitized data
---

--- 2025-12-24T08:33:57.204Z debug
RESPONSE: omitted; set WRANGLER_LOG_SANITIZE=false to include sanitized data
---

--- 2025-12-24T08:33:57.204Z debug
-- END CF API RESPONSE
---

--- 2025-12-24T08:33:57.303Z debug
-- START CF API REQUEST: GET https://api.cloudflare.com/client/v4/accounts/f006ec5b85550c77e565a3f9f99a35c0/pages/projects/leafvault-notes
---

--- 2025-12-24T08:33:57.303Z debug
QUERY STRING: omitted; set WRANGLER_LOG_SANITIZE=false to include sanitized data
---

--- 2025-12-24T08:33:57.303Z debug
HEADERS: omitted; set WRANGLER_LOG_SANITIZE=false to include sanitized data
---

--- 2025-12-24T08:33:57.303Z debug
INIT: omitted; set WRANGLER_LOG_SANITIZE=false to include sanitized data
---

--- 2025-12-24T08:33:57.303Z debug
-- END CF API REQUEST
---

--- 2025-12-24T08:33:59.245Z debug
-- START CF API RESPONSE: OK 200
---

--- 2025-12-24T08:33:59.246Z debug
HEADERS: omitted; set WRANGLER_LOG_SANITIZE=false to include sanitized data
---

--- 2025-12-24T08:33:59.246Z debug
RESPONSE: omitted; set WRANGLER_LOG_SANITIZE=false to include sanitized data
---

--- 2025-12-24T08:33:59.246Z debug
-- END CF API RESPONSE
---

--- 2025-12-24T08:33:59.329Z debug
-- START CF API REQUEST: GET https://api.cloudflare.com/client/v4/accounts/f006ec5b85550c77e565a3f9f99a35c0/pages/projects/leafvault-notes/upload-token
---

--- 2025-12-24T08:33:59.329Z debug
QUERY STRING: omitted; set WRANGLER_LOG_SANITIZE=false to include sanitized data
---

--- 2025-12-24T08:33:59.329Z debug
HEADERS: omitted; set WRANGLER_LOG_SANITIZE=false to include sanitized data
---

--- 2025-12-24T08:33:59.329Z debug
INIT: omitted; set WRANGLER_LOG_SANITIZE=false to include sanitized data
---

--- 2025-12-24T08:33:59.329Z debug
-- END CF API REQUEST
---

--- 2025-12-24T08:34:00.768Z debug
-- START CF API RESPONSE: OK 200
---

--- 2025-12-24T08:34:00.769Z debug
HEADERS: omitted; set WRANGLER_LOG_SANITIZE=false to include sanitized data
---

--- 2025-12-24T08:34:00.769Z debug
RESPONSE: omitted; set WRANGLER_LOG_SANITIZE=false to include sanitized data
---

--- 2025-12-24T08:34:00.769Z debug
-- END CF API RESPONSE
---

--- 2025-12-24T08:34:00.771Z debug
-- START CF API REQUEST: POST https://api.cloudflare.com/client/v4/pages/assets/check-missing
---

--- 2025-12-24T08:34:00.771Z debug
QUERY STRING: omitted; set WRANGLER_LOG_SANITIZE=false to include sanitized data
---

--- 2025-12-24T08:34:00.772Z debug
HEADERS: omitted; set WRANGLER_LOG_SANITIZE=false to include sanitized data
---

--- 2025-12-24T08:34:00.772Z debug
INIT: omitted; set WRANGLER_LOG_SANITIZE=false to include sanitized data
---

--- 2025-12-24T08:34:00.772Z debug
-- END CF API REQUEST
---

--- 2025-12-24T08:34:01.122Z debug
-- START CF API RESPONSE: OK 200
---

--- 2025-12-24T08:34:01.123Z debug
HEADERS: omitted; set WRANGLER_LOG_SANITIZE=false to include sanitized data
---

--- 2025-12-24T08:34:01.123Z debug
RESPONSE: omitted; set WRANGLER_LOG_SANITIZE=false to include sanitized data
---

--- 2025-12-24T08:34:01.123Z debug
-- END CF API RESPONSE
---

--- 2025-12-24T08:34:01.140Z debug
POST /pages/assets/upload
---

--- 2025-12-24T08:34:01.141Z debug
-- START CF API REQUEST: POST https://api.cloudflare.com/client/v4/pages/assets/upload
---

--- 2025-12-24T08:34:01.141Z debug
QUERY STRING: omitted; set WRANGLER_LOG_SANITIZE=false to include sanitized data
---

--- 2025-12-24T08:34:01.141Z debug
HEADERS: omitted; set WRANGLER_LOG_SANITIZE=false to include sanitized data
---

--- 2025-12-24T08:34:01.141Z debug
INIT: omitted; set WRANGLER_LOG_SANITIZE=false to include sanitized data
---

--- 2025-12-24T08:34:01.141Z debug
-- END CF API REQUEST
---

--- 2025-12-24T08:34:01.151Z debug
POST /pages/assets/upload
---

--- 2025-12-24T08:34:01.153Z debug
-- START CF API REQUEST: POST https://api.cloudflare.com/client/v4/pages/assets/upload
---

--- 2025-12-24T08:34:01.153Z debug
QUERY STRING: omitted; set WRANGLER_LOG_SANITIZE=false to include sanitized data
---

--- 2025-12-24T08:34:01.154Z debug
HEADERS: omitted; set WRANGLER_LOG_SANITIZE=false to include sanitized data
---

--- 2025-12-24T08:34:01.155Z debug
INIT: omitted; set WRANGLER_LOG_SANITIZE=false to include sanitized data
---

--- 2025-12-24T08:34:01.155Z debug
-- END CF API REQUEST
---

--- 2025-12-24T08:34:01.166Z debug
POST /pages/assets/upload
---

--- 2025-12-24T08:34:01.187Z debug
-- START CF API REQUEST: POST https://api.cloudflare.com/client/v4/pages/assets/upload
---

--- 2025-12-24T08:34:01.187Z debug
QUERY STRING: omitted; set WRANGLER_LOG_SANITIZE=false to include sanitized data
---

--- 2025-12-24T08:34:01.188Z debug
HEADERS: omitted; set WRANGLER_LOG_SANITIZE=false to include sanitized data
---

--- 2025-12-24T08:34:01.202Z debug
INIT: omitted; set WRANGLER_LOG_SANITIZE=false to include sanitized data
---

--- 2025-12-24T08:34:01.202Z debug
-- END CF API REQUEST
---

--- 2025-12-24T08:34:01.907Z debug
-- START CF API RESPONSE: OK 200
---

--- 2025-12-24T08:34:01.908Z debug
HEADERS: omitted; set WRANGLER_LOG_SANITIZE=false to include sanitized data
---

--- 2025-12-24T08:34:01.908Z debug
RESPONSE: omitted; set WRANGLER_LOG_SANITIZE=false to include sanitized data
---

--- 2025-12-24T08:34:01.908Z debug
-- END CF API RESPONSE
---

--- 2025-12-24T08:34:01.909Z debug
result: { successful_key_count: 1, unsuccessful_keys: [] }
---

--- 2025-12-24T08:34:04.693Z debug
-- START CF API RESPONSE: OK 200
---

--- 2025-12-24T08:34:04.694Z debug
HEADERS: omitted; set WRANGLER_LOG_SANITIZE=false to include sanitized data
---

--- 2025-12-24T08:34:04.694Z debug
RESPONSE: omitted; set WRANGLER_LOG_SANITIZE=false to include sanitized data
---

--- 2025-12-24T08:34:04.694Z debug
-- END CF API RESPONSE
---

--- 2025-12-24T08:34:04.695Z debug
result: { successful_key_count: 1, unsuccessful_keys: [] }
---

--- 2025-12-24T08:34:11.496Z debug
-- START CF API RESPONSE: OK 200
---

--- 2025-12-24T08:34:11.497Z debug
HEADERS: omitted; set WRANGLER_LOG_SANITIZE=false to include sanitized data
---

--- 2025-12-24T08:34:11.497Z debug
RESPONSE: omitted; set WRANGLER_LOG_SANITIZE=false to include sanitized data
---

--- 2025-12-24T08:34:11.498Z debug
-- END CF API RESPONSE
---

--- 2025-12-24T08:34:11.504Z debug
result: { successful_key_count: 1, unsuccessful_keys: [] }
---

--- 2025-12-24T08:34:11.507Z log
✨ Success! Uploaded 3 files (35 already uploaded) (10.74 sec)

---

--- 2025-12-24T08:34:11.510Z debug
-- START CF API REQUEST: POST https://api.cloudflare.com/client/v4/pages/assets/upsert-hashes
---

--- 2025-12-24T08:34:11.510Z debug
QUERY STRING: omitted; set WRANGLER_LOG_SANITIZE=false to include sanitized data
---

--- 2025-12-24T08:34:11.510Z debug
HEADERS: omitted; set WRANGLER_LOG_SANITIZE=false to include sanitized data
---

--- 2025-12-24T08:34:11.510Z debug
INIT: omitted; set WRANGLER_LOG_SANITIZE=false to include sanitized data
---

--- 2025-12-24T08:34:11.511Z debug
-- END CF API REQUEST
---

--- 2025-12-24T08:34:11.992Z debug
-- START CF API RESPONSE: OK 200
---

--- 2025-12-24T08:34:11.993Z debug
HEADERS: omitted; set WRANGLER_LOG_SANITIZE=false to include sanitized data
---

--- 2025-12-24T08:34:11.997Z debug
RESPONSE: omitted; set WRANGLER_LOG_SANITIZE=false to include sanitized data
---

--- 2025-12-24T08:34:11.997Z debug
-- END CF API RESPONSE
---

--- 2025-12-24T08:34:12.001Z log
✨ Uploading _headers
---

--- 2025-12-24T08:34:12.002Z log
✨ Uploading _redirects
---

--- 2025-12-24T08:34:12.003Z debug
-- START CF API REQUEST: POST https://api.cloudflare.com/client/v4/accounts/f006ec5b85550c77e565a3f9f99a35c0/pages/projects/leafvault-notes/deployments
---

--- 2025-12-24T08:34:12.003Z debug
QUERY STRING: omitted; set WRANGLER_LOG_SANITIZE=false to include sanitized data
---

--- 2025-12-24T08:34:12.003Z debug
HEADERS: omitted; set WRANGLER_LOG_SANITIZE=false to include sanitized data
---

--- 2025-12-24T08:34:12.003Z debug
INIT: omitted; set WRANGLER_LOG_SANITIZE=false to include sanitized data
---

--- 2025-12-24T08:34:12.009Z debug
BODY: omitted; set WRANGLER_LOG_SANITIZE=false to include sanitized data
---

--- 2025-12-24T08:34:12.009Z debug
-- END CF API REQUEST
---

--- 2025-12-24T08:34:15.288Z debug
-- START CF API RESPONSE: OK 200
---

--- 2025-12-24T08:34:15.288Z debug
HEADERS: omitted; set WRANGLER_LOG_SANITIZE=false to include sanitized data
---

--- 2025-12-24T08:34:15.288Z debug
RESPONSE: omitted; set WRANGLER_LOG_SANITIZE=false to include sanitized data
---

--- 2025-12-24T08:34:15.288Z debug
-- END CF API RESPONSE
---

--- 2025-12-24T08:34:15.290Z debug
Saving to cache: {"account_id":"f006ec5b85550c77e565a3f9f99a35c0","project_name":"leafvault-notes"}
---

--- 2025-12-24T08:34:15.291Z log
🌎 Deploying...
---

--- 2025-12-24T08:34:16.293Z debug
attempt #1: Attempting to fetch status for deployment with id "e8644b38-bdf0-4f23-ba85-816dd46dd089" ...
---

--- 2025-12-24T08:34:16.293Z debug
-- START CF API REQUEST: GET https://api.cloudflare.com/client/v4/accounts/f006ec5b85550c77e565a3f9f99a35c0/pages/projects/leafvault-notes/deployments/e8644b38-bdf0-4f23-ba85-816dd46dd089
---

--- 2025-12-24T08:34:16.293Z debug
QUERY STRING: omitted; set WRANGLER_LOG_SANITIZE=false to include sanitized data
---

--- 2025-12-24T08:34:16.293Z debug
HEADERS: omitted; set WRANGLER_LOG_SANITIZE=false to include sanitized data
---

--- 2025-12-24T08:34:16.294Z debug
INIT: omitted; set WRANGLER_LOG_SANITIZE=false to include sanitized data
---

--- 2025-12-24T08:34:16.294Z debug
-- END CF API REQUEST
---

--- 2025-12-24T08:34:18.176Z debug
-- START CF API RESPONSE: OK 200
---

--- 2025-12-24T08:34:18.177Z debug
HEADERS: omitted; set WRANGLER_LOG_SANITIZE=false to include sanitized data
---

--- 2025-12-24T08:34:18.177Z debug
RESPONSE: omitted; set WRANGLER_LOG_SANITIZE=false to include sanitized data
---

--- 2025-12-24T08:34:18.177Z debug
-- END CF API RESPONSE
---

--- 2025-12-24T08:34:18.180Z log
✨ Deployment complete! Take a peek over at https://e8644b38.leafvault-notes.pages.dev
---

--- 2025-12-24T08:34:18.184Z debug
Metrics dispatcher: Posting data {"deviceId":"d39dff02-21f2-40cf-941a-454076f127d1","event":"create pages deployment","timestamp":1766565258183,"properties":{"category":"Workers","wranglerVersion":"4.53.0","os":"linux:x64"}}
---

--- 2025-12-24T08:34:18.191Z debug
Metrics dispatcher: Posting data {"deviceId":"d39dff02-21f2-40cf-941a-454076f127d1","event":"wrangler command completed","timestamp":1766565258191,"properties":{"amplitude_session_id":1766565235295,"amplitude_event_id":1,"wranglerVersion":"4.53.0","osPlatform":"Linux","osVersion":"#1 SMP PREEMPT_DYNAMIC Thu Jun  5 18:30:46 UTC 2025","nodeVersion":22,"packageManager":"npm","isFirstUsage":false,"configFileType":"none","isCI":false,"isPagesCI":false,"isWorkersCI":false,"isInteractive":true,"hasAssets":false,"argsUsed":[],"argsCombination":"","command":"wrangler pages deploy","args":{},"durationMs":23015,"durationSeconds":23.015,"durationMinutes":0.38358333333333333}}
---
