
--- 2025-12-26T07:20:03.543Z debug
🪵  Writing logs to "/home/hades/.config/.wrangler/logs/wrangler-2025-12-26_07-20-02_609.log"
---

--- 2025-12-26T07:20:03.543Z debug
Metrics dispatcher: Posting data {"deviceId":"d39dff02-21f2-40cf-941a-454076f127d1","event":"wrangler command started","timestamp":1766733603542,"properties":{"amplitude_session_id":1766733603537,"amplitude_event_id":0,"wranglerVersion":"4.53.0","osPlatform":"Linux","osVersion":"#1 SMP PREEMPT_DYNAMIC Thu Jun  5 18:30:46 UTC 2025","nodeVersion":22,"packageManager":"npm","isFirstUsage":false,"configFileType":"none","isCI":false,"isPagesCI":false,"isWorkersCI":false,"isInteractive":true,"hasAssets":false,"argsUsed":[],"argsCombination":"","command":"wrangler pages deploy","args":{}}}
---

--- 2025-12-26T07:20:03.578Z debug
.env file not found at "/home/hades/FUN/tempmail/vaultnotes-beta/.env.local". Continuing... For more details, refer to https://developers.cloudflare.com/workers/wrangler/system-environment-variables/
---

--- 2025-12-26T07:20:03.656Z log

 ⛅️ wrangler 4.53.0 (update available 4.54.0)
─────────────────────────────────────────────
---

--- 2025-12-26T07:20:03.740Z debug
Retrieving cached values for account_id and project_name from node_modules/.cache/wrangler
---

--- 2025-12-26T07:20:03.757Z debug
-- START CF API REQUEST: GET https://api.cloudflare.com/client/v4/accounts/f006ec5b85550c77e565a3f9f99a35c0/pages/projects/leafvault-notes
---

--- 2025-12-26T07:20:03.757Z debug
QUERY STRING: omitted; set WRANGLER_LOG_SANITIZE=false to include sanitized data
---

--- 2025-12-26T07:20:03.759Z debug
HEADERS: omitted; set WRANGLER_LOG_SANITIZE=false to include sanitized data
---

--- 2025-12-26T07:20:03.760Z debug
INIT: omitted; set WRANGLER_LOG_SANITIZE=false to include sanitized data
---

--- 2025-12-26T07:20:03.760Z debug
-- END CF API REQUEST
---

--- 2025-12-26T07:20:07.417Z debug
-- START CF API RESPONSE: OK 200
---

--- 2025-12-26T07:20:07.419Z debug
HEADERS: omitted; set WRANGLER_LOG_SANITIZE=false to include sanitized data
---

--- 2025-12-26T07:20:07.419Z debug
RESPONSE: omitted; set WRANGLER_LOG_SANITIZE=false to include sanitized data
---

--- 2025-12-26T07:20:07.419Z debug
-- END CF API RESPONSE
---

--- 2025-12-26T07:20:07.529Z debug
-- START CF API REQUEST: GET https://api.cloudflare.com/client/v4/accounts/f006ec5b85550c77e565a3f9f99a35c0/pages/projects/leafvault-notes
---

--- 2025-12-26T07:20:07.529Z debug
QUERY STRING: omitted; set WRANGLER_LOG_SANITIZE=false to include sanitized data
---

--- 2025-12-26T07:20:07.530Z debug
HEADERS: omitted; set WRANGLER_LOG_SANITIZE=false to include sanitized data
---

--- 2025-12-26T07:20:07.530Z debug
INIT: omitted; set WRANGLER_LOG_SANITIZE=false to include sanitized data
---

--- 2025-12-26T07:20:07.530Z debug
-- END CF API REQUEST
---

--- 2025-12-26T07:20:09.387Z debug
-- START CF API RESPONSE: OK 200
---

--- 2025-12-26T07:20:09.388Z debug
HEADERS: omitted; set WRANGLER_LOG_SANITIZE=false to include sanitized data
---

--- 2025-12-26T07:20:09.388Z debug
RESPONSE: omitted; set WRANGLER_LOG_SANITIZE=false to include sanitized data
---

--- 2025-12-26T07:20:09.388Z debug
-- END CF API RESPONSE
---

--- 2025-12-26T07:20:09.465Z debug
-- START CF API REQUEST: GET https://api.cloudflare.com/client/v4/accounts/f006ec5b85550c77e565a3f9f99a35c0/pages/projects/leafvault-notes/upload-token
---

--- 2025-12-26T07:20:09.465Z debug
QUERY STRING: omitted; set WRANGLER_LOG_SANITIZE=false to include sanitized data
---

--- 2025-12-26T07:20:09.465Z debug
HEADERS: omitted; set WRANGLER_LOG_SANITIZE=false to include sanitized data
---

--- 2025-12-26T07:20:09.465Z debug
INIT: omitted; set WRANGLER_LOG_SANITIZE=false to include sanitized data
---

--- 2025-12-26T07:20:09.465Z debug
-- END CF API REQUEST
---

--- 2025-12-26T07:20:11.020Z debug
-- START CF API RESPONSE: OK 200
---

--- 2025-12-26T07:20:11.021Z debug
HEADERS: omitted; set WRANGLER_LOG_SANITIZE=false to include sanitized data
---

--- 2025-12-26T07:20:11.021Z debug
RESPONSE: omitted; set WRANGLER_LOG_SANITIZE=false to include sanitized data
---

--- 2025-12-26T07:20:11.021Z debug
-- END CF API RESPONSE
---

--- 2025-12-26T07:20:11.023Z debug
-- START CF API REQUEST: POST https://api.cloudflare.com/client/v4/pages/assets/check-missing
---

--- 2025-12-26T07:20:11.023Z debug
QUERY STRING: omitted; set WRANGLER_LOG_SANITIZE=false to include sanitized data
---

--- 2025-12-26T07:20:11.024Z debug
HEADERS: omitted; set WRANGLER_LOG_SANITIZE=false to include sanitized data
---

--- 2025-12-26T07:20:11.024Z debug
INIT: omitted; set WRANGLER_LOG_SANITIZE=false to include sanitized data
---

--- 2025-12-26T07:20:11.024Z debug
-- END CF API REQUEST
---

--- 2025-12-26T07:20:11.370Z debug
-- START CF API RESPONSE: OK 200
---

--- 2025-12-26T07:20:11.370Z debug
HEADERS: omitted; set WRANGLER_LOG_SANITIZE=false to include sanitized data
---

--- 2025-12-26T07:20:11.371Z debug
RESPONSE: omitted; set WRANGLER_LOG_SANITIZE=false to include sanitized data
---

--- 2025-12-26T07:20:11.371Z debug
-- END CF API RESPONSE
---

--- 2025-12-26T07:20:11.380Z debug
POST /pages/assets/upload
---

--- 2025-12-26T07:20:11.382Z debug
-- START CF API REQUEST: POST https://api.cloudflare.com/client/v4/pages/assets/upload
---

--- 2025-12-26T07:20:11.383Z debug
QUERY STRING: omitted; set WRANGLER_LOG_SANITIZE=false to include sanitized data
---

--- 2025-12-26T07:20:11.383Z debug
HEADERS: omitted; set WRANGLER_LOG_SANITIZE=false to include sanitized data
---

--- 2025-12-26T07:20:11.385Z debug
INIT: omitted; set WRANGLER_LOG_SANITIZE=false to include sanitized data
---

--- 2025-12-26T07:20:11.385Z debug
-- END CF API REQUEST
---

--- 2025-12-26T07:20:11.389Z debug
POST /pages/assets/upload
---

--- 2025-12-26T07:20:11.390Z debug
-- START CF API REQUEST: POST https://api.cloudflare.com/client/v4/pages/assets/upload
---

--- 2025-12-26T07:20:11.390Z debug
QUERY STRING: omitted; set WRANGLER_LOG_SANITIZE=false to include sanitized data
---

--- 2025-12-26T07:20:11.390Z debug
HEADERS: omitted; set WRANGLER_LOG_SANITIZE=false to include sanitized data
---

--- 2025-12-26T07:20:11.390Z debug
INIT: omitted; set WRANGLER_LOG_SANITIZE=false to include sanitized data
---

--- 2025-12-26T07:20:11.390Z debug
-- END CF API REQUEST
---

--- 2025-12-26T07:20:11.399Z debug
POST /pages/assets/upload
---

--- 2025-12-26T07:20:11.421Z debug
-- START CF API REQUEST: POST https://api.cloudflare.com/client/v4/pages/assets/upload
---

--- 2025-12-26T07:20:11.421Z debug
QUERY STRING: omitted; set WRANGLER_LOG_SANITIZE=false to include sanitized data
---

--- 2025-12-26T07:20:11.421Z debug
HEADERS: omitted; set WRANGLER_LOG_SANITIZE=false to include sanitized data
---

--- 2025-12-26T07:20:11.437Z debug
INIT: omitted; set WRANGLER_LOG_SANITIZE=false to include sanitized data
---

--- 2025-12-26T07:20:11.437Z debug
-- END CF API REQUEST
---

--- 2025-12-26T07:20:12.377Z debug
-- START CF API RESPONSE: OK 200
---

--- 2025-12-26T07:20:12.378Z debug
HEADERS: omitted; set WRANGLER_LOG_SANITIZE=false to include sanitized data
---

--- 2025-12-26T07:20:12.378Z debug
RESPONSE: omitted; set WRANGLER_LOG_SANITIZE=false to include sanitized data
---

--- 2025-12-26T07:20:12.378Z debug
-- END CF API RESPONSE
---

--- 2025-12-26T07:20:12.379Z debug
result: { successful_key_count: 1, unsuccessful_keys: [] }
---

--- 2025-12-26T07:20:13.986Z debug
-- START CF API RESPONSE: OK 200
---

--- 2025-12-26T07:20:13.987Z debug
HEADERS: omitted; set WRANGLER_LOG_SANITIZE=false to include sanitized data
---

--- 2025-12-26T07:20:13.987Z debug
RESPONSE: omitted; set WRANGLER_LOG_SANITIZE=false to include sanitized data
---

--- 2025-12-26T07:20:13.987Z debug
-- END CF API RESPONSE
---

--- 2025-12-26T07:20:13.988Z debug
result: { successful_key_count: 1, unsuccessful_keys: [] }
---

--- 2025-12-26T07:20:21.336Z debug
-- START CF API RESPONSE: OK 200
---

--- 2025-12-26T07:20:21.337Z debug
HEADERS: omitted; set WRANGLER_LOG_SANITIZE=false to include sanitized data
---

--- 2025-12-26T07:20:21.337Z debug
RESPONSE: omitted; set WRANGLER_LOG_SANITIZE=false to include sanitized data
---

--- 2025-12-26T07:20:21.337Z debug
-- END CF API RESPONSE
---

--- 2025-12-26T07:20:21.338Z debug
result: { successful_key_count: 1, unsuccessful_keys: [] }
---

--- 2025-12-26T07:20:21.339Z log
✨ Success! Uploaded 3 files (36 already uploaded) (10.32 sec)

---

--- 2025-12-26T07:20:21.341Z debug
-- START CF API REQUEST: POST https://api.cloudflare.com/client/v4/pages/assets/upsert-hashes
---

--- 2025-12-26T07:20:21.341Z debug
QUERY STRING: omitted; set WRANGLER_LOG_SANITIZE=false to include sanitized data
---

--- 2025-12-26T07:20:21.341Z debug
HEADERS: omitted; set WRANGLER_LOG_SANITIZE=false to include sanitized data
---

--- 2025-12-26T07:20:21.341Z debug
INIT: omitted; set WRANGLER_LOG_SANITIZE=false to include sanitized data
---

--- 2025-12-26T07:20:21.341Z debug
-- END CF API REQUEST
---

--- 2025-12-26T07:20:22.035Z debug
-- START CF API RESPONSE: OK 200
---

--- 2025-12-26T07:20:22.036Z debug
HEADERS: omitted; set WRANGLER_LOG_SANITIZE=false to include sanitized data
---

--- 2025-12-26T07:20:22.036Z debug
RESPONSE: omitted; set WRANGLER_LOG_SANITIZE=false to include sanitized data
---

--- 2025-12-26T07:20:22.036Z debug
-- END CF API RESPONSE
---

--- 2025-12-26T07:20:22.038Z log
✨ Uploading _headers
---

--- 2025-12-26T07:20:22.039Z log
✨ Uploading _redirects
---

--- 2025-12-26T07:20:22.040Z debug
-- START CF API REQUEST: POST https://api.cloudflare.com/client/v4/accounts/f006ec5b85550c77e565a3f9f99a35c0/pages/projects/leafvault-notes/deployments
---

--- 2025-12-26T07:20:22.040Z debug
QUERY STRING: omitted; set WRANGLER_LOG_SANITIZE=false to include sanitized data
---

--- 2025-12-26T07:20:22.040Z debug
HEADERS: omitted; set WRANGLER_LOG_SANITIZE=false to include sanitized data
---

--- 2025-12-26T07:20:22.040Z debug
INIT: omitted; set WRANGLER_LOG_SANITIZE=false to include sanitized data
---

--- 2025-12-26T07:20:22.047Z debug
BODY: omitted; set WRANGLER_LOG_SANITIZE=false to include sanitized data
---

--- 2025-12-26T07:20:22.047Z debug
-- END CF API REQUEST
---

--- 2025-12-26T07:20:25.063Z debug
-- START CF API RESPONSE: OK 200
---

--- 2025-12-26T07:20:25.065Z debug
HEADERS: omitted; set WRANGLER_LOG_SANITIZE=false to include sanitized data
---

--- 2025-12-26T07:20:25.065Z debug
RESPONSE: omitted; set WRANGLER_LOG_SANITIZE=false to include sanitized data
---

--- 2025-12-26T07:20:25.065Z debug
-- END CF API RESPONSE
---

--- 2025-12-26T07:20:25.068Z debug
Saving to cache: {"account_id":"f006ec5b85550c77e565a3f9f99a35c0","project_name":"leafvault-notes"}
---

--- 2025-12-26T07:20:25.070Z log
🌎 Deploying...
---

--- 2025-12-26T07:20:26.073Z debug
attempt #1: Attempting to fetch status for deployment with id "7b464076-f0ac-42d7-80d8-ddf86adb8c48" ...
---

--- 2025-12-26T07:20:26.074Z debug
-- START CF API REQUEST: GET https://api.cloudflare.com/client/v4/accounts/f006ec5b85550c77e565a3f9f99a35c0/pages/projects/leafvault-notes/deployments/7b464076-f0ac-42d7-80d8-ddf86adb8c48
---

--- 2025-12-26T07:20:26.074Z debug
QUERY STRING: omitted; set WRANGLER_LOG_SANITIZE=false to include sanitized data
---

--- 2025-12-26T07:20:26.074Z debug
HEADERS: omitted; set WRANGLER_LOG_SANITIZE=false to include sanitized data
---

--- 2025-12-26T07:20:26.074Z debug
INIT: omitted; set WRANGLER_LOG_SANITIZE=false to include sanitized data
---

--- 2025-12-26T07:20:26.074Z debug
-- END CF API REQUEST
---

--- 2025-12-26T07:20:27.749Z debug
-- START CF API RESPONSE: OK 200
---

--- 2025-12-26T07:20:27.750Z debug
HEADERS: omitted; set WRANGLER_LOG_SANITIZE=false to include sanitized data
---

--- 2025-12-26T07:20:27.750Z debug
RESPONSE: omitted; set WRANGLER_LOG_SANITIZE=false to include sanitized data
---

--- 2025-12-26T07:20:27.750Z debug
-- END CF API RESPONSE
---

--- 2025-12-26T07:20:27.754Z log
✨ Deployment complete! Take a peek over at https://7b464076.leafvault-notes.pages.dev
---

--- 2025-12-26T07:20:27.757Z debug
Metrics dispatcher: Posting data {"deviceId":"d39dff02-21f2-40cf-941a-454076f127d1","event":"create pages deployment","timestamp":1766733627757,"properties":{"category":"Workers","wranglerVersion":"4.53.0","os":"linux:x64"}}
---

--- 2025-12-26T07:20:27.784Z debug
Metrics dispatcher: Posting data {"deviceId":"d39dff02-21f2-40cf-941a-454076f127d1","event":"wrangler command completed","timestamp":1766733627784,"properties":{"amplitude_session_id":1766733603537,"amplitude_event_id":1,"wranglerVersion":"4.53.0","osPlatform":"Linux","osVersion":"#1 SMP PREEMPT_DYNAMIC Thu Jun  5 18:30:46 UTC 2025","nodeVersion":22,"packageManager":"npm","isFirstUsage":false,"configFileType":"none","isCI":false,"isPagesCI":false,"isWorkersCI":false,"isInteractive":true,"hasAssets":false,"argsUsed":[],"argsCombination":"","command":"wrangler pages deploy","args":{},"durationMs":24345,"durationSeconds":24.345,"durationMinutes":0.40575}}
---
