
--- 2025-12-06T02:44:03.311Z debug
🪵  Writing logs to "/home/hades/.config/.wrangler/logs/wrangler-2025-12-06_02-44-02_593.log"
---

--- 2025-12-06T02:44:03.310Z log

Cloudflare collects anonymous telemetry about your usage of Wrangler. Learn more at https://github.com/cloudflare/workers-sdk/tree/main/packages/wrangler/telemetry.md
---

--- 2025-12-06T02:44:03.322Z debug
Metrics dispatcher: Posting data {"deviceId":"d39dff02-21f2-40cf-941a-454076f127d1","event":"wrangler command started","timestamp":1764989043322,"properties":{"amplitude_session_id":1764989043308,"amplitude_event_id":0,"wranglerVersion":"4.53.0","osPlatform":"Linux","osVersion":"#1 SMP PREEMPT_DYNAMIC Thu Jun  5 18:30:46 UTC 2025","nodeVersion":22,"isFirstUsage":false,"configFileType":"toml","isCI":false,"isPagesCI":false,"isWorkersCI":false,"isInteractive":true,"hasAssets":false,"argsUsed":[],"argsCombination":"","command":"wrangler deploy","args":{}}}
---

--- 2025-12-06T02:44:03.353Z debug
.env file not found at "/home/hades/FUN/pythonProject/.env". Continuing... For more details, refer to https://developers.cloudflare.com/workers/wrangler/system-environment-variables/
---

--- 2025-12-06T02:44:03.353Z debug
.env file not found at "/home/hades/FUN/pythonProject/.env.local". Continuing... For more details, refer to https://developers.cloudflare.com/workers/wrangler/system-environment-variables/
---

--- 2025-12-06T02:44:03.476Z log

 ⛅️ wrangler 4.53.0
───────────────────
---

--- 2025-12-06T02:44:04.155Z debug
No folder available to cache configuration
---

--- 2025-12-06T02:44:04.158Z debug
-- START CF API REQUEST: GET https://api.cloudflare.com/client/v4/memberships
---

--- 2025-12-06T02:44:04.158Z debug
QUERY STRING: omitted; set WRANGLER_LOG_SANITIZE=false to include sanitized data
---

--- 2025-12-06T02:44:04.160Z debug
HEADERS: omitted; set WRANGLER_LOG_SANITIZE=false to include sanitized data
---

--- 2025-12-06T02:44:04.160Z debug
INIT: omitted; set WRANGLER_LOG_SANITIZE=false to include sanitized data
---

--- 2025-12-06T02:44:04.160Z debug
-- END CF API REQUEST
---

--- 2025-12-06T02:44:05.889Z debug
-- START CF API RESPONSE: OK 200
---

--- 2025-12-06T02:44:05.891Z debug
HEADERS: omitted; set WRANGLER_LOG_SANITIZE=false to include sanitized data
---

--- 2025-12-06T02:44:05.892Z debug
RESPONSE: omitted; set WRANGLER_LOG_SANITIZE=false to include sanitized data
---

--- 2025-12-06T02:44:05.892Z debug
-- END CF API RESPONSE
---

--- 2025-12-06T02:44:05.908Z debug
Starting verifyWorkerMatchesCITag() with tag: undefined, name: worker-cctv
---

--- 2025-12-06T02:44:05.908Z debug
No WRANGLER_CI_MATCH_TAG variable provided, aborting verifyWorkerMatchesCITag()
---

--- 2025-12-06T02:44:05.913Z debug
-- START CF API REQUEST: GET https://api.cloudflare.com/client/v4/accounts/7244d558947be2fcf9dbe2f94cb6f5d2/workers/services/worker-cctv
---

--- 2025-12-06T02:44:05.913Z debug
QUERY STRING: omitted; set WRANGLER_LOG_SANITIZE=false to include sanitized data
---

--- 2025-12-06T02:44:05.913Z debug
HEADERS: omitted; set WRANGLER_LOG_SANITIZE=false to include sanitized data
---

--- 2025-12-06T02:44:05.913Z debug
INIT: omitted; set WRANGLER_LOG_SANITIZE=false to include sanitized data
---

--- 2025-12-06T02:44:05.913Z debug
-- END CF API REQUEST
---

--- 2025-12-06T02:44:08.127Z debug
-- START CF API RESPONSE: Not Found 404
---

--- 2025-12-06T02:44:08.128Z debug
HEADERS: omitted; set WRANGLER_LOG_SANITIZE=false to include sanitized data
---

--- 2025-12-06T02:44:08.128Z debug
RESPONSE: omitted; set WRANGLER_LOG_SANITIZE=false to include sanitized data
---

--- 2025-12-06T02:44:08.128Z debug
-- END CF API RESPONSE
---

--- 2025-12-06T02:44:08.140Z debug
-- START CF API REQUEST: GET https://api.cloudflare.com/client/v4/accounts/7244d558947be2fcf9dbe2f94cb6f5d2/workers/scripts/worker-cctv/deployments
---

--- 2025-12-06T02:44:08.140Z debug
QUERY STRING: omitted; set WRANGLER_LOG_SANITIZE=false to include sanitized data
---

--- 2025-12-06T02:44:08.140Z debug
HEADERS: omitted; set WRANGLER_LOG_SANITIZE=false to include sanitized data
---

--- 2025-12-06T02:44:08.140Z debug
INIT: omitted; set WRANGLER_LOG_SANITIZE=false to include sanitized data
---

--- 2025-12-06T02:44:08.140Z debug
-- END CF API REQUEST
---

--- 2025-12-06T02:44:09.577Z debug
-- START CF API RESPONSE: Not Found 404
---

--- 2025-12-06T02:44:09.578Z debug
HEADERS: omitted; set WRANGLER_LOG_SANITIZE=false to include sanitized data
---

--- 2025-12-06T02:44:09.578Z debug
RESPONSE: omitted; set WRANGLER_LOG_SANITIZE=false to include sanitized data
---

--- 2025-12-06T02:44:09.578Z debug
-- END CF API RESPONSE
---

--- 2025-12-06T02:44:09.618Z log
Total Upload: 1.16 KiB / gzip: 0.52 KiB
---

--- 2025-12-06T02:44:09.621Z debug
-- START CF API REQUEST: GET https://api.cloudflare.com/client/v4/accounts/7244d558947be2fcf9dbe2f94cb6f5d2/workers/scripts/worker-cctv/settings
---

--- 2025-12-06T02:44:09.621Z debug
QUERY STRING: omitted; set WRANGLER_LOG_SANITIZE=false to include sanitized data
---

--- 2025-12-06T02:44:09.621Z debug
HEADERS: omitted; set WRANGLER_LOG_SANITIZE=false to include sanitized data
---

--- 2025-12-06T02:44:09.621Z debug
INIT: omitted; set WRANGLER_LOG_SANITIZE=false to include sanitized data
---

--- 2025-12-06T02:44:09.621Z debug
-- END CF API REQUEST
---

--- 2025-12-06T02:44:11.103Z debug
-- START CF API RESPONSE: Not Found 404
---

--- 2025-12-06T02:44:11.104Z debug
HEADERS: omitted; set WRANGLER_LOG_SANITIZE=false to include sanitized data
---

--- 2025-12-06T02:44:11.104Z debug
RESPONSE: omitted; set WRANGLER_LOG_SANITIZE=false to include sanitized data
---

--- 2025-12-06T02:44:11.104Z debug
-- END CF API RESPONSE
---

--- 2025-12-06T02:44:11.105Z debug
No settings found
---

--- 2025-12-06T02:44:11.110Z debug
-- START CF API REQUEST: PUT https://api.cloudflare.com/client/v4/accounts/7244d558947be2fcf9dbe2f94cb6f5d2/workers/scripts/worker-cctv
---

--- 2025-12-06T02:44:11.110Z debug
QUERY STRING: omitted; set WRANGLER_LOG_SANITIZE=false to include sanitized data
---

--- 2025-12-06T02:44:11.110Z debug
HEADERS: omitted; set WRANGLER_LOG_SANITIZE=false to include sanitized data
---

--- 2025-12-06T02:44:11.110Z debug
INIT: omitted; set WRANGLER_LOG_SANITIZE=false to include sanitized data
---

--- 2025-12-06T02:44:11.118Z debug
BODY: omitted; set WRANGLER_LOG_SANITIZE=false to include sanitized data
---

--- 2025-12-06T02:44:11.118Z debug
-- END CF API REQUEST
---

--- 2025-12-06T02:44:13.682Z debug
-- START CF API RESPONSE: OK 200
---

--- 2025-12-06T02:44:13.683Z debug
HEADERS: omitted; set WRANGLER_LOG_SANITIZE=false to include sanitized data
---

--- 2025-12-06T02:44:13.683Z debug
RESPONSE: omitted; set WRANGLER_LOG_SANITIZE=false to include sanitized data
---

--- 2025-12-06T02:44:13.683Z debug
-- END CF API RESPONSE
---

--- 2025-12-06T02:44:13.689Z log
Uploaded worker-cctv (5.55 sec)
---

--- 2025-12-06T02:44:13.692Z debug
-- START CF API REQUEST: GET https://api.cloudflare.com/client/v4/accounts/7244d558947be2fcf9dbe2f94cb6f5d2/workers/scripts/worker-cctv/subdomain
---

--- 2025-12-06T02:44:13.692Z debug
QUERY STRING: omitted; set WRANGLER_LOG_SANITIZE=false to include sanitized data
---

--- 2025-12-06T02:44:13.692Z debug
HEADERS: omitted; set WRANGLER_LOG_SANITIZE=false to include sanitized data
---

--- 2025-12-06T02:44:13.692Z debug
INIT: omitted; set WRANGLER_LOG_SANITIZE=false to include sanitized data
---

--- 2025-12-06T02:44:13.692Z debug
-- END CF API REQUEST
---

--- 2025-12-06T02:44:15.338Z debug
-- START CF API RESPONSE: OK 200
---

--- 2025-12-06T02:44:15.338Z debug
HEADERS: omitted; set WRANGLER_LOG_SANITIZE=false to include sanitized data
---

--- 2025-12-06T02:44:15.338Z debug
RESPONSE: omitted; set WRANGLER_LOG_SANITIZE=false to include sanitized data
---

--- 2025-12-06T02:44:15.338Z debug
-- END CF API RESPONSE
---

--- 2025-12-06T02:44:15.339Z debug
-- START CF API REQUEST: POST https://api.cloudflare.com/client/v4/accounts/7244d558947be2fcf9dbe2f94cb6f5d2/workers/scripts/worker-cctv/subdomain
---

--- 2025-12-06T02:44:15.340Z debug
QUERY STRING: omitted; set WRANGLER_LOG_SANITIZE=false to include sanitized data
---

--- 2025-12-06T02:44:15.340Z debug
HEADERS: omitted; set WRANGLER_LOG_SANITIZE=false to include sanitized data
---

--- 2025-12-06T02:44:15.340Z debug
INIT: omitted; set WRANGLER_LOG_SANITIZE=false to include sanitized data
---

--- 2025-12-06T02:44:15.340Z debug
-- END CF API REQUEST
---

--- 2025-12-06T02:44:17.013Z debug
-- START CF API RESPONSE: OK 200
---

--- 2025-12-06T02:44:17.014Z debug
HEADERS: omitted; set WRANGLER_LOG_SANITIZE=false to include sanitized data
---

--- 2025-12-06T02:44:17.014Z debug
RESPONSE: omitted; set WRANGLER_LOG_SANITIZE=false to include sanitized data
---

--- 2025-12-06T02:44:17.014Z debug
-- END CF API RESPONSE
---

--- 2025-12-06T02:44:17.022Z debug
-- START CF API REQUEST: GET https://api.cloudflare.com/client/v4/zones
---

--- 2025-12-06T02:44:17.022Z debug
QUERY STRING: omitted; set WRANGLER_LOG_SANITIZE=false to include sanitized data
---

--- 2025-12-06T02:44:17.023Z debug
HEADERS: omitted; set WRANGLER_LOG_SANITIZE=false to include sanitized data
---

--- 2025-12-06T02:44:17.023Z debug
INIT: omitted; set WRANGLER_LOG_SANITIZE=false to include sanitized data
---

--- 2025-12-06T02:44:17.023Z debug
-- END CF API REQUEST
---

--- 2025-12-06T02:44:18.430Z debug
-- START CF API RESPONSE: OK 200
---

--- 2025-12-06T02:44:18.431Z debug
HEADERS: omitted; set WRANGLER_LOG_SANITIZE=false to include sanitized data
---

--- 2025-12-06T02:44:18.431Z debug
RESPONSE: omitted; set WRANGLER_LOG_SANITIZE=false to include sanitized data
---

--- 2025-12-06T02:44:18.431Z debug
-- END CF API RESPONSE
---

--- 2025-12-06T02:44:18.435Z debug
-- START CF API REQUEST: GET https://api.cloudflare.com/client/v4/zones/d8ae2086f2184f995b9c9991667c7824/workers/routes
---

--- 2025-12-06T02:44:18.436Z debug
QUERY STRING: omitted; set WRANGLER_LOG_SANITIZE=false to include sanitized data
---

--- 2025-12-06T02:44:18.436Z debug
HEADERS: omitted; set WRANGLER_LOG_SANITIZE=false to include sanitized data
---

--- 2025-12-06T02:44:18.436Z debug
INIT: omitted; set WRANGLER_LOG_SANITIZE=false to include sanitized data
---

--- 2025-12-06T02:44:18.436Z debug
-- END CF API REQUEST
---

--- 2025-12-06T02:44:20.178Z debug
-- START CF API RESPONSE: OK 200
---

--- 2025-12-06T02:44:20.178Z debug
HEADERS: omitted; set WRANGLER_LOG_SANITIZE=false to include sanitized data
---

--- 2025-12-06T02:44:20.179Z debug
RESPONSE: omitted; set WRANGLER_LOG_SANITIZE=false to include sanitized data
---

--- 2025-12-06T02:44:20.179Z debug
-- END CF API RESPONSE
---

--- 2025-12-06T02:44:20.180Z debug
-- START CF API REQUEST: PUT https://api.cloudflare.com/client/v4/accounts/7244d558947be2fcf9dbe2f94cb6f5d2/workers/scripts/worker-cctv/routes
---

--- 2025-12-06T02:44:20.180Z debug
QUERY STRING: omitted; set WRANGLER_LOG_SANITIZE=false to include sanitized data
---

--- 2025-12-06T02:44:20.180Z debug
HEADERS: omitted; set WRANGLER_LOG_SANITIZE=false to include sanitized data
---

--- 2025-12-06T02:44:20.181Z debug
INIT: omitted; set WRANGLER_LOG_SANITIZE=false to include sanitized data
---

--- 2025-12-06T02:44:20.181Z debug
-- END CF API REQUEST
---

--- 2025-12-06T02:44:22.007Z debug
-- START CF API RESPONSE: OK 200
---

--- 2025-12-06T02:44:22.008Z debug
HEADERS: omitted; set WRANGLER_LOG_SANITIZE=false to include sanitized data
---

--- 2025-12-06T02:44:22.008Z debug
RESPONSE: omitted; set WRANGLER_LOG_SANITIZE=false to include sanitized data
---

--- 2025-12-06T02:44:22.008Z debug
-- END CF API RESPONSE
---

--- 2025-12-06T02:44:22.009Z log
Deployed worker-cctv triggers (8.32 sec)
---

--- 2025-12-06T02:44:22.009Z log
  cctv.0ps.my.id/* (zone name: 0ps.my.id)
---

--- 2025-12-06T02:44:22.010Z log
Current Version ID: 66936896-662b-45f4-bf49-a3406e8c1a8d
---

--- 2025-12-06T02:44:22.012Z debug
Metrics dispatcher: Posting data {"deviceId":"d39dff02-21f2-40cf-941a-454076f127d1","event":"deploy worker script","timestamp":1764989062012,"properties":{"category":"Workers","wranglerVersion":"4.53.0","os":"linux:x64","usesTypeScript":false,"durationMs":16104}}
---

--- 2025-12-06T02:44:22.023Z debug
Metrics dispatcher: Posting data {"deviceId":"d39dff02-21f2-40cf-941a-454076f127d1","event":"wrangler command completed","timestamp":1764989062022,"properties":{"amplitude_session_id":1764989043308,"amplitude_event_id":1,"wranglerVersion":"4.53.0","osPlatform":"Linux","osVersion":"#1 SMP PREEMPT_DYNAMIC Thu Jun  5 18:30:46 UTC 2025","nodeVersion":22,"isFirstUsage":false,"configFileType":"toml","isCI":false,"isPagesCI":false,"isWorkersCI":false,"isInteractive":true,"hasAssets":false,"argsUsed":[],"argsCombination":"","command":"wrangler deploy","args":{},"durationMs":18825,"durationSeconds":18.825,"durationMinutes":0.31375}}
---
