
--- 2025-12-06T02:38:18.828Z debug
🪵  Writing logs to "/home/hades/.config/.wrangler/logs/wrangler-2025-12-06_02-38-17_872.log"
---

--- 2025-12-06T02:38:18.828Z debug
Metrics dispatcher: Posting data {"deviceId":"d39dff02-21f2-40cf-941a-454076f127d1","event":"wrangler command started","timestamp":1764988698827,"properties":{"amplitude_session_id":1764988698815,"amplitude_event_id":0,"wranglerVersion":"4.53.0","osPlatform":"Linux","osVersion":"#1 SMP PREEMPT_DYNAMIC Thu Jun  5 18:30:46 UTC 2025","nodeVersion":22,"isFirstUsage":true,"configFileType":"toml","isCI":false,"isPagesCI":false,"isWorkersCI":false,"isInteractive":true,"hasAssets":false,"argsUsed":[],"argsCombination":"","command":"wrangler login","args":{}}}
---

--- 2025-12-06T02:38:18.862Z debug
.env file not found at "/home/hades/FUN/pythonProject/.env". Continuing... For more details, refer to https://developers.cloudflare.com/workers/wrangler/system-environment-variables/
---

--- 2025-12-06T02:38:18.863Z debug
.env file not found at "/home/hades/FUN/pythonProject/.env.local". Continuing... For more details, refer to https://developers.cloudflare.com/workers/wrangler/system-environment-variables/
---

--- 2025-12-06T02:38:22.265Z log

 ⛅️ wrangler 4.53.0
───────────────────
---

--- 2025-12-06T02:38:22.381Z log
Attempting to login via OAuth...
---

--- 2025-12-06T02:38:22.437Z log
Opening a link in your default browser: https://dash.cloudflare.com/oauth2/auth?response_type=code&client_id=54d11594-84e4-41aa-b438-e81b8fa78ee7&redirect_uri=http%3A%2F%2Flocalhost%3A8976%2Foauth%2Fcallback&scope=account%3Aread%20user%3Aread%20workers%3Awrite%20workers_kv%3Awrite%20workers_routes%3Awrite%20workers_scripts%3Awrite%20workers_tail%3Aread%20d1%3Awrite%20pages%3Awrite%20zone%3Aread%20ssl_certs%3Awrite%20ai%3Awrite%20queues%3Awrite%20pipelines%3Awrite%20secrets_store%3Awrite%20containers%3Awrite%20cloudchamber%3Awrite%20connectivity%3Aadmin%20offline_access&state=M0Yy1eF_8HtvE9SmDQUuRfrQ.p_T3y4H&code_challenge=ROUHRuZVc7CtGrINSd7FmuFcm4GgcMcyIDwBSmR3T8w&code_challenge_method=S256
---
