
--- 2025-12-26T08:27:00.764Z debug
🪵  Writing logs to "/home/hades/.config/.wrangler/logs/wrangler-2025-12-26_08-26-59_904.log"
---

--- 2025-12-26T08:27:00.763Z debug
Metrics dispatcher: Posting data {"deviceId":"d39dff02-21f2-40cf-941a-454076f127d1","event":"wrangler command started","timestamp":1766737620763,"properties":{"amplitude_session_id":1766737620758,"amplitude_event_id":0,"wranglerVersion":"4.53.0","osPlatform":"Linux","osVersion":"#1 SMP PREEMPT_DYNAMIC Thu Jun  5 18:30:46 UTC 2025","nodeVersion":22,"packageManager":"npm","isFirstUsage":false,"configFileType":"none","isCI":false,"isPagesCI":false,"isWorkersCI":false,"isInteractive":true,"hasAssets":false,"argsUsed":[],"argsCombination":"","command":"wrangler pages deploy","args":{}}}
---

--- 2025-12-26T08:27:00.795Z debug
.env file not found at "/home/hades/FUN/tempmail/vaultnotes-beta/.env.local". Continuing... For more details, refer to https://developers.cloudflare.com/workers/wrangler/system-environment-variables/
---

--- 2025-12-26T08:27:00.875Z log

 ⛅️ wrangler 4.53.0 (update available 4.54.0)
─────────────────────────────────────────────
---

--- 2025-12-26T08:27:00.965Z debug
Retrieving cached values for account_id and project_name from node_modules/.cache/wrangler
---

--- 2025-12-26T08:27:00.968Z debug
-- START CF API REQUEST: GET https://api.cloudflare.com/client/v4/accounts/f006ec5b85550c77e565a3f9f99a35c0/pages/projects/leafvault-notes
---

--- 2025-12-26T08:27:00.968Z debug
QUERY STRING: omitted; set WRANGLER_LOG_SANITIZE=false to include sanitized data
---

--- 2025-12-26T08:27:00.970Z debug
HEADERS: omitted; set WRANGLER_LOG_SANITIZE=false to include sanitized data
---

--- 2025-12-26T08:27:00.970Z debug
INIT: omitted; set WRANGLER_LOG_SANITIZE=false to include sanitized data
---

--- 2025-12-26T08:27:00.970Z debug
-- END CF API REQUEST
---

--- 2025-12-26T08:27:03.140Z debug
-- START CF API RESPONSE: OK 200
---

--- 2025-12-26T08:27:03.142Z debug
HEADERS: omitted; set WRANGLER_LOG_SANITIZE=false to include sanitized data
---

--- 2025-12-26T08:27:03.142Z debug
RESPONSE: omitted; set WRANGLER_LOG_SANITIZE=false to include sanitized data
---

--- 2025-12-26T08:27:03.142Z debug
-- END CF API RESPONSE
---

--- 2025-12-26T08:27:03.391Z debug
-- START CF API REQUEST: GET https://api.cloudflare.com/client/v4/accounts/f006ec5b85550c77e565a3f9f99a35c0/pages/projects/leafvault-notes
---

--- 2025-12-26T08:27:03.391Z debug
QUERY STRING: omitted; set WRANGLER_LOG_SANITIZE=false to include sanitized data
---

--- 2025-12-26T08:27:03.391Z debug
HEADERS: omitted; set WRANGLER_LOG_SANITIZE=false to include sanitized data
---

--- 2025-12-26T08:27:03.391Z debug
INIT: omitted; set WRANGLER_LOG_SANITIZE=false to include sanitized data
---

--- 2025-12-26T08:27:03.391Z debug
-- END CF API REQUEST
---

--- 2025-12-26T08:27:04.922Z debug
-- START CF API RESPONSE: OK 200
---

--- 2025-12-26T08:27:04.923Z debug
HEADERS: omitted; set WRANGLER_LOG_SANITIZE=false to include sanitized data
---

--- 2025-12-26T08:27:04.923Z debug
RESPONSE: omitted; set WRANGLER_LOG_SANITIZE=false to include sanitized data
---

--- 2025-12-26T08:27:04.923Z debug
-- END CF API RESPONSE
---

--- 2025-12-26T08:27:04.995Z debug
-- START CF API REQUEST: GET https://api.cloudflare.com/client/v4/accounts/f006ec5b85550c77e565a3f9f99a35c0/pages/projects/leafvault-notes/upload-token
---

--- 2025-12-26T08:27:04.995Z debug
QUERY STRING: omitted; set WRANGLER_LOG_SANITIZE=false to include sanitized data
---

--- 2025-12-26T08:27:04.996Z debug
HEADERS: omitted; set WRANGLER_LOG_SANITIZE=false to include sanitized data
---

--- 2025-12-26T08:27:04.996Z debug
INIT: omitted; set WRANGLER_LOG_SANITIZE=false to include sanitized data
---

--- 2025-12-26T08:27:04.996Z debug
-- END CF API REQUEST
---

--- 2025-12-26T08:27:06.545Z debug
-- START CF API RESPONSE: OK 200
---

--- 2025-12-26T08:27:06.546Z debug
HEADERS: omitted; set WRANGLER_LOG_SANITIZE=false to include sanitized data
---

--- 2025-12-26T08:27:06.546Z debug
RESPONSE: omitted; set WRANGLER_LOG_SANITIZE=false to include sanitized data
---

--- 2025-12-26T08:27:06.546Z debug
-- END CF API RESPONSE
---

--- 2025-12-26T08:27:06.550Z debug
-- START CF API REQUEST: POST https://api.cloudflare.com/client/v4/pages/assets/check-missing
---

--- 2025-12-26T08:27:06.550Z debug
QUERY STRING: omitted; set WRANGLER_LOG_SANITIZE=false to include sanitized data
---

--- 2025-12-26T08:27:06.550Z debug
HEADERS: omitted; set WRANGLER_LOG_SANITIZE=false to include sanitized data
---

--- 2025-12-26T08:27:06.550Z debug
INIT: omitted; set WRANGLER_LOG_SANITIZE=false to include sanitized data
---

--- 2025-12-26T08:27:06.550Z debug
-- END CF API REQUEST
---

--- 2025-12-26T08:27:07.218Z debug
-- START CF API RESPONSE: OK 200
---

--- 2025-12-26T08:27:07.219Z debug
HEADERS: omitted; set WRANGLER_LOG_SANITIZE=false to include sanitized data
---

--- 2025-12-26T08:27:07.219Z debug
RESPONSE: omitted; set WRANGLER_LOG_SANITIZE=false to include sanitized data
---

--- 2025-12-26T08:27:07.219Z debug
-- END CF API RESPONSE
---

--- 2025-12-26T08:27:07.232Z debug
POST /pages/assets/upload
---

--- 2025-12-26T08:27:07.233Z debug
-- START CF API REQUEST: POST https://api.cloudflare.com/client/v4/pages/assets/upload
---

--- 2025-12-26T08:27:07.233Z debug
QUERY STRING: omitted; set WRANGLER_LOG_SANITIZE=false to include sanitized data
---

--- 2025-12-26T08:27:07.233Z debug
HEADERS: omitted; set WRANGLER_LOG_SANITIZE=false to include sanitized data
---

--- 2025-12-26T08:27:07.233Z debug
INIT: omitted; set WRANGLER_LOG_SANITIZE=false to include sanitized data
---

--- 2025-12-26T08:27:07.233Z debug
-- END CF API REQUEST
---

--- 2025-12-26T08:27:07.246Z debug
POST /pages/assets/upload
---

--- 2025-12-26T08:27:07.269Z debug
-- START CF API REQUEST: POST https://api.cloudflare.com/client/v4/pages/assets/upload
---

--- 2025-12-26T08:27:07.269Z debug
QUERY STRING: omitted; set WRANGLER_LOG_SANITIZE=false to include sanitized data
---

--- 2025-12-26T08:27:07.269Z debug
HEADERS: omitted; set WRANGLER_LOG_SANITIZE=false to include sanitized data
---

--- 2025-12-26T08:27:07.287Z debug
INIT: omitted; set WRANGLER_LOG_SANITIZE=false to include sanitized data
---

--- 2025-12-26T08:27:07.287Z debug
-- END CF API REQUEST
---

--- 2025-12-26T08:27:07.975Z debug
-- START CF API RESPONSE: OK 200
---

--- 2025-12-26T08:27:07.976Z debug
HEADERS: omitted; set WRANGLER_LOG_SANITIZE=false to include sanitized data
---

--- 2025-12-26T08:27:07.976Z debug
RESPONSE: omitted; set WRANGLER_LOG_SANITIZE=false to include sanitized data
---

--- 2025-12-26T08:27:07.976Z debug
-- END CF API RESPONSE
---

--- 2025-12-26T08:27:07.978Z debug
result: { successful_key_count: 1, unsuccessful_keys: [] }
---

--- 2025-12-26T08:27:16.680Z debug
-- START CF API RESPONSE: OK 200
---

--- 2025-12-26T08:27:16.680Z debug
HEADERS: omitted; set WRANGLER_LOG_SANITIZE=false to include sanitized data
---

--- 2025-12-26T08:27:16.680Z debug
RESPONSE: omitted; set WRANGLER_LOG_SANITIZE=false to include sanitized data
---

--- 2025-12-26T08:27:16.680Z debug
-- END CF API RESPONSE
---

--- 2025-12-26T08:27:16.681Z debug
result: { successful_key_count: 1, unsuccessful_keys: [] }
---

--- 2025-12-26T08:27:16.682Z log
✨ Success! Uploaded 2 files (37 already uploaded) (10.13 sec)

---

--- 2025-12-26T08:27:16.685Z debug
-- START CF API REQUEST: POST https://api.cloudflare.com/client/v4/pages/assets/upsert-hashes
---

--- 2025-12-26T08:27:16.685Z debug
QUERY STRING: omitted; set WRANGLER_LOG_SANITIZE=false to include sanitized data
---

--- 2025-12-26T08:27:16.685Z debug
HEADERS: omitted; set WRANGLER_LOG_SANITIZE=false to include sanitized data
---

--- 2025-12-26T08:27:16.685Z debug
INIT: omitted; set WRANGLER_LOG_SANITIZE=false to include sanitized data
---

--- 2025-12-26T08:27:16.685Z debug
-- END CF API REQUEST
---

--- 2025-12-26T08:27:17.190Z debug
-- START CF API RESPONSE: OK 200
---

--- 2025-12-26T08:27:17.191Z debug
HEADERS: omitted; set WRANGLER_LOG_SANITIZE=false to include sanitized data
---

--- 2025-12-26T08:27:17.191Z debug
RESPONSE: omitted; set WRANGLER_LOG_SANITIZE=false to include sanitized data
---

--- 2025-12-26T08:27:17.191Z debug
-- END CF API RESPONSE
---

--- 2025-12-26T08:27:17.195Z log
✨ Uploading _headers
---

--- 2025-12-26T08:27:17.196Z log
✨ Uploading _redirects
---

--- 2025-12-26T08:27:17.197Z debug
-- START CF API REQUEST: POST https://api.cloudflare.com/client/v4/accounts/f006ec5b85550c77e565a3f9f99a35c0/pages/projects/leafvault-notes/deployments
---

--- 2025-12-26T08:27:17.197Z debug
QUERY STRING: omitted; set WRANGLER_LOG_SANITIZE=false to include sanitized data
---

--- 2025-12-26T08:27:17.198Z debug
HEADERS: omitted; set WRANGLER_LOG_SANITIZE=false to include sanitized data
---

--- 2025-12-26T08:27:17.198Z debug
INIT: omitted; set WRANGLER_LOG_SANITIZE=false to include sanitized data
---

--- 2025-12-26T08:27:17.206Z debug
BODY: omitted; set WRANGLER_LOG_SANITIZE=false to include sanitized data
---

--- 2025-12-26T08:27:17.206Z debug
-- END CF API REQUEST
---

--- 2025-12-26T08:27:19.359Z debug
-- START CF API RESPONSE: OK 200
---

--- 2025-12-26T08:27:19.359Z debug
HEADERS: omitted; set WRANGLER_LOG_SANITIZE=false to include sanitized data
---

--- 2025-12-26T08:27:19.359Z debug
RESPONSE: omitted; set WRANGLER_LOG_SANITIZE=false to include sanitized data
---

--- 2025-12-26T08:27:19.359Z debug
-- END CF API RESPONSE
---

--- 2025-12-26T08:27:19.361Z debug
Saving to cache: {"account_id":"f006ec5b85550c77e565a3f9f99a35c0","project_name":"leafvault-notes"}
---

--- 2025-12-26T08:27:19.362Z log
🌎 Deploying...
---

--- 2025-12-26T08:27:20.364Z debug
attempt #1: Attempting to fetch status for deployment with id "8c7ef23d-ec57-4ff7-867f-2e253baf2257" ...
---

--- 2025-12-26T08:27:20.365Z debug
-- START CF API REQUEST: GET https://api.cloudflare.com/client/v4/accounts/f006ec5b85550c77e565a3f9f99a35c0/pages/projects/leafvault-notes/deployments/8c7ef23d-ec57-4ff7-867f-2e253baf2257
---

--- 2025-12-26T08:27:20.365Z debug
QUERY STRING: omitted; set WRANGLER_LOG_SANITIZE=false to include sanitized data
---

--- 2025-12-26T08:27:20.365Z debug
HEADERS: omitted; set WRANGLER_LOG_SANITIZE=false to include sanitized data
---

--- 2025-12-26T08:27:20.365Z debug
INIT: omitted; set WRANGLER_LOG_SANITIZE=false to include sanitized data
---

--- 2025-12-26T08:27:20.365Z debug
-- END CF API REQUEST
---

--- 2025-12-26T08:27:22.130Z debug
-- START CF API RESPONSE: OK 200
---

--- 2025-12-26T08:27:22.131Z debug
HEADERS: omitted; set WRANGLER_LOG_SANITIZE=false to include sanitized data
---

--- 2025-12-26T08:27:22.131Z debug
RESPONSE: omitted; set WRANGLER_LOG_SANITIZE=false to include sanitized data
---

--- 2025-12-26T08:27:22.131Z debug
-- END CF API RESPONSE
---

--- 2025-12-26T08:27:22.135Z log
✨ Deployment complete! Take a peek over at https://8c7ef23d.leafvault-notes.pages.dev
---

--- 2025-12-26T08:27:22.137Z debug
Metrics dispatcher: Posting data {"deviceId":"d39dff02-21f2-40cf-941a-454076f127d1","event":"create pages deployment","timestamp":1766737642137,"properties":{"category":"Workers","wranglerVersion":"4.53.0","os":"linux:x64"}}
---

--- 2025-12-26T08:27:22.146Z debug
Metrics dispatcher: Posting data {"deviceId":"d39dff02-21f2-40cf-941a-454076f127d1","event":"wrangler command completed","timestamp":1766737642146,"properties":{"amplitude_session_id":1766737620758,"amplitude_event_id":1,"wranglerVersion":"4.53.0","osPlatform":"Linux","osVersion":"#1 SMP PREEMPT_DYNAMIC Thu Jun  5 18:30:46 UTC 2025","nodeVersion":22,"packageManager":"npm","isFirstUsage":false,"configFileType":"none","isCI":false,"isPagesCI":false,"isWorkersCI":false,"isInteractive":true,"hasAssets":false,"argsUsed":[],"argsCombination":"","command":"wrangler pages deploy","args":{},"durationMs":21508,"durationSeconds":21.508,"durationMinutes":0.35846666666666666}}
---
