
--- 2025-12-24T06:59:07.502Z debug
🪵  Writing logs to "/home/hades/.config/.wrangler/logs/wrangler-2025-12-24_06-59-07_187.log"
---

--- 2025-12-24T06:59:07.501Z debug
Metrics dispatcher: Posting data {"deviceId":"d39dff02-21f2-40cf-941a-454076f127d1","event":"wrangler command started","timestamp":1766559547501,"properties":{"amplitude_session_id":1766559547494,"amplitude_event_id":0,"wranglerVersion":"3.114.16","osPlatform":"Linux","osVersion":"#1 SMP PREEMPT_DYNAMIC Thu Jun  5 18:30:46 UTC 2025","nodeVersion":22,"packageManager":"npm","isFirstUsage":false,"configFileType":"toml","isCI":false,"isPagesCI":false,"isWorkersCI":false,"isInteractive":true,"hasAssets":false,"argsUsed":[],"argsCombination":"","command":"wrangler d1 create","args":{}}}
---

--- 2025-12-24T06:59:07.535Z debug
.env file not found at ".env". Continuing... For more details, refer to https://developers.cloudflare.com/workers/wrangler/system-environment-variables/
---

--- 2025-12-24T06:59:07.549Z debug
No experimental flag store instantiated
---

--- 2025-12-24T06:59:07.549Z debug
Attempted to use flag "RESOURCES_PROVISION" which has not been instantiated
---

--- 2025-12-24T06:59:07.681Z log

 ⛅️ wrangler 3.114.16 (update available 4.56.0)
---------------------------------------------------------

---

--- 2025-12-24T06:59:07.937Z warn
▲ [WARNING] The version of Wrangler you are using is now out-of-date.

  Please update to the latest version to prevent critical errors.
  Run `npm install --save-dev wrangler@4` to update to the latest version.
  After installation, run Wrangler with `npx wrangler`.


---

--- 2025-12-24T06:59:07.942Z debug
-- START CF API REQUEST: GET https://api.cloudflare.com/client/v4/memberships?page=1
---

--- 2025-12-24T06:59:07.943Z debug
HEADERS: omitted; set WRANGLER_LOG_SANITIZE=false to include sanitized data
---

--- 2025-12-24T06:59:07.943Z debug
INIT: omitted; set WRANGLER_LOG_SANITIZE=false to include sanitized data
---

--- 2025-12-24T06:59:07.943Z debug
-- END CF API REQUEST
---

--- 2025-12-24T06:59:09.913Z debug
-- START CF API RESPONSE: OK 200
---

--- 2025-12-24T06:59:09.917Z debug
HEADERS: omitted; set WRANGLER_LOG_SANITIZE=false to include sanitized data
---

--- 2025-12-24T06:59:09.917Z debug
RESPONSE: omitted; set WRANGLER_LOG_SANITIZE=false to include sanitized data
---

--- 2025-12-24T06:59:09.917Z debug
-- END CF API RESPONSE
---

--- 2025-12-24T06:59:09.930Z debug
Saving to cache: {"account":{"id":"f006ec5b85550c77e565a3f9f99a35c0","name":"Dwirxx@gmail.com's Account"}}
---

--- 2025-12-24T06:59:09.937Z debug
-- START CF API REQUEST: POST https://api.cloudflare.com/client/v4/accounts/f006ec5b85550c77e565a3f9f99a35c0/d1/database
---

--- 2025-12-24T06:59:09.937Z debug
HEADERS: omitted; set WRANGLER_LOG_SANITIZE=false to include sanitized data
---

--- 2025-12-24T06:59:09.937Z debug
INIT: omitted; set WRANGLER_LOG_SANITIZE=false to include sanitized data
---

--- 2025-12-24T06:59:09.937Z debug
-- END CF API REQUEST
---

--- 2025-12-24T06:59:13.088Z debug
-- START CF API RESPONSE: OK 200
---

--- 2025-12-24T06:59:13.089Z debug
HEADERS: omitted; set WRANGLER_LOG_SANITIZE=false to include sanitized data
---

--- 2025-12-24T06:59:13.089Z debug
RESPONSE: omitted; set WRANGLER_LOG_SANITIZE=false to include sanitized data
---

--- 2025-12-24T06:59:13.089Z debug
-- END CF API RESPONSE
---

--- 2025-12-24T06:59:13.089Z log
✅ Successfully created DB 'leafvault-db' in region APAC
---

--- 2025-12-24T06:59:13.090Z log
Created your new D1 database.

---

--- 2025-12-24T06:59:13.097Z log
[[d1_databases]]
binding = "DB"
database_name = "leafvault-db"
database_id = "3b15207f-68c2-49d0-998e-d8344047d796"

---

--- 2025-12-24T06:59:13.102Z debug
Metrics dispatcher: Posting data {"deviceId":"d39dff02-21f2-40cf-941a-454076f127d1","event":"wrangler command completed","timestamp":1766559553102,"properties":{"amplitude_session_id":1766559547494,"amplitude_event_id":1,"wranglerVersion":"3.114.16","osPlatform":"Linux","osVersion":"#1 SMP PREEMPT_DYNAMIC Thu Jun  5 18:30:46 UTC 2025","nodeVersion":22,"packageManager":"npm","isFirstUsage":false,"configFileType":"toml","isCI":false,"isPagesCI":false,"isWorkersCI":false,"isInteractive":true,"hasAssets":false,"argsUsed":[],"argsCombination":"","command":"wrangler d1 create","args":{},"durationMs":5691,"durationSeconds":5.691,"durationMinutes":0.09485}}
---
