
--- 2025-12-26T06:42:12.421Z debug
🪵  Writing logs to "/home/hades/.config/.wrangler/logs/wrangler-2025-12-26_06-42-12_068.log"
---

--- 2025-12-26T06:42:12.420Z debug
Metrics dispatcher: Posting data {"deviceId":"d39dff02-21f2-40cf-941a-454076f127d1","event":"wrangler command started","timestamp":1766731332420,"properties":{"amplitude_session_id":1766731332414,"amplitude_event_id":0,"wranglerVersion":"3.114.16","osPlatform":"Linux","osVersion":"#1 SMP PREEMPT_DYNAMIC Thu Jun  5 18:30:46 UTC 2025","nodeVersion":22,"packageManager":"npm","isFirstUsage":false,"configFileType":"toml","isCI":false,"isPagesCI":false,"isWorkersCI":false,"isInteractive":true,"hasAssets":false,"argsUsed":[],"argsCombination":"","command":"wrangler deploy","args":{}}}
---

--- 2025-12-26T06:42:12.453Z debug
.env file not found at ".env". Continuing... For more details, refer to https://developers.cloudflare.com/workers/wrangler/system-environment-variables/
---

--- 2025-12-26T06:42:12.560Z log

 ⛅️ wrangler 3.114.16 (update available 4.54.0)
---------------------------------------------------------

---

--- 2025-12-26T06:42:12.767Z warn
▲ [WARNING] The version of Wrangler you are using is now out-of-date.

  Please update to the latest version to prevent critical errors.
  Run `npm install --save-dev wrangler@4` to update to the latest version.
  After installation, run Wrangler with `npx wrangler`.


---

--- 2025-12-26T06:42:12.869Z debug
Retrieving cached values for account from node_modules/.cache/wrangler
---

--- 2025-12-26T06:42:12.870Z debug
Starting verifyWorkerMatchesCITag() with tag: undefined, name: leafvault-api
---

--- 2025-12-26T06:42:12.871Z debug
No WRANGLER_CI_MATCH_TAG variable provided, aborting verifyWorkerMatchesCITag()
---

--- 2025-12-26T06:42:12.877Z debug
-- START CF API REQUEST: GET https://api.cloudflare.com/client/v4/accounts/f006ec5b85550c77e565a3f9f99a35c0/workers/services/leafvault-api
---

--- 2025-12-26T06:42:12.878Z debug
HEADERS: omitted; set WRANGLER_LOG_SANITIZE=false to include sanitized data
---

--- 2025-12-26T06:42:12.878Z debug
INIT: omitted; set WRANGLER_LOG_SANITIZE=false to include sanitized data
---

--- 2025-12-26T06:42:12.878Z debug
-- END CF API REQUEST
---

--- 2025-12-26T06:42:14.842Z debug
-- START CF API RESPONSE: OK 200
---

--- 2025-12-26T06:42:14.845Z debug
HEADERS: omitted; set WRANGLER_LOG_SANITIZE=false to include sanitized data
---

--- 2025-12-26T06:42:14.845Z debug
RESPONSE: omitted; set WRANGLER_LOG_SANITIZE=false to include sanitized data
---

--- 2025-12-26T06:42:14.845Z debug
-- END CF API RESPONSE
---

--- 2025-12-26T06:42:14.856Z debug
-- START CF API REQUEST: GET https://api.cloudflare.com/client/v4/accounts/f006ec5b85550c77e565a3f9f99a35c0/workers/scripts/leafvault-api/deployments
---

--- 2025-12-26T06:42:14.856Z debug
HEADERS: omitted; set WRANGLER_LOG_SANITIZE=false to include sanitized data
---

--- 2025-12-26T06:42:14.856Z debug
INIT: omitted; set WRANGLER_LOG_SANITIZE=false to include sanitized data
---

--- 2025-12-26T06:42:14.856Z debug
-- END CF API REQUEST
---

--- 2025-12-26T06:42:16.363Z debug
-- START CF API RESPONSE: OK 200
---

--- 2025-12-26T06:42:16.363Z debug
HEADERS: omitted; set WRANGLER_LOG_SANITIZE=false to include sanitized data
---

--- 2025-12-26T06:42:16.364Z debug
RESPONSE: omitted; set WRANGLER_LOG_SANITIZE=false to include sanitized data
---

--- 2025-12-26T06:42:16.364Z debug
-- END CF API RESPONSE
---

--- 2025-12-26T06:42:16.466Z log
Total Upload: 92.53 KiB / gzip: 20.18 KiB
---

--- 2025-12-26T06:42:16.477Z debug
-- START CF API REQUEST: POST https://api.cloudflare.com/client/v4/accounts/f006ec5b85550c77e565a3f9f99a35c0/workers/scripts/leafvault-api/versions
---

--- 2025-12-26T06:42:16.478Z debug
HEADERS: omitted; set WRANGLER_LOG_SANITIZE=false to include sanitized data
---

--- 2025-12-26T06:42:16.478Z debug
INIT: omitted; set WRANGLER_LOG_SANITIZE=false to include sanitized data
---

--- 2025-12-26T06:42:16.485Z debug
BODY: omitted; set WRANGLER_LOG_SANITIZE=false to include sanitized data
---

--- 2025-12-26T06:42:16.485Z debug
-- END CF API REQUEST
---

--- 2025-12-26T06:42:20.152Z debug
-- START CF API RESPONSE: OK 200
---

--- 2025-12-26T06:42:20.152Z debug
HEADERS: omitted; set WRANGLER_LOG_SANITIZE=false to include sanitized data
---

--- 2025-12-26T06:42:20.152Z debug
RESPONSE: omitted; set WRANGLER_LOG_SANITIZE=false to include sanitized data
---

--- 2025-12-26T06:42:20.152Z debug
-- END CF API RESPONSE
---

--- 2025-12-26T06:42:20.154Z debug
-- START CF API REQUEST: POST https://api.cloudflare.com/client/v4/accounts/f006ec5b85550c77e565a3f9f99a35c0/workers/scripts/leafvault-api/deployments
---

--- 2025-12-26T06:42:20.154Z debug
HEADERS: omitted; set WRANGLER_LOG_SANITIZE=false to include sanitized data
---

--- 2025-12-26T06:42:20.154Z debug
INIT: omitted; set WRANGLER_LOG_SANITIZE=false to include sanitized data
---

--- 2025-12-26T06:42:20.154Z debug
-- END CF API REQUEST
---

--- 2025-12-26T06:42:22.143Z debug
-- START CF API RESPONSE: OK 200
---

--- 2025-12-26T06:42:22.143Z debug
HEADERS: omitted; set WRANGLER_LOG_SANITIZE=false to include sanitized data
---

--- 2025-12-26T06:42:22.143Z debug
RESPONSE: omitted; set WRANGLER_LOG_SANITIZE=false to include sanitized data
---

--- 2025-12-26T06:42:22.144Z debug
-- END CF API RESPONSE
---

--- 2025-12-26T06:42:22.144Z debug
-- START CF API REQUEST: PATCH https://api.cloudflare.com/client/v4/accounts/f006ec5b85550c77e565a3f9f99a35c0/workers/scripts/leafvault-api/script-settings
---

--- 2025-12-26T06:42:22.144Z debug
HEADERS: omitted; set WRANGLER_LOG_SANITIZE=false to include sanitized data
---

--- 2025-12-26T06:42:22.144Z debug
INIT: omitted; set WRANGLER_LOG_SANITIZE=false to include sanitized data
---

--- 2025-12-26T06:42:22.144Z debug
-- END CF API REQUEST
---

--- 2025-12-26T06:42:24.647Z debug
-- START CF API RESPONSE: OK 200
---

--- 2025-12-26T06:42:24.648Z debug
HEADERS: omitted; set WRANGLER_LOG_SANITIZE=false to include sanitized data
---

--- 2025-12-26T06:42:24.648Z debug
RESPONSE: omitted; set WRANGLER_LOG_SANITIZE=false to include sanitized data
---

--- 2025-12-26T06:42:24.648Z debug
-- END CF API RESPONSE
---

--- 2025-12-26T06:42:24.648Z log
Worker Startup Time: 1 ms
---

--- 2025-12-26T06:42:24.651Z log
Your worker has access to the following bindings:
- D1 Databases:
  - DB: leafvault-db (3b15207f-68c2-49d0-998e-d8344047d796)
- Vars:
  - ALLOWED_ORIGINS: "https://notes.lexa.my.id,https://leaf..."
  - TURNSTILE_SECRET_KEY: "0x4AAAAAACI3x_pdY-KnjlL1UYF27Y0hVCI"
  - JWT_SECRET: "mwpgp/pn61lbQqFtA5gSvdAdCLDkdTWkvwgJj..."
---

--- 2025-12-26T06:42:24.655Z log
Uploaded leafvault-api (9.80 sec)
---

--- 2025-12-26T06:42:24.660Z debug
-- START CF API REQUEST: GET https://api.cloudflare.com/client/v4/accounts/f006ec5b85550c77e565a3f9f99a35c0/workers/scripts/leafvault-api/subdomain
---

--- 2025-12-26T06:42:24.661Z debug
HEADERS: omitted; set WRANGLER_LOG_SANITIZE=false to include sanitized data
---

--- 2025-12-26T06:42:24.661Z debug
INIT: omitted; set WRANGLER_LOG_SANITIZE=false to include sanitized data
---

--- 2025-12-26T06:42:24.661Z debug
-- END CF API REQUEST
---

--- 2025-12-26T06:42:26.218Z debug
-- START CF API RESPONSE: OK 200
---

--- 2025-12-26T06:42:26.218Z debug
HEADERS: omitted; set WRANGLER_LOG_SANITIZE=false to include sanitized data
---

--- 2025-12-26T06:42:26.218Z debug
RESPONSE: omitted; set WRANGLER_LOG_SANITIZE=false to include sanitized data
---

--- 2025-12-26T06:42:26.218Z debug
-- END CF API RESPONSE
---

--- 2025-12-26T06:42:26.219Z debug
-- START CF API REQUEST: POST https://api.cloudflare.com/client/v4/accounts/f006ec5b85550c77e565a3f9f99a35c0/workers/scripts/leafvault-api/subdomain
---

--- 2025-12-26T06:42:26.219Z debug
HEADERS: omitted; set WRANGLER_LOG_SANITIZE=false to include sanitized data
---

--- 2025-12-26T06:42:26.219Z debug
INIT: omitted; set WRANGLER_LOG_SANITIZE=false to include sanitized data
---

--- 2025-12-26T06:42:26.219Z debug
-- END CF API REQUEST
---

--- 2025-12-26T06:42:28.155Z debug
-- START CF API RESPONSE: OK 200
---

--- 2025-12-26T06:42:28.156Z debug
HEADERS: omitted; set WRANGLER_LOG_SANITIZE=false to include sanitized data
---

--- 2025-12-26T06:42:28.156Z debug
RESPONSE: omitted; set WRANGLER_LOG_SANITIZE=false to include sanitized data
---

--- 2025-12-26T06:42:28.156Z debug
-- END CF API RESPONSE
---

--- 2025-12-26T06:42:28.164Z debug
-- START CF API REQUEST: GET https://api.cloudflare.com/client/v4/zones?name=leafvault-api.lexa.my.id&account.id=f006ec5b85550c77e565a3f9f99a35c0
---

--- 2025-12-26T06:42:28.164Z debug
HEADERS: omitted; set WRANGLER_LOG_SANITIZE=false to include sanitized data
---

--- 2025-12-26T06:42:28.164Z debug
INIT: omitted; set WRANGLER_LOG_SANITIZE=false to include sanitized data
---

--- 2025-12-26T06:42:28.164Z debug
-- END CF API REQUEST
---

--- 2025-12-26T06:42:29.511Z debug
-- START CF API RESPONSE: OK 200
---

--- 2025-12-26T06:42:29.512Z debug
HEADERS: omitted; set WRANGLER_LOG_SANITIZE=false to include sanitized data
---

--- 2025-12-26T06:42:29.512Z debug
RESPONSE: omitted; set WRANGLER_LOG_SANITIZE=false to include sanitized data
---

--- 2025-12-26T06:42:29.512Z debug
-- END CF API RESPONSE
---

--- 2025-12-26T06:42:29.513Z debug
-- START CF API REQUEST: GET https://api.cloudflare.com/client/v4/zones?name=lexa.my.id&account.id=f006ec5b85550c77e565a3f9f99a35c0
---

--- 2025-12-26T06:42:29.513Z debug
HEADERS: omitted; set WRANGLER_LOG_SANITIZE=false to include sanitized data
---

--- 2025-12-26T06:42:29.513Z debug
INIT: omitted; set WRANGLER_LOG_SANITIZE=false to include sanitized data
---

--- 2025-12-26T06:42:29.513Z debug
-- END CF API REQUEST
---

--- 2025-12-26T06:42:30.650Z debug
-- START CF API RESPONSE: OK 200
---

--- 2025-12-26T06:42:30.650Z debug
HEADERS: omitted; set WRANGLER_LOG_SANITIZE=false to include sanitized data
---

--- 2025-12-26T06:42:30.650Z debug
RESPONSE: omitted; set WRANGLER_LOG_SANITIZE=false to include sanitized data
---

--- 2025-12-26T06:42:30.650Z debug
-- END CF API RESPONSE
---

--- 2025-12-26T06:42:30.652Z debug
-- START CF API REQUEST: GET https://api.cloudflare.com/client/v4/zones/3135039f210c2bf30cd0fec4c5397c78/workers/routes
---

--- 2025-12-26T06:42:30.652Z debug
HEADERS: omitted; set WRANGLER_LOG_SANITIZE=false to include sanitized data
---

--- 2025-12-26T06:42:30.652Z debug
INIT: omitted; set WRANGLER_LOG_SANITIZE=false to include sanitized data
---

--- 2025-12-26T06:42:30.653Z debug
-- END CF API REQUEST
---

--- 2025-12-26T06:42:32.233Z debug
-- START CF API RESPONSE: OK 200
---

--- 2025-12-26T06:42:32.234Z debug
HEADERS: omitted; set WRANGLER_LOG_SANITIZE=false to include sanitized data
---

--- 2025-12-26T06:42:32.234Z debug
RESPONSE: omitted; set WRANGLER_LOG_SANITIZE=false to include sanitized data
---

--- 2025-12-26T06:42:32.234Z debug
-- END CF API RESPONSE
---

--- 2025-12-26T06:42:32.236Z debug
-- START CF API REQUEST: POST https://api.cloudflare.com/client/v4/accounts/f006ec5b85550c77e565a3f9f99a35c0/workers/scripts/leafvault-api/domains/changeset?replace_state=true
---

--- 2025-12-26T06:42:32.236Z debug
HEADERS: omitted; set WRANGLER_LOG_SANITIZE=false to include sanitized data
---

--- 2025-12-26T06:42:32.236Z debug
INIT: omitted; set WRANGLER_LOG_SANITIZE=false to include sanitized data
---

--- 2025-12-26T06:42:32.236Z debug
-- END CF API REQUEST
---

--- 2025-12-26T06:42:33.951Z debug
-- START CF API RESPONSE: OK 200
---

--- 2025-12-26T06:42:33.951Z debug
HEADERS: omitted; set WRANGLER_LOG_SANITIZE=false to include sanitized data
---

--- 2025-12-26T06:42:33.951Z debug
RESPONSE: omitted; set WRANGLER_LOG_SANITIZE=false to include sanitized data
---

--- 2025-12-26T06:42:33.951Z debug
-- END CF API RESPONSE
---

--- 2025-12-26T06:42:33.952Z debug
-- START CF API REQUEST: PUT https://api.cloudflare.com/client/v4/accounts/f006ec5b85550c77e565a3f9f99a35c0/workers/scripts/leafvault-api/domains/records
---

--- 2025-12-26T06:42:33.952Z debug
HEADERS: omitted; set WRANGLER_LOG_SANITIZE=false to include sanitized data
---

--- 2025-12-26T06:42:33.952Z debug
INIT: omitted; set WRANGLER_LOG_SANITIZE=false to include sanitized data
---

--- 2025-12-26T06:42:33.952Z debug
-- END CF API REQUEST
---
