
--- 2025-12-06T02:50:24.291Z debug
🪵  Writing logs to "/home/hades/.config/.wrangler/logs/wrangler-2025-12-06_02-50-23_476.log"
---

--- 2025-12-06T02:50:24.291Z debug
Metrics dispatcher: Posting data {"deviceId":"d39dff02-21f2-40cf-941a-454076f127d1","event":"wrangler command started","timestamp":1764989424291,"properties":{"amplitude_session_id":1764989424284,"amplitude_event_id":0,"wranglerVersion":"4.53.0","osPlatform":"Linux","osVersion":"#1 SMP PREEMPT_DYNAMIC Thu Jun  5 18:30:46 UTC 2025","nodeVersion":22,"isFirstUsage":false,"configFileType":"toml","isCI":false,"isPagesCI":false,"isWorkersCI":false,"isInteractive":true,"hasAssets":false,"argsUsed":[],"argsCombination":"","command":"wrangler deploy","args":{}}}
---

--- 2025-12-06T02:50:24.321Z debug
.env file not found at "/home/hades/FUN/pythonProject/.env". Continuing... For more details, refer to https://developers.cloudflare.com/workers/wrangler/system-environment-variables/
---

--- 2025-12-06T02:50:24.322Z debug
.env file not found at "/home/hades/FUN/pythonProject/.env.local". Continuing... For more details, refer to https://developers.cloudflare.com/workers/wrangler/system-environment-variables/
---

--- 2025-12-06T02:50:24.396Z log

 ⛅️ wrangler 4.53.0
───────────────────
---

--- 2025-12-06T02:50:24.525Z debug
No folder available to cache configuration
---

--- 2025-12-06T02:50:24.528Z debug
-- START CF API REQUEST: GET https://api.cloudflare.com/client/v4/memberships
---

--- 2025-12-06T02:50:24.529Z debug
QUERY STRING: omitted; set WRANGLER_LOG_SANITIZE=false to include sanitized data
---

--- 2025-12-06T02:50:24.530Z debug
HEADERS: omitted; set WRANGLER_LOG_SANITIZE=false to include sanitized data
---

--- 2025-12-06T02:50:24.531Z debug
INIT: omitted; set WRANGLER_LOG_SANITIZE=false to include sanitized data
---

--- 2025-12-06T02:50:24.531Z debug
-- END CF API REQUEST
---

--- 2025-12-06T02:50:26.235Z debug
-- START CF API RESPONSE: OK 200
---

--- 2025-12-06T02:50:26.237Z debug
HEADERS: omitted; set WRANGLER_LOG_SANITIZE=false to include sanitized data
---

--- 2025-12-06T02:50:26.237Z debug
RESPONSE: omitted; set WRANGLER_LOG_SANITIZE=false to include sanitized data
---

--- 2025-12-06T02:50:26.237Z debug
-- END CF API RESPONSE
---

--- 2025-12-06T02:50:26.246Z debug
Starting verifyWorkerMatchesCITag() with tag: undefined, name: worker-cctv
---

--- 2025-12-06T02:50:26.246Z debug
No WRANGLER_CI_MATCH_TAG variable provided, aborting verifyWorkerMatchesCITag()
---

--- 2025-12-06T02:50:26.251Z debug
-- START CF API REQUEST: GET https://api.cloudflare.com/client/v4/accounts/7244d558947be2fcf9dbe2f94cb6f5d2/workers/services/worker-cctv
---

--- 2025-12-06T02:50:26.251Z debug
QUERY STRING: omitted; set WRANGLER_LOG_SANITIZE=false to include sanitized data
---

--- 2025-12-06T02:50:26.252Z debug
HEADERS: omitted; set WRANGLER_LOG_SANITIZE=false to include sanitized data
---

--- 2025-12-06T02:50:26.252Z debug
INIT: omitted; set WRANGLER_LOG_SANITIZE=false to include sanitized data
---

--- 2025-12-06T02:50:26.252Z debug
-- END CF API REQUEST
---

--- 2025-12-06T02:50:27.876Z debug
-- START CF API RESPONSE: OK 200
---

--- 2025-12-06T02:50:27.877Z debug
HEADERS: omitted; set WRANGLER_LOG_SANITIZE=false to include sanitized data
---

--- 2025-12-06T02:50:27.877Z debug
RESPONSE: omitted; set WRANGLER_LOG_SANITIZE=false to include sanitized data
---

--- 2025-12-06T02:50:27.877Z debug
-- END CF API RESPONSE
---

--- 2025-12-06T02:50:27.882Z debug
-- START CF API REQUEST: GET https://api.cloudflare.com/client/v4/accounts/7244d558947be2fcf9dbe2f94cb6f5d2/workers/scripts/worker-cctv/deployments
---

--- 2025-12-06T02:50:27.882Z debug
QUERY STRING: omitted; set WRANGLER_LOG_SANITIZE=false to include sanitized data
---

--- 2025-12-06T02:50:27.882Z debug
HEADERS: omitted; set WRANGLER_LOG_SANITIZE=false to include sanitized data
---

--- 2025-12-06T02:50:27.882Z debug
INIT: omitted; set WRANGLER_LOG_SANITIZE=false to include sanitized data
---

--- 2025-12-06T02:50:27.882Z debug
-- END CF API REQUEST
---

--- 2025-12-06T02:50:29.275Z debug
-- START CF API RESPONSE: OK 200
---

--- 2025-12-06T02:50:29.276Z debug
HEADERS: omitted; set WRANGLER_LOG_SANITIZE=false to include sanitized data
---

--- 2025-12-06T02:50:29.276Z debug
RESPONSE: omitted; set WRANGLER_LOG_SANITIZE=false to include sanitized data
---

--- 2025-12-06T02:50:29.276Z debug
-- END CF API RESPONSE
---

--- 2025-12-06T02:50:29.311Z log
Total Upload: 1.75 KiB / gzip: 0.71 KiB
---

--- 2025-12-06T02:50:29.313Z debug
-- START CF API REQUEST: GET https://api.cloudflare.com/client/v4/accounts/7244d558947be2fcf9dbe2f94cb6f5d2/workers/scripts/worker-cctv/settings
---

--- 2025-12-06T02:50:29.313Z debug
QUERY STRING: omitted; set WRANGLER_LOG_SANITIZE=false to include sanitized data
---

--- 2025-12-06T02:50:29.313Z debug
HEADERS: omitted; set WRANGLER_LOG_SANITIZE=false to include sanitized data
---

--- 2025-12-06T02:50:29.313Z debug
INIT: omitted; set WRANGLER_LOG_SANITIZE=false to include sanitized data
---

--- 2025-12-06T02:50:29.313Z debug
-- END CF API REQUEST
---

--- 2025-12-06T02:50:30.842Z debug
-- START CF API RESPONSE: OK 200
---

--- 2025-12-06T02:50:30.843Z debug
HEADERS: omitted; set WRANGLER_LOG_SANITIZE=false to include sanitized data
---

--- 2025-12-06T02:50:30.843Z debug
RESPONSE: omitted; set WRANGLER_LOG_SANITIZE=false to include sanitized data
---

--- 2025-12-06T02:50:30.843Z debug
-- END CF API RESPONSE
---

--- 2025-12-06T02:50:30.851Z debug
-- START CF API REQUEST: POST https://api.cloudflare.com/client/v4/accounts/7244d558947be2fcf9dbe2f94cb6f5d2/workers/scripts/worker-cctv/versions
---

--- 2025-12-06T02:50:30.852Z debug
QUERY STRING: omitted; set WRANGLER_LOG_SANITIZE=false to include sanitized data
---

--- 2025-12-06T02:50:30.852Z debug
HEADERS: omitted; set WRANGLER_LOG_SANITIZE=false to include sanitized data
---

--- 2025-12-06T02:50:30.852Z debug
INIT: omitted; set WRANGLER_LOG_SANITIZE=false to include sanitized data
---

--- 2025-12-06T02:50:30.858Z debug
BODY: omitted; set WRANGLER_LOG_SANITIZE=false to include sanitized data
---

--- 2025-12-06T02:50:30.858Z debug
-- END CF API REQUEST
---

--- 2025-12-06T02:50:33.279Z debug
-- START CF API RESPONSE: OK 200
---

--- 2025-12-06T02:50:33.282Z debug
HEADERS: omitted; set WRANGLER_LOG_SANITIZE=false to include sanitized data
---

--- 2025-12-06T02:50:33.283Z debug
RESPONSE: omitted; set WRANGLER_LOG_SANITIZE=false to include sanitized data
---

--- 2025-12-06T02:50:33.283Z debug
-- END CF API RESPONSE
---

--- 2025-12-06T02:50:33.287Z debug
-- START CF API REQUEST: POST https://api.cloudflare.com/client/v4/accounts/7244d558947be2fcf9dbe2f94cb6f5d2/workers/scripts/worker-cctv/deployments
---

--- 2025-12-06T02:50:33.287Z debug
QUERY STRING: omitted; set WRANGLER_LOG_SANITIZE=false to include sanitized data
---

--- 2025-12-06T02:50:33.287Z debug
HEADERS: omitted; set WRANGLER_LOG_SANITIZE=false to include sanitized data
---

--- 2025-12-06T02:50:33.287Z debug
INIT: omitted; set WRANGLER_LOG_SANITIZE=false to include sanitized data
---

--- 2025-12-06T02:50:33.287Z debug
-- END CF API REQUEST
---

--- 2025-12-06T02:50:35.175Z debug
-- START CF API RESPONSE: OK 200
---

--- 2025-12-06T02:50:35.176Z debug
HEADERS: omitted; set WRANGLER_LOG_SANITIZE=false to include sanitized data
---

--- 2025-12-06T02:50:35.176Z debug
RESPONSE: omitted; set WRANGLER_LOG_SANITIZE=false to include sanitized data
---

--- 2025-12-06T02:50:35.176Z debug
-- END CF API RESPONSE
---

--- 2025-12-06T02:50:35.177Z debug
-- START CF API REQUEST: PATCH https://api.cloudflare.com/client/v4/accounts/7244d558947be2fcf9dbe2f94cb6f5d2/workers/scripts/worker-cctv/script-settings
---

--- 2025-12-06T02:50:35.177Z debug
QUERY STRING: omitted; set WRANGLER_LOG_SANITIZE=false to include sanitized data
---

--- 2025-12-06T02:50:35.177Z debug
HEADERS: omitted; set WRANGLER_LOG_SANITIZE=false to include sanitized data
---

--- 2025-12-06T02:50:35.177Z debug
INIT: omitted; set WRANGLER_LOG_SANITIZE=false to include sanitized data
---

--- 2025-12-06T02:50:35.177Z debug
-- END CF API REQUEST
---

--- 2025-12-06T02:50:36.833Z debug
-- START CF API RESPONSE: OK 200
---

--- 2025-12-06T02:50:36.834Z debug
HEADERS: omitted; set WRANGLER_LOG_SANITIZE=false to include sanitized data
---

--- 2025-12-06T02:50:36.834Z debug
RESPONSE: omitted; set WRANGLER_LOG_SANITIZE=false to include sanitized data
---

--- 2025-12-06T02:50:36.834Z debug
-- END CF API RESPONSE
---

--- 2025-12-06T02:50:36.839Z log
Uploaded worker-cctv (8.96 sec)
---

--- 2025-12-06T02:50:36.842Z debug
-- START CF API REQUEST: GET https://api.cloudflare.com/client/v4/accounts/7244d558947be2fcf9dbe2f94cb6f5d2/workers/scripts/worker-cctv/subdomain
---

--- 2025-12-06T02:50:36.842Z debug
QUERY STRING: omitted; set WRANGLER_LOG_SANITIZE=false to include sanitized data
---

--- 2025-12-06T02:50:36.842Z debug
HEADERS: omitted; set WRANGLER_LOG_SANITIZE=false to include sanitized data
---

--- 2025-12-06T02:50:36.842Z debug
INIT: omitted; set WRANGLER_LOG_SANITIZE=false to include sanitized data
---

--- 2025-12-06T02:50:36.842Z debug
-- END CF API REQUEST
---

--- 2025-12-06T02:50:38.447Z debug
-- START CF API RESPONSE: OK 200
---

--- 2025-12-06T02:50:38.448Z debug
HEADERS: omitted; set WRANGLER_LOG_SANITIZE=false to include sanitized data
---

--- 2025-12-06T02:50:38.448Z debug
RESPONSE: omitted; set WRANGLER_LOG_SANITIZE=false to include sanitized data
---

--- 2025-12-06T02:50:38.448Z debug
-- END CF API RESPONSE
---

--- 2025-12-06T02:50:38.459Z debug
-- START CF API REQUEST: POST https://api.cloudflare.com/client/v4/accounts/7244d558947be2fcf9dbe2f94cb6f5d2/workers/scripts/worker-cctv/subdomain
---

--- 2025-12-06T02:50:38.459Z debug
QUERY STRING: omitted; set WRANGLER_LOG_SANITIZE=false to include sanitized data
---

--- 2025-12-06T02:50:38.459Z debug
HEADERS: omitted; set WRANGLER_LOG_SANITIZE=false to include sanitized data
---

--- 2025-12-06T02:50:38.459Z debug
INIT: omitted; set WRANGLER_LOG_SANITIZE=false to include sanitized data
---

--- 2025-12-06T02:50:38.459Z debug
-- END CF API REQUEST
---

--- 2025-12-06T02:50:40.188Z debug
-- START CF API RESPONSE: OK 200
---

--- 2025-12-06T02:50:40.189Z debug
HEADERS: omitted; set WRANGLER_LOG_SANITIZE=false to include sanitized data
---

--- 2025-12-06T02:50:40.189Z debug
RESPONSE: omitted; set WRANGLER_LOG_SANITIZE=false to include sanitized data
---

--- 2025-12-06T02:50:40.189Z debug
-- END CF API RESPONSE
---

--- 2025-12-06T02:50:40.194Z debug
-- START CF API REQUEST: GET https://api.cloudflare.com/client/v4/zones
---

--- 2025-12-06T02:50:40.195Z debug
QUERY STRING: omitted; set WRANGLER_LOG_SANITIZE=false to include sanitized data
---

--- 2025-12-06T02:50:40.195Z debug
HEADERS: omitted; set WRANGLER_LOG_SANITIZE=false to include sanitized data
---

--- 2025-12-06T02:50:40.195Z debug
INIT: omitted; set WRANGLER_LOG_SANITIZE=false to include sanitized data
---

--- 2025-12-06T02:50:40.195Z debug
-- END CF API REQUEST
---

--- 2025-12-06T02:50:41.274Z debug
-- START CF API RESPONSE: OK 200
---

--- 2025-12-06T02:50:41.276Z debug
HEADERS: omitted; set WRANGLER_LOG_SANITIZE=false to include sanitized data
---

--- 2025-12-06T02:50:41.276Z debug
RESPONSE: omitted; set WRANGLER_LOG_SANITIZE=false to include sanitized data
---

--- 2025-12-06T02:50:41.276Z debug
-- END CF API RESPONSE
---

--- 2025-12-06T02:50:41.279Z debug
-- START CF API REQUEST: GET https://api.cloudflare.com/client/v4/zones/d8ae2086f2184f995b9c9991667c7824/workers/routes
---

--- 2025-12-06T02:50:41.279Z debug
QUERY STRING: omitted; set WRANGLER_LOG_SANITIZE=false to include sanitized data
---

--- 2025-12-06T02:50:41.279Z debug
HEADERS: omitted; set WRANGLER_LOG_SANITIZE=false to include sanitized data
---

--- 2025-12-06T02:50:41.279Z debug
INIT: omitted; set WRANGLER_LOG_SANITIZE=false to include sanitized data
---

--- 2025-12-06T02:50:41.279Z debug
-- END CF API REQUEST
---

--- 2025-12-06T02:50:42.772Z debug
-- START CF API RESPONSE: OK 200
---

--- 2025-12-06T02:50:42.773Z debug
HEADERS: omitted; set WRANGLER_LOG_SANITIZE=false to include sanitized data
---

--- 2025-12-06T02:50:42.773Z debug
RESPONSE: omitted; set WRANGLER_LOG_SANITIZE=false to include sanitized data
---

--- 2025-12-06T02:50:42.773Z debug
-- END CF API RESPONSE
---

--- 2025-12-06T02:50:42.775Z debug
-- START CF API REQUEST: PUT https://api.cloudflare.com/client/v4/accounts/7244d558947be2fcf9dbe2f94cb6f5d2/workers/scripts/worker-cctv/routes
---

--- 2025-12-06T02:50:42.775Z debug
QUERY STRING: omitted; set WRANGLER_LOG_SANITIZE=false to include sanitized data
---

--- 2025-12-06T02:50:42.775Z debug
HEADERS: omitted; set WRANGLER_LOG_SANITIZE=false to include sanitized data
---

--- 2025-12-06T02:50:42.775Z debug
INIT: omitted; set WRANGLER_LOG_SANITIZE=false to include sanitized data
---

--- 2025-12-06T02:50:42.775Z debug
-- END CF API REQUEST
---

--- 2025-12-06T02:50:44.529Z debug
-- START CF API RESPONSE: OK 200
---

--- 2025-12-06T02:50:44.530Z debug
HEADERS: omitted; set WRANGLER_LOG_SANITIZE=false to include sanitized data
---

--- 2025-12-06T02:50:44.531Z debug
RESPONSE: omitted; set WRANGLER_LOG_SANITIZE=false to include sanitized data
---

--- 2025-12-06T02:50:44.531Z debug
-- END CF API RESPONSE
---

--- 2025-12-06T02:50:44.532Z log
Deployed worker-cctv triggers (7.69 sec)
---

--- 2025-12-06T02:50:44.534Z log
  cctv.0ps.my.id/* (zone name: 0ps.my.id)
---

--- 2025-12-06T02:50:44.535Z log
Current Version ID: 0f351242-93aa-4ef2-ab9c-2c5d86a4701f
---

--- 2025-12-06T02:50:44.539Z debug
Metrics dispatcher: Posting data {"deviceId":"d39dff02-21f2-40cf-941a-454076f127d1","event":"deploy worker script","timestamp":1764989444539,"properties":{"category":"Workers","wranglerVersion":"4.53.0","os":"linux:x64","usesTypeScript":false,"durationMs":18292}}
---

--- 2025-12-06T02:50:44.560Z debug
Metrics dispatcher: Posting data {"deviceId":"d39dff02-21f2-40cf-941a-454076f127d1","event":"wrangler command completed","timestamp":1764989444560,"properties":{"amplitude_session_id":1764989424284,"amplitude_event_id":1,"wranglerVersion":"4.53.0","osPlatform":"Linux","osVersion":"#1 SMP PREEMPT_DYNAMIC Thu Jun  5 18:30:46 UTC 2025","nodeVersion":22,"isFirstUsage":false,"configFileType":"toml","isCI":false,"isPagesCI":false,"isWorkersCI":false,"isInteractive":true,"hasAssets":false,"argsUsed":[],"argsCombination":"","command":"wrangler deploy","args":{},"durationMs":20388,"durationSeconds":20.388,"durationMinutes":0.33980000000000005}}
---
