
--- 2025-12-25T18:39:12.040Z debug
🪵  Writing logs to "/home/hades/.config/.wrangler/logs/wrangler-2025-12-25_18-39-10_926.log"
---

--- 2025-12-25T18:39:12.039Z debug
Metrics dispatcher: Posting data {"deviceId":"d39dff02-21f2-40cf-941a-454076f127d1","event":"wrangler command started","timestamp":1766687952039,"properties":{"amplitude_session_id":1766687952031,"amplitude_event_id":0,"wranglerVersion":"4.54.0","osPlatform":"Linux","osVersion":"#1 SMP PREEMPT_DYNAMIC Thu Jun  5 18:30:46 UTC 2025","nodeVersion":22,"packageManager":"pnpm","isFirstUsage":false,"configFileType":"toml","isCI":false,"isPagesCI":false,"isWorkersCI":false,"isInteractive":true,"hasAssets":false,"argsUsed":["minify"],"argsCombination":"minify","command":"wrangler deploy","args":{}}}
---

--- 2025-12-25T18:39:12.088Z debug
.env file not found at "/home/hades/FUN/tempmail/lexa_tempmail/worker/.env". Continuing... For more details, refer to https://developers.cloudflare.com/workers/wrangler/system-environment-variables/
---

--- 2025-12-25T18:39:12.089Z debug
.env file not found at "/home/hades/FUN/tempmail/lexa_tempmail/worker/.env.local". Continuing... For more details, refer to https://developers.cloudflare.com/workers/wrangler/system-environment-variables/
---

--- 2025-12-25T18:39:12.196Z log

 ⛅️ wrangler 4.54.0
───────────────────
---

--- 2025-12-25T18:39:12.455Z debug
Retrieving cached values for account from node_modules/.cache/wrangler
---

--- 2025-12-25T18:39:12.456Z debug
Starting verifyWorkerMatchesCITag() with tag: undefined, name: cloudflare_temp_email
---

--- 2025-12-25T18:39:12.456Z debug
No WRANGLER_CI_MATCH_TAG variable provided, aborting verifyWorkerMatchesCITag()
---

--- 2025-12-25T18:39:12.463Z debug
-- START CF API REQUEST: GET https://api.cloudflare.com/client/v4/accounts/f006ec5b85550c77e565a3f9f99a35c0/workers/services/cloudflare_temp_email
---

--- 2025-12-25T18:39:12.463Z debug
QUERY STRING: omitted; set WRANGLER_LOG_SANITIZE=false to include sanitized data
---

--- 2025-12-25T18:39:12.464Z debug
HEADERS: omitted; set WRANGLER_LOG_SANITIZE=false to include sanitized data
---

--- 2025-12-25T18:39:12.464Z debug
INIT: omitted; set WRANGLER_LOG_SANITIZE=false to include sanitized data
---

--- 2025-12-25T18:39:12.464Z debug
-- END CF API REQUEST
---

--- 2025-12-25T18:39:14.223Z debug
-- START CF API RESPONSE: OK 200
---

--- 2025-12-25T18:39:14.225Z debug
HEADERS: omitted; set WRANGLER_LOG_SANITIZE=false to include sanitized data
---

--- 2025-12-25T18:39:14.226Z debug
RESPONSE: omitted; set WRANGLER_LOG_SANITIZE=false to include sanitized data
---

--- 2025-12-25T18:39:14.226Z debug
-- END CF API RESPONSE
---

--- 2025-12-25T18:39:14.235Z debug
-- START CF API REQUEST: GET https://api.cloudflare.com/client/v4/accounts/f006ec5b85550c77e565a3f9f99a35c0/workers/scripts/cloudflare_temp_email/secrets
---

--- 2025-12-25T18:39:14.235Z debug
QUERY STRING: omitted; set WRANGLER_LOG_SANITIZE=false to include sanitized data
---

--- 2025-12-25T18:39:14.235Z debug
HEADERS: omitted; set WRANGLER_LOG_SANITIZE=false to include sanitized data
---

--- 2025-12-25T18:39:14.235Z debug
INIT: omitted; set WRANGLER_LOG_SANITIZE=false to include sanitized data
---

--- 2025-12-25T18:39:14.235Z debug
-- END CF API REQUEST
---

--- 2025-12-25T18:39:15.728Z debug
-- START CF API RESPONSE: OK 200
---

--- 2025-12-25T18:39:15.729Z debug
HEADERS: omitted; set WRANGLER_LOG_SANITIZE=false to include sanitized data
---

--- 2025-12-25T18:39:15.729Z debug
RESPONSE: omitted; set WRANGLER_LOG_SANITIZE=false to include sanitized data
---

--- 2025-12-25T18:39:15.729Z debug
-- END CF API RESPONSE
---

--- 2025-12-25T18:39:15.736Z debug
-- START CF API REQUEST: GET https://api.cloudflare.com/client/v4/accounts/f006ec5b85550c77e565a3f9f99a35c0/workers/scripts/cloudflare_temp_email/deployments
---

--- 2025-12-25T18:39:15.736Z debug
QUERY STRING: omitted; set WRANGLER_LOG_SANITIZE=false to include sanitized data
---

--- 2025-12-25T18:39:15.736Z debug
HEADERS: omitted; set WRANGLER_LOG_SANITIZE=false to include sanitized data
---

--- 2025-12-25T18:39:15.737Z debug
INIT: omitted; set WRANGLER_LOG_SANITIZE=false to include sanitized data
---

--- 2025-12-25T18:39:15.737Z debug
-- END CF API REQUEST
---

--- 2025-12-25T18:39:17.241Z debug
-- START CF API RESPONSE: OK 200
---

--- 2025-12-25T18:39:17.242Z debug
HEADERS: omitted; set WRANGLER_LOG_SANITIZE=false to include sanitized data
---

--- 2025-12-25T18:39:17.242Z debug
RESPONSE: omitted; set WRANGLER_LOG_SANITIZE=false to include sanitized data
---

--- 2025-12-25T18:39:17.242Z debug
-- END CF API RESPONSE
---

--- 2025-12-25T18:39:19.356Z log
Total Upload: 1626.92 KiB / gzip: 459.30 KiB
---

--- 2025-12-25T18:39:19.358Z debug
-- START CF API REQUEST: GET https://api.cloudflare.com/client/v4/accounts/f006ec5b85550c77e565a3f9f99a35c0/workers/scripts/cloudflare_temp_email/settings
---

--- 2025-12-25T18:39:19.358Z debug
QUERY STRING: omitted; set WRANGLER_LOG_SANITIZE=false to include sanitized data
---

--- 2025-12-25T18:39:19.358Z debug
HEADERS: omitted; set WRANGLER_LOG_SANITIZE=false to include sanitized data
---

--- 2025-12-25T18:39:19.359Z debug
INIT: omitted; set WRANGLER_LOG_SANITIZE=false to include sanitized data
---

--- 2025-12-25T18:39:19.359Z debug
-- END CF API REQUEST
---

--- 2025-12-25T18:39:20.933Z debug
-- START CF API RESPONSE: OK 200
---

--- 2025-12-25T18:39:20.934Z debug
HEADERS: omitted; set WRANGLER_LOG_SANITIZE=false to include sanitized data
---

--- 2025-12-25T18:39:20.934Z debug
RESPONSE: omitted; set WRANGLER_LOG_SANITIZE=false to include sanitized data
---

--- 2025-12-25T18:39:20.934Z debug
-- END CF API RESPONSE
---

--- 2025-12-25T18:39:20.947Z debug
-- START CF API REQUEST: POST https://api.cloudflare.com/client/v4/accounts/f006ec5b85550c77e565a3f9f99a35c0/workers/scripts/cloudflare_temp_email/versions
---

--- 2025-12-25T18:39:20.947Z debug
QUERY STRING: omitted; set WRANGLER_LOG_SANITIZE=false to include sanitized data
---

--- 2025-12-25T18:39:20.948Z debug
HEADERS: omitted; set WRANGLER_LOG_SANITIZE=false to include sanitized data
---

--- 2025-12-25T18:39:20.948Z debug
INIT: omitted; set WRANGLER_LOG_SANITIZE=false to include sanitized data
---

--- 2025-12-25T18:39:20.966Z debug
BODY: omitted; set WRANGLER_LOG_SANITIZE=false to include sanitized data
---

--- 2025-12-25T18:39:20.966Z debug
-- END CF API REQUEST
---

--- 2025-12-25T18:39:30.786Z debug
-- START CF API RESPONSE: OK 200
---

--- 2025-12-25T18:39:30.787Z debug
HEADERS: omitted; set WRANGLER_LOG_SANITIZE=false to include sanitized data
---

--- 2025-12-25T18:39:30.787Z debug
RESPONSE: omitted; set WRANGLER_LOG_SANITIZE=false to include sanitized data
---

--- 2025-12-25T18:39:30.787Z debug
-- END CF API RESPONSE
---

--- 2025-12-25T18:39:30.797Z debug
-- START CF API REQUEST: POST https://api.cloudflare.com/client/v4/accounts/f006ec5b85550c77e565a3f9f99a35c0/workers/scripts/cloudflare_temp_email/deployments
---

--- 2025-12-25T18:39:30.797Z debug
QUERY STRING: omitted; set WRANGLER_LOG_SANITIZE=false to include sanitized data
---

--- 2025-12-25T18:39:30.797Z debug
HEADERS: omitted; set WRANGLER_LOG_SANITIZE=false to include sanitized data
---

--- 2025-12-25T18:39:30.797Z debug
INIT: omitted; set WRANGLER_LOG_SANITIZE=false to include sanitized data
---

--- 2025-12-25T18:39:30.797Z debug
-- END CF API REQUEST
---

--- 2025-12-25T18:39:32.562Z debug
-- START CF API RESPONSE: OK 200
---

--- 2025-12-25T18:39:32.563Z debug
HEADERS: omitted; set WRANGLER_LOG_SANITIZE=false to include sanitized data
---

--- 2025-12-25T18:39:32.563Z debug
RESPONSE: omitted; set WRANGLER_LOG_SANITIZE=false to include sanitized data
---

--- 2025-12-25T18:39:32.563Z debug
-- END CF API RESPONSE
---

--- 2025-12-25T18:39:32.566Z debug
-- START CF API REQUEST: PATCH https://api.cloudflare.com/client/v4/accounts/f006ec5b85550c77e565a3f9f99a35c0/workers/scripts/cloudflare_temp_email/script-settings
---

--- 2025-12-25T18:39:32.567Z debug
QUERY STRING: omitted; set WRANGLER_LOG_SANITIZE=false to include sanitized data
---

--- 2025-12-25T18:39:32.567Z debug
HEADERS: omitted; set WRANGLER_LOG_SANITIZE=false to include sanitized data
---

--- 2025-12-25T18:39:32.567Z debug
INIT: omitted; set WRANGLER_LOG_SANITIZE=false to include sanitized data
---

--- 2025-12-25T18:39:32.567Z debug
-- END CF API REQUEST
---

--- 2025-12-25T18:39:34.339Z debug
-- START CF API RESPONSE: OK 200
---

--- 2025-12-25T18:39:34.340Z debug
HEADERS: omitted; set WRANGLER_LOG_SANITIZE=false to include sanitized data
---

--- 2025-12-25T18:39:34.340Z debug
RESPONSE: omitted; set WRANGLER_LOG_SANITIZE=false to include sanitized data
---

--- 2025-12-25T18:39:34.340Z debug
-- END CF API RESPONSE
---

--- 2025-12-25T18:39:34.341Z log
Worker Startup Time: 54 ms
---

--- 2025-12-25T18:39:34.345Z log
Your Worker has access to the following bindings:
---

--- 2025-12-25T18:39:34.345Z log
Binding                         Resource                
---

--- 2025-12-25T18:39:34.346Z log
env.SEND_MAIL                   Send Email              
  unrestricted
---

--- 2025-12-25T18:39:34.346Z log
env.DB                          D1 Database             
  lexa-tempmail-dev
---

--- 2025-12-25T18:39:34.347Z log
env.DEFAULT_LANG                Environment Variable    
  "en"
---

--- 2025-12-25T18:39:34.347Z log
env.PREFIX                      Environment Variable    
  ""
---

--- 2025-12-25T18:39:34.348Z log
env.ADMIN_PASSWORDS             Environment Variable    
  ["Arema132."]
---

--- 2025-12-25T18:39:34.348Z log
env.DEFAULT_DOMAINS             Environment Variable    
  ["lexa.my.id"]
---

--- 2025-12-25T18:39:34.348Z log
env.DOMAINS                     Environment Variable    
  ["lexa.my.id"]
---

--- 2025-12-25T18:39:34.349Z log
env.JWT_SECRET                  Environment Variable    
  "JTmkVH30AkAv+Rkdh0adOReDa9cOIzuAI0BYJ..."
---

--- 2025-12-25T18:39:34.350Z log
env.BLACK_LIST                  Environment Variable    
  ""
---

--- 2025-12-25T18:39:34.352Z log
env.ENABLE_USER_CREATE_EMAIL    Environment Variable    
  true
---

--- 2025-12-25T18:39:34.352Z log
env.ENABLE_USER_DELETE_EMAIL    Environment Variable    
  true
---

--- 2025-12-25T18:39:34.353Z log
env.ENABLE_AUTO_REPLY           Environment Variable    
  false
---

--- 2025-12-25T18:39:34.353Z log
env.CF_TURNSTILE_SITE_KEY       Environment Variable    
  "0x4AAAAAACJExvZEoLPf3P8C"
---

--- 2025-12-25T18:39:34.354Z log
env.CF_TURNSTILE_SECRET_KEY     Environment Variable    
  "0x4AAAAAACJExrezM3hZhstE5MnCzflEm3I"
---

--- 2025-12-25T18:39:34.355Z log

---

--- 2025-12-25T18:39:34.395Z log
Uploaded cloudflare_temp_email (18.66 sec)
---

--- 2025-12-25T18:39:34.402Z debug
-- START CF API REQUEST: GET https://api.cloudflare.com/client/v4/accounts/f006ec5b85550c77e565a3f9f99a35c0/workers/scripts/cloudflare_temp_email/subdomain
---

--- 2025-12-25T18:39:34.402Z debug
QUERY STRING: omitted; set WRANGLER_LOG_SANITIZE=false to include sanitized data
---

--- 2025-12-25T18:39:34.403Z debug
HEADERS: omitted; set WRANGLER_LOG_SANITIZE=false to include sanitized data
---

--- 2025-12-25T18:39:34.403Z debug
INIT: omitted; set WRANGLER_LOG_SANITIZE=false to include sanitized data
---

--- 2025-12-25T18:39:34.403Z debug
-- END CF API REQUEST
---

--- 2025-12-25T18:39:36.092Z debug
-- START CF API RESPONSE: OK 200
---

--- 2025-12-25T18:39:36.093Z debug
HEADERS: omitted; set WRANGLER_LOG_SANITIZE=false to include sanitized data
---

--- 2025-12-25T18:39:36.093Z debug
RESPONSE: omitted; set WRANGLER_LOG_SANITIZE=false to include sanitized data
---

--- 2025-12-25T18:39:36.093Z debug
-- END CF API RESPONSE
---

--- 2025-12-25T18:39:36.094Z debug
-- START CF API REQUEST: POST https://api.cloudflare.com/client/v4/accounts/f006ec5b85550c77e565a3f9f99a35c0/workers/scripts/cloudflare_temp_email/subdomain
---

--- 2025-12-25T18:39:36.094Z debug
QUERY STRING: omitted; set WRANGLER_LOG_SANITIZE=false to include sanitized data
---

--- 2025-12-25T18:39:36.094Z debug
HEADERS: omitted; set WRANGLER_LOG_SANITIZE=false to include sanitized data
---

--- 2025-12-25T18:39:36.095Z debug
INIT: omitted; set WRANGLER_LOG_SANITIZE=false to include sanitized data
---

--- 2025-12-25T18:39:36.095Z debug
-- END CF API REQUEST
---

--- 2025-12-25T18:39:37.817Z debug
-- START CF API RESPONSE: OK 200
---

--- 2025-12-25T18:39:37.819Z debug
HEADERS: omitted; set WRANGLER_LOG_SANITIZE=false to include sanitized data
---

--- 2025-12-25T18:39:37.819Z debug
RESPONSE: omitted; set WRANGLER_LOG_SANITIZE=false to include sanitized data
---

--- 2025-12-25T18:39:37.819Z debug
-- END CF API RESPONSE
---

--- 2025-12-25T18:39:37.826Z debug
-- START CF API REQUEST: GET https://api.cloudflare.com/client/v4/zones
---

--- 2025-12-25T18:39:37.826Z debug
QUERY STRING: omitted; set WRANGLER_LOG_SANITIZE=false to include sanitized data
---

--- 2025-12-25T18:39:37.826Z debug
HEADERS: omitted; set WRANGLER_LOG_SANITIZE=false to include sanitized data
---

--- 2025-12-25T18:39:37.826Z debug
INIT: omitted; set WRANGLER_LOG_SANITIZE=false to include sanitized data
---

--- 2025-12-25T18:39:37.826Z debug
-- END CF API REQUEST
---

--- 2025-12-25T18:39:39.122Z debug
-- START CF API RESPONSE: OK 200
---

--- 2025-12-25T18:39:39.124Z debug
HEADERS: omitted; set WRANGLER_LOG_SANITIZE=false to include sanitized data
---

--- 2025-12-25T18:39:39.124Z debug
RESPONSE: omitted; set WRANGLER_LOG_SANITIZE=false to include sanitized data
---

--- 2025-12-25T18:39:39.124Z debug
-- END CF API RESPONSE
---

--- 2025-12-25T18:39:39.125Z debug
-- START CF API REQUEST: GET https://api.cloudflare.com/client/v4/zones
---

--- 2025-12-25T18:39:39.125Z debug
QUERY STRING: omitted; set WRANGLER_LOG_SANITIZE=false to include sanitized data
---

--- 2025-12-25T18:39:39.126Z debug
HEADERS: omitted; set WRANGLER_LOG_SANITIZE=false to include sanitized data
---

--- 2025-12-25T18:39:39.126Z debug
INIT: omitted; set WRANGLER_LOG_SANITIZE=false to include sanitized data
---

--- 2025-12-25T18:39:39.126Z debug
-- END CF API REQUEST
---

--- 2025-12-25T18:39:40.207Z debug
-- START CF API RESPONSE: OK 200
---

--- 2025-12-25T18:39:40.209Z debug
HEADERS: omitted; set WRANGLER_LOG_SANITIZE=false to include sanitized data
---

--- 2025-12-25T18:39:40.209Z debug
RESPONSE: omitted; set WRANGLER_LOG_SANITIZE=false to include sanitized data
---

--- 2025-12-25T18:39:40.209Z debug
-- END CF API RESPONSE
---

--- 2025-12-25T18:39:40.212Z debug
-- START CF API REQUEST: GET https://api.cloudflare.com/client/v4/zones/3135039f210c2bf30cd0fec4c5397c78/workers/routes
---

--- 2025-12-25T18:39:40.212Z debug
QUERY STRING: omitted; set WRANGLER_LOG_SANITIZE=false to include sanitized data
---

--- 2025-12-25T18:39:40.212Z debug
HEADERS: omitted; set WRANGLER_LOG_SANITIZE=false to include sanitized data
---

--- 2025-12-25T18:39:40.212Z debug
INIT: omitted; set WRANGLER_LOG_SANITIZE=false to include sanitized data
---

--- 2025-12-25T18:39:40.212Z debug
-- END CF API REQUEST
---

--- 2025-12-25T18:39:41.751Z debug
-- START CF API RESPONSE: OK 200
---

--- 2025-12-25T18:39:41.752Z debug
HEADERS: omitted; set WRANGLER_LOG_SANITIZE=false to include sanitized data
---

--- 2025-12-25T18:39:41.752Z debug
RESPONSE: omitted; set WRANGLER_LOG_SANITIZE=false to include sanitized data
---

--- 2025-12-25T18:39:41.752Z debug
-- END CF API RESPONSE
---

--- 2025-12-25T18:39:41.754Z debug
-- START CF API REQUEST: POST https://api.cloudflare.com/client/v4/accounts/f006ec5b85550c77e565a3f9f99a35c0/workers/scripts/cloudflare_temp_email/domains/changeset?replace_state=true
---

--- 2025-12-25T18:39:41.754Z debug
QUERY STRING: omitted; set WRANGLER_LOG_SANITIZE=false to include sanitized data
---

--- 2025-12-25T18:39:41.754Z debug
HEADERS: omitted; set WRANGLER_LOG_SANITIZE=false to include sanitized data
---

--- 2025-12-25T18:39:41.754Z debug
INIT: omitted; set WRANGLER_LOG_SANITIZE=false to include sanitized data
---

--- 2025-12-25T18:39:41.754Z debug
-- END CF API REQUEST
---

--- 2025-12-25T18:39:44.019Z debug
-- START CF API RESPONSE: OK 200
---

--- 2025-12-25T18:39:44.020Z debug
HEADERS: omitted; set WRANGLER_LOG_SANITIZE=false to include sanitized data
---

--- 2025-12-25T18:39:44.020Z debug
RESPONSE: omitted; set WRANGLER_LOG_SANITIZE=false to include sanitized data
---

--- 2025-12-25T18:39:44.020Z debug
-- END CF API RESPONSE
---

--- 2025-12-25T18:39:44.021Z debug
-- START CF API REQUEST: PUT https://api.cloudflare.com/client/v4/accounts/f006ec5b85550c77e565a3f9f99a35c0/workers/scripts/cloudflare_temp_email/domains/records
---

--- 2025-12-25T18:39:44.022Z debug
QUERY STRING: omitted; set WRANGLER_LOG_SANITIZE=false to include sanitized data
---

--- 2025-12-25T18:39:44.022Z debug
HEADERS: omitted; set WRANGLER_LOG_SANITIZE=false to include sanitized data
---

--- 2025-12-25T18:39:44.022Z debug
INIT: omitted; set WRANGLER_LOG_SANITIZE=false to include sanitized data
---

--- 2025-12-25T18:39:44.022Z debug
-- END CF API REQUEST
---

--- 2025-12-25T18:39:45.700Z debug
-- START CF API RESPONSE: OK 200
---

--- 2025-12-25T18:39:45.701Z debug
HEADERS: omitted; set WRANGLER_LOG_SANITIZE=false to include sanitized data
---

--- 2025-12-25T18:39:45.701Z debug
RESPONSE: omitted; set WRANGLER_LOG_SANITIZE=false to include sanitized data
---

--- 2025-12-25T18:39:45.701Z debug
-- END CF API RESPONSE
---

--- 2025-12-25T18:39:45.702Z log
Deployed cloudflare_temp_email triggers (11.30 sec)
---

--- 2025-12-25T18:39:45.703Z log
  temp-mail-api.lexa.my.id (custom domain)
---

--- 2025-12-25T18:39:45.703Z log
Current Version ID: 3b670e1d-e544-4389-96a7-467cd3686fb6
---

--- 2025-12-25T18:39:45.706Z debug
Metrics dispatcher: Posting data {"deviceId":"d39dff02-21f2-40cf-941a-454076f127d1","event":"deploy worker script","timestamp":1766687985706,"properties":{"category":"Workers","wranglerVersion":"4.54.0","os":"linux:x64","usesTypeScript":true,"durationMs":33249}}
---

--- 2025-12-25T18:39:45.718Z debug
Metrics dispatcher: Posting data {"deviceId":"d39dff02-21f2-40cf-941a-454076f127d1","event":"wrangler command completed","timestamp":1766687985718,"properties":{"amplitude_session_id":1766687952031,"amplitude_event_id":1,"wranglerVersion":"4.54.0","osPlatform":"Linux","osVersion":"#1 SMP PREEMPT_DYNAMIC Thu Jun  5 18:30:46 UTC 2025","nodeVersion":22,"packageManager":"pnpm","isFirstUsage":false,"configFileType":"toml","isCI":false,"isPagesCI":false,"isWorkersCI":false,"isInteractive":true,"hasAssets":false,"argsUsed":["minify"],"argsCombination":"minify","command":"wrangler deploy","args":{},"durationMs":33775,"durationSeconds":33.775,"durationMinutes":0.5629166666666666}}
---
