
--- 2025-12-25T16:48:56.654Z debug
🪵  Writing logs to "/home/hades/.config/.wrangler/logs/wrangler-2025-12-25_16-48-55_815.log"
---

--- 2025-12-25T16:48:56.653Z debug
Metrics dispatcher: Posting data {"deviceId":"d39dff02-21f2-40cf-941a-454076f127d1","event":"wrangler command started","timestamp":1766681336653,"properties":{"amplitude_session_id":1766681336650,"amplitude_event_id":0,"wranglerVersion":"4.53.0","osPlatform":"Linux","osVersion":"#1 SMP PREEMPT_DYNAMIC Thu Jun  5 18:30:46 UTC 2025","nodeVersion":22,"isFirstUsage":false,"configFileType":"toml","isCI":false,"isPagesCI":false,"isWorkersCI":false,"isInteractive":true,"hasAssets":false,"argsUsed":[],"argsCombination":"","command":"wrangler d1 create","args":{}}}
---

--- 2025-12-25T16:48:56.684Z debug
.env file not found at "/home/hades/FUN/tempmail/cloudflare_temp_email/worker/.env". Continuing... For more details, refer to https://developers.cloudflare.com/workers/wrangler/system-environment-variables/
---

--- 2025-12-25T16:48:56.684Z debug
.env file not found at "/home/hades/FUN/tempmail/cloudflare_temp_email/worker/.env.local". Continuing... For more details, refer to https://developers.cloudflare.com/workers/wrangler/system-environment-variables/
---

--- 2025-12-25T16:48:56.735Z log

 ⛅️ wrangler 4.53.0 (update available 4.54.0)
─────────────────────────────────────────────
---

--- 2025-12-25T16:48:56.824Z debug
Retrieving cached values for account from node_modules/.cache/wrangler
---

--- 2025-12-25T16:48:56.828Z debug
-- START CF API REQUEST: POST https://api.cloudflare.com/client/v4/accounts/f006ec5b85550c77e565a3f9f99a35c0/d1/database
---

--- 2025-12-25T16:48:56.828Z debug
QUERY STRING: omitted; set WRANGLER_LOG_SANITIZE=false to include sanitized data
---

--- 2025-12-25T16:48:56.830Z debug
HEADERS: omitted; set WRANGLER_LOG_SANITIZE=false to include sanitized data
---

--- 2025-12-25T16:48:56.830Z debug
INIT: omitted; set WRANGLER_LOG_SANITIZE=false to include sanitized data
---

--- 2025-12-25T16:48:56.830Z debug
-- END CF API REQUEST
---

--- 2025-12-25T16:49:00.106Z debug
-- START CF API RESPONSE: OK 200
---

--- 2025-12-25T16:49:00.107Z debug
HEADERS: omitted; set WRANGLER_LOG_SANITIZE=false to include sanitized data
---

--- 2025-12-25T16:49:00.107Z debug
RESPONSE: omitted; set WRANGLER_LOG_SANITIZE=false to include sanitized data
---

--- 2025-12-25T16:49:00.107Z debug
-- END CF API RESPONSE
---

--- 2025-12-25T16:49:00.112Z log
✅ Successfully created DB 'dev' in region APAC
---

--- 2025-12-25T16:49:00.113Z log
Created your new D1 database.

---

--- 2025-12-25T16:49:00.114Z log
To access your new D1 Database in your Worker, add the following snippet to your configuration file:
---

--- 2025-12-25T16:49:00.116Z log
[[d1_databases]]
binding = "dev"
database_name = "dev"
database_id = "51eab037-38ad-447c-9d4b-c49377818053"

---

--- 2025-12-25T16:49:00.119Z debug
Metrics dispatcher: Posting data {"deviceId":"d39dff02-21f2-40cf-941a-454076f127d1","event":"wrangler command completed","timestamp":1766681340119,"properties":{"amplitude_session_id":1766681336650,"amplitude_event_id":1,"wranglerVersion":"4.53.0","osPlatform":"Linux","osVersion":"#1 SMP PREEMPT_DYNAMIC Thu Jun  5 18:30:46 UTC 2025","nodeVersion":22,"isFirstUsage":false,"configFileType":"toml","isCI":false,"isPagesCI":false,"isWorkersCI":false,"isInteractive":true,"hasAssets":false,"argsUsed":[],"argsCombination":"","command":"wrangler d1 create","args":{},"durationMs":3600,"durationSeconds":3.6,"durationMinutes":0.060000000000000005}}
---
