
--- 2026-01-02T06:07:51.988Z debug
🪵  Writing logs to "/home/hades/.config/.wrangler/logs/wrangler-2026-01-02_06-07-51_052.log"
---

--- 2026-01-02T06:07:51.988Z debug
Metrics dispatcher: Posting data {"deviceId":"d39dff02-21f2-40cf-941a-454076f127d1","event":"wrangler command started","timestamp":1767334071987,"properties":{"amplitude_session_id":1767334071981,"amplitude_event_id":0,"wranglerVersion":"4.53.0","osPlatform":"Linux","osVersion":"#1 SMP PREEMPT_DYNAMIC Thu Jun  5 18:30:46 UTC 2025","nodeVersion":22,"isFirstUsage":false,"configFileType":"toml","isCI":false,"isPagesCI":false,"isWorkersCI":false,"isInteractive":true,"hasAssets":false,"argsUsed":["remote"],"argsCombination":"remote","command":"wrangler d1 execute","args":{}}}
---

--- 2026-01-02T06:07:52.022Z debug
.env file not found at "/home/hades/FUN/cloudflareProjet/passvault/.env.local". Continuing... For more details, refer to https://developers.cloudflare.com/workers/wrangler/system-environment-variables/
---

--- 2026-01-02T06:07:52.102Z log

 ⛅️ wrangler 4.53.0 (update available 4.54.0)
─────────────────────────────────────────────
---

--- 2026-01-02T06:07:52.107Z log
Resource location: remote 

---

--- 2026-01-02T06:07:52.196Z debug
Retrieving cached values for account from node_modules/.cache/wrangler
---

--- 2026-01-02T06:07:52.199Z debug
-- START CF API REQUEST: GET https://api.cloudflare.com/client/v4/accounts/f006ec5b85550c77e565a3f9f99a35c0/d1/database
---

--- 2026-01-02T06:07:52.199Z debug
QUERY STRING: omitted; set WRANGLER_LOG_SANITIZE=false to include sanitized data
---

--- 2026-01-02T06:07:52.201Z debug
HEADERS: omitted; set WRANGLER_LOG_SANITIZE=false to include sanitized data
---

--- 2026-01-02T06:07:52.201Z debug
INIT: omitted; set WRANGLER_LOG_SANITIZE=false to include sanitized data
---

--- 2026-01-02T06:07:52.201Z debug
-- END CF API REQUEST
---

--- 2026-01-02T06:07:53.717Z debug
-- START CF API RESPONSE: OK 200
---

--- 2026-01-02T06:07:53.719Z debug
HEADERS: omitted; set WRANGLER_LOG_SANITIZE=false to include sanitized data
---

--- 2026-01-02T06:07:53.719Z debug
RESPONSE: omitted; set WRANGLER_LOG_SANITIZE=false to include sanitized data
---

--- 2026-01-02T06:07:53.719Z debug
-- END CF API RESPONSE
---

--- 2026-01-02T06:07:53.726Z log
🌀 Executing on remote database passvault-db (ed03d8fe-6a25-4682-9406-2f3410ebc417):
---

--- 2026-01-02T06:07:53.727Z log
🌀 To execute on your local development database, remove the --remote flag from your wrangler command.
---

--- 2026-01-02T06:07:53.728Z debug
-- START CF API REQUEST: POST https://api.cloudflare.com/client/v4/accounts/f006ec5b85550c77e565a3f9f99a35c0/d1/database/ed03d8fe-6a25-4682-9406-2f3410ebc417/query
---

--- 2026-01-02T06:07:53.728Z debug
QUERY STRING: omitted; set WRANGLER_LOG_SANITIZE=false to include sanitized data
---

--- 2026-01-02T06:07:53.728Z debug
HEADERS: omitted; set WRANGLER_LOG_SANITIZE=false to include sanitized data
---

--- 2026-01-02T06:07:53.728Z debug
INIT: omitted; set WRANGLER_LOG_SANITIZE=false to include sanitized data
---

--- 2026-01-02T06:07:53.729Z debug
-- END CF API REQUEST
---

--- 2026-01-02T06:07:54.487Z debug
-- START CF API RESPONSE: OK 200
---

--- 2026-01-02T06:07:54.487Z debug
HEADERS: omitted; set WRANGLER_LOG_SANITIZE=false to include sanitized data
---

--- 2026-01-02T06:07:54.487Z debug
RESPONSE: omitted; set WRANGLER_LOG_SANITIZE=false to include sanitized data
---

--- 2026-01-02T06:07:54.487Z debug
-- END CF API RESPONSE
---

--- 2026-01-02T06:07:54.489Z log
🚣 Executed 1 command in 0.43ms
---

--- 2026-01-02T06:07:54.512Z log
┌──────────────────────┬─────────────┐
│ email                │ role        │
├──────────────────────┼─────────────┤
│ bangundwir@gmail.com │ super_admin │
└──────────────────────┴─────────────┘
---

--- 2026-01-02T06:07:54.515Z debug
Metrics dispatcher: Posting data {"deviceId":"d39dff02-21f2-40cf-941a-454076f127d1","event":"wrangler command completed","timestamp":1767334074515,"properties":{"amplitude_session_id":1767334071981,"amplitude_event_id":1,"wranglerVersion":"4.53.0","osPlatform":"Linux","osVersion":"#1 SMP PREEMPT_DYNAMIC Thu Jun  5 18:30:46 UTC 2025","nodeVersion":22,"isFirstUsage":false,"configFileType":"toml","isCI":false,"isPagesCI":false,"isWorkersCI":false,"isInteractive":true,"hasAssets":false,"argsUsed":["remote"],"argsCombination":"remote","command":"wrangler d1 execute","args":{},"durationMs":2667,"durationSeconds":2.667,"durationMinutes":0.044449999999999996}}
---
