
--- 2025-12-25T17:29:55.707Z debug
🪵  Writing logs to "/home/hades/.config/.wrangler/logs/wrangler-2025-12-25_17-29-55_312.log"
---

--- 2025-12-25T17:29:55.706Z debug
Metrics dispatcher: Posting data {"deviceId":"d39dff02-21f2-40cf-941a-454076f127d1","event":"wrangler command started","timestamp":1766683795706,"properties":{"amplitude_session_id":1766683795701,"amplitude_event_id":0,"wranglerVersion":"4.54.0","osPlatform":"Linux","osVersion":"#1 SMP PREEMPT_DYNAMIC Thu Jun  5 18:30:46 UTC 2025","nodeVersion":22,"packageManager":"pnpm","isFirstUsage":false,"configFileType":"toml","isCI":false,"isPagesCI":false,"isWorkersCI":false,"isInteractive":true,"hasAssets":false,"argsUsed":["minify"],"argsCombination":"minify","command":"wrangler deploy","args":{}}}
---

--- 2025-12-25T17:29:55.729Z debug
.env file not found at "/home/hades/FUN/tempmail/lexa_tempmail/worker/.env". Continuing... For more details, refer to https://developers.cloudflare.com/workers/wrangler/system-environment-variables/
---

--- 2025-12-25T17:29:55.730Z debug
.env file not found at "/home/hades/FUN/tempmail/lexa_tempmail/worker/.env.local". Continuing... For more details, refer to https://developers.cloudflare.com/workers/wrangler/system-environment-variables/
---

--- 2025-12-25T17:29:55.827Z log

 ⛅️ wrangler 4.54.0
───────────────────
---

--- 2025-12-25T17:29:56.067Z debug
Retrieving cached values for account from node_modules/.cache/wrangler
---

--- 2025-12-25T17:29:56.069Z debug
Starting verifyWorkerMatchesCITag() with tag: undefined, name: cloudflare_temp_email
---

--- 2025-12-25T17:29:56.069Z debug
No WRANGLER_CI_MATCH_TAG variable provided, aborting verifyWorkerMatchesCITag()
---

--- 2025-12-25T17:29:56.078Z debug
-- START CF API REQUEST: GET https://api.cloudflare.com/client/v4/accounts/f006ec5b85550c77e565a3f9f99a35c0/workers/services/cloudflare_temp_email
---

--- 2025-12-25T17:29:56.078Z debug
QUERY STRING: omitted; set WRANGLER_LOG_SANITIZE=false to include sanitized data
---

--- 2025-12-25T17:29:56.080Z debug
HEADERS: omitted; set WRANGLER_LOG_SANITIZE=false to include sanitized data
---

--- 2025-12-25T17:29:56.080Z debug
INIT: omitted; set WRANGLER_LOG_SANITIZE=false to include sanitized data
---

--- 2025-12-25T17:29:56.080Z debug
-- END CF API REQUEST
---

--- 2025-12-25T17:29:58.034Z debug
-- START CF API RESPONSE: OK 200
---

--- 2025-12-25T17:29:58.037Z debug
HEADERS: omitted; set WRANGLER_LOG_SANITIZE=false to include sanitized data
---

--- 2025-12-25T17:29:58.037Z debug
RESPONSE: omitted; set WRANGLER_LOG_SANITIZE=false to include sanitized data
---

--- 2025-12-25T17:29:58.037Z debug
-- END CF API RESPONSE
---

--- 2025-12-25T17:29:58.047Z debug
-- START CF API REQUEST: GET https://api.cloudflare.com/client/v4/accounts/f006ec5b85550c77e565a3f9f99a35c0/workers/scripts/cloudflare_temp_email/secrets
---

--- 2025-12-25T17:29:58.048Z debug
QUERY STRING: omitted; set WRANGLER_LOG_SANITIZE=false to include sanitized data
---

--- 2025-12-25T17:29:58.048Z debug
HEADERS: omitted; set WRANGLER_LOG_SANITIZE=false to include sanitized data
---

--- 2025-12-25T17:29:58.048Z debug
INIT: omitted; set WRANGLER_LOG_SANITIZE=false to include sanitized data
---

--- 2025-12-25T17:29:58.048Z debug
-- END CF API REQUEST
---

--- 2025-12-25T17:29:59.583Z debug
-- START CF API RESPONSE: OK 200
---

--- 2025-12-25T17:29:59.584Z debug
HEADERS: omitted; set WRANGLER_LOG_SANITIZE=false to include sanitized data
---

--- 2025-12-25T17:29:59.584Z debug
RESPONSE: omitted; set WRANGLER_LOG_SANITIZE=false to include sanitized data
---

--- 2025-12-25T17:29:59.584Z debug
-- END CF API RESPONSE
---

--- 2025-12-25T17:29:59.591Z debug
-- START CF API REQUEST: GET https://api.cloudflare.com/client/v4/accounts/f006ec5b85550c77e565a3f9f99a35c0/workers/scripts/cloudflare_temp_email/deployments
---

--- 2025-12-25T17:29:59.591Z debug
QUERY STRING: omitted; set WRANGLER_LOG_SANITIZE=false to include sanitized data
---

--- 2025-12-25T17:29:59.591Z debug
HEADERS: omitted; set WRANGLER_LOG_SANITIZE=false to include sanitized data
---

--- 2025-12-25T17:29:59.591Z debug
INIT: omitted; set WRANGLER_LOG_SANITIZE=false to include sanitized data
---

--- 2025-12-25T17:29:59.591Z debug
-- END CF API REQUEST
---

--- 2025-12-25T17:30:01.259Z debug
-- START CF API RESPONSE: OK 200
---

--- 2025-12-25T17:30:01.260Z debug
HEADERS: omitted; set WRANGLER_LOG_SANITIZE=false to include sanitized data
---

--- 2025-12-25T17:30:01.260Z debug
RESPONSE: omitted; set WRANGLER_LOG_SANITIZE=false to include sanitized data
---

--- 2025-12-25T17:30:01.260Z debug
-- END CF API RESPONSE
---

--- 2025-12-25T17:30:03.522Z log
Total Upload: 1624.03 KiB / gzip: 458.69 KiB
---

--- 2025-12-25T17:30:03.525Z debug
-- START CF API REQUEST: GET https://api.cloudflare.com/client/v4/accounts/f006ec5b85550c77e565a3f9f99a35c0/workers/scripts/cloudflare_temp_email/settings
---

--- 2025-12-25T17:30:03.525Z debug
QUERY STRING: omitted; set WRANGLER_LOG_SANITIZE=false to include sanitized data
---

--- 2025-12-25T17:30:03.525Z debug
HEADERS: omitted; set WRANGLER_LOG_SANITIZE=false to include sanitized data
---

--- 2025-12-25T17:30:03.525Z debug
INIT: omitted; set WRANGLER_LOG_SANITIZE=false to include sanitized data
---

--- 2025-12-25T17:30:03.525Z debug
-- END CF API REQUEST
---

--- 2025-12-25T17:30:07.149Z debug
-- START CF API RESPONSE: OK 200
---

--- 2025-12-25T17:30:07.150Z debug
HEADERS: omitted; set WRANGLER_LOG_SANITIZE=false to include sanitized data
---

--- 2025-12-25T17:30:07.150Z debug
RESPONSE: omitted; set WRANGLER_LOG_SANITIZE=false to include sanitized data
---

--- 2025-12-25T17:30:07.150Z debug
-- END CF API RESPONSE
---

--- 2025-12-25T17:30:07.168Z debug
-- START CF API REQUEST: POST https://api.cloudflare.com/client/v4/accounts/f006ec5b85550c77e565a3f9f99a35c0/workers/scripts/cloudflare_temp_email/versions
---

--- 2025-12-25T17:30:07.168Z debug
QUERY STRING: omitted; set WRANGLER_LOG_SANITIZE=false to include sanitized data
---

--- 2025-12-25T17:30:07.170Z debug
HEADERS: omitted; set WRANGLER_LOG_SANITIZE=false to include sanitized data
---

--- 2025-12-25T17:30:07.170Z debug
INIT: omitted; set WRANGLER_LOG_SANITIZE=false to include sanitized data
---

--- 2025-12-25T17:30:07.186Z debug
BODY: omitted; set WRANGLER_LOG_SANITIZE=false to include sanitized data
---

--- 2025-12-25T17:30:07.186Z debug
-- END CF API REQUEST
---

--- 2025-12-25T17:30:15.980Z debug
-- START CF API RESPONSE: OK 200
---

--- 2025-12-25T17:30:15.982Z debug
HEADERS: omitted; set WRANGLER_LOG_SANITIZE=false to include sanitized data
---

--- 2025-12-25T17:30:15.982Z debug
RESPONSE: omitted; set WRANGLER_LOG_SANITIZE=false to include sanitized data
---

--- 2025-12-25T17:30:15.982Z debug
-- END CF API RESPONSE
---

--- 2025-12-25T17:30:15.989Z debug
-- START CF API REQUEST: POST https://api.cloudflare.com/client/v4/accounts/f006ec5b85550c77e565a3f9f99a35c0/workers/scripts/cloudflare_temp_email/deployments
---

--- 2025-12-25T17:30:15.989Z debug
QUERY STRING: omitted; set WRANGLER_LOG_SANITIZE=false to include sanitized data
---

--- 2025-12-25T17:30:15.990Z debug
HEADERS: omitted; set WRANGLER_LOG_SANITIZE=false to include sanitized data
---

--- 2025-12-25T17:30:15.991Z debug
INIT: omitted; set WRANGLER_LOG_SANITIZE=false to include sanitized data
---

--- 2025-12-25T17:30:15.991Z debug
-- END CF API REQUEST
---

--- 2025-12-25T17:30:17.975Z debug
-- START CF API RESPONSE: OK 200
---

--- 2025-12-25T17:30:17.975Z debug
HEADERS: omitted; set WRANGLER_LOG_SANITIZE=false to include sanitized data
---

--- 2025-12-25T17:30:17.975Z debug
RESPONSE: omitted; set WRANGLER_LOG_SANITIZE=false to include sanitized data
---

--- 2025-12-25T17:30:17.976Z debug
-- END CF API RESPONSE
---

--- 2025-12-25T17:30:17.977Z debug
-- START CF API REQUEST: PATCH https://api.cloudflare.com/client/v4/accounts/f006ec5b85550c77e565a3f9f99a35c0/workers/scripts/cloudflare_temp_email/script-settings
---

--- 2025-12-25T17:30:17.977Z debug
QUERY STRING: omitted; set WRANGLER_LOG_SANITIZE=false to include sanitized data
---

--- 2025-12-25T17:30:17.977Z debug
HEADERS: omitted; set WRANGLER_LOG_SANITIZE=false to include sanitized data
---

--- 2025-12-25T17:30:17.977Z debug
INIT: omitted; set WRANGLER_LOG_SANITIZE=false to include sanitized data
---

--- 2025-12-25T17:30:17.977Z debug
-- END CF API REQUEST
---

--- 2025-12-25T17:30:19.677Z debug
-- START CF API RESPONSE: OK 200
---

--- 2025-12-25T17:30:19.678Z debug
HEADERS: omitted; set WRANGLER_LOG_SANITIZE=false to include sanitized data
---

--- 2025-12-25T17:30:19.678Z debug
RESPONSE: omitted; set WRANGLER_LOG_SANITIZE=false to include sanitized data
---

--- 2025-12-25T17:30:19.678Z debug
-- END CF API RESPONSE
---

--- 2025-12-25T17:30:19.679Z log
Worker Startup Time: 66 ms
---

--- 2025-12-25T17:30:19.682Z log
Your Worker has access to the following bindings:
---

--- 2025-12-25T17:30:19.683Z log
Binding                         Resource                
---

--- 2025-12-25T17:30:19.684Z log
env.DB                          D1 Database             
  lexa-tempmail-dev
---

--- 2025-12-25T17:30:19.684Z log
env.PREFIX                      Environment Variable    
  ""
---

--- 2025-12-25T17:30:19.685Z log
env.ADMIN_PASSWORDS             Environment Variable    
  ["Arema132"]
---

--- 2025-12-25T17:30:19.685Z log
env.DEFAULT_DOMAINS             Environment Variable    
  ["lexa.my.id"]
---

--- 2025-12-25T17:30:19.688Z log
env.DOMAINS                     Environment Variable    
  ["lexa.my.id"]
---

--- 2025-12-25T17:30:19.689Z log
env.JWT_SECRET                  Environment Variable    
  "JTmkVH30AkAv+Rkdh0adOReDa9cOIzuAI0BYJ..."
---

--- 2025-12-25T17:30:19.690Z log
env.BLACK_LIST                  Environment Variable    
  ""
---

--- 2025-12-25T17:30:19.691Z log
env.ENABLE_USER_CREATE_EMAIL    Environment Variable    
  true
---

--- 2025-12-25T17:30:19.691Z log
env.ENABLE_USER_DELETE_EMAIL    Environment Variable    
  true
---

--- 2025-12-25T17:30:19.692Z log
env.ENABLE_AUTO_REPLY           Environment Variable    
  false
---

--- 2025-12-25T17:30:19.692Z log

---

--- 2025-12-25T17:30:19.712Z log
Uploaded cloudflare_temp_email (20.12 sec)
---

--- 2025-12-25T17:30:19.715Z debug
-- START CF API REQUEST: GET https://api.cloudflare.com/client/v4/accounts/f006ec5b85550c77e565a3f9f99a35c0/workers/scripts/cloudflare_temp_email/subdomain
---

--- 2025-12-25T17:30:19.715Z debug
QUERY STRING: omitted; set WRANGLER_LOG_SANITIZE=false to include sanitized data
---

--- 2025-12-25T17:30:19.716Z debug
HEADERS: omitted; set WRANGLER_LOG_SANITIZE=false to include sanitized data
---

--- 2025-12-25T17:30:19.716Z debug
INIT: omitted; set WRANGLER_LOG_SANITIZE=false to include sanitized data
---

--- 2025-12-25T17:30:19.716Z debug
-- END CF API REQUEST
---

--- 2025-12-25T17:30:21.813Z debug
-- START CF API RESPONSE: OK 200
---

--- 2025-12-25T17:30:21.814Z debug
HEADERS: omitted; set WRANGLER_LOG_SANITIZE=false to include sanitized data
---

--- 2025-12-25T17:30:21.814Z debug
RESPONSE: omitted; set WRANGLER_LOG_SANITIZE=false to include sanitized data
---

--- 2025-12-25T17:30:21.814Z debug
-- END CF API RESPONSE
---

--- 2025-12-25T17:30:21.815Z debug
-- START CF API REQUEST: POST https://api.cloudflare.com/client/v4/accounts/f006ec5b85550c77e565a3f9f99a35c0/workers/scripts/cloudflare_temp_email/subdomain
---

--- 2025-12-25T17:30:21.815Z debug
QUERY STRING: omitted; set WRANGLER_LOG_SANITIZE=false to include sanitized data
---

--- 2025-12-25T17:30:21.815Z debug
HEADERS: omitted; set WRANGLER_LOG_SANITIZE=false to include sanitized data
---

--- 2025-12-25T17:30:21.815Z debug
INIT: omitted; set WRANGLER_LOG_SANITIZE=false to include sanitized data
---

--- 2025-12-25T17:30:21.815Z debug
-- END CF API REQUEST
---

--- 2025-12-25T17:30:23.830Z debug
-- START CF API RESPONSE: OK 200
---

--- 2025-12-25T17:30:23.831Z debug
HEADERS: omitted; set WRANGLER_LOG_SANITIZE=false to include sanitized data
---

--- 2025-12-25T17:30:23.831Z debug
RESPONSE: omitted; set WRANGLER_LOG_SANITIZE=false to include sanitized data
---

--- 2025-12-25T17:30:23.831Z debug
-- END CF API RESPONSE
---

--- 2025-12-25T17:30:23.843Z debug
-- START CF API REQUEST: GET https://api.cloudflare.com/client/v4/zones
---

--- 2025-12-25T17:30:23.844Z debug
QUERY STRING: omitted; set WRANGLER_LOG_SANITIZE=false to include sanitized data
---

--- 2025-12-25T17:30:23.844Z debug
HEADERS: omitted; set WRANGLER_LOG_SANITIZE=false to include sanitized data
---

--- 2025-12-25T17:30:23.844Z debug
INIT: omitted; set WRANGLER_LOG_SANITIZE=false to include sanitized data
---

--- 2025-12-25T17:30:23.844Z debug
-- END CF API REQUEST
---

--- 2025-12-25T17:30:24.956Z debug
-- START CF API RESPONSE: OK 200
---

--- 2025-12-25T17:30:24.957Z debug
HEADERS: omitted; set WRANGLER_LOG_SANITIZE=false to include sanitized data
---

--- 2025-12-25T17:30:24.957Z debug
RESPONSE: omitted; set WRANGLER_LOG_SANITIZE=false to include sanitized data
---

--- 2025-12-25T17:30:24.957Z debug
-- END CF API RESPONSE
---

--- 2025-12-25T17:30:24.959Z debug
-- START CF API REQUEST: GET https://api.cloudflare.com/client/v4/zones
---

--- 2025-12-25T17:30:24.959Z debug
QUERY STRING: omitted; set WRANGLER_LOG_SANITIZE=false to include sanitized data
---

--- 2025-12-25T17:30:24.959Z debug
HEADERS: omitted; set WRANGLER_LOG_SANITIZE=false to include sanitized data
---

--- 2025-12-25T17:30:24.959Z debug
INIT: omitted; set WRANGLER_LOG_SANITIZE=false to include sanitized data
---

--- 2025-12-25T17:30:24.959Z debug
-- END CF API REQUEST
---

--- 2025-12-25T17:30:26.111Z debug
-- START CF API RESPONSE: OK 200
---

--- 2025-12-25T17:30:26.111Z debug
HEADERS: omitted; set WRANGLER_LOG_SANITIZE=false to include sanitized data
---

--- 2025-12-25T17:30:26.111Z debug
RESPONSE: omitted; set WRANGLER_LOG_SANITIZE=false to include sanitized data
---

--- 2025-12-25T17:30:26.111Z debug
-- END CF API RESPONSE
---

--- 2025-12-25T17:30:26.113Z debug
-- START CF API REQUEST: GET https://api.cloudflare.com/client/v4/zones/3135039f210c2bf30cd0fec4c5397c78/workers/routes
---

--- 2025-12-25T17:30:26.113Z debug
QUERY STRING: omitted; set WRANGLER_LOG_SANITIZE=false to include sanitized data
---

--- 2025-12-25T17:30:26.113Z debug
HEADERS: omitted; set WRANGLER_LOG_SANITIZE=false to include sanitized data
---

--- 2025-12-25T17:30:26.113Z debug
INIT: omitted; set WRANGLER_LOG_SANITIZE=false to include sanitized data
---

--- 2025-12-25T17:30:26.113Z debug
-- END CF API REQUEST
---

--- 2025-12-25T17:30:27.910Z debug
-- START CF API RESPONSE: OK 200
---

--- 2025-12-25T17:30:27.911Z debug
HEADERS: omitted; set WRANGLER_LOG_SANITIZE=false to include sanitized data
---

--- 2025-12-25T17:30:27.911Z debug
RESPONSE: omitted; set WRANGLER_LOG_SANITIZE=false to include sanitized data
---

--- 2025-12-25T17:30:27.911Z debug
-- END CF API RESPONSE
---

--- 2025-12-25T17:30:27.913Z debug
-- START CF API REQUEST: POST https://api.cloudflare.com/client/v4/accounts/f006ec5b85550c77e565a3f9f99a35c0/workers/scripts/cloudflare_temp_email/domains/changeset?replace_state=true
---

--- 2025-12-25T17:30:27.913Z debug
QUERY STRING: omitted; set WRANGLER_LOG_SANITIZE=false to include sanitized data
---

--- 2025-12-25T17:30:27.913Z debug
HEADERS: omitted; set WRANGLER_LOG_SANITIZE=false to include sanitized data
---

--- 2025-12-25T17:30:27.913Z debug
INIT: omitted; set WRANGLER_LOG_SANITIZE=false to include sanitized data
---

--- 2025-12-25T17:30:27.913Z debug
-- END CF API REQUEST
---

--- 2025-12-25T17:30:29.695Z debug
-- START CF API RESPONSE: OK 200
---

--- 2025-12-25T17:30:29.696Z debug
HEADERS: omitted; set WRANGLER_LOG_SANITIZE=false to include sanitized data
---

--- 2025-12-25T17:30:29.696Z debug
RESPONSE: omitted; set WRANGLER_LOG_SANITIZE=false to include sanitized data
---

--- 2025-12-25T17:30:29.696Z debug
-- END CF API RESPONSE
---

--- 2025-12-25T17:30:29.697Z debug
-- START CF API REQUEST: PUT https://api.cloudflare.com/client/v4/accounts/f006ec5b85550c77e565a3f9f99a35c0/workers/scripts/cloudflare_temp_email/domains/records
---

--- 2025-12-25T17:30:29.697Z debug
QUERY STRING: omitted; set WRANGLER_LOG_SANITIZE=false to include sanitized data
---

--- 2025-12-25T17:30:29.697Z debug
HEADERS: omitted; set WRANGLER_LOG_SANITIZE=false to include sanitized data
---

--- 2025-12-25T17:30:29.697Z debug
INIT: omitted; set WRANGLER_LOG_SANITIZE=false to include sanitized data
---

--- 2025-12-25T17:30:29.697Z debug
-- END CF API REQUEST
---

--- 2025-12-25T17:30:31.382Z debug
-- START CF API RESPONSE: OK 200
---

--- 2025-12-25T17:30:31.382Z debug
HEADERS: omitted; set WRANGLER_LOG_SANITIZE=false to include sanitized data
---

--- 2025-12-25T17:30:31.382Z debug
RESPONSE: omitted; set WRANGLER_LOG_SANITIZE=false to include sanitized data
---

--- 2025-12-25T17:30:31.382Z debug
-- END CF API RESPONSE
---

--- 2025-12-25T17:30:31.383Z log
Deployed cloudflare_temp_email triggers (11.67 sec)
---

--- 2025-12-25T17:30:31.384Z log
  temp-mail-api.lexa.my.id (custom domain)
---

--- 2025-12-25T17:30:31.384Z log
Current Version ID: 3b500a80-8970-4e1a-96f9-b6d537f91aa8
---

--- 2025-12-25T17:30:31.386Z debug
Metrics dispatcher: Posting data {"deviceId":"d39dff02-21f2-40cf-941a-454076f127d1","event":"deploy worker script","timestamp":1766683831385,"properties":{"category":"Workers","wranglerVersion":"4.54.0","os":"linux:x64","usesTypeScript":true,"durationMs":35316}}
---

--- 2025-12-25T17:30:31.396Z debug
Metrics dispatcher: Posting data {"deviceId":"d39dff02-21f2-40cf-941a-454076f127d1","event":"wrangler command completed","timestamp":1766683831396,"properties":{"amplitude_session_id":1766683795701,"amplitude_event_id":1,"wranglerVersion":"4.54.0","osPlatform":"Linux","osVersion":"#1 SMP PREEMPT_DYNAMIC Thu Jun  5 18:30:46 UTC 2025","nodeVersion":22,"packageManager":"pnpm","isFirstUsage":false,"configFileType":"toml","isCI":false,"isPagesCI":false,"isWorkersCI":false,"isInteractive":true,"hasAssets":false,"argsUsed":["minify"],"argsCombination":"minify","command":"wrangler deploy","args":{},"durationMs":35727,"durationSeconds":35.727,"durationMinutes":0.5954499999999999}}
---
