
--- 2025-12-26T07:02:41.098Z debug
🪵  Writing logs to "/home/hades/.config/.wrangler/logs/wrangler-2025-12-26_07-02-40_207.log"
---

--- 2025-12-26T07:02:41.097Z debug
Metrics dispatcher: Posting data {"deviceId":"d39dff02-21f2-40cf-941a-454076f127d1","event":"wrangler command started","timestamp":1766732561097,"properties":{"amplitude_session_id":1766732561093,"amplitude_event_id":0,"wranglerVersion":"4.53.0","osPlatform":"Linux","osVersion":"#1 SMP PREEMPT_DYNAMIC Thu Jun  5 18:30:46 UTC 2025","nodeVersion":22,"packageManager":"npm","isFirstUsage":false,"configFileType":"none","isCI":false,"isPagesCI":false,"isWorkersCI":false,"isInteractive":true,"hasAssets":false,"argsUsed":[],"argsCombination":"","command":"wrangler pages deploy","args":{}}}
---

--- 2025-12-26T07:02:41.130Z debug
.env file not found at "/home/hades/FUN/tempmail/vaultnotes-beta/.env.local". Continuing... For more details, refer to https://developers.cloudflare.com/workers/wrangler/system-environment-variables/
---

--- 2025-12-26T07:02:41.206Z log

 ⛅️ wrangler 4.53.0 (update available 4.54.0)
─────────────────────────────────────────────
---

--- 2025-12-26T07:02:41.260Z debug
Retrieving cached values for account_id and project_name from node_modules/.cache/wrangler
---

--- 2025-12-26T07:02:41.263Z debug
-- START CF API REQUEST: GET https://api.cloudflare.com/client/v4/accounts/f006ec5b85550c77e565a3f9f99a35c0/pages/projects/leafvault-notes
---

--- 2025-12-26T07:02:41.264Z debug
QUERY STRING: omitted; set WRANGLER_LOG_SANITIZE=false to include sanitized data
---

--- 2025-12-26T07:02:41.265Z debug
HEADERS: omitted; set WRANGLER_LOG_SANITIZE=false to include sanitized data
---

--- 2025-12-26T07:02:41.265Z debug
INIT: omitted; set WRANGLER_LOG_SANITIZE=false to include sanitized data
---

--- 2025-12-26T07:02:41.265Z debug
-- END CF API REQUEST
---

--- 2025-12-26T07:02:43.203Z debug
-- START CF API RESPONSE: OK 200
---

--- 2025-12-26T07:02:43.205Z debug
HEADERS: omitted; set WRANGLER_LOG_SANITIZE=false to include sanitized data
---

--- 2025-12-26T07:02:43.205Z debug
RESPONSE: omitted; set WRANGLER_LOG_SANITIZE=false to include sanitized data
---

--- 2025-12-26T07:02:43.205Z debug
-- END CF API RESPONSE
---

--- 2025-12-26T07:02:43.297Z debug
-- START CF API REQUEST: GET https://api.cloudflare.com/client/v4/accounts/f006ec5b85550c77e565a3f9f99a35c0/pages/projects/leafvault-notes
---

--- 2025-12-26T07:02:43.297Z debug
QUERY STRING: omitted; set WRANGLER_LOG_SANITIZE=false to include sanitized data
---

--- 2025-12-26T07:02:43.297Z debug
HEADERS: omitted; set WRANGLER_LOG_SANITIZE=false to include sanitized data
---

--- 2025-12-26T07:02:43.297Z debug
INIT: omitted; set WRANGLER_LOG_SANITIZE=false to include sanitized data
---

--- 2025-12-26T07:02:43.297Z debug
-- END CF API REQUEST
---

--- 2025-12-26T07:02:45.164Z debug
-- START CF API RESPONSE: OK 200
---

--- 2025-12-26T07:02:45.165Z debug
HEADERS: omitted; set WRANGLER_LOG_SANITIZE=false to include sanitized data
---

--- 2025-12-26T07:02:45.165Z debug
RESPONSE: omitted; set WRANGLER_LOG_SANITIZE=false to include sanitized data
---

--- 2025-12-26T07:02:45.165Z debug
-- END CF API RESPONSE
---

--- 2025-12-26T07:02:45.279Z debug
-- START CF API REQUEST: GET https://api.cloudflare.com/client/v4/accounts/f006ec5b85550c77e565a3f9f99a35c0/pages/projects/leafvault-notes/upload-token
---

--- 2025-12-26T07:02:45.279Z debug
QUERY STRING: omitted; set WRANGLER_LOG_SANITIZE=false to include sanitized data
---

--- 2025-12-26T07:02:45.280Z debug
HEADERS: omitted; set WRANGLER_LOG_SANITIZE=false to include sanitized data
---

--- 2025-12-26T07:02:45.280Z debug
INIT: omitted; set WRANGLER_LOG_SANITIZE=false to include sanitized data
---

--- 2025-12-26T07:02:45.280Z debug
-- END CF API REQUEST
---

--- 2025-12-26T07:02:47.049Z debug
-- START CF API RESPONSE: OK 200
---

--- 2025-12-26T07:02:47.050Z debug
HEADERS: omitted; set WRANGLER_LOG_SANITIZE=false to include sanitized data
---

--- 2025-12-26T07:02:47.051Z debug
RESPONSE: omitted; set WRANGLER_LOG_SANITIZE=false to include sanitized data
---

--- 2025-12-26T07:02:47.051Z debug
-- END CF API RESPONSE
---

--- 2025-12-26T07:02:47.053Z debug
-- START CF API REQUEST: POST https://api.cloudflare.com/client/v4/pages/assets/check-missing
---

--- 2025-12-26T07:02:47.053Z debug
QUERY STRING: omitted; set WRANGLER_LOG_SANITIZE=false to include sanitized data
---

--- 2025-12-26T07:02:47.053Z debug
HEADERS: omitted; set WRANGLER_LOG_SANITIZE=false to include sanitized data
---

--- 2025-12-26T07:02:47.053Z debug
INIT: omitted; set WRANGLER_LOG_SANITIZE=false to include sanitized data
---

--- 2025-12-26T07:02:47.053Z debug
-- END CF API REQUEST
---

--- 2025-12-26T07:02:47.378Z debug
-- START CF API RESPONSE: OK 200
---

--- 2025-12-26T07:02:47.379Z debug
HEADERS: omitted; set WRANGLER_LOG_SANITIZE=false to include sanitized data
---

--- 2025-12-26T07:02:47.379Z debug
RESPONSE: omitted; set WRANGLER_LOG_SANITIZE=false to include sanitized data
---

--- 2025-12-26T07:02:47.379Z debug
-- END CF API RESPONSE
---

--- 2025-12-26T07:02:47.392Z debug
POST /pages/assets/upload
---

--- 2025-12-26T07:02:47.393Z debug
-- START CF API REQUEST: POST https://api.cloudflare.com/client/v4/pages/assets/upload
---

--- 2025-12-26T07:02:47.393Z debug
QUERY STRING: omitted; set WRANGLER_LOG_SANITIZE=false to include sanitized data
---

--- 2025-12-26T07:02:47.393Z debug
HEADERS: omitted; set WRANGLER_LOG_SANITIZE=false to include sanitized data
---

--- 2025-12-26T07:02:47.394Z debug
INIT: omitted; set WRANGLER_LOG_SANITIZE=false to include sanitized data
---

--- 2025-12-26T07:02:47.394Z debug
-- END CF API REQUEST
---

--- 2025-12-26T07:02:47.406Z debug
POST /pages/assets/upload
---

--- 2025-12-26T07:02:47.431Z debug
-- START CF API REQUEST: POST https://api.cloudflare.com/client/v4/pages/assets/upload
---

--- 2025-12-26T07:02:47.431Z debug
QUERY STRING: omitted; set WRANGLER_LOG_SANITIZE=false to include sanitized data
---

--- 2025-12-26T07:02:47.432Z debug
HEADERS: omitted; set WRANGLER_LOG_SANITIZE=false to include sanitized data
---

--- 2025-12-26T07:02:47.451Z debug
INIT: omitted; set WRANGLER_LOG_SANITIZE=false to include sanitized data
---

--- 2025-12-26T07:02:47.451Z debug
-- END CF API REQUEST
---

--- 2025-12-26T07:02:48.113Z debug
-- START CF API RESPONSE: OK 200
---

--- 2025-12-26T07:02:48.114Z debug
HEADERS: omitted; set WRANGLER_LOG_SANITIZE=false to include sanitized data
---

--- 2025-12-26T07:02:48.114Z debug
RESPONSE: omitted; set WRANGLER_LOG_SANITIZE=false to include sanitized data
---

--- 2025-12-26T07:02:48.114Z debug
-- END CF API RESPONSE
---

--- 2025-12-26T07:02:48.116Z debug
result: { successful_key_count: 1, unsuccessful_keys: [] }
---

--- 2025-12-26T07:02:56.777Z debug
-- START CF API RESPONSE: OK 200
---

--- 2025-12-26T07:02:56.778Z debug
HEADERS: omitted; set WRANGLER_LOG_SANITIZE=false to include sanitized data
---

--- 2025-12-26T07:02:56.779Z debug
RESPONSE: omitted; set WRANGLER_LOG_SANITIZE=false to include sanitized data
---

--- 2025-12-26T07:02:56.779Z debug
-- END CF API RESPONSE
---

--- 2025-12-26T07:02:56.779Z debug
result: { successful_key_count: 1, unsuccessful_keys: [] }
---

--- 2025-12-26T07:02:56.781Z log
✨ Success! Uploaded 2 files (37 already uploaded) (9.73 sec)

---

--- 2025-12-26T07:02:56.785Z debug
-- START CF API REQUEST: POST https://api.cloudflare.com/client/v4/pages/assets/upsert-hashes
---

--- 2025-12-26T07:02:56.786Z debug
QUERY STRING: omitted; set WRANGLER_LOG_SANITIZE=false to include sanitized data
---

--- 2025-12-26T07:02:56.786Z debug
HEADERS: omitted; set WRANGLER_LOG_SANITIZE=false to include sanitized data
---

--- 2025-12-26T07:02:56.786Z debug
INIT: omitted; set WRANGLER_LOG_SANITIZE=false to include sanitized data
---

--- 2025-12-26T07:02:56.786Z debug
-- END CF API REQUEST
---

--- 2025-12-26T07:02:57.991Z debug
-- START CF API RESPONSE: OK 200
---

--- 2025-12-26T07:02:57.992Z debug
HEADERS: omitted; set WRANGLER_LOG_SANITIZE=false to include sanitized data
---

--- 2025-12-26T07:02:57.992Z debug
RESPONSE: omitted; set WRANGLER_LOG_SANITIZE=false to include sanitized data
---

--- 2025-12-26T07:02:57.992Z debug
-- END CF API RESPONSE
---

--- 2025-12-26T07:02:57.999Z log
✨ Uploading _headers
---

--- 2025-12-26T07:02:58.001Z log
✨ Uploading _redirects
---

--- 2025-12-26T07:02:58.003Z debug
-- START CF API REQUEST: POST https://api.cloudflare.com/client/v4/accounts/f006ec5b85550c77e565a3f9f99a35c0/pages/projects/leafvault-notes/deployments
---

--- 2025-12-26T07:02:58.003Z debug
QUERY STRING: omitted; set WRANGLER_LOG_SANITIZE=false to include sanitized data
---

--- 2025-12-26T07:02:58.003Z debug
HEADERS: omitted; set WRANGLER_LOG_SANITIZE=false to include sanitized data
---

--- 2025-12-26T07:02:58.003Z debug
INIT: omitted; set WRANGLER_LOG_SANITIZE=false to include sanitized data
---

--- 2025-12-26T07:02:58.014Z debug
BODY: omitted; set WRANGLER_LOG_SANITIZE=false to include sanitized data
---

--- 2025-12-26T07:02:58.014Z debug
-- END CF API REQUEST
---

--- 2025-12-26T07:03:00.663Z debug
-- START CF API RESPONSE: OK 200
---

--- 2025-12-26T07:03:00.664Z debug
HEADERS: omitted; set WRANGLER_LOG_SANITIZE=false to include sanitized data
---

--- 2025-12-26T07:03:00.664Z debug
RESPONSE: omitted; set WRANGLER_LOG_SANITIZE=false to include sanitized data
---

--- 2025-12-26T07:03:00.664Z debug
-- END CF API RESPONSE
---

--- 2025-12-26T07:03:00.665Z debug
Saving to cache: {"account_id":"f006ec5b85550c77e565a3f9f99a35c0","project_name":"leafvault-notes"}
---

--- 2025-12-26T07:03:00.666Z log
🌎 Deploying...
---

--- 2025-12-26T07:03:01.668Z debug
attempt #1: Attempting to fetch status for deployment with id "c8eacb9e-5f1f-4e3a-a298-b11b39a55e9c" ...
---

--- 2025-12-26T07:03:01.669Z debug
-- START CF API REQUEST: GET https://api.cloudflare.com/client/v4/accounts/f006ec5b85550c77e565a3f9f99a35c0/pages/projects/leafvault-notes/deployments/c8eacb9e-5f1f-4e3a-a298-b11b39a55e9c
---

--- 2025-12-26T07:03:01.669Z debug
QUERY STRING: omitted; set WRANGLER_LOG_SANITIZE=false to include sanitized data
---

--- 2025-12-26T07:03:01.669Z debug
HEADERS: omitted; set WRANGLER_LOG_SANITIZE=false to include sanitized data
---

--- 2025-12-26T07:03:01.669Z debug
INIT: omitted; set WRANGLER_LOG_SANITIZE=false to include sanitized data
---

--- 2025-12-26T07:03:01.669Z debug
-- END CF API REQUEST
---

--- 2025-12-26T07:03:03.402Z debug
-- START CF API RESPONSE: OK 200
---

--- 2025-12-26T07:03:03.403Z debug
HEADERS: omitted; set WRANGLER_LOG_SANITIZE=false to include sanitized data
---

--- 2025-12-26T07:03:03.403Z debug
RESPONSE: omitted; set WRANGLER_LOG_SANITIZE=false to include sanitized data
---

--- 2025-12-26T07:03:03.403Z debug
-- END CF API RESPONSE
---

--- 2025-12-26T07:03:03.405Z log
✨ Deployment complete! Take a peek over at https://c8eacb9e.leafvault-notes.pages.dev
---

--- 2025-12-26T07:03:03.409Z debug
Metrics dispatcher: Posting data {"deviceId":"d39dff02-21f2-40cf-941a-454076f127d1","event":"create pages deployment","timestamp":1766732583409,"properties":{"category":"Workers","wranglerVersion":"4.53.0","os":"linux:x64"}}
---

--- 2025-12-26T07:03:03.422Z debug
Metrics dispatcher: Posting data {"deviceId":"d39dff02-21f2-40cf-941a-454076f127d1","event":"wrangler command completed","timestamp":1766732583422,"properties":{"amplitude_session_id":1766732561093,"amplitude_event_id":1,"wranglerVersion":"4.53.0","osPlatform":"Linux","osVersion":"#1 SMP PREEMPT_DYNAMIC Thu Jun  5 18:30:46 UTC 2025","nodeVersion":22,"packageManager":"npm","isFirstUsage":false,"configFileType":"none","isCI":false,"isPagesCI":false,"isWorkersCI":false,"isInteractive":true,"hasAssets":false,"argsUsed":[],"argsCombination":"","command":"wrangler pages deploy","args":{},"durationMs":22451,"durationSeconds":22.451,"durationMinutes":0.37418333333333337}}
---
