
--- 2025-12-25T18:40:10.294Z debug
🪵  Writing logs to "/home/hades/.config/.wrangler/logs/wrangler-2025-12-25_18-40-09_641.log"
---

--- 2025-12-25T18:40:10.293Z debug
Metrics dispatcher: Posting data {"deviceId":"d39dff02-21f2-40cf-941a-454076f127d1","event":"wrangler command started","timestamp":1766688010292,"properties":{"amplitude_session_id":1766688010267,"amplitude_event_id":0,"wranglerVersion":"4.54.0","osPlatform":"Linux","osVersion":"#1 SMP PREEMPT_DYNAMIC Thu Jun  5 18:30:46 UTC 2025","nodeVersion":22,"packageManager":"pnpm","isFirstUsage":false,"configFileType":"toml","isCI":false,"isPagesCI":false,"isWorkersCI":false,"isInteractive":true,"hasAssets":false,"argsUsed":["minify"],"argsCombination":"minify","command":"wrangler deploy","args":{}}}
---

--- 2025-12-25T18:40:10.362Z debug
.env file not found at "/home/hades/FUN/tempmail/lexa_tempmail/worker/.env". Continuing... For more details, refer to https://developers.cloudflare.com/workers/wrangler/system-environment-variables/
---

--- 2025-12-25T18:40:10.363Z debug
.env file not found at "/home/hades/FUN/tempmail/lexa_tempmail/worker/.env.local". Continuing... For more details, refer to https://developers.cloudflare.com/workers/wrangler/system-environment-variables/
---

--- 2025-12-25T18:40:10.535Z log

 ⛅️ wrangler 4.54.0
───────────────────
---

--- 2025-12-25T18:40:10.728Z debug
Retrieving cached values for account from node_modules/.cache/wrangler
---

--- 2025-12-25T18:40:10.730Z debug
Starting verifyWorkerMatchesCITag() with tag: undefined, name: cloudflare_temp_email
---

--- 2025-12-25T18:40:10.730Z debug
No WRANGLER_CI_MATCH_TAG variable provided, aborting verifyWorkerMatchesCITag()
---

--- 2025-12-25T18:40:10.739Z debug
-- START CF API REQUEST: GET https://api.cloudflare.com/client/v4/accounts/f006ec5b85550c77e565a3f9f99a35c0/workers/services/cloudflare_temp_email
---

--- 2025-12-25T18:40:10.740Z debug
QUERY STRING: omitted; set WRANGLER_LOG_SANITIZE=false to include sanitized data
---

--- 2025-12-25T18:40:10.741Z debug
HEADERS: omitted; set WRANGLER_LOG_SANITIZE=false to include sanitized data
---

--- 2025-12-25T18:40:10.741Z debug
INIT: omitted; set WRANGLER_LOG_SANITIZE=false to include sanitized data
---

--- 2025-12-25T18:40:10.741Z debug
-- END CF API REQUEST
---

--- 2025-12-25T18:40:12.632Z debug
-- START CF API RESPONSE: OK 200
---

--- 2025-12-25T18:40:12.634Z debug
HEADERS: omitted; set WRANGLER_LOG_SANITIZE=false to include sanitized data
---

--- 2025-12-25T18:40:12.634Z debug
RESPONSE: omitted; set WRANGLER_LOG_SANITIZE=false to include sanitized data
---

--- 2025-12-25T18:40:12.634Z debug
-- END CF API RESPONSE
---

--- 2025-12-25T18:40:12.654Z debug
-- START CF API REQUEST: GET https://api.cloudflare.com/client/v4/accounts/f006ec5b85550c77e565a3f9f99a35c0/workers/scripts/cloudflare_temp_email/secrets
---

--- 2025-12-25T18:40:12.654Z debug
QUERY STRING: omitted; set WRANGLER_LOG_SANITIZE=false to include sanitized data
---

--- 2025-12-25T18:40:12.654Z debug
HEADERS: omitted; set WRANGLER_LOG_SANITIZE=false to include sanitized data
---

--- 2025-12-25T18:40:12.655Z debug
INIT: omitted; set WRANGLER_LOG_SANITIZE=false to include sanitized data
---

--- 2025-12-25T18:40:12.655Z debug
-- END CF API REQUEST
---

--- 2025-12-25T18:40:14.248Z debug
-- START CF API RESPONSE: OK 200
---

--- 2025-12-25T18:40:14.249Z debug
HEADERS: omitted; set WRANGLER_LOG_SANITIZE=false to include sanitized data
---

--- 2025-12-25T18:40:14.249Z debug
RESPONSE: omitted; set WRANGLER_LOG_SANITIZE=false to include sanitized data
---

--- 2025-12-25T18:40:14.249Z debug
-- END CF API RESPONSE
---

--- 2025-12-25T18:40:14.279Z debug
-- START CF API REQUEST: GET https://api.cloudflare.com/client/v4/accounts/f006ec5b85550c77e565a3f9f99a35c0/workers/scripts/cloudflare_temp_email/deployments
---

--- 2025-12-25T18:40:14.279Z debug
QUERY STRING: omitted; set WRANGLER_LOG_SANITIZE=false to include sanitized data
---

--- 2025-12-25T18:40:14.279Z debug
HEADERS: omitted; set WRANGLER_LOG_SANITIZE=false to include sanitized data
---

--- 2025-12-25T18:40:14.280Z debug
INIT: omitted; set WRANGLER_LOG_SANITIZE=false to include sanitized data
---

--- 2025-12-25T18:40:14.280Z debug
-- END CF API REQUEST
---

--- 2025-12-25T18:40:15.963Z debug
-- START CF API RESPONSE: OK 200
---

--- 2025-12-25T18:40:15.964Z debug
HEADERS: omitted; set WRANGLER_LOG_SANITIZE=false to include sanitized data
---

--- 2025-12-25T18:40:15.964Z debug
RESPONSE: omitted; set WRANGLER_LOG_SANITIZE=false to include sanitized data
---

--- 2025-12-25T18:40:15.964Z debug
-- END CF API RESPONSE
---

--- 2025-12-25T18:40:17.678Z log
Total Upload: 1626.92 KiB / gzip: 459.30 KiB
---

--- 2025-12-25T18:40:17.679Z debug
-- START CF API REQUEST: GET https://api.cloudflare.com/client/v4/accounts/f006ec5b85550c77e565a3f9f99a35c0/workers/scripts/cloudflare_temp_email/settings
---

--- 2025-12-25T18:40:17.679Z debug
QUERY STRING: omitted; set WRANGLER_LOG_SANITIZE=false to include sanitized data
---

--- 2025-12-25T18:40:17.679Z debug
HEADERS: omitted; set WRANGLER_LOG_SANITIZE=false to include sanitized data
---

--- 2025-12-25T18:40:17.679Z debug
INIT: omitted; set WRANGLER_LOG_SANITIZE=false to include sanitized data
---

--- 2025-12-25T18:40:17.679Z debug
-- END CF API REQUEST
---

--- 2025-12-25T18:40:19.607Z debug
-- START CF API RESPONSE: OK 200
---

--- 2025-12-25T18:40:19.608Z debug
HEADERS: omitted; set WRANGLER_LOG_SANITIZE=false to include sanitized data
---

--- 2025-12-25T18:40:19.609Z debug
RESPONSE: omitted; set WRANGLER_LOG_SANITIZE=false to include sanitized data
---

--- 2025-12-25T18:40:19.609Z debug
-- END CF API RESPONSE
---

--- 2025-12-25T18:40:19.632Z debug
-- START CF API REQUEST: POST https://api.cloudflare.com/client/v4/accounts/f006ec5b85550c77e565a3f9f99a35c0/workers/scripts/cloudflare_temp_email/versions
---

--- 2025-12-25T18:40:19.632Z debug
QUERY STRING: omitted; set WRANGLER_LOG_SANITIZE=false to include sanitized data
---

--- 2025-12-25T18:40:19.633Z debug
HEADERS: omitted; set WRANGLER_LOG_SANITIZE=false to include sanitized data
---

--- 2025-12-25T18:40:19.633Z debug
INIT: omitted; set WRANGLER_LOG_SANITIZE=false to include sanitized data
---

--- 2025-12-25T18:40:19.671Z debug
BODY: omitted; set WRANGLER_LOG_SANITIZE=false to include sanitized data
---

--- 2025-12-25T18:40:19.671Z debug
-- END CF API REQUEST
---

--- 2025-12-25T18:40:28.991Z debug
-- START CF API RESPONSE: OK 200
---

--- 2025-12-25T18:40:28.992Z debug
HEADERS: omitted; set WRANGLER_LOG_SANITIZE=false to include sanitized data
---

--- 2025-12-25T18:40:28.992Z debug
RESPONSE: omitted; set WRANGLER_LOG_SANITIZE=false to include sanitized data
---

--- 2025-12-25T18:40:28.992Z debug
-- END CF API RESPONSE
---

--- 2025-12-25T18:40:28.995Z debug
-- START CF API REQUEST: POST https://api.cloudflare.com/client/v4/accounts/f006ec5b85550c77e565a3f9f99a35c0/workers/scripts/cloudflare_temp_email/deployments
---

--- 2025-12-25T18:40:28.995Z debug
QUERY STRING: omitted; set WRANGLER_LOG_SANITIZE=false to include sanitized data
---

--- 2025-12-25T18:40:28.995Z debug
HEADERS: omitted; set WRANGLER_LOG_SANITIZE=false to include sanitized data
---

--- 2025-12-25T18:40:28.995Z debug
INIT: omitted; set WRANGLER_LOG_SANITIZE=false to include sanitized data
---

--- 2025-12-25T18:40:28.995Z debug
-- END CF API REQUEST
---

--- 2025-12-25T18:40:30.678Z debug
-- START CF API RESPONSE: OK 200
---

--- 2025-12-25T18:40:30.679Z debug
HEADERS: omitted; set WRANGLER_LOG_SANITIZE=false to include sanitized data
---

--- 2025-12-25T18:40:30.679Z debug
RESPONSE: omitted; set WRANGLER_LOG_SANITIZE=false to include sanitized data
---

--- 2025-12-25T18:40:30.679Z debug
-- END CF API RESPONSE
---

--- 2025-12-25T18:40:30.681Z debug
-- START CF API REQUEST: PATCH https://api.cloudflare.com/client/v4/accounts/f006ec5b85550c77e565a3f9f99a35c0/workers/scripts/cloudflare_temp_email/script-settings
---

--- 2025-12-25T18:40:30.682Z debug
QUERY STRING: omitted; set WRANGLER_LOG_SANITIZE=false to include sanitized data
---

--- 2025-12-25T18:40:30.682Z debug
HEADERS: omitted; set WRANGLER_LOG_SANITIZE=false to include sanitized data
---

--- 2025-12-25T18:40:30.682Z debug
INIT: omitted; set WRANGLER_LOG_SANITIZE=false to include sanitized data
---

--- 2025-12-25T18:40:30.682Z debug
-- END CF API REQUEST
---

--- 2025-12-25T18:40:32.502Z debug
-- START CF API RESPONSE: OK 200
---

--- 2025-12-25T18:40:32.503Z debug
HEADERS: omitted; set WRANGLER_LOG_SANITIZE=false to include sanitized data
---

--- 2025-12-25T18:40:32.503Z debug
RESPONSE: omitted; set WRANGLER_LOG_SANITIZE=false to include sanitized data
---

--- 2025-12-25T18:40:32.503Z debug
-- END CF API RESPONSE
---

--- 2025-12-25T18:40:32.504Z log
Worker Startup Time: 57 ms
---

--- 2025-12-25T18:40:32.521Z log
Your Worker has access to the following bindings:
---

--- 2025-12-25T18:40:32.522Z log
Binding                         Resource                
---

--- 2025-12-25T18:40:32.523Z log
env.SEND_MAIL                   Send Email              
  unrestricted
---

--- 2025-12-25T18:40:32.524Z log
env.DB                          D1 Database             
  lexa-tempmail-dev
---

--- 2025-12-25T18:40:32.524Z log
env.DEFAULT_LANG                Environment Variable    
  "en"
---

--- 2025-12-25T18:40:32.525Z log
env.PREFIX                      Environment Variable    
  ""
---

--- 2025-12-25T18:40:32.526Z log
env.ADMIN_PASSWORDS             Environment Variable    
  ["Arema132."]
---

--- 2025-12-25T18:40:32.534Z log
env.DEFAULT_DOMAINS             Environment Variable    
  ["lexa.my.id"]
---

--- 2025-12-25T18:40:32.535Z log
env.DOMAINS                     Environment Variable    
  ["lexa.my.id"]
---

--- 2025-12-25T18:40:32.535Z log
env.JWT_SECRET                  Environment Variable    
  "JTmkVH30AkAv+Rkdh0adOReDa9cOIzuAI0BYJ..."
---

--- 2025-12-25T18:40:32.536Z log
env.BLACK_LIST                  Environment Variable    
  ""
---

--- 2025-12-25T18:40:32.536Z log
env.ENABLE_USER_CREATE_EMAIL    Environment Variable    
  true
---

--- 2025-12-25T18:40:32.537Z log
env.ENABLE_USER_DELETE_EMAIL    Environment Variable    
  true
---

--- 2025-12-25T18:40:32.537Z log
env.ENABLE_AUTO_REPLY           Environment Variable    
  false
---

--- 2025-12-25T18:40:32.538Z log
env.CF_TURNSTILE_SITE_KEY       Environment Variable    
  "0x4AAAAAACJExvZEoLPf3P8C"
---

--- 2025-12-25T18:40:32.538Z log
env.CF_TURNSTILE_SECRET_KEY     Environment Variable    
  "0x4AAAAAACJExrezM3hZhstE5MnCzflEm3I"
---

--- 2025-12-25T18:40:32.539Z log

---

--- 2025-12-25T18:40:32.586Z log
Uploaded cloudflare_temp_email (18.31 sec)
---

--- 2025-12-25T18:40:32.601Z debug
-- START CF API REQUEST: GET https://api.cloudflare.com/client/v4/accounts/f006ec5b85550c77e565a3f9f99a35c0/workers/scripts/cloudflare_temp_email/subdomain
---

--- 2025-12-25T18:40:32.601Z debug
QUERY STRING: omitted; set WRANGLER_LOG_SANITIZE=false to include sanitized data
---

--- 2025-12-25T18:40:32.601Z debug
HEADERS: omitted; set WRANGLER_LOG_SANITIZE=false to include sanitized data
---

--- 2025-12-25T18:40:32.601Z debug
INIT: omitted; set WRANGLER_LOG_SANITIZE=false to include sanitized data
---

--- 2025-12-25T18:40:32.601Z debug
-- END CF API REQUEST
---

--- 2025-12-25T18:40:34.078Z debug
-- START CF API RESPONSE: OK 200
---

--- 2025-12-25T18:40:34.079Z debug
HEADERS: omitted; set WRANGLER_LOG_SANITIZE=false to include sanitized data
---

--- 2025-12-25T18:40:34.079Z debug
RESPONSE: omitted; set WRANGLER_LOG_SANITIZE=false to include sanitized data
---

--- 2025-12-25T18:40:34.079Z debug
-- END CF API RESPONSE
---

--- 2025-12-25T18:40:34.081Z debug
-- START CF API REQUEST: POST https://api.cloudflare.com/client/v4/accounts/f006ec5b85550c77e565a3f9f99a35c0/workers/scripts/cloudflare_temp_email/subdomain
---

--- 2025-12-25T18:40:34.081Z debug
QUERY STRING: omitted; set WRANGLER_LOG_SANITIZE=false to include sanitized data
---

--- 2025-12-25T18:40:34.081Z debug
HEADERS: omitted; set WRANGLER_LOG_SANITIZE=false to include sanitized data
---

--- 2025-12-25T18:40:34.081Z debug
INIT: omitted; set WRANGLER_LOG_SANITIZE=false to include sanitized data
---

--- 2025-12-25T18:40:34.081Z debug
-- END CF API REQUEST
---

--- 2025-12-25T18:40:35.843Z debug
-- START CF API RESPONSE: OK 200
---

--- 2025-12-25T18:40:35.844Z debug
HEADERS: omitted; set WRANGLER_LOG_SANITIZE=false to include sanitized data
---

--- 2025-12-25T18:40:35.844Z debug
RESPONSE: omitted; set WRANGLER_LOG_SANITIZE=false to include sanitized data
---

--- 2025-12-25T18:40:35.844Z debug
-- END CF API RESPONSE
---

--- 2025-12-25T18:40:35.850Z debug
-- START CF API REQUEST: GET https://api.cloudflare.com/client/v4/zones
---

--- 2025-12-25T18:40:35.850Z debug
QUERY STRING: omitted; set WRANGLER_LOG_SANITIZE=false to include sanitized data
---

--- 2025-12-25T18:40:35.850Z debug
HEADERS: omitted; set WRANGLER_LOG_SANITIZE=false to include sanitized data
---

--- 2025-12-25T18:40:35.850Z debug
INIT: omitted; set WRANGLER_LOG_SANITIZE=false to include sanitized data
---

--- 2025-12-25T18:40:35.850Z debug
-- END CF API REQUEST
---

--- 2025-12-25T18:40:36.894Z debug
-- START CF API RESPONSE: OK 200
---

--- 2025-12-25T18:40:36.895Z debug
HEADERS: omitted; set WRANGLER_LOG_SANITIZE=false to include sanitized data
---

--- 2025-12-25T18:40:36.895Z debug
RESPONSE: omitted; set WRANGLER_LOG_SANITIZE=false to include sanitized data
---

--- 2025-12-25T18:40:36.895Z debug
-- END CF API RESPONSE
---

--- 2025-12-25T18:40:36.896Z debug
-- START CF API REQUEST: GET https://api.cloudflare.com/client/v4/zones
---

--- 2025-12-25T18:40:36.896Z debug
QUERY STRING: omitted; set WRANGLER_LOG_SANITIZE=false to include sanitized data
---

--- 2025-12-25T18:40:36.896Z debug
HEADERS: omitted; set WRANGLER_LOG_SANITIZE=false to include sanitized data
---

--- 2025-12-25T18:40:36.896Z debug
INIT: omitted; set WRANGLER_LOG_SANITIZE=false to include sanitized data
---

--- 2025-12-25T18:40:36.896Z debug
-- END CF API REQUEST
---

--- 2025-12-25T18:40:37.967Z debug
-- START CF API RESPONSE: OK 200
---

--- 2025-12-25T18:40:37.969Z debug
HEADERS: omitted; set WRANGLER_LOG_SANITIZE=false to include sanitized data
---

--- 2025-12-25T18:40:37.970Z debug
RESPONSE: omitted; set WRANGLER_LOG_SANITIZE=false to include sanitized data
---

--- 2025-12-25T18:40:37.970Z debug
-- END CF API RESPONSE
---

--- 2025-12-25T18:40:37.974Z debug
-- START CF API REQUEST: GET https://api.cloudflare.com/client/v4/zones/3135039f210c2bf30cd0fec4c5397c78/workers/routes
---

--- 2025-12-25T18:40:37.974Z debug
QUERY STRING: omitted; set WRANGLER_LOG_SANITIZE=false to include sanitized data
---

--- 2025-12-25T18:40:37.975Z debug
HEADERS: omitted; set WRANGLER_LOG_SANITIZE=false to include sanitized data
---

--- 2025-12-25T18:40:37.975Z debug
INIT: omitted; set WRANGLER_LOG_SANITIZE=false to include sanitized data
---

--- 2025-12-25T18:40:37.975Z debug
-- END CF API REQUEST
---

--- 2025-12-25T18:40:39.450Z debug
-- START CF API RESPONSE: OK 200
---

--- 2025-12-25T18:40:39.450Z debug
HEADERS: omitted; set WRANGLER_LOG_SANITIZE=false to include sanitized data
---

--- 2025-12-25T18:40:39.450Z debug
RESPONSE: omitted; set WRANGLER_LOG_SANITIZE=false to include sanitized data
---

--- 2025-12-25T18:40:39.450Z debug
-- END CF API RESPONSE
---

--- 2025-12-25T18:40:39.453Z debug
-- START CF API REQUEST: POST https://api.cloudflare.com/client/v4/accounts/f006ec5b85550c77e565a3f9f99a35c0/workers/scripts/cloudflare_temp_email/domains/changeset?replace_state=true
---

--- 2025-12-25T18:40:39.453Z debug
QUERY STRING: omitted; set WRANGLER_LOG_SANITIZE=false to include sanitized data
---

--- 2025-12-25T18:40:39.453Z debug
HEADERS: omitted; set WRANGLER_LOG_SANITIZE=false to include sanitized data
---

--- 2025-12-25T18:40:39.453Z debug
INIT: omitted; set WRANGLER_LOG_SANITIZE=false to include sanitized data
---

--- 2025-12-25T18:40:39.453Z debug
-- END CF API REQUEST
---

--- 2025-12-25T18:40:41.117Z debug
-- START CF API RESPONSE: OK 200
---

--- 2025-12-25T18:40:41.117Z debug
HEADERS: omitted; set WRANGLER_LOG_SANITIZE=false to include sanitized data
---

--- 2025-12-25T18:40:41.118Z debug
RESPONSE: omitted; set WRANGLER_LOG_SANITIZE=false to include sanitized data
---

--- 2025-12-25T18:40:41.118Z debug
-- END CF API RESPONSE
---

--- 2025-12-25T18:40:41.119Z debug
-- START CF API REQUEST: PUT https://api.cloudflare.com/client/v4/accounts/f006ec5b85550c77e565a3f9f99a35c0/workers/scripts/cloudflare_temp_email/domains/records
---

--- 2025-12-25T18:40:41.119Z debug
QUERY STRING: omitted; set WRANGLER_LOG_SANITIZE=false to include sanitized data
---

--- 2025-12-25T18:40:41.119Z debug
HEADERS: omitted; set WRANGLER_LOG_SANITIZE=false to include sanitized data
---

--- 2025-12-25T18:40:41.119Z debug
INIT: omitted; set WRANGLER_LOG_SANITIZE=false to include sanitized data
---

--- 2025-12-25T18:40:41.119Z debug
-- END CF API REQUEST
---

--- 2025-12-25T18:40:42.827Z debug
-- START CF API RESPONSE: OK 200
---

--- 2025-12-25T18:40:42.827Z debug
HEADERS: omitted; set WRANGLER_LOG_SANITIZE=false to include sanitized data
---

--- 2025-12-25T18:40:42.827Z debug
RESPONSE: omitted; set WRANGLER_LOG_SANITIZE=false to include sanitized data
---

--- 2025-12-25T18:40:42.827Z debug
-- END CF API RESPONSE
---

--- 2025-12-25T18:40:42.828Z log
Deployed cloudflare_temp_email triggers (10.23 sec)
---

--- 2025-12-25T18:40:42.829Z log
  temp-mail-api.lexa.my.id (custom domain)
---

--- 2025-12-25T18:40:42.829Z log
Current Version ID: 14e33a79-02b8-46e2-9dda-a0d5f73ebb24
---

--- 2025-12-25T18:40:42.831Z debug
Metrics dispatcher: Posting data {"deviceId":"d39dff02-21f2-40cf-941a-454076f127d1","event":"deploy worker script","timestamp":1766688042831,"properties":{"category":"Workers","wranglerVersion":"4.54.0","os":"linux:x64","usesTypeScript":true,"durationMs":32101}}
---

--- 2025-12-25T18:40:42.842Z debug
Metrics dispatcher: Posting data {"deviceId":"d39dff02-21f2-40cf-941a-454076f127d1","event":"wrangler command completed","timestamp":1766688042842,"properties":{"amplitude_session_id":1766688010267,"amplitude_event_id":1,"wranglerVersion":"4.54.0","osPlatform":"Linux","osVersion":"#1 SMP PREEMPT_DYNAMIC Thu Jun  5 18:30:46 UTC 2025","nodeVersion":22,"packageManager":"pnpm","isFirstUsage":false,"configFileType":"toml","isCI":false,"isPagesCI":false,"isWorkersCI":false,"isInteractive":true,"hasAssets":false,"argsUsed":["minify"],"argsCombination":"minify","command":"wrangler deploy","args":{},"durationMs":32701,"durationSeconds":32.701,"durationMinutes":0.5450166666666667}}
---
