
--- 2025-12-24T07:40:02.577Z debug
🪵  Writing logs to "/home/hades/.config/.wrangler/logs/wrangler-2025-12-24_07-40-02_054.log"
---

--- 2025-12-24T07:40:02.577Z debug
Metrics dispatcher: Posting data {"deviceId":"d39dff02-21f2-40cf-941a-454076f127d1","event":"wrangler command started","timestamp":1766562002577,"properties":{"amplitude_session_id":1766562002573,"amplitude_event_id":0,"wranglerVersion":"4.53.0","osPlatform":"Linux","osVersion":"#1 SMP PREEMPT_DYNAMIC Thu Jun  5 18:30:46 UTC 2025","nodeVersion":22,"packageManager":"npm","isFirstUsage":false,"configFileType":"none","isCI":false,"isPagesCI":false,"isWorkersCI":false,"isInteractive":true,"hasAssets":false,"argsUsed":[],"argsCombination":"","command":"wrangler pages deploy","args":{}}}
---

--- 2025-12-24T07:40:02.591Z debug
.env file not found at "/home/hades/FUN/NotesProjeck/beta/vaultnotes/.env.local". Continuing... For more details, refer to https://developers.cloudflare.com/workers/wrangler/system-environment-variables/
---

--- 2025-12-24T07:40:02.626Z log

 ⛅️ wrangler 4.53.0 (update available 4.56.0)
─────────────────────────────────────────────
---

--- 2025-12-24T07:40:02.652Z debug
Retrieving cached values for account_id and project_name from node_modules/.cache/wrangler
---

--- 2025-12-24T07:40:02.656Z debug
-- START CF API REQUEST: GET https://api.cloudflare.com/client/v4/accounts/f006ec5b85550c77e565a3f9f99a35c0/pages/projects/leafvault-notes
---

--- 2025-12-24T07:40:02.656Z debug
QUERY STRING: omitted; set WRANGLER_LOG_SANITIZE=false to include sanitized data
---

--- 2025-12-24T07:40:02.658Z debug
HEADERS: omitted; set WRANGLER_LOG_SANITIZE=false to include sanitized data
---

--- 2025-12-24T07:40:02.658Z debug
INIT: omitted; set WRANGLER_LOG_SANITIZE=false to include sanitized data
---

--- 2025-12-24T07:40:02.658Z debug
-- END CF API REQUEST
---

--- 2025-12-24T07:40:06.208Z debug
-- START CF API RESPONSE: OK 200
---

--- 2025-12-24T07:40:06.210Z debug
HEADERS: omitted; set WRANGLER_LOG_SANITIZE=false to include sanitized data
---

--- 2025-12-24T07:40:06.210Z debug
RESPONSE: omitted; set WRANGLER_LOG_SANITIZE=false to include sanitized data
---

--- 2025-12-24T07:40:06.210Z debug
-- END CF API RESPONSE
---

--- 2025-12-24T07:40:06.346Z debug
-- START CF API REQUEST: GET https://api.cloudflare.com/client/v4/accounts/f006ec5b85550c77e565a3f9f99a35c0/pages/projects/leafvault-notes
---

--- 2025-12-24T07:40:06.346Z debug
QUERY STRING: omitted; set WRANGLER_LOG_SANITIZE=false to include sanitized data
---

--- 2025-12-24T07:40:06.347Z debug
HEADERS: omitted; set WRANGLER_LOG_SANITIZE=false to include sanitized data
---

--- 2025-12-24T07:40:06.347Z debug
INIT: omitted; set WRANGLER_LOG_SANITIZE=false to include sanitized data
---

--- 2025-12-24T07:40:06.347Z debug
-- END CF API REQUEST
---

--- 2025-12-24T07:40:07.902Z debug
-- START CF API RESPONSE: OK 200
---

--- 2025-12-24T07:40:07.902Z debug
HEADERS: omitted; set WRANGLER_LOG_SANITIZE=false to include sanitized data
---

--- 2025-12-24T07:40:07.903Z debug
RESPONSE: omitted; set WRANGLER_LOG_SANITIZE=false to include sanitized data
---

--- 2025-12-24T07:40:07.903Z debug
-- END CF API RESPONSE
---

--- 2025-12-24T07:40:08.008Z debug
-- START CF API REQUEST: GET https://api.cloudflare.com/client/v4/accounts/f006ec5b85550c77e565a3f9f99a35c0/pages/projects/leafvault-notes/upload-token
---

--- 2025-12-24T07:40:08.008Z debug
QUERY STRING: omitted; set WRANGLER_LOG_SANITIZE=false to include sanitized data
---

--- 2025-12-24T07:40:08.009Z debug
HEADERS: omitted; set WRANGLER_LOG_SANITIZE=false to include sanitized data
---

--- 2025-12-24T07:40:08.009Z debug
INIT: omitted; set WRANGLER_LOG_SANITIZE=false to include sanitized data
---

--- 2025-12-24T07:40:08.009Z debug
-- END CF API REQUEST
---

--- 2025-12-24T07:40:09.450Z debug
-- START CF API RESPONSE: OK 200
---

--- 2025-12-24T07:40:09.451Z debug
HEADERS: omitted; set WRANGLER_LOG_SANITIZE=false to include sanitized data
---

--- 2025-12-24T07:40:09.452Z debug
RESPONSE: omitted; set WRANGLER_LOG_SANITIZE=false to include sanitized data
---

--- 2025-12-24T07:40:09.452Z debug
-- END CF API RESPONSE
---

--- 2025-12-24T07:40:09.456Z debug
-- START CF API REQUEST: POST https://api.cloudflare.com/client/v4/pages/assets/check-missing
---

--- 2025-12-24T07:40:09.456Z debug
QUERY STRING: omitted; set WRANGLER_LOG_SANITIZE=false to include sanitized data
---

--- 2025-12-24T07:40:09.457Z debug
HEADERS: omitted; set WRANGLER_LOG_SANITIZE=false to include sanitized data
---

--- 2025-12-24T07:40:09.457Z debug
INIT: omitted; set WRANGLER_LOG_SANITIZE=false to include sanitized data
---

--- 2025-12-24T07:40:09.457Z debug
-- END CF API REQUEST
---

--- 2025-12-24T07:40:09.783Z debug
-- START CF API RESPONSE: OK 200
---

--- 2025-12-24T07:40:09.784Z debug
HEADERS: omitted; set WRANGLER_LOG_SANITIZE=false to include sanitized data
---

--- 2025-12-24T07:40:09.784Z debug
RESPONSE: omitted; set WRANGLER_LOG_SANITIZE=false to include sanitized data
---

--- 2025-12-24T07:40:09.784Z debug
-- END CF API RESPONSE
---

--- 2025-12-24T07:40:09.796Z debug
POST /pages/assets/upload
---

--- 2025-12-24T07:40:09.797Z debug
-- START CF API REQUEST: POST https://api.cloudflare.com/client/v4/pages/assets/upload
---

--- 2025-12-24T07:40:09.797Z debug
QUERY STRING: omitted; set WRANGLER_LOG_SANITIZE=false to include sanitized data
---

--- 2025-12-24T07:40:09.798Z debug
HEADERS: omitted; set WRANGLER_LOG_SANITIZE=false to include sanitized data
---

--- 2025-12-24T07:40:09.798Z debug
INIT: omitted; set WRANGLER_LOG_SANITIZE=false to include sanitized data
---

--- 2025-12-24T07:40:09.798Z debug
-- END CF API REQUEST
---

--- 2025-12-24T07:40:09.803Z debug
POST /pages/assets/upload
---

--- 2025-12-24T07:40:09.806Z debug
-- START CF API REQUEST: POST https://api.cloudflare.com/client/v4/pages/assets/upload
---

--- 2025-12-24T07:40:09.806Z debug
QUERY STRING: omitted; set WRANGLER_LOG_SANITIZE=false to include sanitized data
---

--- 2025-12-24T07:40:09.806Z debug
HEADERS: omitted; set WRANGLER_LOG_SANITIZE=false to include sanitized data
---

--- 2025-12-24T07:40:09.808Z debug
INIT: omitted; set WRANGLER_LOG_SANITIZE=false to include sanitized data
---

--- 2025-12-24T07:40:09.808Z debug
-- END CF API REQUEST
---

--- 2025-12-24T07:40:09.820Z debug
POST /pages/assets/upload
---

--- 2025-12-24T07:40:09.843Z debug
-- START CF API REQUEST: POST https://api.cloudflare.com/client/v4/pages/assets/upload
---

--- 2025-12-24T07:40:09.843Z debug
QUERY STRING: omitted; set WRANGLER_LOG_SANITIZE=false to include sanitized data
---

--- 2025-12-24T07:40:09.843Z debug
HEADERS: omitted; set WRANGLER_LOG_SANITIZE=false to include sanitized data
---

--- 2025-12-24T07:40:09.858Z debug
INIT: omitted; set WRANGLER_LOG_SANITIZE=false to include sanitized data
---

--- 2025-12-24T07:40:09.858Z debug
-- END CF API REQUEST
---

--- 2025-12-24T07:40:10.565Z debug
-- START CF API RESPONSE: OK 200
---

--- 2025-12-24T07:40:10.566Z debug
HEADERS: omitted; set WRANGLER_LOG_SANITIZE=false to include sanitized data
---

--- 2025-12-24T07:40:10.567Z debug
RESPONSE: omitted; set WRANGLER_LOG_SANITIZE=false to include sanitized data
---

--- 2025-12-24T07:40:10.567Z debug
-- END CF API RESPONSE
---

--- 2025-12-24T07:40:10.568Z debug
result: { successful_key_count: 1, unsuccessful_keys: [] }
---

--- 2025-12-24T07:40:12.286Z debug
-- START CF API RESPONSE: OK 200
---

--- 2025-12-24T07:40:12.287Z debug
HEADERS: omitted; set WRANGLER_LOG_SANITIZE=false to include sanitized data
---

--- 2025-12-24T07:40:12.287Z debug
RESPONSE: omitted; set WRANGLER_LOG_SANITIZE=false to include sanitized data
---

--- 2025-12-24T07:40:12.287Z debug
-- END CF API RESPONSE
---

--- 2025-12-24T07:40:12.288Z debug
result: { successful_key_count: 1, unsuccessful_keys: [] }
---

--- 2025-12-24T07:40:17.393Z debug
-- START CF API RESPONSE: OK 200
---

--- 2025-12-24T07:40:17.394Z debug
HEADERS: omitted; set WRANGLER_LOG_SANITIZE=false to include sanitized data
---

--- 2025-12-24T07:40:17.394Z debug
RESPONSE: omitted; set WRANGLER_LOG_SANITIZE=false to include sanitized data
---

--- 2025-12-24T07:40:17.394Z debug
-- END CF API RESPONSE
---

--- 2025-12-24T07:40:17.395Z debug
result: { successful_key_count: 1, unsuccessful_keys: [] }
---

--- 2025-12-24T07:40:17.397Z log
✨ Success! Uploaded 3 files (35 already uploaded) (7.95 sec)

---

--- 2025-12-24T07:40:17.399Z debug
-- START CF API REQUEST: POST https://api.cloudflare.com/client/v4/pages/assets/upsert-hashes
---

--- 2025-12-24T07:40:17.399Z debug
QUERY STRING: omitted; set WRANGLER_LOG_SANITIZE=false to include sanitized data
---

--- 2025-12-24T07:40:17.400Z debug
HEADERS: omitted; set WRANGLER_LOG_SANITIZE=false to include sanitized data
---

--- 2025-12-24T07:40:17.400Z debug
INIT: omitted; set WRANGLER_LOG_SANITIZE=false to include sanitized data
---

--- 2025-12-24T07:40:17.400Z debug
-- END CF API REQUEST
---

--- 2025-12-24T07:40:17.882Z debug
-- START CF API RESPONSE: OK 200
---

--- 2025-12-24T07:40:17.883Z debug
HEADERS: omitted; set WRANGLER_LOG_SANITIZE=false to include sanitized data
---

--- 2025-12-24T07:40:17.883Z debug
RESPONSE: omitted; set WRANGLER_LOG_SANITIZE=false to include sanitized data
---

--- 2025-12-24T07:40:17.883Z debug
-- END CF API RESPONSE
---

--- 2025-12-24T07:40:17.885Z log
✨ Uploading _headers
---

--- 2025-12-24T07:40:17.886Z log
✨ Uploading _redirects
---

--- 2025-12-24T07:40:17.887Z debug
-- START CF API REQUEST: POST https://api.cloudflare.com/client/v4/accounts/f006ec5b85550c77e565a3f9f99a35c0/pages/projects/leafvault-notes/deployments
---

--- 2025-12-24T07:40:17.887Z debug
QUERY STRING: omitted; set WRANGLER_LOG_SANITIZE=false to include sanitized data
---

--- 2025-12-24T07:40:17.887Z debug
HEADERS: omitted; set WRANGLER_LOG_SANITIZE=false to include sanitized data
---

--- 2025-12-24T07:40:17.888Z debug
INIT: omitted; set WRANGLER_LOG_SANITIZE=false to include sanitized data
---

--- 2025-12-24T07:40:17.898Z debug
BODY: omitted; set WRANGLER_LOG_SANITIZE=false to include sanitized data
---

--- 2025-12-24T07:40:17.898Z debug
-- END CF API REQUEST
---

--- 2025-12-24T07:40:20.830Z debug
-- START CF API RESPONSE: OK 200
---

--- 2025-12-24T07:40:20.831Z debug
HEADERS: omitted; set WRANGLER_LOG_SANITIZE=false to include sanitized data
---

--- 2025-12-24T07:40:20.831Z debug
RESPONSE: omitted; set WRANGLER_LOG_SANITIZE=false to include sanitized data
---

--- 2025-12-24T07:40:20.831Z debug
-- END CF API RESPONSE
---

--- 2025-12-24T07:40:20.833Z debug
Saving to cache: {"account_id":"f006ec5b85550c77e565a3f9f99a35c0","project_name":"leafvault-notes"}
---

--- 2025-12-24T07:40:20.834Z log
🌎 Deploying...
---

--- 2025-12-24T07:40:21.836Z debug
attempt #1: Attempting to fetch status for deployment with id "999ad51b-5147-43a1-9683-59a494d01602" ...
---

--- 2025-12-24T07:40:21.837Z debug
-- START CF API REQUEST: GET https://api.cloudflare.com/client/v4/accounts/f006ec5b85550c77e565a3f9f99a35c0/pages/projects/leafvault-notes/deployments/999ad51b-5147-43a1-9683-59a494d01602
---

--- 2025-12-24T07:40:21.837Z debug
QUERY STRING: omitted; set WRANGLER_LOG_SANITIZE=false to include sanitized data
---

--- 2025-12-24T07:40:21.837Z debug
HEADERS: omitted; set WRANGLER_LOG_SANITIZE=false to include sanitized data
---

--- 2025-12-24T07:40:21.837Z debug
INIT: omitted; set WRANGLER_LOG_SANITIZE=false to include sanitized data
---

--- 2025-12-24T07:40:21.837Z debug
-- END CF API REQUEST
---

--- 2025-12-24T07:40:23.346Z debug
-- START CF API RESPONSE: OK 200
---

--- 2025-12-24T07:40:23.346Z debug
HEADERS: omitted; set WRANGLER_LOG_SANITIZE=false to include sanitized data
---

--- 2025-12-24T07:40:23.346Z debug
RESPONSE: omitted; set WRANGLER_LOG_SANITIZE=false to include sanitized data
---

--- 2025-12-24T07:40:23.346Z debug
-- END CF API RESPONSE
---

--- 2025-12-24T07:40:25.349Z debug
attempt #2: Attempting to fetch status for deployment with id "999ad51b-5147-43a1-9683-59a494d01602" ...
---

--- 2025-12-24T07:40:25.350Z debug
-- START CF API REQUEST: GET https://api.cloudflare.com/client/v4/accounts/f006ec5b85550c77e565a3f9f99a35c0/pages/projects/leafvault-notes/deployments/999ad51b-5147-43a1-9683-59a494d01602
---

--- 2025-12-24T07:40:25.350Z debug
QUERY STRING: omitted; set WRANGLER_LOG_SANITIZE=false to include sanitized data
---

--- 2025-12-24T07:40:25.350Z debug
HEADERS: omitted; set WRANGLER_LOG_SANITIZE=false to include sanitized data
---

--- 2025-12-24T07:40:25.350Z debug
INIT: omitted; set WRANGLER_LOG_SANITIZE=false to include sanitized data
---

--- 2025-12-24T07:40:25.350Z debug
-- END CF API REQUEST
---

--- 2025-12-24T07:40:26.897Z debug
-- START CF API RESPONSE: OK 200
---

--- 2025-12-24T07:40:26.897Z debug
HEADERS: omitted; set WRANGLER_LOG_SANITIZE=false to include sanitized data
---

--- 2025-12-24T07:40:26.897Z debug
RESPONSE: omitted; set WRANGLER_LOG_SANITIZE=false to include sanitized data
---

--- 2025-12-24T07:40:26.897Z debug
-- END CF API RESPONSE
---

--- 2025-12-24T07:40:26.899Z log
✨ Deployment complete! Take a peek over at https://999ad51b.leafvault-notes.pages.dev
---

--- 2025-12-24T07:40:26.901Z debug
Metrics dispatcher: Posting data {"deviceId":"d39dff02-21f2-40cf-941a-454076f127d1","event":"create pages deployment","timestamp":1766562026901,"properties":{"category":"Workers","wranglerVersion":"4.53.0","os":"linux:x64"}}
---

--- 2025-12-24T07:40:26.910Z debug
Metrics dispatcher: Posting data {"deviceId":"d39dff02-21f2-40cf-941a-454076f127d1","event":"wrangler command completed","timestamp":1766562026910,"properties":{"amplitude_session_id":1766562002573,"amplitude_event_id":1,"wranglerVersion":"4.53.0","osPlatform":"Linux","osVersion":"#1 SMP PREEMPT_DYNAMIC Thu Jun  5 18:30:46 UTC 2025","nodeVersion":22,"packageManager":"npm","isFirstUsage":false,"configFileType":"none","isCI":false,"isPagesCI":false,"isWorkersCI":false,"isInteractive":true,"hasAssets":false,"argsUsed":[],"argsCombination":"","command":"wrangler pages deploy","args":{},"durationMs":24415,"durationSeconds":24.415,"durationMinutes":0.40691666666666665}}
---
