
--- 2025-12-24T08:28:56.189Z debug
🪵  Writing logs to "/home/hades/.config/.wrangler/logs/wrangler-2025-12-24_08-28-55_335.log"
---

--- 2025-12-24T08:28:56.188Z debug
Metrics dispatcher: Posting data {"deviceId":"d39dff02-21f2-40cf-941a-454076f127d1","event":"wrangler command started","timestamp":1766564936188,"properties":{"amplitude_session_id":1766564936182,"amplitude_event_id":0,"wranglerVersion":"4.53.0","osPlatform":"Linux","osVersion":"#1 SMP PREEMPT_DYNAMIC Thu Jun  5 18:30:46 UTC 2025","nodeVersion":22,"packageManager":"npm","isFirstUsage":false,"configFileType":"none","isCI":false,"isPagesCI":false,"isWorkersCI":false,"isInteractive":true,"hasAssets":false,"argsUsed":["remote"],"argsCombination":"remote","command":"wrangler d1 execute","args":{}}}
---

--- 2025-12-24T08:28:56.282Z debug
.env file not found at "/home/hades/FUN/NotesProjeck/beta/vaultnotes/.env.local". Continuing... For more details, refer to https://developers.cloudflare.com/workers/wrangler/system-environment-variables/
---

--- 2025-12-24T08:28:56.366Z log

 ⛅️ wrangler 4.53.0 (update available 4.56.0)
─────────────────────────────────────────────
---

--- 2025-12-24T08:28:56.370Z log
Resource location: remote 

---

--- 2025-12-24T08:29:01.814Z debug
Retrieving cached values for account from node_modules/.cache/wrangler
---

--- 2025-12-24T08:29:01.821Z debug
-- START CF API REQUEST: GET https://api.cloudflare.com/client/v4/accounts/f006ec5b85550c77e565a3f9f99a35c0/d1/database
---

--- 2025-12-24T08:29:01.822Z debug
QUERY STRING: omitted; set WRANGLER_LOG_SANITIZE=false to include sanitized data
---

--- 2025-12-24T08:29:01.824Z debug
HEADERS: omitted; set WRANGLER_LOG_SANITIZE=false to include sanitized data
---

--- 2025-12-24T08:29:01.824Z debug
INIT: omitted; set WRANGLER_LOG_SANITIZE=false to include sanitized data
---

--- 2025-12-24T08:29:01.824Z debug
-- END CF API REQUEST
---

--- 2025-12-24T08:29:02.991Z debug
-- START CF API RESPONSE: OK 200
---

--- 2025-12-24T08:29:02.995Z debug
HEADERS: omitted; set WRANGLER_LOG_SANITIZE=false to include sanitized data
---

--- 2025-12-24T08:29:02.995Z debug
RESPONSE: omitted; set WRANGLER_LOG_SANITIZE=false to include sanitized data
---

--- 2025-12-24T08:29:02.995Z debug
-- END CF API RESPONSE
---

--- 2025-12-24T08:29:03.006Z log
🌀 Executing on remote database leafvault-db (3b15207f-68c2-49d0-998e-d8344047d796):
---

--- 2025-12-24T08:29:03.009Z log
🌀 To execute on your local development database, remove the --remote flag from your wrangler command.
---

--- 2025-12-24T08:29:03.036Z log
Note: if the execution fails to complete, your DB will return to its original state and you can safely retry.
---

--- 2025-12-24T08:29:03.039Z debug
-- START CF API REQUEST: POST https://api.cloudflare.com/client/v4/accounts/f006ec5b85550c77e565a3f9f99a35c0/d1/database/3b15207f-68c2-49d0-998e-d8344047d796/import
---

--- 2025-12-24T08:29:03.039Z debug
QUERY STRING: omitted; set WRANGLER_LOG_SANITIZE=false to include sanitized data
---

--- 2025-12-24T08:29:03.039Z debug
HEADERS: omitted; set WRANGLER_LOG_SANITIZE=false to include sanitized data
---

--- 2025-12-24T08:29:03.040Z debug
INIT: omitted; set WRANGLER_LOG_SANITIZE=false to include sanitized data
---

--- 2025-12-24T08:29:03.040Z debug
-- END CF API REQUEST
---

--- 2025-12-24T08:29:04.060Z debug
-- START CF API RESPONSE: OK 200
---

--- 2025-12-24T08:29:04.061Z debug
HEADERS: omitted; set WRANGLER_LOG_SANITIZE=false to include sanitized data
---

--- 2025-12-24T08:29:04.061Z debug
RESPONSE: omitted; set WRANGLER_LOG_SANITIZE=false to include sanitized data
---

--- 2025-12-24T08:29:04.061Z debug
-- END CF API RESPONSE
---

--- 2025-12-24T08:29:04.072Z log
🌀 File already uploaded. Processing.
---

--- 2025-12-24T08:29:04.074Z log
🌀 Starting import...
---

--- 2025-12-24T08:29:04.075Z log
🌀 Processed 4 queries.
---

--- 2025-12-24T08:29:04.076Z log
🚣 Executed 4 queries in 2.00ms (0 rows read, 0 rows written)
   Database is currently at bookmark 00000008-0000000d-00004fde-e79dfbeeb8c94fe7f38269b8331708d0.
---

--- 2025-12-24T08:29:04.126Z log
┌────────────────────────┬───────────┬──────────────┬────────────────────┐
│ Total queries executed │ Rows read │ Rows written │ Database size (MB) │
├────────────────────────┼───────────┼──────────────┼────────────────────┤
│ 4                      │ 0         │ 0            │ 0.05               │
└────────────────────────┴───────────┴──────────────┴────────────────────┘
---

--- 2025-12-24T08:29:04.133Z debug
Metrics dispatcher: Posting data {"deviceId":"d39dff02-21f2-40cf-941a-454076f127d1","event":"wrangler command completed","timestamp":1766564944133,"properties":{"amplitude_session_id":1766564936182,"amplitude_event_id":1,"wranglerVersion":"4.53.0","osPlatform":"Linux","osVersion":"#1 SMP PREEMPT_DYNAMIC Thu Jun  5 18:30:46 UTC 2025","nodeVersion":22,"packageManager":"npm","isFirstUsage":false,"configFileType":"none","isCI":false,"isPagesCI":false,"isWorkersCI":false,"isInteractive":true,"hasAssets":false,"argsUsed":["remote"],"argsCombination":"remote","command":"wrangler d1 execute","args":{},"durationMs":8067,"durationSeconds":8.067,"durationMinutes":0.13445000000000001}}
---
