
--- 2025-12-24T07:50:56.894Z debug
🪵  Writing logs to "/home/hades/.config/.wrangler/logs/wrangler-2025-12-24_07-50-56_058.log"
---

--- 2025-12-24T07:50:56.893Z debug
Metrics dispatcher: Posting data {"deviceId":"d39dff02-21f2-40cf-941a-454076f127d1","event":"wrangler command started","timestamp":1766562656893,"properties":{"amplitude_session_id":1766562656886,"amplitude_event_id":0,"wranglerVersion":"4.53.0","osPlatform":"Linux","osVersion":"#1 SMP PREEMPT_DYNAMIC Thu Jun  5 18:30:46 UTC 2025","nodeVersion":22,"packageManager":"npm","isFirstUsage":false,"configFileType":"none","isCI":false,"isPagesCI":false,"isWorkersCI":false,"isInteractive":true,"hasAssets":false,"argsUsed":[],"argsCombination":"","command":"wrangler pages deploy","args":{}}}
---

--- 2025-12-24T07:50:56.929Z debug
.env file not found at "/home/hades/FUN/NotesProjeck/beta/vaultnotes/.env.local". Continuing... For more details, refer to https://developers.cloudflare.com/workers/wrangler/system-environment-variables/
---

--- 2025-12-24T07:50:57.016Z log

 ⛅️ wrangler 4.53.0 (update available 4.56.0)
─────────────────────────────────────────────
---

--- 2025-12-24T07:50:57.085Z debug
Retrieving cached values for account_id and project_name from node_modules/.cache/wrangler
---

--- 2025-12-24T07:50:57.089Z debug
-- START CF API REQUEST: GET https://api.cloudflare.com/client/v4/accounts/f006ec5b85550c77e565a3f9f99a35c0/pages/projects/leafvault-notes
---

--- 2025-12-24T07:50:57.090Z debug
QUERY STRING: omitted; set WRANGLER_LOG_SANITIZE=false to include sanitized data
---

--- 2025-12-24T07:50:57.093Z debug
HEADERS: omitted; set WRANGLER_LOG_SANITIZE=false to include sanitized data
---

--- 2025-12-24T07:50:57.093Z debug
INIT: omitted; set WRANGLER_LOG_SANITIZE=false to include sanitized data
---

--- 2025-12-24T07:50:57.093Z debug
-- END CF API REQUEST
---

--- 2025-12-24T07:50:58.860Z debug
-- START CF API RESPONSE: OK 200
---

--- 2025-12-24T07:50:58.862Z debug
HEADERS: omitted; set WRANGLER_LOG_SANITIZE=false to include sanitized data
---

--- 2025-12-24T07:50:58.862Z debug
RESPONSE: omitted; set WRANGLER_LOG_SANITIZE=false to include sanitized data
---

--- 2025-12-24T07:50:58.863Z debug
-- END CF API RESPONSE
---

--- 2025-12-24T07:50:58.961Z debug
-- START CF API REQUEST: GET https://api.cloudflare.com/client/v4/accounts/f006ec5b85550c77e565a3f9f99a35c0/pages/projects/leafvault-notes
---

--- 2025-12-24T07:50:58.962Z debug
QUERY STRING: omitted; set WRANGLER_LOG_SANITIZE=false to include sanitized data
---

--- 2025-12-24T07:50:58.962Z debug
HEADERS: omitted; set WRANGLER_LOG_SANITIZE=false to include sanitized data
---

--- 2025-12-24T07:50:58.962Z debug
INIT: omitted; set WRANGLER_LOG_SANITIZE=false to include sanitized data
---

--- 2025-12-24T07:50:58.962Z debug
-- END CF API REQUEST
---

--- 2025-12-24T07:51:00.520Z debug
-- START CF API RESPONSE: OK 200
---

--- 2025-12-24T07:51:00.521Z debug
HEADERS: omitted; set WRANGLER_LOG_SANITIZE=false to include sanitized data
---

--- 2025-12-24T07:51:00.522Z debug
RESPONSE: omitted; set WRANGLER_LOG_SANITIZE=false to include sanitized data
---

--- 2025-12-24T07:51:00.522Z debug
-- END CF API RESPONSE
---

--- 2025-12-24T07:51:00.618Z debug
-- START CF API REQUEST: GET https://api.cloudflare.com/client/v4/accounts/f006ec5b85550c77e565a3f9f99a35c0/pages/projects/leafvault-notes/upload-token
---

--- 2025-12-24T07:51:00.618Z debug
QUERY STRING: omitted; set WRANGLER_LOG_SANITIZE=false to include sanitized data
---

--- 2025-12-24T07:51:00.618Z debug
HEADERS: omitted; set WRANGLER_LOG_SANITIZE=false to include sanitized data
---

--- 2025-12-24T07:51:00.619Z debug
INIT: omitted; set WRANGLER_LOG_SANITIZE=false to include sanitized data
---

--- 2025-12-24T07:51:00.619Z debug
-- END CF API REQUEST
---

--- 2025-12-24T07:51:02.320Z debug
-- START CF API RESPONSE: OK 200
---

--- 2025-12-24T07:51:02.321Z debug
HEADERS: omitted; set WRANGLER_LOG_SANITIZE=false to include sanitized data
---

--- 2025-12-24T07:51:02.321Z debug
RESPONSE: omitted; set WRANGLER_LOG_SANITIZE=false to include sanitized data
---

--- 2025-12-24T07:51:02.321Z debug
-- END CF API RESPONSE
---

--- 2025-12-24T07:51:02.326Z debug
-- START CF API REQUEST: POST https://api.cloudflare.com/client/v4/pages/assets/check-missing
---

--- 2025-12-24T07:51:02.326Z debug
QUERY STRING: omitted; set WRANGLER_LOG_SANITIZE=false to include sanitized data
---

--- 2025-12-24T07:51:02.326Z debug
HEADERS: omitted; set WRANGLER_LOG_SANITIZE=false to include sanitized data
---

--- 2025-12-24T07:51:02.326Z debug
INIT: omitted; set WRANGLER_LOG_SANITIZE=false to include sanitized data
---

--- 2025-12-24T07:51:02.326Z debug
-- END CF API REQUEST
---

--- 2025-12-24T07:51:02.678Z debug
-- START CF API RESPONSE: OK 200
---

--- 2025-12-24T07:51:02.679Z debug
HEADERS: omitted; set WRANGLER_LOG_SANITIZE=false to include sanitized data
---

--- 2025-12-24T07:51:02.679Z debug
RESPONSE: omitted; set WRANGLER_LOG_SANITIZE=false to include sanitized data
---

--- 2025-12-24T07:51:02.679Z debug
-- END CF API RESPONSE
---

--- 2025-12-24T07:51:02.689Z debug
POST /pages/assets/upload
---

--- 2025-12-24T07:51:02.690Z debug
-- START CF API REQUEST: POST https://api.cloudflare.com/client/v4/pages/assets/upload
---

--- 2025-12-24T07:51:02.690Z debug
QUERY STRING: omitted; set WRANGLER_LOG_SANITIZE=false to include sanitized data
---

--- 2025-12-24T07:51:02.691Z debug
HEADERS: omitted; set WRANGLER_LOG_SANITIZE=false to include sanitized data
---

--- 2025-12-24T07:51:02.692Z debug
INIT: omitted; set WRANGLER_LOG_SANITIZE=false to include sanitized data
---

--- 2025-12-24T07:51:02.692Z debug
-- END CF API REQUEST
---

--- 2025-12-24T07:51:02.698Z debug
POST /pages/assets/upload
---

--- 2025-12-24T07:51:02.715Z debug
-- START CF API REQUEST: POST https://api.cloudflare.com/client/v4/pages/assets/upload
---

--- 2025-12-24T07:51:02.715Z debug
QUERY STRING: omitted; set WRANGLER_LOG_SANITIZE=false to include sanitized data
---

--- 2025-12-24T07:51:02.715Z debug
HEADERS: omitted; set WRANGLER_LOG_SANITIZE=false to include sanitized data
---

--- 2025-12-24T07:51:02.734Z debug
INIT: omitted; set WRANGLER_LOG_SANITIZE=false to include sanitized data
---

--- 2025-12-24T07:51:02.734Z debug
-- END CF API REQUEST
---

--- 2025-12-24T07:51:03.521Z debug
-- START CF API RESPONSE: OK 200
---

--- 2025-12-24T07:51:03.522Z debug
HEADERS: omitted; set WRANGLER_LOG_SANITIZE=false to include sanitized data
---

--- 2025-12-24T07:51:03.522Z debug
RESPONSE: omitted; set WRANGLER_LOG_SANITIZE=false to include sanitized data
---

--- 2025-12-24T07:51:03.522Z debug
-- END CF API RESPONSE
---

--- 2025-12-24T07:51:03.526Z debug
result: { successful_key_count: 1, unsuccessful_keys: [] }
---

--- 2025-12-24T07:51:11.082Z debug
-- START CF API RESPONSE: OK 200
---

--- 2025-12-24T07:51:11.083Z debug
HEADERS: omitted; set WRANGLER_LOG_SANITIZE=false to include sanitized data
---

--- 2025-12-24T07:51:11.083Z debug
RESPONSE: omitted; set WRANGLER_LOG_SANITIZE=false to include sanitized data
---

--- 2025-12-24T07:51:11.083Z debug
-- END CF API RESPONSE
---

--- 2025-12-24T07:51:11.083Z debug
result: { successful_key_count: 1, unsuccessful_keys: [] }
---

--- 2025-12-24T07:51:11.084Z log
✨ Success! Uploaded 2 files (36 already uploaded) (8.76 sec)

---

--- 2025-12-24T07:51:11.086Z debug
-- START CF API REQUEST: POST https://api.cloudflare.com/client/v4/pages/assets/upsert-hashes
---

--- 2025-12-24T07:51:11.086Z debug
QUERY STRING: omitted; set WRANGLER_LOG_SANITIZE=false to include sanitized data
---

--- 2025-12-24T07:51:11.086Z debug
HEADERS: omitted; set WRANGLER_LOG_SANITIZE=false to include sanitized data
---

--- 2025-12-24T07:51:11.086Z debug
INIT: omitted; set WRANGLER_LOG_SANITIZE=false to include sanitized data
---

--- 2025-12-24T07:51:11.086Z debug
-- END CF API REQUEST
---

--- 2025-12-24T07:51:11.695Z debug
-- START CF API RESPONSE: OK 200
---

--- 2025-12-24T07:51:11.696Z debug
HEADERS: omitted; set WRANGLER_LOG_SANITIZE=false to include sanitized data
---

--- 2025-12-24T07:51:11.696Z debug
RESPONSE: omitted; set WRANGLER_LOG_SANITIZE=false to include sanitized data
---

--- 2025-12-24T07:51:11.696Z debug
-- END CF API RESPONSE
---

--- 2025-12-24T07:51:11.698Z log
✨ Uploading _headers
---

--- 2025-12-24T07:51:11.699Z log
✨ Uploading _redirects
---

--- 2025-12-24T07:51:11.700Z debug
-- START CF API REQUEST: POST https://api.cloudflare.com/client/v4/accounts/f006ec5b85550c77e565a3f9f99a35c0/pages/projects/leafvault-notes/deployments
---

--- 2025-12-24T07:51:11.700Z debug
QUERY STRING: omitted; set WRANGLER_LOG_SANITIZE=false to include sanitized data
---

--- 2025-12-24T07:51:11.700Z debug
HEADERS: omitted; set WRANGLER_LOG_SANITIZE=false to include sanitized data
---

--- 2025-12-24T07:51:11.700Z debug
INIT: omitted; set WRANGLER_LOG_SANITIZE=false to include sanitized data
---

--- 2025-12-24T07:51:11.712Z debug
BODY: omitted; set WRANGLER_LOG_SANITIZE=false to include sanitized data
---

--- 2025-12-24T07:51:11.712Z debug
-- END CF API REQUEST
---

--- 2025-12-24T07:51:13.913Z debug
-- START CF API RESPONSE: OK 200
---

--- 2025-12-24T07:51:13.913Z debug
HEADERS: omitted; set WRANGLER_LOG_SANITIZE=false to include sanitized data
---

--- 2025-12-24T07:51:13.913Z debug
RESPONSE: omitted; set WRANGLER_LOG_SANITIZE=false to include sanitized data
---

--- 2025-12-24T07:51:13.913Z debug
-- END CF API RESPONSE
---

--- 2025-12-24T07:51:13.915Z debug
Saving to cache: {"account_id":"f006ec5b85550c77e565a3f9f99a35c0","project_name":"leafvault-notes"}
---

--- 2025-12-24T07:51:13.919Z log
🌎 Deploying...
---

--- 2025-12-24T07:51:14.921Z debug
attempt #1: Attempting to fetch status for deployment with id "c6dddfbd-ad77-4f99-a4e0-bdbf10bb55f7" ...
---

--- 2025-12-24T07:51:14.923Z debug
-- START CF API REQUEST: GET https://api.cloudflare.com/client/v4/accounts/f006ec5b85550c77e565a3f9f99a35c0/pages/projects/leafvault-notes/deployments/c6dddfbd-ad77-4f99-a4e0-bdbf10bb55f7
---

--- 2025-12-24T07:51:14.923Z debug
QUERY STRING: omitted; set WRANGLER_LOG_SANITIZE=false to include sanitized data
---

--- 2025-12-24T07:51:14.923Z debug
HEADERS: omitted; set WRANGLER_LOG_SANITIZE=false to include sanitized data
---

--- 2025-12-24T07:51:14.923Z debug
INIT: omitted; set WRANGLER_LOG_SANITIZE=false to include sanitized data
---

--- 2025-12-24T07:51:14.923Z debug
-- END CF API REQUEST
---

--- 2025-12-24T07:51:16.667Z debug
-- START CF API RESPONSE: OK 200
---

--- 2025-12-24T07:51:16.668Z debug
HEADERS: omitted; set WRANGLER_LOG_SANITIZE=false to include sanitized data
---

--- 2025-12-24T07:51:16.668Z debug
RESPONSE: omitted; set WRANGLER_LOG_SANITIZE=false to include sanitized data
---

--- 2025-12-24T07:51:16.668Z debug
-- END CF API RESPONSE
---

--- 2025-12-24T07:51:16.670Z log
✨ Deployment complete! Take a peek over at https://c6dddfbd.leafvault-notes.pages.dev
---

--- 2025-12-24T07:51:16.673Z debug
Metrics dispatcher: Posting data {"deviceId":"d39dff02-21f2-40cf-941a-454076f127d1","event":"create pages deployment","timestamp":1766562676673,"properties":{"category":"Workers","wranglerVersion":"4.53.0","os":"linux:x64"}}
---

--- 2025-12-24T07:51:16.682Z debug
Metrics dispatcher: Posting data {"deviceId":"d39dff02-21f2-40cf-941a-454076f127d1","event":"wrangler command completed","timestamp":1766562676682,"properties":{"amplitude_session_id":1766562656886,"amplitude_event_id":1,"wranglerVersion":"4.53.0","osPlatform":"Linux","osVersion":"#1 SMP PREEMPT_DYNAMIC Thu Jun  5 18:30:46 UTC 2025","nodeVersion":22,"packageManager":"npm","isFirstUsage":false,"configFileType":"none","isCI":false,"isPagesCI":false,"isWorkersCI":false,"isInteractive":true,"hasAssets":false,"argsUsed":[],"argsCombination":"","command":"wrangler pages deploy","args":{},"durationMs":19915,"durationSeconds":19.915,"durationMinutes":0.33191666666666664}}
---
