
--- 2025-12-24T09:52:16.148Z debug
🪵  Writing logs to "/home/hades/.config/.wrangler/logs/wrangler-2025-12-24_09-52-15_202.log"
---

--- 2025-12-24T09:52:16.148Z debug
Metrics dispatcher: Posting data {"deviceId":"d39dff02-21f2-40cf-941a-454076f127d1","event":"wrangler command started","timestamp":1766569936147,"properties":{"amplitude_session_id":1766569936140,"amplitude_event_id":0,"wranglerVersion":"4.53.0","osPlatform":"Linux","osVersion":"#1 SMP PREEMPT_DYNAMIC Thu Jun  5 18:30:46 UTC 2025","nodeVersion":22,"packageManager":"npm","isFirstUsage":false,"configFileType":"none","isCI":false,"isPagesCI":false,"isWorkersCI":false,"isInteractive":true,"hasAssets":false,"argsUsed":[],"argsCombination":"","command":"wrangler pages deploy","args":{}}}
---

--- 2025-12-24T09:52:16.185Z debug
.env file not found at "/home/hades/FUN/NotesProjeck/beta/vaultnotes/.env.local". Continuing... For more details, refer to https://developers.cloudflare.com/workers/wrangler/system-environment-variables/
---

--- 2025-12-24T09:52:42.722Z log

 ⛅️ wrangler 4.53.0 (update available 4.56.0)
─────────────────────────────────────────────
---

--- 2025-12-24T09:52:42.788Z debug
Retrieving cached values for account_id and project_name from node_modules/.cache/wrangler
---

--- 2025-12-24T09:52:42.792Z debug
-- START CF API REQUEST: GET https://api.cloudflare.com/client/v4/accounts/f006ec5b85550c77e565a3f9f99a35c0/pages/projects/leafvault-notes
---

--- 2025-12-24T09:52:42.792Z debug
QUERY STRING: omitted; set WRANGLER_LOG_SANITIZE=false to include sanitized data
---

--- 2025-12-24T09:52:42.794Z debug
HEADERS: omitted; set WRANGLER_LOG_SANITIZE=false to include sanitized data
---

--- 2025-12-24T09:52:42.795Z debug
INIT: omitted; set WRANGLER_LOG_SANITIZE=false to include sanitized data
---

--- 2025-12-24T09:52:42.795Z debug
-- END CF API REQUEST
---

--- 2025-12-24T09:52:44.863Z debug
-- START CF API RESPONSE: OK 200
---

--- 2025-12-24T09:52:44.866Z debug
HEADERS: omitted; set WRANGLER_LOG_SANITIZE=false to include sanitized data
---

--- 2025-12-24T09:52:44.866Z debug
RESPONSE: omitted; set WRANGLER_LOG_SANITIZE=false to include sanitized data
---

--- 2025-12-24T09:52:44.866Z debug
-- END CF API RESPONSE
---

--- 2025-12-24T09:52:44.986Z debug
-- START CF API REQUEST: GET https://api.cloudflare.com/client/v4/accounts/f006ec5b85550c77e565a3f9f99a35c0/pages/projects/leafvault-notes
---

--- 2025-12-24T09:52:44.986Z debug
QUERY STRING: omitted; set WRANGLER_LOG_SANITIZE=false to include sanitized data
---

--- 2025-12-24T09:52:44.987Z debug
HEADERS: omitted; set WRANGLER_LOG_SANITIZE=false to include sanitized data
---

--- 2025-12-24T09:52:44.987Z debug
INIT: omitted; set WRANGLER_LOG_SANITIZE=false to include sanitized data
---

--- 2025-12-24T09:52:44.987Z debug
-- END CF API REQUEST
---

--- 2025-12-24T09:52:46.508Z debug
-- START CF API RESPONSE: OK 200
---

--- 2025-12-24T09:52:46.509Z debug
HEADERS: omitted; set WRANGLER_LOG_SANITIZE=false to include sanitized data
---

--- 2025-12-24T09:52:46.510Z debug
RESPONSE: omitted; set WRANGLER_LOG_SANITIZE=false to include sanitized data
---

--- 2025-12-24T09:52:46.510Z debug
-- END CF API RESPONSE
---

--- 2025-12-24T09:52:46.603Z debug
-- START CF API REQUEST: GET https://api.cloudflare.com/client/v4/accounts/f006ec5b85550c77e565a3f9f99a35c0/pages/projects/leafvault-notes/upload-token
---

--- 2025-12-24T09:52:46.603Z debug
QUERY STRING: omitted; set WRANGLER_LOG_SANITIZE=false to include sanitized data
---

--- 2025-12-24T09:52:46.604Z debug
HEADERS: omitted; set WRANGLER_LOG_SANITIZE=false to include sanitized data
---

--- 2025-12-24T09:52:46.604Z debug
INIT: omitted; set WRANGLER_LOG_SANITIZE=false to include sanitized data
---

--- 2025-12-24T09:52:46.604Z debug
-- END CF API REQUEST
---

--- 2025-12-24T09:52:48.696Z debug
-- START CF API RESPONSE: OK 200
---

--- 2025-12-24T09:52:48.696Z debug
HEADERS: omitted; set WRANGLER_LOG_SANITIZE=false to include sanitized data
---

--- 2025-12-24T09:52:48.697Z debug
RESPONSE: omitted; set WRANGLER_LOG_SANITIZE=false to include sanitized data
---

--- 2025-12-24T09:52:48.697Z debug
-- END CF API RESPONSE
---

--- 2025-12-24T09:52:48.698Z debug
-- START CF API REQUEST: POST https://api.cloudflare.com/client/v4/pages/assets/check-missing
---

--- 2025-12-24T09:52:48.698Z debug
QUERY STRING: omitted; set WRANGLER_LOG_SANITIZE=false to include sanitized data
---

--- 2025-12-24T09:52:48.698Z debug
HEADERS: omitted; set WRANGLER_LOG_SANITIZE=false to include sanitized data
---

--- 2025-12-24T09:52:48.698Z debug
INIT: omitted; set WRANGLER_LOG_SANITIZE=false to include sanitized data
---

--- 2025-12-24T09:52:48.698Z debug
-- END CF API REQUEST
---

--- 2025-12-24T09:52:49.049Z debug
-- START CF API RESPONSE: OK 200
---

--- 2025-12-24T09:52:49.050Z debug
HEADERS: omitted; set WRANGLER_LOG_SANITIZE=false to include sanitized data
---

--- 2025-12-24T09:52:49.050Z debug
RESPONSE: omitted; set WRANGLER_LOG_SANITIZE=false to include sanitized data
---

--- 2025-12-24T09:52:49.050Z debug
-- END CF API RESPONSE
---

--- 2025-12-24T09:52:49.061Z debug
POST /pages/assets/upload
---

--- 2025-12-24T09:52:49.062Z debug
-- START CF API REQUEST: POST https://api.cloudflare.com/client/v4/pages/assets/upload
---

--- 2025-12-24T09:52:49.062Z debug
QUERY STRING: omitted; set WRANGLER_LOG_SANITIZE=false to include sanitized data
---

--- 2025-12-24T09:52:49.062Z debug
HEADERS: omitted; set WRANGLER_LOG_SANITIZE=false to include sanitized data
---

--- 2025-12-24T09:52:49.062Z debug
INIT: omitted; set WRANGLER_LOG_SANITIZE=false to include sanitized data
---

--- 2025-12-24T09:52:49.062Z debug
-- END CF API REQUEST
---

--- 2025-12-24T09:52:49.066Z debug
POST /pages/assets/upload
---

--- 2025-12-24T09:52:49.067Z debug
-- START CF API REQUEST: POST https://api.cloudflare.com/client/v4/pages/assets/upload
---

--- 2025-12-24T09:52:49.067Z debug
QUERY STRING: omitted; set WRANGLER_LOG_SANITIZE=false to include sanitized data
---

--- 2025-12-24T09:52:49.067Z debug
HEADERS: omitted; set WRANGLER_LOG_SANITIZE=false to include sanitized data
---

--- 2025-12-24T09:52:49.067Z debug
INIT: omitted; set WRANGLER_LOG_SANITIZE=false to include sanitized data
---

--- 2025-12-24T09:52:49.067Z debug
-- END CF API REQUEST
---

--- 2025-12-24T09:52:49.077Z debug
POST /pages/assets/upload
---

--- 2025-12-24T09:52:49.100Z debug
-- START CF API REQUEST: POST https://api.cloudflare.com/client/v4/pages/assets/upload
---

--- 2025-12-24T09:52:49.100Z debug
QUERY STRING: omitted; set WRANGLER_LOG_SANITIZE=false to include sanitized data
---

--- 2025-12-24T09:52:49.100Z debug
HEADERS: omitted; set WRANGLER_LOG_SANITIZE=false to include sanitized data
---

--- 2025-12-24T09:52:49.119Z debug
INIT: omitted; set WRANGLER_LOG_SANITIZE=false to include sanitized data
---

--- 2025-12-24T09:52:49.119Z debug
-- END CF API REQUEST
---

--- 2025-12-24T09:52:49.932Z debug
-- START CF API RESPONSE: OK 200
---

--- 2025-12-24T09:52:49.933Z debug
HEADERS: omitted; set WRANGLER_LOG_SANITIZE=false to include sanitized data
---

--- 2025-12-24T09:52:49.934Z debug
RESPONSE: omitted; set WRANGLER_LOG_SANITIZE=false to include sanitized data
---

--- 2025-12-24T09:52:49.934Z debug
-- END CF API RESPONSE
---

--- 2025-12-24T09:52:49.935Z debug
result: { successful_key_count: 1, unsuccessful_keys: [] }
---

--- 2025-12-24T09:52:50.064Z debug
-- START CF API RESPONSE: OK 200
---

--- 2025-12-24T09:52:50.065Z debug
HEADERS: omitted; set WRANGLER_LOG_SANITIZE=false to include sanitized data
---

--- 2025-12-24T09:52:50.065Z debug
RESPONSE: omitted; set WRANGLER_LOG_SANITIZE=false to include sanitized data
---

--- 2025-12-24T09:52:50.065Z debug
-- END CF API RESPONSE
---

--- 2025-12-24T09:52:50.066Z debug
result: { successful_key_count: 1, unsuccessful_keys: [] }
---

--- 2025-12-24T09:52:57.781Z debug
-- START CF API RESPONSE: OK 200
---

--- 2025-12-24T09:52:57.782Z debug
HEADERS: omitted; set WRANGLER_LOG_SANITIZE=false to include sanitized data
---

--- 2025-12-24T09:52:57.782Z debug
RESPONSE: omitted; set WRANGLER_LOG_SANITIZE=false to include sanitized data
---

--- 2025-12-24T09:52:57.782Z debug
-- END CF API RESPONSE
---

--- 2025-12-24T09:52:57.783Z debug
result: { successful_key_count: 1, unsuccessful_keys: [] }
---

--- 2025-12-24T09:52:57.784Z log
✨ Success! Uploaded 3 files (36 already uploaded) (9.09 sec)

---

--- 2025-12-24T09:52:57.786Z debug
-- START CF API REQUEST: POST https://api.cloudflare.com/client/v4/pages/assets/upsert-hashes
---

--- 2025-12-24T09:52:57.786Z debug
QUERY STRING: omitted; set WRANGLER_LOG_SANITIZE=false to include sanitized data
---

--- 2025-12-24T09:52:57.786Z debug
HEADERS: omitted; set WRANGLER_LOG_SANITIZE=false to include sanitized data
---

--- 2025-12-24T09:52:57.786Z debug
INIT: omitted; set WRANGLER_LOG_SANITIZE=false to include sanitized data
---

--- 2025-12-24T09:52:57.786Z debug
-- END CF API REQUEST
---

--- 2025-12-24T09:52:58.268Z debug
-- START CF API RESPONSE: OK 200
---

--- 2025-12-24T09:52:58.279Z debug
HEADERS: omitted; set WRANGLER_LOG_SANITIZE=false to include sanitized data
---

--- 2025-12-24T09:52:58.279Z debug
RESPONSE: omitted; set WRANGLER_LOG_SANITIZE=false to include sanitized data
---

--- 2025-12-24T09:52:58.279Z debug
-- END CF API RESPONSE
---

--- 2025-12-24T09:52:58.283Z log
✨ Uploading _headers
---

--- 2025-12-24T09:52:58.285Z log
✨ Uploading _redirects
---

--- 2025-12-24T09:52:58.287Z debug
-- START CF API REQUEST: POST https://api.cloudflare.com/client/v4/accounts/f006ec5b85550c77e565a3f9f99a35c0/pages/projects/leafvault-notes/deployments
---

--- 2025-12-24T09:52:58.287Z debug
QUERY STRING: omitted; set WRANGLER_LOG_SANITIZE=false to include sanitized data
---

--- 2025-12-24T09:52:58.287Z debug
HEADERS: omitted; set WRANGLER_LOG_SANITIZE=false to include sanitized data
---

--- 2025-12-24T09:52:58.288Z debug
INIT: omitted; set WRANGLER_LOG_SANITIZE=false to include sanitized data
---

--- 2025-12-24T09:52:58.313Z debug
BODY: omitted; set WRANGLER_LOG_SANITIZE=false to include sanitized data
---

--- 2025-12-24T09:52:58.314Z debug
-- END CF API REQUEST
---

--- 2025-12-24T09:53:00.515Z debug
-- START CF API RESPONSE: OK 200
---

--- 2025-12-24T09:53:00.515Z debug
HEADERS: omitted; set WRANGLER_LOG_SANITIZE=false to include sanitized data
---

--- 2025-12-24T09:53:00.515Z debug
RESPONSE: omitted; set WRANGLER_LOG_SANITIZE=false to include sanitized data
---

--- 2025-12-24T09:53:00.516Z debug
-- END CF API RESPONSE
---

--- 2025-12-24T09:53:00.518Z debug
Saving to cache: {"account_id":"f006ec5b85550c77e565a3f9f99a35c0","project_name":"leafvault-notes"}
---

--- 2025-12-24T09:53:00.519Z log
🌎 Deploying...
---

--- 2025-12-24T09:53:01.520Z debug
attempt #1: Attempting to fetch status for deployment with id "c589eefb-9961-409b-a78b-7bb7fe89ed6b" ...
---

--- 2025-12-24T09:53:01.521Z debug
-- START CF API REQUEST: GET https://api.cloudflare.com/client/v4/accounts/f006ec5b85550c77e565a3f9f99a35c0/pages/projects/leafvault-notes/deployments/c589eefb-9961-409b-a78b-7bb7fe89ed6b
---

--- 2025-12-24T09:53:01.521Z debug
QUERY STRING: omitted; set WRANGLER_LOG_SANITIZE=false to include sanitized data
---

--- 2025-12-24T09:53:01.521Z debug
HEADERS: omitted; set WRANGLER_LOG_SANITIZE=false to include sanitized data
---

--- 2025-12-24T09:53:01.521Z debug
INIT: omitted; set WRANGLER_LOG_SANITIZE=false to include sanitized data
---

--- 2025-12-24T09:53:01.521Z debug
-- END CF API REQUEST
---

--- 2025-12-24T09:53:03.168Z debug
-- START CF API RESPONSE: OK 200
---

--- 2025-12-24T09:53:03.169Z debug
HEADERS: omitted; set WRANGLER_LOG_SANITIZE=false to include sanitized data
---

--- 2025-12-24T09:53:03.169Z debug
RESPONSE: omitted; set WRANGLER_LOG_SANITIZE=false to include sanitized data
---

--- 2025-12-24T09:53:03.169Z debug
-- END CF API RESPONSE
---

--- 2025-12-24T09:53:03.172Z log
✨ Deployment complete! Take a peek over at https://c589eefb.leafvault-notes.pages.dev
---

--- 2025-12-24T09:53:03.179Z debug
Metrics dispatcher: Posting data {"deviceId":"d39dff02-21f2-40cf-941a-454076f127d1","event":"create pages deployment","timestamp":1766569983179,"properties":{"category":"Workers","wranglerVersion":"4.53.0","os":"linux:x64"}}
---

--- 2025-12-24T09:53:03.199Z debug
Metrics dispatcher: Posting data {"deviceId":"d39dff02-21f2-40cf-941a-454076f127d1","event":"wrangler command completed","timestamp":1766569983199,"properties":{"amplitude_session_id":1766569936140,"amplitude_event_id":1,"wranglerVersion":"4.53.0","osPlatform":"Linux","osVersion":"#1 SMP PREEMPT_DYNAMIC Thu Jun  5 18:30:46 UTC 2025","nodeVersion":22,"packageManager":"npm","isFirstUsage":false,"configFileType":"none","isCI":false,"isPagesCI":false,"isWorkersCI":false,"isInteractive":true,"hasAssets":false,"argsUsed":[],"argsCombination":"","command":"wrangler pages deploy","args":{},"durationMs":47191,"durationSeconds":47.191,"durationMinutes":0.7865166666666668}}
---
