
--- 2025-12-26T06:12:12.371Z debug
🪵  Writing logs to "/home/hades/.config/.wrangler/logs/wrangler-2025-12-26_06-12-11_480.log"
---

--- 2025-12-26T06:12:12.370Z debug
Metrics dispatcher: Posting data {"deviceId":"d39dff02-21f2-40cf-941a-454076f127d1","event":"wrangler command started","timestamp":1766729532370,"properties":{"amplitude_session_id":1766729532364,"amplitude_event_id":0,"wranglerVersion":"4.53.0","osPlatform":"Linux","osVersion":"#1 SMP PREEMPT_DYNAMIC Thu Jun  5 18:30:46 UTC 2025","nodeVersion":22,"packageManager":"npm","isFirstUsage":false,"configFileType":"none","isCI":false,"isPagesCI":false,"isWorkersCI":false,"isInteractive":true,"hasAssets":false,"argsUsed":[],"argsCombination":"","command":"wrangler pages deploy","args":{}}}
---

--- 2025-12-26T06:12:12.408Z debug
.env file not found at "/home/hades/FUN/tempmail/vaultnotes-beta/.env.local". Continuing... For more details, refer to https://developers.cloudflare.com/workers/wrangler/system-environment-variables/
---

--- 2025-12-26T06:12:12.502Z log

 ⛅️ wrangler 4.53.0 (update available 4.54.0)
─────────────────────────────────────────────
---

--- 2025-12-26T06:12:12.572Z debug
Retrieving cached values for account_id and project_name from node_modules/.cache/wrangler
---

--- 2025-12-26T06:12:12.575Z debug
-- START CF API REQUEST: GET https://api.cloudflare.com/client/v4/accounts/f006ec5b85550c77e565a3f9f99a35c0/pages/projects/leafvault-notes
---

--- 2025-12-26T06:12:12.575Z debug
QUERY STRING: omitted; set WRANGLER_LOG_SANITIZE=false to include sanitized data
---

--- 2025-12-26T06:12:12.577Z debug
HEADERS: omitted; set WRANGLER_LOG_SANITIZE=false to include sanitized data
---

--- 2025-12-26T06:12:12.577Z debug
INIT: omitted; set WRANGLER_LOG_SANITIZE=false to include sanitized data
---

--- 2025-12-26T06:12:12.577Z debug
-- END CF API REQUEST
---

--- 2025-12-26T06:12:14.268Z debug
-- START CF API RESPONSE: OK 200
---

--- 2025-12-26T06:12:14.270Z debug
HEADERS: omitted; set WRANGLER_LOG_SANITIZE=false to include sanitized data
---

--- 2025-12-26T06:12:14.270Z debug
RESPONSE: omitted; set WRANGLER_LOG_SANITIZE=false to include sanitized data
---

--- 2025-12-26T06:12:14.270Z debug
-- END CF API RESPONSE
---

--- 2025-12-26T06:12:14.386Z debug
-- START CF API REQUEST: GET https://api.cloudflare.com/client/v4/accounts/f006ec5b85550c77e565a3f9f99a35c0/pages/projects/leafvault-notes
---

--- 2025-12-26T06:12:14.386Z debug
QUERY STRING: omitted; set WRANGLER_LOG_SANITIZE=false to include sanitized data
---

--- 2025-12-26T06:12:14.387Z debug
HEADERS: omitted; set WRANGLER_LOG_SANITIZE=false to include sanitized data
---

--- 2025-12-26T06:12:14.387Z debug
INIT: omitted; set WRANGLER_LOG_SANITIZE=false to include sanitized data
---

--- 2025-12-26T06:12:14.387Z debug
-- END CF API REQUEST
---

--- 2025-12-26T06:12:15.882Z debug
-- START CF API RESPONSE: OK 200
---

--- 2025-12-26T06:12:15.883Z debug
HEADERS: omitted; set WRANGLER_LOG_SANITIZE=false to include sanitized data
---

--- 2025-12-26T06:12:15.883Z debug
RESPONSE: omitted; set WRANGLER_LOG_SANITIZE=false to include sanitized data
---

--- 2025-12-26T06:12:15.883Z debug
-- END CF API RESPONSE
---

--- 2025-12-26T06:12:15.995Z debug
-- START CF API REQUEST: GET https://api.cloudflare.com/client/v4/accounts/f006ec5b85550c77e565a3f9f99a35c0/pages/projects/leafvault-notes/upload-token
---

--- 2025-12-26T06:12:15.995Z debug
QUERY STRING: omitted; set WRANGLER_LOG_SANITIZE=false to include sanitized data
---

--- 2025-12-26T06:12:15.996Z debug
HEADERS: omitted; set WRANGLER_LOG_SANITIZE=false to include sanitized data
---

--- 2025-12-26T06:12:15.996Z debug
INIT: omitted; set WRANGLER_LOG_SANITIZE=false to include sanitized data
---

--- 2025-12-26T06:12:15.996Z debug
-- END CF API REQUEST
---

--- 2025-12-26T06:12:17.477Z debug
-- START CF API RESPONSE: OK 200
---

--- 2025-12-26T06:12:17.478Z debug
HEADERS: omitted; set WRANGLER_LOG_SANITIZE=false to include sanitized data
---

--- 2025-12-26T06:12:17.478Z debug
RESPONSE: omitted; set WRANGLER_LOG_SANITIZE=false to include sanitized data
---

--- 2025-12-26T06:12:17.478Z debug
-- END CF API RESPONSE
---

--- 2025-12-26T06:12:17.481Z debug
-- START CF API REQUEST: POST https://api.cloudflare.com/client/v4/pages/assets/check-missing
---

--- 2025-12-26T06:12:17.481Z debug
QUERY STRING: omitted; set WRANGLER_LOG_SANITIZE=false to include sanitized data
---

--- 2025-12-26T06:12:17.481Z debug
HEADERS: omitted; set WRANGLER_LOG_SANITIZE=false to include sanitized data
---

--- 2025-12-26T06:12:17.481Z debug
INIT: omitted; set WRANGLER_LOG_SANITIZE=false to include sanitized data
---

--- 2025-12-26T06:12:17.481Z debug
-- END CF API REQUEST
---

--- 2025-12-26T06:12:17.839Z debug
-- START CF API RESPONSE: OK 200
---

--- 2025-12-26T06:12:17.840Z debug
HEADERS: omitted; set WRANGLER_LOG_SANITIZE=false to include sanitized data
---

--- 2025-12-26T06:12:17.840Z debug
RESPONSE: omitted; set WRANGLER_LOG_SANITIZE=false to include sanitized data
---

--- 2025-12-26T06:12:17.840Z debug
-- END CF API RESPONSE
---

--- 2025-12-26T06:12:17.869Z debug
POST /pages/assets/upload
---

--- 2025-12-26T06:12:17.870Z debug
-- START CF API REQUEST: POST https://api.cloudflare.com/client/v4/pages/assets/upload
---

--- 2025-12-26T06:12:17.870Z debug
QUERY STRING: omitted; set WRANGLER_LOG_SANITIZE=false to include sanitized data
---

--- 2025-12-26T06:12:17.870Z debug
HEADERS: omitted; set WRANGLER_LOG_SANITIZE=false to include sanitized data
---

--- 2025-12-26T06:12:17.871Z debug
INIT: omitted; set WRANGLER_LOG_SANITIZE=false to include sanitized data
---

--- 2025-12-26T06:12:17.871Z debug
-- END CF API REQUEST
---

--- 2025-12-26T06:12:17.881Z debug
POST /pages/assets/upload
---

--- 2025-12-26T06:12:17.911Z debug
-- START CF API REQUEST: POST https://api.cloudflare.com/client/v4/pages/assets/upload
---

--- 2025-12-26T06:12:17.911Z debug
QUERY STRING: omitted; set WRANGLER_LOG_SANITIZE=false to include sanitized data
---

--- 2025-12-26T06:12:17.911Z debug
HEADERS: omitted; set WRANGLER_LOG_SANITIZE=false to include sanitized data
---

--- 2025-12-26T06:12:17.925Z debug
INIT: omitted; set WRANGLER_LOG_SANITIZE=false to include sanitized data
---

--- 2025-12-26T06:12:17.925Z debug
-- END CF API REQUEST
---

--- 2025-12-26T06:12:18.597Z debug
-- START CF API RESPONSE: OK 200
---

--- 2025-12-26T06:12:18.598Z debug
HEADERS: omitted; set WRANGLER_LOG_SANITIZE=false to include sanitized data
---

--- 2025-12-26T06:12:18.598Z debug
RESPONSE: omitted; set WRANGLER_LOG_SANITIZE=false to include sanitized data
---

--- 2025-12-26T06:12:18.598Z debug
-- END CF API RESPONSE
---

--- 2025-12-26T06:12:18.600Z debug
result: { successful_key_count: 1, unsuccessful_keys: [] }
---

--- 2025-12-26T06:12:25.321Z debug
-- START CF API RESPONSE: OK 200
---

--- 2025-12-26T06:12:25.322Z debug
HEADERS: omitted; set WRANGLER_LOG_SANITIZE=false to include sanitized data
---

--- 2025-12-26T06:12:25.322Z debug
RESPONSE: omitted; set WRANGLER_LOG_SANITIZE=false to include sanitized data
---

--- 2025-12-26T06:12:25.322Z debug
-- END CF API RESPONSE
---

--- 2025-12-26T06:12:25.322Z debug
result: { successful_key_count: 1, unsuccessful_keys: [] }
---

--- 2025-12-26T06:12:25.324Z log
✨ Success! Uploaded 2 files (37 already uploaded) (7.84 sec)

---

--- 2025-12-26T06:12:25.326Z debug
-- START CF API REQUEST: POST https://api.cloudflare.com/client/v4/pages/assets/upsert-hashes
---

--- 2025-12-26T06:12:25.326Z debug
QUERY STRING: omitted; set WRANGLER_LOG_SANITIZE=false to include sanitized data
---

--- 2025-12-26T06:12:25.326Z debug
HEADERS: omitted; set WRANGLER_LOG_SANITIZE=false to include sanitized data
---

--- 2025-12-26T06:12:25.326Z debug
INIT: omitted; set WRANGLER_LOG_SANITIZE=false to include sanitized data
---

--- 2025-12-26T06:12:25.326Z debug
-- END CF API REQUEST
---

--- 2025-12-26T06:12:26.096Z debug
-- START CF API RESPONSE: OK 200
---

--- 2025-12-26T06:12:26.097Z debug
HEADERS: omitted; set WRANGLER_LOG_SANITIZE=false to include sanitized data
---

--- 2025-12-26T06:12:26.097Z debug
RESPONSE: omitted; set WRANGLER_LOG_SANITIZE=false to include sanitized data
---

--- 2025-12-26T06:12:26.097Z debug
-- END CF API RESPONSE
---

--- 2025-12-26T06:12:26.100Z log
✨ Uploading _headers
---

--- 2025-12-26T06:12:26.101Z log
✨ Uploading _redirects
---

--- 2025-12-26T06:12:26.102Z debug
-- START CF API REQUEST: POST https://api.cloudflare.com/client/v4/accounts/f006ec5b85550c77e565a3f9f99a35c0/pages/projects/leafvault-notes/deployments
---

--- 2025-12-26T06:12:26.103Z debug
QUERY STRING: omitted; set WRANGLER_LOG_SANITIZE=false to include sanitized data
---

--- 2025-12-26T06:12:26.103Z debug
HEADERS: omitted; set WRANGLER_LOG_SANITIZE=false to include sanitized data
---

--- 2025-12-26T06:12:26.103Z debug
INIT: omitted; set WRANGLER_LOG_SANITIZE=false to include sanitized data
---

--- 2025-12-26T06:12:26.112Z debug
BODY: omitted; set WRANGLER_LOG_SANITIZE=false to include sanitized data
---

--- 2025-12-26T06:12:26.112Z debug
-- END CF API REQUEST
---

--- 2025-12-26T06:12:28.202Z debug
-- START CF API RESPONSE: OK 200
---

--- 2025-12-26T06:12:28.203Z debug
HEADERS: omitted; set WRANGLER_LOG_SANITIZE=false to include sanitized data
---

--- 2025-12-26T06:12:28.203Z debug
RESPONSE: omitted; set WRANGLER_LOG_SANITIZE=false to include sanitized data
---

--- 2025-12-26T06:12:28.203Z debug
-- END CF API RESPONSE
---

--- 2025-12-26T06:12:28.205Z debug
Saving to cache: {"account_id":"f006ec5b85550c77e565a3f9f99a35c0","project_name":"leafvault-notes"}
---

--- 2025-12-26T06:12:28.206Z log
🌎 Deploying...
---

--- 2025-12-26T06:12:29.210Z debug
attempt #1: Attempting to fetch status for deployment with id "f84c442b-24d4-4b3d-abe6-9af78bff7c50" ...
---

--- 2025-12-26T06:12:29.212Z debug
-- START CF API REQUEST: GET https://api.cloudflare.com/client/v4/accounts/f006ec5b85550c77e565a3f9f99a35c0/pages/projects/leafvault-notes/deployments/f84c442b-24d4-4b3d-abe6-9af78bff7c50
---

--- 2025-12-26T06:12:29.212Z debug
QUERY STRING: omitted; set WRANGLER_LOG_SANITIZE=false to include sanitized data
---

--- 2025-12-26T06:12:29.213Z debug
HEADERS: omitted; set WRANGLER_LOG_SANITIZE=false to include sanitized data
---

--- 2025-12-26T06:12:29.213Z debug
INIT: omitted; set WRANGLER_LOG_SANITIZE=false to include sanitized data
---

--- 2025-12-26T06:12:29.213Z debug
-- END CF API REQUEST
---

--- 2025-12-26T06:12:30.795Z debug
-- START CF API RESPONSE: OK 200
---

--- 2025-12-26T06:12:30.796Z debug
HEADERS: omitted; set WRANGLER_LOG_SANITIZE=false to include sanitized data
---

--- 2025-12-26T06:12:30.797Z debug
RESPONSE: omitted; set WRANGLER_LOG_SANITIZE=false to include sanitized data
---

--- 2025-12-26T06:12:30.797Z debug
-- END CF API RESPONSE
---

--- 2025-12-26T06:12:30.800Z log
✨ Deployment complete! Take a peek over at https://f84c442b.leafvault-notes.pages.dev
---

--- 2025-12-26T06:12:30.802Z debug
Metrics dispatcher: Posting data {"deviceId":"d39dff02-21f2-40cf-941a-454076f127d1","event":"create pages deployment","timestamp":1766729550802,"properties":{"category":"Workers","wranglerVersion":"4.53.0","os":"linux:x64"}}
---

--- 2025-12-26T06:12:30.814Z debug
Metrics dispatcher: Posting data {"deviceId":"d39dff02-21f2-40cf-941a-454076f127d1","event":"wrangler command completed","timestamp":1766729550814,"properties":{"amplitude_session_id":1766729532364,"amplitude_event_id":1,"wranglerVersion":"4.53.0","osPlatform":"Linux","osVersion":"#1 SMP PREEMPT_DYNAMIC Thu Jun  5 18:30:46 UTC 2025","nodeVersion":22,"packageManager":"npm","isFirstUsage":false,"configFileType":"none","isCI":false,"isPagesCI":false,"isWorkersCI":false,"isInteractive":true,"hasAssets":false,"argsUsed":[],"argsCombination":"","command":"wrangler pages deploy","args":{},"durationMs":18578,"durationSeconds":18.578,"durationMinutes":0.3096333333333333}}
---
