
--- 2025-12-24T07:55:01.271Z debug
🪵  Writing logs to "/home/hades/.config/.wrangler/logs/wrangler-2025-12-24_07-55-00_430.log"
---

--- 2025-12-24T07:55:01.270Z debug
Metrics dispatcher: Posting data {"deviceId":"d39dff02-21f2-40cf-941a-454076f127d1","event":"wrangler command started","timestamp":1766562901270,"properties":{"amplitude_session_id":1766562901265,"amplitude_event_id":0,"wranglerVersion":"4.53.0","osPlatform":"Linux","osVersion":"#1 SMP PREEMPT_DYNAMIC Thu Jun  5 18:30:46 UTC 2025","nodeVersion":22,"packageManager":"npm","isFirstUsage":false,"configFileType":"none","isCI":false,"isPagesCI":false,"isWorkersCI":false,"isInteractive":true,"hasAssets":false,"argsUsed":[],"argsCombination":"","command":"wrangler pages deploy","args":{}}}
---

--- 2025-12-24T07:55:01.306Z debug
.env file not found at "/home/hades/FUN/NotesProjeck/beta/vaultnotes/.env.local". Continuing... For more details, refer to https://developers.cloudflare.com/workers/wrangler/system-environment-variables/
---

--- 2025-12-24T07:55:01.386Z log

 ⛅️ wrangler 4.53.0 (update available 4.56.0)
─────────────────────────────────────────────
---

--- 2025-12-24T07:55:01.443Z debug
Retrieving cached values for account_id and project_name from node_modules/.cache/wrangler
---

--- 2025-12-24T07:55:01.446Z debug
-- START CF API REQUEST: GET https://api.cloudflare.com/client/v4/accounts/f006ec5b85550c77e565a3f9f99a35c0/pages/projects/leafvault-notes
---

--- 2025-12-24T07:55:01.447Z debug
QUERY STRING: omitted; set WRANGLER_LOG_SANITIZE=false to include sanitized data
---

--- 2025-12-24T07:55:01.448Z debug
HEADERS: omitted; set WRANGLER_LOG_SANITIZE=false to include sanitized data
---

--- 2025-12-24T07:55:01.448Z debug
INIT: omitted; set WRANGLER_LOG_SANITIZE=false to include sanitized data
---

--- 2025-12-24T07:55:01.449Z debug
-- END CF API REQUEST
---

--- 2025-12-24T07:55:05.533Z debug
-- START CF API RESPONSE: OK 200
---

--- 2025-12-24T07:55:05.534Z debug
HEADERS: omitted; set WRANGLER_LOG_SANITIZE=false to include sanitized data
---

--- 2025-12-24T07:55:05.534Z debug
RESPONSE: omitted; set WRANGLER_LOG_SANITIZE=false to include sanitized data
---

--- 2025-12-24T07:55:05.534Z debug
-- END CF API RESPONSE
---

--- 2025-12-24T07:55:05.669Z debug
-- START CF API REQUEST: GET https://api.cloudflare.com/client/v4/accounts/f006ec5b85550c77e565a3f9f99a35c0/pages/projects/leafvault-notes
---

--- 2025-12-24T07:55:05.669Z debug
QUERY STRING: omitted; set WRANGLER_LOG_SANITIZE=false to include sanitized data
---

--- 2025-12-24T07:55:05.670Z debug
HEADERS: omitted; set WRANGLER_LOG_SANITIZE=false to include sanitized data
---

--- 2025-12-24T07:55:05.670Z debug
INIT: omitted; set WRANGLER_LOG_SANITIZE=false to include sanitized data
---

--- 2025-12-24T07:55:05.670Z debug
-- END CF API REQUEST
---

--- 2025-12-24T07:55:07.205Z debug
-- START CF API RESPONSE: OK 200
---

--- 2025-12-24T07:55:07.207Z debug
HEADERS: omitted; set WRANGLER_LOG_SANITIZE=false to include sanitized data
---

--- 2025-12-24T07:55:07.207Z debug
RESPONSE: omitted; set WRANGLER_LOG_SANITIZE=false to include sanitized data
---

--- 2025-12-24T07:55:07.207Z debug
-- END CF API RESPONSE
---

--- 2025-12-24T07:55:07.295Z debug
-- START CF API REQUEST: GET https://api.cloudflare.com/client/v4/accounts/f006ec5b85550c77e565a3f9f99a35c0/pages/projects/leafvault-notes/upload-token
---

--- 2025-12-24T07:55:07.295Z debug
QUERY STRING: omitted; set WRANGLER_LOG_SANITIZE=false to include sanitized data
---

--- 2025-12-24T07:55:07.295Z debug
HEADERS: omitted; set WRANGLER_LOG_SANITIZE=false to include sanitized data
---

--- 2025-12-24T07:55:07.295Z debug
INIT: omitted; set WRANGLER_LOG_SANITIZE=false to include sanitized data
---

--- 2025-12-24T07:55:07.295Z debug
-- END CF API REQUEST
---

--- 2025-12-24T07:55:08.767Z debug
-- START CF API RESPONSE: OK 200
---

--- 2025-12-24T07:55:08.768Z debug
HEADERS: omitted; set WRANGLER_LOG_SANITIZE=false to include sanitized data
---

--- 2025-12-24T07:55:08.768Z debug
RESPONSE: omitted; set WRANGLER_LOG_SANITIZE=false to include sanitized data
---

--- 2025-12-24T07:55:08.768Z debug
-- END CF API RESPONSE
---

--- 2025-12-24T07:55:08.770Z debug
-- START CF API REQUEST: POST https://api.cloudflare.com/client/v4/pages/assets/check-missing
---

--- 2025-12-24T07:55:08.771Z debug
QUERY STRING: omitted; set WRANGLER_LOG_SANITIZE=false to include sanitized data
---

--- 2025-12-24T07:55:08.772Z debug
HEADERS: omitted; set WRANGLER_LOG_SANITIZE=false to include sanitized data
---

--- 2025-12-24T07:55:08.772Z debug
INIT: omitted; set WRANGLER_LOG_SANITIZE=false to include sanitized data
---

--- 2025-12-24T07:55:08.772Z debug
-- END CF API REQUEST
---

--- 2025-12-24T07:55:09.098Z debug
-- START CF API RESPONSE: OK 200
---

--- 2025-12-24T07:55:09.099Z debug
HEADERS: omitted; set WRANGLER_LOG_SANITIZE=false to include sanitized data
---

--- 2025-12-24T07:55:09.099Z debug
RESPONSE: omitted; set WRANGLER_LOG_SANITIZE=false to include sanitized data
---

--- 2025-12-24T07:55:09.099Z debug
-- END CF API RESPONSE
---

--- 2025-12-24T07:55:09.110Z debug
POST /pages/assets/upload
---

--- 2025-12-24T07:55:09.111Z debug
-- START CF API REQUEST: POST https://api.cloudflare.com/client/v4/pages/assets/upload
---

--- 2025-12-24T07:55:09.111Z debug
QUERY STRING: omitted; set WRANGLER_LOG_SANITIZE=false to include sanitized data
---

--- 2025-12-24T07:55:09.111Z debug
HEADERS: omitted; set WRANGLER_LOG_SANITIZE=false to include sanitized data
---

--- 2025-12-24T07:55:09.111Z debug
INIT: omitted; set WRANGLER_LOG_SANITIZE=false to include sanitized data
---

--- 2025-12-24T07:55:09.111Z debug
-- END CF API REQUEST
---

--- 2025-12-24T07:55:09.119Z debug
POST /pages/assets/upload
---

--- 2025-12-24T07:55:09.136Z debug
-- START CF API REQUEST: POST https://api.cloudflare.com/client/v4/pages/assets/upload
---

--- 2025-12-24T07:55:09.136Z debug
QUERY STRING: omitted; set WRANGLER_LOG_SANITIZE=false to include sanitized data
---

--- 2025-12-24T07:55:09.137Z debug
HEADERS: omitted; set WRANGLER_LOG_SANITIZE=false to include sanitized data
---

--- 2025-12-24T07:55:09.151Z debug
INIT: omitted; set WRANGLER_LOG_SANITIZE=false to include sanitized data
---

--- 2025-12-24T07:55:09.151Z debug
-- END CF API REQUEST
---

--- 2025-12-24T07:55:09.830Z debug
-- START CF API RESPONSE: OK 200
---

--- 2025-12-24T07:55:09.831Z debug
HEADERS: omitted; set WRANGLER_LOG_SANITIZE=false to include sanitized data
---

--- 2025-12-24T07:55:09.831Z debug
RESPONSE: omitted; set WRANGLER_LOG_SANITIZE=false to include sanitized data
---

--- 2025-12-24T07:55:09.831Z debug
-- END CF API RESPONSE
---

--- 2025-12-24T07:55:09.832Z debug
result: { successful_key_count: 1, unsuccessful_keys: [] }
---

--- 2025-12-24T07:55:17.477Z debug
-- START CF API RESPONSE: OK 200
---

--- 2025-12-24T07:55:17.477Z debug
HEADERS: omitted; set WRANGLER_LOG_SANITIZE=false to include sanitized data
---

--- 2025-12-24T07:55:17.477Z debug
RESPONSE: omitted; set WRANGLER_LOG_SANITIZE=false to include sanitized data
---

--- 2025-12-24T07:55:17.477Z debug
-- END CF API RESPONSE
---

--- 2025-12-24T07:55:17.478Z debug
result: { successful_key_count: 1, unsuccessful_keys: [] }
---

--- 2025-12-24T07:55:17.479Z log
✨ Success! Uploaded 2 files (36 already uploaded) (8.71 sec)

---

--- 2025-12-24T07:55:17.481Z debug
-- START CF API REQUEST: POST https://api.cloudflare.com/client/v4/pages/assets/upsert-hashes
---

--- 2025-12-24T07:55:17.481Z debug
QUERY STRING: omitted; set WRANGLER_LOG_SANITIZE=false to include sanitized data
---

--- 2025-12-24T07:55:17.481Z debug
HEADERS: omitted; set WRANGLER_LOG_SANITIZE=false to include sanitized data
---

--- 2025-12-24T07:55:17.481Z debug
INIT: omitted; set WRANGLER_LOG_SANITIZE=false to include sanitized data
---

--- 2025-12-24T07:55:17.481Z debug
-- END CF API REQUEST
---

--- 2025-12-24T07:55:18.010Z debug
-- START CF API RESPONSE: OK 200
---

--- 2025-12-24T07:55:18.011Z debug
HEADERS: omitted; set WRANGLER_LOG_SANITIZE=false to include sanitized data
---

--- 2025-12-24T07:55:18.011Z debug
RESPONSE: omitted; set WRANGLER_LOG_SANITIZE=false to include sanitized data
---

--- 2025-12-24T07:55:18.011Z debug
-- END CF API RESPONSE
---

--- 2025-12-24T07:55:18.014Z log
✨ Uploading _headers
---

--- 2025-12-24T07:55:18.015Z log
✨ Uploading _redirects
---

--- 2025-12-24T07:55:18.016Z debug
-- START CF API REQUEST: POST https://api.cloudflare.com/client/v4/accounts/f006ec5b85550c77e565a3f9f99a35c0/pages/projects/leafvault-notes/deployments
---

--- 2025-12-24T07:55:18.016Z debug
QUERY STRING: omitted; set WRANGLER_LOG_SANITIZE=false to include sanitized data
---

--- 2025-12-24T07:55:18.016Z debug
HEADERS: omitted; set WRANGLER_LOG_SANITIZE=false to include sanitized data
---

--- 2025-12-24T07:55:18.017Z debug
INIT: omitted; set WRANGLER_LOG_SANITIZE=false to include sanitized data
---

--- 2025-12-24T07:55:18.027Z debug
BODY: omitted; set WRANGLER_LOG_SANITIZE=false to include sanitized data
---

--- 2025-12-24T07:55:18.027Z debug
-- END CF API REQUEST
---

--- 2025-12-24T07:55:20.383Z debug
-- START CF API RESPONSE: OK 200
---

--- 2025-12-24T07:55:20.384Z debug
HEADERS: omitted; set WRANGLER_LOG_SANITIZE=false to include sanitized data
---

--- 2025-12-24T07:55:20.384Z debug
RESPONSE: omitted; set WRANGLER_LOG_SANITIZE=false to include sanitized data
---

--- 2025-12-24T07:55:20.384Z debug
-- END CF API RESPONSE
---

--- 2025-12-24T07:55:20.385Z debug
Saving to cache: {"account_id":"f006ec5b85550c77e565a3f9f99a35c0","project_name":"leafvault-notes"}
---

--- 2025-12-24T07:55:20.387Z log
🌎 Deploying...
---

--- 2025-12-24T07:55:21.389Z debug
attempt #1: Attempting to fetch status for deployment with id "2857510f-af9e-471c-8e0d-a2df4e58ce99" ...
---

--- 2025-12-24T07:55:21.390Z debug
-- START CF API REQUEST: GET https://api.cloudflare.com/client/v4/accounts/f006ec5b85550c77e565a3f9f99a35c0/pages/projects/leafvault-notes/deployments/2857510f-af9e-471c-8e0d-a2df4e58ce99
---

--- 2025-12-24T07:55:21.391Z debug
QUERY STRING: omitted; set WRANGLER_LOG_SANITIZE=false to include sanitized data
---

--- 2025-12-24T07:55:21.391Z debug
HEADERS: omitted; set WRANGLER_LOG_SANITIZE=false to include sanitized data
---

--- 2025-12-24T07:55:21.391Z debug
INIT: omitted; set WRANGLER_LOG_SANITIZE=false to include sanitized data
---

--- 2025-12-24T07:55:21.391Z debug
-- END CF API REQUEST
---

--- 2025-12-24T07:55:23.169Z debug
-- START CF API RESPONSE: OK 200
---

--- 2025-12-24T07:55:23.170Z debug
HEADERS: omitted; set WRANGLER_LOG_SANITIZE=false to include sanitized data
---

--- 2025-12-24T07:55:23.170Z debug
RESPONSE: omitted; set WRANGLER_LOG_SANITIZE=false to include sanitized data
---

--- 2025-12-24T07:55:23.170Z debug
-- END CF API RESPONSE
---

--- 2025-12-24T07:55:25.178Z debug
attempt #2: Attempting to fetch status for deployment with id "2857510f-af9e-471c-8e0d-a2df4e58ce99" ...
---

--- 2025-12-24T07:55:25.178Z debug
-- START CF API REQUEST: GET https://api.cloudflare.com/client/v4/accounts/f006ec5b85550c77e565a3f9f99a35c0/pages/projects/leafvault-notes/deployments/2857510f-af9e-471c-8e0d-a2df4e58ce99
---

--- 2025-12-24T07:55:25.178Z debug
QUERY STRING: omitted; set WRANGLER_LOG_SANITIZE=false to include sanitized data
---

--- 2025-12-24T07:55:25.178Z debug
HEADERS: omitted; set WRANGLER_LOG_SANITIZE=false to include sanitized data
---

--- 2025-12-24T07:55:25.179Z debug
INIT: omitted; set WRANGLER_LOG_SANITIZE=false to include sanitized data
---

--- 2025-12-24T07:55:25.179Z debug
-- END CF API REQUEST
---

--- 2025-12-24T07:55:26.785Z debug
-- START CF API RESPONSE: OK 200
---

--- 2025-12-24T07:55:26.786Z debug
HEADERS: omitted; set WRANGLER_LOG_SANITIZE=false to include sanitized data
---

--- 2025-12-24T07:55:26.786Z debug
RESPONSE: omitted; set WRANGLER_LOG_SANITIZE=false to include sanitized data
---

--- 2025-12-24T07:55:26.786Z debug
-- END CF API RESPONSE
---

--- 2025-12-24T07:55:26.787Z log
✨ Deployment complete! Take a peek over at https://2857510f.leafvault-notes.pages.dev
---

--- 2025-12-24T07:55:26.791Z debug
Metrics dispatcher: Posting data {"deviceId":"d39dff02-21f2-40cf-941a-454076f127d1","event":"create pages deployment","timestamp":1766562926791,"properties":{"category":"Workers","wranglerVersion":"4.53.0","os":"linux:x64"}}
---

--- 2025-12-24T07:55:26.799Z debug
Metrics dispatcher: Posting data {"deviceId":"d39dff02-21f2-40cf-941a-454076f127d1","event":"wrangler command completed","timestamp":1766562926798,"properties":{"amplitude_session_id":1766562901265,"amplitude_event_id":1,"wranglerVersion":"4.53.0","osPlatform":"Linux","osVersion":"#1 SMP PREEMPT_DYNAMIC Thu Jun  5 18:30:46 UTC 2025","nodeVersion":22,"packageManager":"npm","isFirstUsage":false,"configFileType":"none","isCI":false,"isPagesCI":false,"isWorkersCI":false,"isInteractive":true,"hasAssets":false,"argsUsed":[],"argsCombination":"","command":"wrangler pages deploy","args":{},"durationMs":25661,"durationSeconds":25.661,"durationMinutes":0.42768333333333336}}
---
