
--- 2025-12-26T06:25:08.710Z debug
🪵  Writing logs to "/home/hades/.config/.wrangler/logs/wrangler-2025-12-26_06-25-07_861.log"
---

--- 2025-12-26T06:25:08.709Z debug
Metrics dispatcher: Posting data {"deviceId":"d39dff02-21f2-40cf-941a-454076f127d1","event":"wrangler command started","timestamp":1766730308709,"properties":{"amplitude_session_id":1766730308703,"amplitude_event_id":0,"wranglerVersion":"4.53.0","osPlatform":"Linux","osVersion":"#1 SMP PREEMPT_DYNAMIC Thu Jun  5 18:30:46 UTC 2025","nodeVersion":22,"packageManager":"npm","isFirstUsage":false,"configFileType":"none","isCI":false,"isPagesCI":false,"isWorkersCI":false,"isInteractive":true,"hasAssets":false,"argsUsed":[],"argsCombination":"","command":"wrangler pages deploy","args":{}}}
---

--- 2025-12-26T06:25:08.746Z debug
.env file not found at "/home/hades/FUN/tempmail/vaultnotes-beta/.env.local". Continuing... For more details, refer to https://developers.cloudflare.com/workers/wrangler/system-environment-variables/
---

--- 2025-12-26T06:25:08.834Z log

 ⛅️ wrangler 4.53.0 (update available 4.54.0)
─────────────────────────────────────────────
---

--- 2025-12-26T06:25:08.902Z debug
Retrieving cached values for account_id and project_name from node_modules/.cache/wrangler
---

--- 2025-12-26T06:25:08.905Z debug
-- START CF API REQUEST: GET https://api.cloudflare.com/client/v4/accounts/f006ec5b85550c77e565a3f9f99a35c0/pages/projects/leafvault-notes
---

--- 2025-12-26T06:25:08.905Z debug
QUERY STRING: omitted; set WRANGLER_LOG_SANITIZE=false to include sanitized data
---

--- 2025-12-26T06:25:08.907Z debug
HEADERS: omitted; set WRANGLER_LOG_SANITIZE=false to include sanitized data
---

--- 2025-12-26T06:25:08.908Z debug
INIT: omitted; set WRANGLER_LOG_SANITIZE=false to include sanitized data
---

--- 2025-12-26T06:25:08.908Z debug
-- END CF API REQUEST
---

--- 2025-12-26T06:25:10.642Z debug
-- START CF API RESPONSE: OK 200
---

--- 2025-12-26T06:25:10.645Z debug
HEADERS: omitted; set WRANGLER_LOG_SANITIZE=false to include sanitized data
---

--- 2025-12-26T06:25:10.645Z debug
RESPONSE: omitted; set WRANGLER_LOG_SANITIZE=false to include sanitized data
---

--- 2025-12-26T06:25:10.645Z debug
-- END CF API RESPONSE
---

--- 2025-12-26T06:25:10.766Z debug
-- START CF API REQUEST: GET https://api.cloudflare.com/client/v4/accounts/f006ec5b85550c77e565a3f9f99a35c0/pages/projects/leafvault-notes
---

--- 2025-12-26T06:25:10.766Z debug
QUERY STRING: omitted; set WRANGLER_LOG_SANITIZE=false to include sanitized data
---

--- 2025-12-26T06:25:10.766Z debug
HEADERS: omitted; set WRANGLER_LOG_SANITIZE=false to include sanitized data
---

--- 2025-12-26T06:25:10.767Z debug
INIT: omitted; set WRANGLER_LOG_SANITIZE=false to include sanitized data
---

--- 2025-12-26T06:25:10.767Z debug
-- END CF API REQUEST
---

--- 2025-12-26T06:25:12.549Z debug
-- START CF API RESPONSE: OK 200
---

--- 2025-12-26T06:25:12.550Z debug
HEADERS: omitted; set WRANGLER_LOG_SANITIZE=false to include sanitized data
---

--- 2025-12-26T06:25:12.550Z debug
RESPONSE: omitted; set WRANGLER_LOG_SANITIZE=false to include sanitized data
---

--- 2025-12-26T06:25:12.550Z debug
-- END CF API RESPONSE
---

--- 2025-12-26T06:25:12.637Z debug
-- START CF API REQUEST: GET https://api.cloudflare.com/client/v4/accounts/f006ec5b85550c77e565a3f9f99a35c0/pages/projects/leafvault-notes/upload-token
---

--- 2025-12-26T06:25:12.637Z debug
QUERY STRING: omitted; set WRANGLER_LOG_SANITIZE=false to include sanitized data
---

--- 2025-12-26T06:25:12.637Z debug
HEADERS: omitted; set WRANGLER_LOG_SANITIZE=false to include sanitized data
---

--- 2025-12-26T06:25:12.637Z debug
INIT: omitted; set WRANGLER_LOG_SANITIZE=false to include sanitized data
---

--- 2025-12-26T06:25:12.637Z debug
-- END CF API REQUEST
---

--- 2025-12-26T06:25:14.135Z debug
-- START CF API RESPONSE: OK 200
---

--- 2025-12-26T06:25:14.136Z debug
HEADERS: omitted; set WRANGLER_LOG_SANITIZE=false to include sanitized data
---

--- 2025-12-26T06:25:14.136Z debug
RESPONSE: omitted; set WRANGLER_LOG_SANITIZE=false to include sanitized data
---

--- 2025-12-26T06:25:14.136Z debug
-- END CF API RESPONSE
---

--- 2025-12-26T06:25:14.138Z debug
-- START CF API REQUEST: POST https://api.cloudflare.com/client/v4/pages/assets/check-missing
---

--- 2025-12-26T06:25:14.138Z debug
QUERY STRING: omitted; set WRANGLER_LOG_SANITIZE=false to include sanitized data
---

--- 2025-12-26T06:25:14.138Z debug
HEADERS: omitted; set WRANGLER_LOG_SANITIZE=false to include sanitized data
---

--- 2025-12-26T06:25:14.138Z debug
INIT: omitted; set WRANGLER_LOG_SANITIZE=false to include sanitized data
---

--- 2025-12-26T06:25:14.138Z debug
-- END CF API REQUEST
---

--- 2025-12-26T06:25:14.486Z debug
-- START CF API RESPONSE: OK 200
---

--- 2025-12-26T06:25:14.487Z debug
HEADERS: omitted; set WRANGLER_LOG_SANITIZE=false to include sanitized data
---

--- 2025-12-26T06:25:14.487Z debug
RESPONSE: omitted; set WRANGLER_LOG_SANITIZE=false to include sanitized data
---

--- 2025-12-26T06:25:14.487Z debug
-- END CF API RESPONSE
---

--- 2025-12-26T06:25:14.499Z debug
POST /pages/assets/upload
---

--- 2025-12-26T06:25:14.502Z debug
-- START CF API REQUEST: POST https://api.cloudflare.com/client/v4/pages/assets/upload
---

--- 2025-12-26T06:25:14.502Z debug
QUERY STRING: omitted; set WRANGLER_LOG_SANITIZE=false to include sanitized data
---

--- 2025-12-26T06:25:14.502Z debug
HEADERS: omitted; set WRANGLER_LOG_SANITIZE=false to include sanitized data
---

--- 2025-12-26T06:25:14.504Z debug
INIT: omitted; set WRANGLER_LOG_SANITIZE=false to include sanitized data
---

--- 2025-12-26T06:25:14.504Z debug
-- END CF API REQUEST
---

--- 2025-12-26T06:25:14.512Z debug
POST /pages/assets/upload
---

--- 2025-12-26T06:25:14.512Z debug
-- START CF API REQUEST: POST https://api.cloudflare.com/client/v4/pages/assets/upload
---

--- 2025-12-26T06:25:14.512Z debug
QUERY STRING: omitted; set WRANGLER_LOG_SANITIZE=false to include sanitized data
---

--- 2025-12-26T06:25:14.513Z debug
HEADERS: omitted; set WRANGLER_LOG_SANITIZE=false to include sanitized data
---

--- 2025-12-26T06:25:14.513Z debug
INIT: omitted; set WRANGLER_LOG_SANITIZE=false to include sanitized data
---

--- 2025-12-26T06:25:14.513Z debug
-- END CF API REQUEST
---

--- 2025-12-26T06:25:14.523Z debug
POST /pages/assets/upload
---

--- 2025-12-26T06:25:14.547Z debug
-- START CF API REQUEST: POST https://api.cloudflare.com/client/v4/pages/assets/upload
---

--- 2025-12-26T06:25:14.547Z debug
QUERY STRING: omitted; set WRANGLER_LOG_SANITIZE=false to include sanitized data
---

--- 2025-12-26T06:25:14.547Z debug
HEADERS: omitted; set WRANGLER_LOG_SANITIZE=false to include sanitized data
---

--- 2025-12-26T06:25:14.566Z debug
INIT: omitted; set WRANGLER_LOG_SANITIZE=false to include sanitized data
---

--- 2025-12-26T06:25:14.566Z debug
-- END CF API REQUEST
---

--- 2025-12-26T06:25:15.525Z debug
-- START CF API RESPONSE: OK 200
---

--- 2025-12-26T06:25:15.527Z debug
HEADERS: omitted; set WRANGLER_LOG_SANITIZE=false to include sanitized data
---

--- 2025-12-26T06:25:15.527Z debug
RESPONSE: omitted; set WRANGLER_LOG_SANITIZE=false to include sanitized data
---

--- 2025-12-26T06:25:15.527Z debug
-- END CF API RESPONSE
---

--- 2025-12-26T06:25:15.528Z debug
result: { successful_key_count: 1, unsuccessful_keys: [] }
---

--- 2025-12-26T06:25:17.366Z debug
-- START CF API RESPONSE: OK 200
---

--- 2025-12-26T06:25:17.366Z debug
HEADERS: omitted; set WRANGLER_LOG_SANITIZE=false to include sanitized data
---

--- 2025-12-26T06:25:17.366Z debug
RESPONSE: omitted; set WRANGLER_LOG_SANITIZE=false to include sanitized data
---

--- 2025-12-26T06:25:17.366Z debug
-- END CF API RESPONSE
---

--- 2025-12-26T06:25:17.367Z debug
result: { successful_key_count: 1, unsuccessful_keys: [] }
---

--- 2025-12-26T06:25:23.525Z debug
-- START CF API RESPONSE: OK 200
---

--- 2025-12-26T06:25:23.525Z debug
HEADERS: omitted; set WRANGLER_LOG_SANITIZE=false to include sanitized data
---

--- 2025-12-26T06:25:23.525Z debug
RESPONSE: omitted; set WRANGLER_LOG_SANITIZE=false to include sanitized data
---

--- 2025-12-26T06:25:23.525Z debug
-- END CF API RESPONSE
---

--- 2025-12-26T06:25:23.527Z debug
result: { successful_key_count: 1, unsuccessful_keys: [] }
---

--- 2025-12-26T06:25:23.527Z log
✨ Success! Uploaded 3 files (36 already uploaded) (9.39 sec)

---

--- 2025-12-26T06:25:23.529Z debug
-- START CF API REQUEST: POST https://api.cloudflare.com/client/v4/pages/assets/upsert-hashes
---

--- 2025-12-26T06:25:23.529Z debug
QUERY STRING: omitted; set WRANGLER_LOG_SANITIZE=false to include sanitized data
---

--- 2025-12-26T06:25:23.529Z debug
HEADERS: omitted; set WRANGLER_LOG_SANITIZE=false to include sanitized data
---

--- 2025-12-26T06:25:23.529Z debug
INIT: omitted; set WRANGLER_LOG_SANITIZE=false to include sanitized data
---

--- 2025-12-26T06:25:23.529Z debug
-- END CF API REQUEST
---

--- 2025-12-26T06:25:24.033Z debug
-- START CF API RESPONSE: OK 200
---

--- 2025-12-26T06:25:24.034Z debug
HEADERS: omitted; set WRANGLER_LOG_SANITIZE=false to include sanitized data
---

--- 2025-12-26T06:25:24.034Z debug
RESPONSE: omitted; set WRANGLER_LOG_SANITIZE=false to include sanitized data
---

--- 2025-12-26T06:25:24.034Z debug
-- END CF API RESPONSE
---

--- 2025-12-26T06:25:24.037Z log
✨ Uploading _headers
---

--- 2025-12-26T06:25:24.037Z log
✨ Uploading _redirects
---

--- 2025-12-26T06:25:24.038Z debug
-- START CF API REQUEST: POST https://api.cloudflare.com/client/v4/accounts/f006ec5b85550c77e565a3f9f99a35c0/pages/projects/leafvault-notes/deployments
---

--- 2025-12-26T06:25:24.038Z debug
QUERY STRING: omitted; set WRANGLER_LOG_SANITIZE=false to include sanitized data
---

--- 2025-12-26T06:25:24.039Z debug
HEADERS: omitted; set WRANGLER_LOG_SANITIZE=false to include sanitized data
---

--- 2025-12-26T06:25:24.039Z debug
INIT: omitted; set WRANGLER_LOG_SANITIZE=false to include sanitized data
---

--- 2025-12-26T06:25:24.048Z debug
BODY: omitted; set WRANGLER_LOG_SANITIZE=false to include sanitized data
---

--- 2025-12-26T06:25:24.048Z debug
-- END CF API REQUEST
---

--- 2025-12-26T06:25:26.113Z debug
-- START CF API RESPONSE: OK 200
---

--- 2025-12-26T06:25:26.114Z debug
HEADERS: omitted; set WRANGLER_LOG_SANITIZE=false to include sanitized data
---

--- 2025-12-26T06:25:26.114Z debug
RESPONSE: omitted; set WRANGLER_LOG_SANITIZE=false to include sanitized data
---

--- 2025-12-26T06:25:26.114Z debug
-- END CF API RESPONSE
---

--- 2025-12-26T06:25:26.117Z debug
Saving to cache: {"account_id":"f006ec5b85550c77e565a3f9f99a35c0","project_name":"leafvault-notes"}
---

--- 2025-12-26T06:25:26.118Z log
🌎 Deploying...
---

--- 2025-12-26T06:25:27.119Z debug
attempt #1: Attempting to fetch status for deployment with id "de82954d-86a6-4a8f-94dc-607769aa0ce7" ...
---

--- 2025-12-26T06:25:27.120Z debug
-- START CF API REQUEST: GET https://api.cloudflare.com/client/v4/accounts/f006ec5b85550c77e565a3f9f99a35c0/pages/projects/leafvault-notes/deployments/de82954d-86a6-4a8f-94dc-607769aa0ce7
---

--- 2025-12-26T06:25:27.120Z debug
QUERY STRING: omitted; set WRANGLER_LOG_SANITIZE=false to include sanitized data
---

--- 2025-12-26T06:25:27.120Z debug
HEADERS: omitted; set WRANGLER_LOG_SANITIZE=false to include sanitized data
---

--- 2025-12-26T06:25:27.120Z debug
INIT: omitted; set WRANGLER_LOG_SANITIZE=false to include sanitized data
---

--- 2025-12-26T06:25:27.120Z debug
-- END CF API REQUEST
---

--- 2025-12-26T06:25:28.747Z debug
-- START CF API RESPONSE: OK 200
---

--- 2025-12-26T06:25:28.747Z debug
HEADERS: omitted; set WRANGLER_LOG_SANITIZE=false to include sanitized data
---

--- 2025-12-26T06:25:28.747Z debug
RESPONSE: omitted; set WRANGLER_LOG_SANITIZE=false to include sanitized data
---

--- 2025-12-26T06:25:28.747Z debug
-- END CF API RESPONSE
---

--- 2025-12-26T06:25:28.750Z log
✨ Deployment complete! Take a peek over at https://de82954d.leafvault-notes.pages.dev
---

--- 2025-12-26T06:25:28.752Z debug
Metrics dispatcher: Posting data {"deviceId":"d39dff02-21f2-40cf-941a-454076f127d1","event":"create pages deployment","timestamp":1766730328752,"properties":{"category":"Workers","wranglerVersion":"4.53.0","os":"linux:x64"}}
---

--- 2025-12-26T06:25:28.763Z debug
Metrics dispatcher: Posting data {"deviceId":"d39dff02-21f2-40cf-941a-454076f127d1","event":"wrangler command completed","timestamp":1766730328763,"properties":{"amplitude_session_id":1766730308703,"amplitude_event_id":1,"wranglerVersion":"4.53.0","osPlatform":"Linux","osVersion":"#1 SMP PREEMPT_DYNAMIC Thu Jun  5 18:30:46 UTC 2025","nodeVersion":22,"packageManager":"npm","isFirstUsage":false,"configFileType":"none","isCI":false,"isPagesCI":false,"isWorkersCI":false,"isInteractive":true,"hasAssets":false,"argsUsed":[],"argsCombination":"","command":"wrangler pages deploy","args":{},"durationMs":20178,"durationSeconds":20.178,"durationMinutes":0.3363}}
---
