
--- 2025-12-25T16:42:05.369Z debug
🪵  Writing logs to "/home/hades/.config/.wrangler/logs/wrangler-2025-12-25_16-42-04_772.log"
---

--- 2025-12-25T16:42:05.369Z debug
Metrics dispatcher: Posting data {"deviceId":"d39dff02-21f2-40cf-941a-454076f127d1","event":"wrangler command started","timestamp":1766680925368,"properties":{"amplitude_session_id":1766680925360,"amplitude_event_id":0,"wranglerVersion":"4.53.0","osPlatform":"Linux","osVersion":"#1 SMP PREEMPT_DYNAMIC Thu Jun  5 18:30:46 UTC 2025","nodeVersion":22,"isFirstUsage":false,"configFileType":"toml","isCI":false,"isPagesCI":false,"isWorkersCI":false,"isInteractive":true,"hasAssets":false,"argsUsed":[],"argsCombination":"","command":"wrangler d1 list","args":{}}}
---

--- 2025-12-25T16:42:05.403Z debug
.env file not found at "/home/hades/FUN/tempmail/cloudflare_temp_email/worker/.env". Continuing... For more details, refer to https://developers.cloudflare.com/workers/wrangler/system-environment-variables/
---

--- 2025-12-25T16:42:05.403Z debug
.env file not found at "/home/hades/FUN/tempmail/cloudflare_temp_email/worker/.env.local". Continuing... For more details, refer to https://developers.cloudflare.com/workers/wrangler/system-environment-variables/
---

--- 2025-12-25T16:42:05.490Z log

 ⛅️ wrangler 4.53.0 (update available 4.54.0)
─────────────────────────────────────────────
---

--- 2025-12-25T16:42:05.558Z debug
No folder available to cache configuration
---

--- 2025-12-25T16:42:05.560Z debug
-- START CF API REQUEST: GET https://api.cloudflare.com/client/v4/memberships
---

--- 2025-12-25T16:42:05.560Z debug
QUERY STRING: omitted; set WRANGLER_LOG_SANITIZE=false to include sanitized data
---

--- 2025-12-25T16:42:05.561Z debug
HEADERS: omitted; set WRANGLER_LOG_SANITIZE=false to include sanitized data
---

--- 2025-12-25T16:42:05.561Z debug
INIT: omitted; set WRANGLER_LOG_SANITIZE=false to include sanitized data
---

--- 2025-12-25T16:42:05.561Z debug
-- END CF API REQUEST
---

--- 2025-12-25T16:42:06.095Z debug
-- START CF API RESPONSE: OK 200
---

--- 2025-12-25T16:42:06.097Z debug
HEADERS: omitted; set WRANGLER_LOG_SANITIZE=false to include sanitized data
---

--- 2025-12-25T16:42:06.098Z debug
RESPONSE: omitted; set WRANGLER_LOG_SANITIZE=false to include sanitized data
---

--- 2025-12-25T16:42:06.098Z debug
-- END CF API RESPONSE
---

--- 2025-12-25T16:42:06.111Z debug
-- START CF API REQUEST: GET https://api.cloudflare.com/client/v4/accounts/f006ec5b85550c77e565a3f9f99a35c0/d1/database
---

--- 2025-12-25T16:42:06.111Z debug
QUERY STRING: omitted; set WRANGLER_LOG_SANITIZE=false to include sanitized data
---

--- 2025-12-25T16:42:06.111Z debug
HEADERS: omitted; set WRANGLER_LOG_SANITIZE=false to include sanitized data
---

--- 2025-12-25T16:42:06.111Z debug
INIT: omitted; set WRANGLER_LOG_SANITIZE=false to include sanitized data
---

--- 2025-12-25T16:42:06.112Z debug
-- END CF API REQUEST
---
