
--- 2025-12-06T03:02:43.689Z debug
🪵  Writing logs to "/home/hades/.config/.wrangler/logs/wrangler-2025-12-06_03-02-42_743.log"
---

--- 2025-12-06T03:02:43.689Z debug
Metrics dispatcher: Posting data {"deviceId":"d39dff02-21f2-40cf-941a-454076f127d1","event":"wrangler command started","timestamp":1764990163688,"properties":{"amplitude_session_id":1764990163684,"amplitude_event_id":0,"wranglerVersion":"4.53.0","osPlatform":"Linux","osVersion":"#1 SMP PREEMPT_DYNAMIC Thu Jun  5 18:30:46 UTC 2025","nodeVersion":22,"isFirstUsage":false,"configFileType":"toml","isCI":false,"isPagesCI":false,"isWorkersCI":false,"isInteractive":true,"hasAssets":false,"argsUsed":[],"argsCombination":"","command":"wrangler login","args":{}}}
---

--- 2025-12-06T03:02:43.724Z debug
.env file not found at "/home/hades/FUN/pythonProject/cctvmalang/.env". Continuing... For more details, refer to https://developers.cloudflare.com/workers/wrangler/system-environment-variables/
---

--- 2025-12-06T03:02:43.724Z debug
.env file not found at "/home/hades/FUN/pythonProject/cctvmalang/.env.local". Continuing... For more details, refer to https://developers.cloudflare.com/workers/wrangler/system-environment-variables/
---

--- 2025-12-06T03:02:43.824Z log

 ⛅️ wrangler 4.53.0
───────────────────
---

--- 2025-12-06T03:02:43.906Z log
Attempting to login via OAuth...
---

--- 2025-12-06T03:02:43.921Z log
Opening a link in your default browser: https://dash.cloudflare.com/oauth2/auth?response_type=code&client_id=54d11594-84e4-41aa-b438-e81b8fa78ee7&redirect_uri=http%3A%2F%2Flocalhost%3A8976%2Foauth%2Fcallback&scope=account%3Aread%20user%3Aread%20workers%3Awrite%20workers_kv%3Awrite%20workers_routes%3Awrite%20workers_scripts%3Awrite%20workers_tail%3Aread%20d1%3Awrite%20pages%3Awrite%20zone%3Aread%20ssl_certs%3Awrite%20ai%3Awrite%20queues%3Awrite%20pipelines%3Awrite%20secrets_store%3Awrite%20containers%3Awrite%20cloudchamber%3Awrite%20connectivity%3Aadmin%20offline_access&state=M60A5.Si8~OaH67FpI5zOT6uErHDcD6t&code_challenge=01VOo-xRtJNb1xx6eMVNLuqt0c2O5dCdt64DvVEc51c&code_challenge_method=S256
---

--- 2025-12-06T03:03:08.806Z debug
fetching auth token grant_type=authorization_code&code=K5Fv6Mg9GBEqR6_3IWEckG_ztXZF9OFSgIN2_R-GgkE.5swdfnP8nO0uBqGY47F5zmXsRuzVpKVWHpkRIqrUARE&redirect_uri=http%3A%2F%2Flocalhost%3A8976%2Foauth%2Fcallback&client_id=54d11594-84e4-41aa-b438-e81b8fa78ee7&code_verifier=SzlJOHVvdTBRNG91UnRVU1lfcTFIbWJCLjdURE1Odk4yY3NLdnYweVUtV29ETHRMeUR4QmlkSmFTVDVkRTR4WlNnSmNlYjBMeXZoZ2c5LVYySFJ4LXlpTEJKNjNPd3I2
---

--- 2025-12-06T03:03:08.807Z debug
Checking if domain has Access enabled: dash.cloudflare.com
---

--- 2025-12-06T03:03:08.808Z debug
Access switch not cached for: dash.cloudflare.com
---

--- 2025-12-06T03:03:08.954Z debug
Caching access switch for: dash.cloudflare.com
---

--- 2025-12-06T03:03:08.955Z debug
Fetching auth token from https://dash.cloudflare.com/oauth2/token
---

--- 2025-12-06T03:03:09.992Z log
Successfully logged in.
---

--- 2025-12-06T03:03:09.996Z debug
No folder available to cache configuration
---

--- 2025-12-06T03:03:09.999Z debug
Metrics dispatcher: Posting data {"deviceId":"d39dff02-21f2-40cf-941a-454076f127d1","event":"login user","timestamp":1764990189999,"properties":{"category":"Workers","wranglerVersion":"4.53.0","os":"linux:x64"}}
---

--- 2025-12-06T03:03:10.013Z debug
Metrics dispatcher: Posting data {"deviceId":"d39dff02-21f2-40cf-941a-454076f127d1","event":"wrangler command completed","timestamp":1764990190012,"properties":{"amplitude_session_id":1764990163684,"amplitude_event_id":1,"wranglerVersion":"4.53.0","osPlatform":"Linux","osVersion":"#1 SMP PREEMPT_DYNAMIC Thu Jun  5 18:30:46 UTC 2025","nodeVersion":22,"isFirstUsage":false,"configFileType":"toml","isCI":false,"isPagesCI":false,"isWorkersCI":false,"isInteractive":true,"hasAssets":false,"argsUsed":[],"argsCombination":"","command":"wrangler login","args":{},"durationMs":26466,"durationSeconds":26.466,"durationMinutes":0.4411}}
---
