
--- 2025-12-24T07:00:15.883Z debug
🪵  Writing logs to "/home/hades/.config/.wrangler/logs/wrangler-2025-12-24_07-00-15_649.log"
---

--- 2025-12-24T07:00:15.883Z log

Cloudflare collects anonymous telemetry about your usage of Wrangler. Learn more at https://github.com/cloudflare/workers-sdk/tree/main/packages/wrangler/telemetry.md
---

--- 2025-12-24T07:00:15.895Z debug
Metrics dispatcher: Posting data {"deviceId":"d39dff02-21f2-40cf-941a-454076f127d1","event":"wrangler command started","timestamp":1766559615895,"properties":{"amplitude_session_id":1766559615881,"amplitude_event_id":0,"wranglerVersion":"3.114.16","osPlatform":"Linux","osVersion":"#1 SMP PREEMPT_DYNAMIC Thu Jun  5 18:30:46 UTC 2025","nodeVersion":22,"packageManager":"npm","isFirstUsage":false,"configFileType":"toml","isCI":false,"isPagesCI":false,"isWorkersCI":false,"isInteractive":true,"hasAssets":false,"argsUsed":[],"argsCombination":"","command":"wrangler deploy","args":{}}}
---

--- 2025-12-24T07:00:15.917Z debug
.env file not found at ".env". Continuing... For more details, refer to https://developers.cloudflare.com/workers/wrangler/system-environment-variables/
---

--- 2025-12-24T07:00:16.007Z log

 ⛅️ wrangler 3.114.16 (update available 4.56.0)
---------------------------------------------------------

---

--- 2025-12-24T07:00:16.095Z warn
▲ [WARNING] The version of Wrangler you are using is now out-of-date.

  Please update to the latest version to prevent critical errors.
  Run `npm install --save-dev wrangler@4` to update to the latest version.
  After installation, run Wrangler with `npx wrangler`.


---

--- 2025-12-24T07:00:16.168Z debug
Retrieving cached values for account from node_modules/.cache/wrangler
---

--- 2025-12-24T07:00:16.168Z debug
Starting verifyWorkerMatchesCITag() with tag: undefined, name: leafvault-api
---

--- 2025-12-24T07:00:16.168Z debug
No WRANGLER_CI_MATCH_TAG variable provided, aborting verifyWorkerMatchesCITag()
---

--- 2025-12-24T07:00:16.171Z debug
-- START CF API REQUEST: GET https://api.cloudflare.com/client/v4/accounts/f006ec5b85550c77e565a3f9f99a35c0/workers/services/leafvault-api
---

--- 2025-12-24T07:00:16.171Z debug
HEADERS: omitted; set WRANGLER_LOG_SANITIZE=false to include sanitized data
---

--- 2025-12-24T07:00:16.171Z debug
INIT: omitted; set WRANGLER_LOG_SANITIZE=false to include sanitized data
---

--- 2025-12-24T07:00:16.171Z debug
-- END CF API REQUEST
---

--- 2025-12-24T07:00:18.103Z debug
-- START CF API RESPONSE: Not Found 404
---

--- 2025-12-24T07:00:18.107Z debug
HEADERS: omitted; set WRANGLER_LOG_SANITIZE=false to include sanitized data
---

--- 2025-12-24T07:00:18.107Z debug
RESPONSE: omitted; set WRANGLER_LOG_SANITIZE=false to include sanitized data
---

--- 2025-12-24T07:00:18.107Z debug
-- END CF API RESPONSE
---

--- 2025-12-24T07:00:18.124Z debug
-- START CF API REQUEST: GET https://api.cloudflare.com/client/v4/accounts/f006ec5b85550c77e565a3f9f99a35c0/workers/scripts/leafvault-api/deployments
---

--- 2025-12-24T07:00:18.124Z debug
HEADERS: omitted; set WRANGLER_LOG_SANITIZE=false to include sanitized data
---

--- 2025-12-24T07:00:18.124Z debug
INIT: omitted; set WRANGLER_LOG_SANITIZE=false to include sanitized data
---

--- 2025-12-24T07:00:18.124Z debug
-- END CF API REQUEST
---

--- 2025-12-24T07:00:19.799Z debug
-- START CF API RESPONSE: Not Found 404
---

--- 2025-12-24T07:00:19.799Z debug
HEADERS: omitted; set WRANGLER_LOG_SANITIZE=false to include sanitized data
---

--- 2025-12-24T07:00:19.799Z debug
RESPONSE: omitted; set WRANGLER_LOG_SANITIZE=false to include sanitized data
---

--- 2025-12-24T07:00:19.799Z debug
-- END CF API RESPONSE
---

--- 2025-12-24T07:00:19.933Z log
Total Upload: 67.99 KiB / gzip: 16.37 KiB
---

--- 2025-12-24T07:00:19.944Z debug
-- START CF API REQUEST: PUT https://api.cloudflare.com/client/v4/accounts/f006ec5b85550c77e565a3f9f99a35c0/workers/scripts/leafvault-api?excludeScript=true
---

--- 2025-12-24T07:00:19.944Z debug
HEADERS: omitted; set WRANGLER_LOG_SANITIZE=false to include sanitized data
---

--- 2025-12-24T07:00:19.944Z debug
INIT: omitted; set WRANGLER_LOG_SANITIZE=false to include sanitized data
---

--- 2025-12-24T07:00:19.953Z debug
BODY: omitted; set WRANGLER_LOG_SANITIZE=false to include sanitized data
---

--- 2025-12-24T07:00:19.953Z debug
-- END CF API REQUEST
---

--- 2025-12-24T07:00:23.120Z debug
-- START CF API RESPONSE: OK 200
---

--- 2025-12-24T07:00:23.120Z debug
HEADERS: omitted; set WRANGLER_LOG_SANITIZE=false to include sanitized data
---

--- 2025-12-24T07:00:23.120Z debug
RESPONSE: omitted; set WRANGLER_LOG_SANITIZE=false to include sanitized data
---

--- 2025-12-24T07:00:23.120Z debug
-- END CF API RESPONSE
---

--- 2025-12-24T07:00:23.124Z log
Your worker has access to the following bindings:
- D1 Databases:
  - DB: leafvault-db (3b15207f-68c2-49d0-998e-d8344047d796)
- Vars:
  - ALLOWED_ORIGINS: "https://notes.lexa.my.id"
---

--- 2025-12-24T07:00:23.131Z log
Uploaded leafvault-api (5.01 sec)
---

--- 2025-12-24T07:00:23.133Z debug
-- START CF API REQUEST: GET https://api.cloudflare.com/client/v4/accounts/f006ec5b85550c77e565a3f9f99a35c0/workers/scripts/leafvault-api/subdomain
---

--- 2025-12-24T07:00:23.134Z debug
HEADERS: omitted; set WRANGLER_LOG_SANITIZE=false to include sanitized data
---

--- 2025-12-24T07:00:23.134Z debug
INIT: omitted; set WRANGLER_LOG_SANITIZE=false to include sanitized data
---

--- 2025-12-24T07:00:23.134Z debug
-- END CF API REQUEST
---

--- 2025-12-24T07:00:24.867Z debug
-- START CF API RESPONSE: OK 200
---

--- 2025-12-24T07:00:24.868Z debug
HEADERS: omitted; set WRANGLER_LOG_SANITIZE=false to include sanitized data
---

--- 2025-12-24T07:00:24.868Z debug
RESPONSE: omitted; set WRANGLER_LOG_SANITIZE=false to include sanitized data
---

--- 2025-12-24T07:00:24.868Z debug
-- END CF API RESPONSE
---

--- 2025-12-24T07:00:24.869Z debug
-- START CF API REQUEST: GET https://api.cloudflare.com/client/v4/accounts/f006ec5b85550c77e565a3f9f99a35c0/workers/subdomain
---

--- 2025-12-24T07:00:24.870Z debug
HEADERS: omitted; set WRANGLER_LOG_SANITIZE=false to include sanitized data
---

--- 2025-12-24T07:00:24.870Z debug
INIT: omitted; set WRANGLER_LOG_SANITIZE=false to include sanitized data
---

--- 2025-12-24T07:00:24.870Z debug
-- END CF API REQUEST
---

--- 2025-12-24T07:00:26.727Z debug
-- START CF API RESPONSE: OK 200
---

--- 2025-12-24T07:00:26.727Z debug
HEADERS: omitted; set WRANGLER_LOG_SANITIZE=false to include sanitized data
---

--- 2025-12-24T07:00:26.727Z debug
RESPONSE: omitted; set WRANGLER_LOG_SANITIZE=false to include sanitized data
---

--- 2025-12-24T07:00:26.727Z debug
-- END CF API RESPONSE
---

--- 2025-12-24T07:00:26.727Z debug
-- START CF API REQUEST: POST https://api.cloudflare.com/client/v4/accounts/f006ec5b85550c77e565a3f9f99a35c0/workers/scripts/leafvault-api/subdomain
---

--- 2025-12-24T07:00:26.728Z debug
HEADERS: omitted; set WRANGLER_LOG_SANITIZE=false to include sanitized data
---

--- 2025-12-24T07:00:26.728Z debug
INIT: omitted; set WRANGLER_LOG_SANITIZE=false to include sanitized data
---

--- 2025-12-24T07:00:26.728Z debug
-- END CF API REQUEST
---

--- 2025-12-24T07:00:28.503Z debug
-- START CF API RESPONSE: OK 200
---

--- 2025-12-24T07:00:28.504Z debug
HEADERS: omitted; set WRANGLER_LOG_SANITIZE=false to include sanitized data
---

--- 2025-12-24T07:00:28.504Z debug
RESPONSE: omitted; set WRANGLER_LOG_SANITIZE=false to include sanitized data
---

--- 2025-12-24T07:00:28.504Z debug
-- END CF API RESPONSE
---

--- 2025-12-24T07:00:28.505Z log
Deployed leafvault-api triggers (3.63 sec)
---

--- 2025-12-24T07:00:28.506Z log
  https://leafvault-api.dwirxx.workers.dev
---

--- 2025-12-24T07:00:28.507Z log
Current Version ID: 65f6415f-26f3-4849-8f5e-2fa5b0461ac0
---

--- 2025-12-24T07:00:28.514Z debug
Metrics dispatcher: Posting data {"deviceId":"d39dff02-21f2-40cf-941a-454076f127d1","event":"deploy worker script","timestamp":1766559628514,"properties":{"category":"Workers","wranglerVersion":"3.114.16","os":"linux:x64","usesTypeScript":true,"durationMs":12343}}
---

--- 2025-12-24T07:00:28.522Z debug
Metrics dispatcher: Posting data {"deviceId":"d39dff02-21f2-40cf-941a-454076f127d1","event":"wrangler command completed","timestamp":1766559628521,"properties":{"amplitude_session_id":1766559615881,"amplitude_event_id":1,"wranglerVersion":"3.114.16","osPlatform":"Linux","osVersion":"#1 SMP PREEMPT_DYNAMIC Thu Jun  5 18:30:46 UTC 2025","nodeVersion":22,"packageManager":"npm","isFirstUsage":false,"configFileType":"toml","isCI":false,"isPagesCI":false,"isWorkersCI":false,"isInteractive":true,"hasAssets":false,"argsUsed":[],"argsCombination":"","command":"wrangler deploy","args":{},"durationMs":12696,"durationSeconds":12.696,"durationMinutes":0.21159999999999998}}
---
