
--- 2025-12-25T20:18:06.166Z debug
🪵  Writing logs to "/home/hades/.config/.wrangler/logs/wrangler-2025-12-25_20-18-05_087.log"
---

--- 2025-12-25T20:18:06.165Z debug
Metrics dispatcher: Posting data {"deviceId":"d39dff02-21f2-40cf-941a-454076f127d1","event":"wrangler command started","timestamp":1766693886165,"properties":{"amplitude_session_id":1766693886157,"amplitude_event_id":0,"wranglerVersion":"4.53.0","osPlatform":"Linux","osVersion":"#1 SMP PREEMPT_DYNAMIC Thu Jun  5 18:30:46 UTC 2025","nodeVersion":22,"packageManager":"npm","isFirstUsage":false,"configFileType":"none","isCI":false,"isPagesCI":false,"isWorkersCI":false,"isInteractive":true,"hasAssets":false,"argsUsed":[],"argsCombination":"","command":"wrangler pages deploy","args":{}}}
---

--- 2025-12-25T20:18:06.197Z debug
.env file not found at "/home/hades/FUN/tempmail/vaultnotes-beta/.env.local". Continuing... For more details, refer to https://developers.cloudflare.com/workers/wrangler/system-environment-variables/
---

--- 2025-12-25T20:18:06.422Z log

 ⛅️ wrangler 4.53.0 (update available 4.54.0)
─────────────────────────────────────────────
---

--- 2025-12-25T20:18:06.477Z debug
Retrieving cached values for account_id and project_name from node_modules/.cache/wrangler
---

--- 2025-12-25T20:18:06.481Z debug
-- START CF API REQUEST: GET https://api.cloudflare.com/client/v4/accounts/f006ec5b85550c77e565a3f9f99a35c0/pages/projects/leafvault-app
---

--- 2025-12-25T20:18:06.481Z debug
QUERY STRING: omitted; set WRANGLER_LOG_SANITIZE=false to include sanitized data
---

--- 2025-12-25T20:18:06.483Z debug
HEADERS: omitted; set WRANGLER_LOG_SANITIZE=false to include sanitized data
---

--- 2025-12-25T20:18:06.483Z debug
INIT: omitted; set WRANGLER_LOG_SANITIZE=false to include sanitized data
---

--- 2025-12-25T20:18:06.483Z debug
-- END CF API REQUEST
---

--- 2025-12-25T20:18:08.300Z debug
-- START CF API RESPONSE: OK 200
---

--- 2025-12-25T20:18:08.305Z debug
HEADERS: omitted; set WRANGLER_LOG_SANITIZE=false to include sanitized data
---

--- 2025-12-25T20:18:08.305Z debug
RESPONSE: omitted; set WRANGLER_LOG_SANITIZE=false to include sanitized data
---

--- 2025-12-25T20:18:08.305Z debug
-- END CF API RESPONSE
---

--- 2025-12-25T20:18:08.450Z debug
-- START CF API REQUEST: GET https://api.cloudflare.com/client/v4/accounts/f006ec5b85550c77e565a3f9f99a35c0/pages/projects/leafvault-app
---

--- 2025-12-25T20:18:08.450Z debug
QUERY STRING: omitted; set WRANGLER_LOG_SANITIZE=false to include sanitized data
---

--- 2025-12-25T20:18:08.451Z debug
HEADERS: omitted; set WRANGLER_LOG_SANITIZE=false to include sanitized data
---

--- 2025-12-25T20:18:08.451Z debug
INIT: omitted; set WRANGLER_LOG_SANITIZE=false to include sanitized data
---

--- 2025-12-25T20:18:08.451Z debug
-- END CF API REQUEST
---

--- 2025-12-25T20:18:09.963Z debug
-- START CF API RESPONSE: OK 200
---

--- 2025-12-25T20:18:09.964Z debug
HEADERS: omitted; set WRANGLER_LOG_SANITIZE=false to include sanitized data
---

--- 2025-12-25T20:18:09.964Z debug
RESPONSE: omitted; set WRANGLER_LOG_SANITIZE=false to include sanitized data
---

--- 2025-12-25T20:18:09.964Z debug
-- END CF API RESPONSE
---

--- 2025-12-25T20:18:10.105Z debug
-- START CF API REQUEST: GET https://api.cloudflare.com/client/v4/accounts/f006ec5b85550c77e565a3f9f99a35c0/pages/projects/leafvault-app/upload-token
---

--- 2025-12-25T20:18:10.105Z debug
QUERY STRING: omitted; set WRANGLER_LOG_SANITIZE=false to include sanitized data
---

--- 2025-12-25T20:18:10.105Z debug
HEADERS: omitted; set WRANGLER_LOG_SANITIZE=false to include sanitized data
---

--- 2025-12-25T20:18:10.105Z debug
INIT: omitted; set WRANGLER_LOG_SANITIZE=false to include sanitized data
---

--- 2025-12-25T20:18:10.105Z debug
-- END CF API REQUEST
---

--- 2025-12-25T20:18:11.489Z debug
-- START CF API RESPONSE: OK 200
---

--- 2025-12-25T20:18:11.490Z debug
HEADERS: omitted; set WRANGLER_LOG_SANITIZE=false to include sanitized data
---

--- 2025-12-25T20:18:11.490Z debug
RESPONSE: omitted; set WRANGLER_LOG_SANITIZE=false to include sanitized data
---

--- 2025-12-25T20:18:11.490Z debug
-- END CF API RESPONSE
---

--- 2025-12-25T20:18:11.493Z debug
-- START CF API REQUEST: POST https://api.cloudflare.com/client/v4/pages/assets/check-missing
---

--- 2025-12-25T20:18:11.493Z debug
QUERY STRING: omitted; set WRANGLER_LOG_SANITIZE=false to include sanitized data
---

--- 2025-12-25T20:18:11.493Z debug
HEADERS: omitted; set WRANGLER_LOG_SANITIZE=false to include sanitized data
---

--- 2025-12-25T20:18:11.493Z debug
INIT: omitted; set WRANGLER_LOG_SANITIZE=false to include sanitized data
---

--- 2025-12-25T20:18:11.493Z debug
-- END CF API REQUEST
---

--- 2025-12-25T20:18:11.793Z debug
-- START CF API RESPONSE: OK 200
---

--- 2025-12-25T20:18:11.794Z debug
HEADERS: omitted; set WRANGLER_LOG_SANITIZE=false to include sanitized data
---

--- 2025-12-25T20:18:11.794Z debug
RESPONSE: omitted; set WRANGLER_LOG_SANITIZE=false to include sanitized data
---

--- 2025-12-25T20:18:11.794Z debug
-- END CF API RESPONSE
---

--- 2025-12-25T20:18:11.804Z debug
POST /pages/assets/upload
---

--- 2025-12-25T20:18:11.805Z debug
-- START CF API REQUEST: POST https://api.cloudflare.com/client/v4/pages/assets/upload
---

--- 2025-12-25T20:18:11.805Z debug
QUERY STRING: omitted; set WRANGLER_LOG_SANITIZE=false to include sanitized data
---

--- 2025-12-25T20:18:11.805Z debug
HEADERS: omitted; set WRANGLER_LOG_SANITIZE=false to include sanitized data
---

--- 2025-12-25T20:18:11.805Z debug
INIT: omitted; set WRANGLER_LOG_SANITIZE=false to include sanitized data
---

--- 2025-12-25T20:18:11.805Z debug
-- END CF API REQUEST
---

--- 2025-12-25T20:18:11.812Z debug
POST /pages/assets/upload
---

--- 2025-12-25T20:18:11.814Z debug
-- START CF API REQUEST: POST https://api.cloudflare.com/client/v4/pages/assets/upload
---

--- 2025-12-25T20:18:11.814Z debug
QUERY STRING: omitted; set WRANGLER_LOG_SANITIZE=false to include sanitized data
---

--- 2025-12-25T20:18:11.815Z debug
HEADERS: omitted; set WRANGLER_LOG_SANITIZE=false to include sanitized data
---

--- 2025-12-25T20:18:11.816Z debug
INIT: omitted; set WRANGLER_LOG_SANITIZE=false to include sanitized data
---

--- 2025-12-25T20:18:11.816Z debug
-- END CF API REQUEST
---

--- 2025-12-25T20:18:11.837Z debug
POST /pages/assets/upload
---

--- 2025-12-25T20:18:11.890Z debug
-- START CF API REQUEST: POST https://api.cloudflare.com/client/v4/pages/assets/upload
---

--- 2025-12-25T20:18:11.890Z debug
QUERY STRING: omitted; set WRANGLER_LOG_SANITIZE=false to include sanitized data
---

--- 2025-12-25T20:18:11.890Z debug
HEADERS: omitted; set WRANGLER_LOG_SANITIZE=false to include sanitized data
---

--- 2025-12-25T20:18:11.926Z debug
INIT: omitted; set WRANGLER_LOG_SANITIZE=false to include sanitized data
---

--- 2025-12-25T20:18:11.926Z debug
-- END CF API REQUEST
---

--- 2025-12-25T20:18:12.606Z debug
-- START CF API RESPONSE: OK 200
---

--- 2025-12-25T20:18:12.616Z debug
HEADERS: omitted; set WRANGLER_LOG_SANITIZE=false to include sanitized data
---

--- 2025-12-25T20:18:12.616Z debug
RESPONSE: omitted; set WRANGLER_LOG_SANITIZE=false to include sanitized data
---

--- 2025-12-25T20:18:12.616Z debug
-- END CF API RESPONSE
---

--- 2025-12-25T20:18:12.619Z debug
result: { successful_key_count: 1, unsuccessful_keys: [] }
---

--- 2025-12-25T20:18:14.371Z debug
-- START CF API RESPONSE: OK 200
---

--- 2025-12-25T20:18:14.372Z debug
HEADERS: omitted; set WRANGLER_LOG_SANITIZE=false to include sanitized data
---

--- 2025-12-25T20:18:14.372Z debug
RESPONSE: omitted; set WRANGLER_LOG_SANITIZE=false to include sanitized data
---

--- 2025-12-25T20:18:14.372Z debug
-- END CF API RESPONSE
---

--- 2025-12-25T20:18:14.372Z debug
result: { successful_key_count: 1, unsuccessful_keys: [] }
---

--- 2025-12-25T20:18:22.119Z debug
-- START CF API RESPONSE: OK 200
---

--- 2025-12-25T20:18:22.120Z debug
HEADERS: omitted; set WRANGLER_LOG_SANITIZE=false to include sanitized data
---

--- 2025-12-25T20:18:22.120Z debug
RESPONSE: omitted; set WRANGLER_LOG_SANITIZE=false to include sanitized data
---

--- 2025-12-25T20:18:22.120Z debug
-- END CF API RESPONSE
---

--- 2025-12-25T20:18:22.120Z debug
result: { successful_key_count: 1, unsuccessful_keys: [] }
---

--- 2025-12-25T20:18:22.123Z log
✨ Success! Uploaded 3 files (36 already uploaded) (10.63 sec)

---

--- 2025-12-25T20:18:22.127Z debug
-- START CF API REQUEST: POST https://api.cloudflare.com/client/v4/pages/assets/upsert-hashes
---

--- 2025-12-25T20:18:22.127Z debug
QUERY STRING: omitted; set WRANGLER_LOG_SANITIZE=false to include sanitized data
---

--- 2025-12-25T20:18:22.128Z debug
HEADERS: omitted; set WRANGLER_LOG_SANITIZE=false to include sanitized data
---

--- 2025-12-25T20:18:22.128Z debug
INIT: omitted; set WRANGLER_LOG_SANITIZE=false to include sanitized data
---

--- 2025-12-25T20:18:22.128Z debug
-- END CF API REQUEST
---

--- 2025-12-25T20:18:22.563Z debug
-- START CF API RESPONSE: OK 200
---

--- 2025-12-25T20:18:22.564Z debug
HEADERS: omitted; set WRANGLER_LOG_SANITIZE=false to include sanitized data
---

--- 2025-12-25T20:18:22.564Z debug
RESPONSE: omitted; set WRANGLER_LOG_SANITIZE=false to include sanitized data
---

--- 2025-12-25T20:18:22.564Z debug
-- END CF API RESPONSE
---

--- 2025-12-25T20:18:22.566Z log
✨ Uploading _headers
---

--- 2025-12-25T20:18:22.567Z log
✨ Uploading _redirects
---

--- 2025-12-25T20:18:22.568Z debug
-- START CF API REQUEST: POST https://api.cloudflare.com/client/v4/accounts/f006ec5b85550c77e565a3f9f99a35c0/pages/projects/leafvault-app/deployments
---

--- 2025-12-25T20:18:22.569Z debug
QUERY STRING: omitted; set WRANGLER_LOG_SANITIZE=false to include sanitized data
---

--- 2025-12-25T20:18:22.569Z debug
HEADERS: omitted; set WRANGLER_LOG_SANITIZE=false to include sanitized data
---

--- 2025-12-25T20:18:22.569Z debug
INIT: omitted; set WRANGLER_LOG_SANITIZE=false to include sanitized data
---

--- 2025-12-25T20:18:22.576Z debug
BODY: omitted; set WRANGLER_LOG_SANITIZE=false to include sanitized data
---

--- 2025-12-25T20:18:22.576Z debug
-- END CF API REQUEST
---

--- 2025-12-25T20:18:24.677Z debug
-- START CF API RESPONSE: OK 200
---

--- 2025-12-25T20:18:24.678Z debug
HEADERS: omitted; set WRANGLER_LOG_SANITIZE=false to include sanitized data
---

--- 2025-12-25T20:18:24.678Z debug
RESPONSE: omitted; set WRANGLER_LOG_SANITIZE=false to include sanitized data
---

--- 2025-12-25T20:18:24.678Z debug
-- END CF API RESPONSE
---

--- 2025-12-25T20:18:24.690Z debug
Saving to cache: {"account_id":"f006ec5b85550c77e565a3f9f99a35c0","project_name":"leafvault-app"}
---

--- 2025-12-25T20:18:24.691Z log
🌎 Deploying...
---

--- 2025-12-25T20:18:25.694Z debug
attempt #1: Attempting to fetch status for deployment with id "84919abe-0cc1-43b2-b2f9-a3afe95d9cf8" ...
---

--- 2025-12-25T20:18:25.695Z debug
-- START CF API REQUEST: GET https://api.cloudflare.com/client/v4/accounts/f006ec5b85550c77e565a3f9f99a35c0/pages/projects/leafvault-app/deployments/84919abe-0cc1-43b2-b2f9-a3afe95d9cf8
---

--- 2025-12-25T20:18:25.695Z debug
QUERY STRING: omitted; set WRANGLER_LOG_SANITIZE=false to include sanitized data
---

--- 2025-12-25T20:18:25.695Z debug
HEADERS: omitted; set WRANGLER_LOG_SANITIZE=false to include sanitized data
---

--- 2025-12-25T20:18:25.695Z debug
INIT: omitted; set WRANGLER_LOG_SANITIZE=false to include sanitized data
---

--- 2025-12-25T20:18:25.695Z debug
-- END CF API REQUEST
---

--- 2025-12-25T20:18:27.789Z debug
-- START CF API RESPONSE: OK 200
---

--- 2025-12-25T20:18:27.790Z debug
HEADERS: omitted; set WRANGLER_LOG_SANITIZE=false to include sanitized data
---

--- 2025-12-25T20:18:27.790Z debug
RESPONSE: omitted; set WRANGLER_LOG_SANITIZE=false to include sanitized data
---

--- 2025-12-25T20:18:27.790Z debug
-- END CF API RESPONSE
---

--- 2025-12-25T20:18:27.793Z log
✨ Deployment complete! Take a peek over at https://84919abe.leafvault-app.pages.dev
---

--- 2025-12-25T20:18:27.796Z debug
Metrics dispatcher: Posting data {"deviceId":"d39dff02-21f2-40cf-941a-454076f127d1","event":"create pages deployment","timestamp":1766693907796,"properties":{"category":"Workers","wranglerVersion":"4.53.0","os":"linux:x64"}}
---

--- 2025-12-25T20:18:27.806Z debug
Metrics dispatcher: Posting data {"deviceId":"d39dff02-21f2-40cf-941a-454076f127d1","event":"wrangler command completed","timestamp":1766693907806,"properties":{"amplitude_session_id":1766693886157,"amplitude_event_id":1,"wranglerVersion":"4.53.0","osPlatform":"Linux","osVersion":"#1 SMP PREEMPT_DYNAMIC Thu Jun  5 18:30:46 UTC 2025","nodeVersion":22,"packageManager":"npm","isFirstUsage":false,"configFileType":"none","isCI":false,"isPagesCI":false,"isWorkersCI":false,"isInteractive":true,"hasAssets":false,"argsUsed":[],"argsCombination":"","command":"wrangler pages deploy","args":{},"durationMs":21768,"durationSeconds":21.768,"durationMinutes":0.3628}}
---
