
--- 2025-12-24T07:19:25.129Z debug
🪵  Writing logs to "/home/hades/.config/.wrangler/logs/wrangler-2025-12-24_07-19-24_190.log"
---

--- 2025-12-24T07:19:25.129Z debug
Metrics dispatcher: Posting data {"deviceId":"d39dff02-21f2-40cf-941a-454076f127d1","event":"wrangler command started","timestamp":1766560765128,"properties":{"amplitude_session_id":1766560765123,"amplitude_event_id":0,"wranglerVersion":"4.53.0","osPlatform":"Linux","osVersion":"#1 SMP PREEMPT_DYNAMIC Thu Jun  5 18:30:46 UTC 2025","nodeVersion":22,"packageManager":"npm","isFirstUsage":false,"configFileType":"none","isCI":false,"isPagesCI":false,"isWorkersCI":false,"isInteractive":true,"hasAssets":false,"argsUsed":[],"argsCombination":"","command":"wrangler pages deployment list","args":{}}}
---

--- 2025-12-24T07:19:25.175Z debug
.env file not found at "/home/hades/FUN/NotesProjeck/beta/vaultnotes/.env.local". Continuing... For more details, refer to https://developers.cloudflare.com/workers/wrangler/system-environment-variables/
---

--- 2025-12-24T07:19:25.266Z log

 ⛅️ wrangler 4.53.0 (update available 4.56.0)
─────────────────────────────────────────────
---

--- 2025-12-24T07:19:25.327Z debug
Retrieving cached values for account_id and project_name from node_modules/.cache/wrangler
---

--- 2025-12-24T07:19:25.330Z debug
-- START CF API REQUEST: GET https://api.cloudflare.com/client/v4/accounts/f006ec5b85550c77e565a3f9f99a35c0/pages/projects/leafvault-app/deployments
---

--- 2025-12-24T07:19:25.331Z debug
QUERY STRING: omitted; set WRANGLER_LOG_SANITIZE=false to include sanitized data
---

--- 2025-12-24T07:19:25.333Z debug
HEADERS: omitted; set WRANGLER_LOG_SANITIZE=false to include sanitized data
---

--- 2025-12-24T07:19:25.334Z debug
INIT: omitted; set WRANGLER_LOG_SANITIZE=false to include sanitized data
---

--- 2025-12-24T07:19:25.334Z debug
-- END CF API REQUEST
---

--- 2025-12-24T07:19:27.297Z debug
-- START CF API RESPONSE: OK 200
---

--- 2025-12-24T07:19:27.300Z debug
HEADERS: omitted; set WRANGLER_LOG_SANITIZE=false to include sanitized data
---

--- 2025-12-24T07:19:27.300Z debug
RESPONSE: omitted; set WRANGLER_LOG_SANITIZE=false to include sanitized data
---

--- 2025-12-24T07:19:27.300Z debug
-- END CF API RESPONSE
---

--- 2025-12-24T07:19:27.317Z debug
Saving to cache: {"account_id":"f006ec5b85550c77e565a3f9f99a35c0"}
---

--- 2025-12-24T07:19:27.361Z log
┌──────────────────────────────────────┬─────────────┬────────┬─────────┬──────────────────────────────────────────┬────────────────┬────────────────────────────────────────────────────────────────────────────────────────────────────────────────────────────┐
│ Id                                   │ Environment │ Branch │ Source  │ Deployment                               │ Status         │ Build                                                                                                                      │
├──────────────────────────────────────┼─────────────┼────────┼─────────┼──────────────────────────────────────────┼────────────────┼────────────────────────────────────────────────────────────────────────────────────────────────────────────────────────────┤
│ cbf77c3b-103c-4add-a4a2-1100a54e0fba │ Production  │ main   │ fd63ea7 │ https://cbf77c3b.leafvault-app.pages.dev │ 27 seconds ago │ https://dash.cloudflare.com/f006ec5b85550c77e565a3f9f99a35c0/pages/view/leafvault-app/cbf77c3b-103c-4add-a4a2-1100a54e0fba │
└──────────────────────────────────────┴─────────────┴────────┴─────────┴──────────────────────────────────────────┴────────────────┴────────────────────────────────────────────────────────────────────────────────────────────────────────────────────────────┘
---

--- 2025-12-24T07:19:27.368Z debug
Metrics dispatcher: Posting data {"deviceId":"d39dff02-21f2-40cf-941a-454076f127d1","event":"list pages deployments","timestamp":1766560767368,"properties":{"category":"Workers","wranglerVersion":"4.53.0","os":"linux:x64"}}
---

--- 2025-12-24T07:19:27.378Z debug
Metrics dispatcher: Posting data {"deviceId":"d39dff02-21f2-40cf-941a-454076f127d1","event":"wrangler command completed","timestamp":1766560767378,"properties":{"amplitude_session_id":1766560765123,"amplitude_event_id":1,"wranglerVersion":"4.53.0","osPlatform":"Linux","osVersion":"#1 SMP PREEMPT_DYNAMIC Thu Jun  5 18:30:46 UTC 2025","nodeVersion":22,"packageManager":"npm","isFirstUsage":false,"configFileType":"none","isCI":false,"isPagesCI":false,"isWorkersCI":false,"isInteractive":true,"hasAssets":false,"argsUsed":[],"argsCombination":"","command":"wrangler pages deployment list","args":{},"durationMs":2398,"durationSeconds":2.398,"durationMinutes":0.03996666666666667}}
---
