
--- 2025-12-24T07:12:31.294Z debug
🪵  Writing logs to "/home/hades/.config/.wrangler/logs/wrangler-2025-12-24_07-12-30_749.log"
---

--- 2025-12-24T07:12:31.294Z debug
Metrics dispatcher: Posting data {"deviceId":"d39dff02-21f2-40cf-941a-454076f127d1","event":"wrangler command started","timestamp":1766560351294,"properties":{"amplitude_session_id":1766560351289,"amplitude_event_id":0,"wranglerVersion":"4.53.0","osPlatform":"Linux","osVersion":"#1 SMP PREEMPT_DYNAMIC Thu Jun  5 18:30:46 UTC 2025","nodeVersion":22,"packageManager":"npm","isFirstUsage":false,"configFileType":"none","isCI":false,"isPagesCI":false,"isWorkersCI":false,"isInteractive":true,"hasAssets":false,"argsUsed":[],"argsCombination":"","command":"wrangler pages deploy","args":{}}}
---

--- 2025-12-24T07:12:31.320Z debug
.env file not found at "/home/hades/FUN/NotesProjeck/beta/vaultnotes/.env.local". Continuing... For more details, refer to https://developers.cloudflare.com/workers/wrangler/system-environment-variables/
---

--- 2025-12-24T07:12:31.435Z log

 ⛅️ wrangler 4.53.0 (update available 4.56.0)
─────────────────────────────────────────────
---

--- 2025-12-24T07:12:31.503Z debug
Retrieving cached values for account_id and project_name from node_modules/.cache/wrangler
---

--- 2025-12-24T07:12:31.508Z debug
-- START CF API REQUEST: GET https://api.cloudflare.com/client/v4/accounts/f006ec5b85550c77e565a3f9f99a35c0/pages/projects/leafvault-notes
---

--- 2025-12-24T07:12:31.508Z debug
QUERY STRING: omitted; set WRANGLER_LOG_SANITIZE=false to include sanitized data
---

--- 2025-12-24T07:12:31.510Z debug
HEADERS: omitted; set WRANGLER_LOG_SANITIZE=false to include sanitized data
---

--- 2025-12-24T07:12:31.510Z debug
INIT: omitted; set WRANGLER_LOG_SANITIZE=false to include sanitized data
---

--- 2025-12-24T07:12:31.510Z debug
-- END CF API REQUEST
---

--- 2025-12-24T07:12:33.597Z debug
-- START CF API RESPONSE: OK 200
---

--- 2025-12-24T07:12:33.599Z debug
HEADERS: omitted; set WRANGLER_LOG_SANITIZE=false to include sanitized data
---

--- 2025-12-24T07:12:33.599Z debug
RESPONSE: omitted; set WRANGLER_LOG_SANITIZE=false to include sanitized data
---

--- 2025-12-24T07:12:33.599Z debug
-- END CF API RESPONSE
---

--- 2025-12-24T07:12:33.739Z debug
-- START CF API REQUEST: GET https://api.cloudflare.com/client/v4/accounts/f006ec5b85550c77e565a3f9f99a35c0/pages/projects/leafvault-notes
---

--- 2025-12-24T07:12:33.739Z debug
QUERY STRING: omitted; set WRANGLER_LOG_SANITIZE=false to include sanitized data
---

--- 2025-12-24T07:12:33.739Z debug
HEADERS: omitted; set WRANGLER_LOG_SANITIZE=false to include sanitized data
---

--- 2025-12-24T07:12:33.740Z debug
INIT: omitted; set WRANGLER_LOG_SANITIZE=false to include sanitized data
---

--- 2025-12-24T07:12:33.740Z debug
-- END CF API REQUEST
---

--- 2025-12-24T07:12:35.251Z debug
-- START CF API RESPONSE: OK 200
---

--- 2025-12-24T07:12:35.252Z debug
HEADERS: omitted; set WRANGLER_LOG_SANITIZE=false to include sanitized data
---

--- 2025-12-24T07:12:35.252Z debug
RESPONSE: omitted; set WRANGLER_LOG_SANITIZE=false to include sanitized data
---

--- 2025-12-24T07:12:35.252Z debug
-- END CF API RESPONSE
---

--- 2025-12-24T07:12:35.347Z debug
-- START CF API REQUEST: GET https://api.cloudflare.com/client/v4/accounts/f006ec5b85550c77e565a3f9f99a35c0/pages/projects/leafvault-notes/upload-token
---

--- 2025-12-24T07:12:35.347Z debug
QUERY STRING: omitted; set WRANGLER_LOG_SANITIZE=false to include sanitized data
---

--- 2025-12-24T07:12:35.347Z debug
HEADERS: omitted; set WRANGLER_LOG_SANITIZE=false to include sanitized data
---

--- 2025-12-24T07:12:35.347Z debug
INIT: omitted; set WRANGLER_LOG_SANITIZE=false to include sanitized data
---

--- 2025-12-24T07:12:35.347Z debug
-- END CF API REQUEST
---

--- 2025-12-24T07:12:36.873Z debug
-- START CF API RESPONSE: OK 200
---

--- 2025-12-24T07:12:36.874Z debug
HEADERS: omitted; set WRANGLER_LOG_SANITIZE=false to include sanitized data
---

--- 2025-12-24T07:12:36.875Z debug
RESPONSE: omitted; set WRANGLER_LOG_SANITIZE=false to include sanitized data
---

--- 2025-12-24T07:12:36.875Z debug
-- END CF API RESPONSE
---

--- 2025-12-24T07:12:36.878Z debug
-- START CF API REQUEST: POST https://api.cloudflare.com/client/v4/pages/assets/check-missing
---

--- 2025-12-24T07:12:36.878Z debug
QUERY STRING: omitted; set WRANGLER_LOG_SANITIZE=false to include sanitized data
---

--- 2025-12-24T07:12:36.878Z debug
HEADERS: omitted; set WRANGLER_LOG_SANITIZE=false to include sanitized data
---

--- 2025-12-24T07:12:36.878Z debug
INIT: omitted; set WRANGLER_LOG_SANITIZE=false to include sanitized data
---

--- 2025-12-24T07:12:36.878Z debug
-- END CF API REQUEST
---

--- 2025-12-24T07:12:37.517Z debug
-- START CF API RESPONSE: OK 200
---

--- 2025-12-24T07:12:37.518Z debug
HEADERS: omitted; set WRANGLER_LOG_SANITIZE=false to include sanitized data
---

--- 2025-12-24T07:12:37.518Z debug
RESPONSE: omitted; set WRANGLER_LOG_SANITIZE=false to include sanitized data
---

--- 2025-12-24T07:12:37.518Z debug
-- END CF API RESPONSE
---

--- 2025-12-24T07:12:37.522Z log
✨ Success! Uploaded 0 files (33 already uploaded) (0.65 sec)

---

--- 2025-12-24T07:12:37.525Z debug
-- START CF API REQUEST: POST https://api.cloudflare.com/client/v4/pages/assets/upsert-hashes
---

--- 2025-12-24T07:12:37.525Z debug
QUERY STRING: omitted; set WRANGLER_LOG_SANITIZE=false to include sanitized data
---

--- 2025-12-24T07:12:37.525Z debug
HEADERS: omitted; set WRANGLER_LOG_SANITIZE=false to include sanitized data
---

--- 2025-12-24T07:12:37.526Z debug
INIT: omitted; set WRANGLER_LOG_SANITIZE=false to include sanitized data
---

--- 2025-12-24T07:12:37.526Z debug
-- END CF API REQUEST
---

--- 2025-12-24T07:12:37.947Z debug
-- START CF API RESPONSE: OK 200
---

--- 2025-12-24T07:12:37.948Z debug
HEADERS: omitted; set WRANGLER_LOG_SANITIZE=false to include sanitized data
---

--- 2025-12-24T07:12:37.948Z debug
RESPONSE: omitted; set WRANGLER_LOG_SANITIZE=false to include sanitized data
---

--- 2025-12-24T07:12:37.948Z debug
-- END CF API RESPONSE
---

--- 2025-12-24T07:12:37.950Z log
✨ Uploading _headers
---

--- 2025-12-24T07:12:37.951Z log
✨ Uploading _redirects
---

--- 2025-12-24T07:12:37.953Z debug
-- START CF API REQUEST: POST https://api.cloudflare.com/client/v4/accounts/f006ec5b85550c77e565a3f9f99a35c0/pages/projects/leafvault-notes/deployments
---

--- 2025-12-24T07:12:37.953Z debug
QUERY STRING: omitted; set WRANGLER_LOG_SANITIZE=false to include sanitized data
---

--- 2025-12-24T07:12:37.953Z debug
HEADERS: omitted; set WRANGLER_LOG_SANITIZE=false to include sanitized data
---

--- 2025-12-24T07:12:37.953Z debug
INIT: omitted; set WRANGLER_LOG_SANITIZE=false to include sanitized data
---

--- 2025-12-24T07:12:37.964Z debug
BODY: omitted; set WRANGLER_LOG_SANITIZE=false to include sanitized data
---

--- 2025-12-24T07:12:37.964Z debug
-- END CF API REQUEST
---

--- 2025-12-24T07:12:40.064Z debug
-- START CF API RESPONSE: OK 200
---

--- 2025-12-24T07:12:40.065Z debug
HEADERS: omitted; set WRANGLER_LOG_SANITIZE=false to include sanitized data
---

--- 2025-12-24T07:12:40.065Z debug
RESPONSE: omitted; set WRANGLER_LOG_SANITIZE=false to include sanitized data
---

--- 2025-12-24T07:12:40.065Z debug
-- END CF API RESPONSE
---

--- 2025-12-24T07:12:40.067Z debug
Saving to cache: {"account_id":"f006ec5b85550c77e565a3f9f99a35c0","project_name":"leafvault-notes"}
---

--- 2025-12-24T07:12:40.067Z log
🌎 Deploying...
---

--- 2025-12-24T07:12:41.068Z debug
attempt #1: Attempting to fetch status for deployment with id "8c2861f7-4d99-4ace-8738-2a05e564e2fd" ...
---

--- 2025-12-24T07:12:41.069Z debug
-- START CF API REQUEST: GET https://api.cloudflare.com/client/v4/accounts/f006ec5b85550c77e565a3f9f99a35c0/pages/projects/leafvault-notes/deployments/8c2861f7-4d99-4ace-8738-2a05e564e2fd
---

--- 2025-12-24T07:12:41.069Z debug
QUERY STRING: omitted; set WRANGLER_LOG_SANITIZE=false to include sanitized data
---

--- 2025-12-24T07:12:41.069Z debug
HEADERS: omitted; set WRANGLER_LOG_SANITIZE=false to include sanitized data
---

--- 2025-12-24T07:12:41.069Z debug
INIT: omitted; set WRANGLER_LOG_SANITIZE=false to include sanitized data
---

--- 2025-12-24T07:12:41.070Z debug
-- END CF API REQUEST
---

--- 2025-12-24T07:12:42.651Z debug
-- START CF API RESPONSE: OK 200
---

--- 2025-12-24T07:12:42.652Z debug
HEADERS: omitted; set WRANGLER_LOG_SANITIZE=false to include sanitized data
---

--- 2025-12-24T07:12:42.652Z debug
RESPONSE: omitted; set WRANGLER_LOG_SANITIZE=false to include sanitized data
---

--- 2025-12-24T07:12:42.652Z debug
-- END CF API RESPONSE
---

--- 2025-12-24T07:12:42.664Z log
✨ Deployment complete! Take a peek over at https://8c2861f7.leafvault-notes.pages.dev
✨ Deployment alias URL: https://main.leafvault-notes.pages.dev
---

--- 2025-12-24T07:12:42.668Z debug
Metrics dispatcher: Posting data {"deviceId":"d39dff02-21f2-40cf-941a-454076f127d1","event":"create pages deployment","timestamp":1766560362668,"properties":{"category":"Workers","wranglerVersion":"4.53.0","os":"linux:x64"}}
---

--- 2025-12-24T07:12:42.695Z debug
Metrics dispatcher: Posting data {"deviceId":"d39dff02-21f2-40cf-941a-454076f127d1","event":"wrangler command completed","timestamp":1766560362695,"properties":{"amplitude_session_id":1766560351289,"amplitude_event_id":1,"wranglerVersion":"4.53.0","osPlatform":"Linux","osVersion":"#1 SMP PREEMPT_DYNAMIC Thu Jun  5 18:30:46 UTC 2025","nodeVersion":22,"packageManager":"npm","isFirstUsage":false,"configFileType":"none","isCI":false,"isPagesCI":false,"isWorkersCI":false,"isInteractive":true,"hasAssets":false,"argsUsed":[],"argsCombination":"","command":"wrangler pages deploy","args":{},"durationMs":11493,"durationSeconds":11.493,"durationMinutes":0.19155}}
---
