
--- 2025-12-06T03:11:02.654Z debug
🪵  Writing logs to "/home/hades/.config/.wrangler/logs/wrangler-2025-12-06_03-11-02_258.log"
---

--- 2025-12-06T03:11:02.654Z debug
Metrics dispatcher: Posting data {"deviceId":"d39dff02-21f2-40cf-941a-454076f127d1","event":"wrangler command started","timestamp":1764990662653,"properties":{"amplitude_session_id":1764990662644,"amplitude_event_id":0,"wranglerVersion":"3.114.15","osPlatform":"Linux","osVersion":"#1 SMP PREEMPT_DYNAMIC Thu Jun  5 18:30:46 UTC 2025","nodeVersion":22,"packageManager":"npm","isFirstUsage":false,"configFileType":"toml","isCI":false,"isPagesCI":false,"isWorkersCI":false,"isInteractive":true,"hasAssets":false,"argsUsed":[],"argsCombination":"","command":"wrangler whoami","args":{"xJsonConfig":true,"j":true}}}
---

--- 2025-12-06T03:11:02.699Z debug
.env file not found at ".env". Continuing... For more details, refer to https://developers.cloudflare.com/workers/wrangler/system-environment-variables/
---

--- 2025-12-06T03:11:02.810Z log

 ⛅️ wrangler 3.114.15 (update available 4.53.0)
---------------------------------------------------------

---

--- 2025-12-06T03:11:03.202Z warn
▲ [WARNING] The version of Wrangler you are using is now out-of-date.

  Please update to the latest version to prevent critical errors.
  Run `npm install --save-dev wrangler@4` to update to the latest version.
  After installation, run Wrangler with `npx wrangler`.


---

--- 2025-12-06T03:11:03.226Z log
Getting User settings...
---

--- 2025-12-06T03:11:03.233Z debug
-- START CF API REQUEST: GET https://api.cloudflare.com/client/v4/user
---

--- 2025-12-06T03:11:03.234Z debug
HEADERS: omitted; set WRANGLER_LOG_SANITIZE=false to include sanitized data
---

--- 2025-12-06T03:11:03.234Z debug
INIT: omitted; set WRANGLER_LOG_SANITIZE=false to include sanitized data
---

--- 2025-12-06T03:11:03.235Z debug
-- END CF API REQUEST
---

--- 2025-12-06T03:11:04.470Z debug
-- START CF API RESPONSE: OK 200
---

--- 2025-12-06T03:11:04.473Z debug
HEADERS: omitted; set WRANGLER_LOG_SANITIZE=false to include sanitized data
---

--- 2025-12-06T03:11:04.473Z debug
RESPONSE: omitted; set WRANGLER_LOG_SANITIZE=false to include sanitized data
---

--- 2025-12-06T03:11:04.473Z debug
-- END CF API RESPONSE
---

--- 2025-12-06T03:11:04.484Z debug
-- START CF API REQUEST: GET https://api.cloudflare.com/client/v4/accounts?page=1
---

--- 2025-12-06T03:11:04.485Z debug
HEADERS: omitted; set WRANGLER_LOG_SANITIZE=false to include sanitized data
---

--- 2025-12-06T03:11:04.485Z debug
INIT: omitted; set WRANGLER_LOG_SANITIZE=false to include sanitized data
---

--- 2025-12-06T03:11:04.485Z debug
-- END CF API REQUEST
---

--- 2025-12-06T03:11:05.546Z debug
-- START CF API RESPONSE: OK 200
---

--- 2025-12-06T03:11:05.546Z debug
HEADERS: omitted; set WRANGLER_LOG_SANITIZE=false to include sanitized data
---

--- 2025-12-06T03:11:05.546Z debug
RESPONSE: omitted; set WRANGLER_LOG_SANITIZE=false to include sanitized data
---

--- 2025-12-06T03:11:05.546Z debug
-- END CF API RESPONSE
---

--- 2025-12-06T03:11:05.548Z log
👋 You are logged in with an OAuth Token, associated with the email dwirxx@gmail.com.
---

--- 2025-12-06T03:11:05.574Z log
┌────────────────────────────┬──────────────────────────────────┐
│ Account Name               │ Account ID                       │
├────────────────────────────┼──────────────────────────────────┤
│ Dwirxx@gmail.com's Account │ f006ec5b85550c77e565a3f9f99a35c0 │
└────────────────────────────┴──────────────────────────────────┘
---

--- 2025-12-06T03:11:05.575Z log
🔓 Token Permissions:
---

--- 2025-12-06T03:11:05.577Z log
Scope (Access)
---

--- 2025-12-06T03:11:05.578Z log
- account (read)
---

--- 2025-12-06T03:11:05.579Z log
- user (read)
---

--- 2025-12-06T03:11:05.580Z log
- workers (write)
---

--- 2025-12-06T03:11:05.583Z log
- workers_kv (write)
---

--- 2025-12-06T03:11:05.583Z log
- workers_routes (write)
---

--- 2025-12-06T03:11:05.584Z log
- workers_scripts (write)
---

--- 2025-12-06T03:11:05.585Z log
- workers_tail (read)
---

--- 2025-12-06T03:11:05.585Z log
- d1 (write)
---

--- 2025-12-06T03:11:05.586Z log
- pages (write)
---

--- 2025-12-06T03:11:05.587Z log
- zone (read)
---

--- 2025-12-06T03:11:05.588Z log
- ssl_certs (write)
---

--- 2025-12-06T03:11:05.588Z log
- ai (write)
---

--- 2025-12-06T03:11:05.589Z log
- queues (write)
---

--- 2025-12-06T03:11:05.590Z log
- pipelines (write)
---

--- 2025-12-06T03:11:05.590Z log
- secrets_store (write)
---

--- 2025-12-06T03:11:05.591Z log
- containers (write)
---

--- 2025-12-06T03:11:05.593Z log
- cloudchamber (write)
---

--- 2025-12-06T03:11:05.594Z log
- connectivity (admin)
---

--- 2025-12-06T03:11:05.595Z log
- offline_access 
---

--- 2025-12-06T03:11:05.600Z debug
Metrics dispatcher: Posting data {"deviceId":"d39dff02-21f2-40cf-941a-454076f127d1","event":"view accounts","timestamp":1764990665600,"properties":{"category":"Workers","wranglerVersion":"3.114.15","os":"linux:x64"}}
---

--- 2025-12-06T03:11:05.633Z debug
Metrics dispatcher: Posting data {"deviceId":"d39dff02-21f2-40cf-941a-454076f127d1","event":"wrangler command completed","timestamp":1764990665613,"properties":{"amplitude_session_id":1764990662644,"amplitude_event_id":1,"wranglerVersion":"3.114.15","osPlatform":"Linux","osVersion":"#1 SMP PREEMPT_DYNAMIC Thu Jun  5 18:30:46 UTC 2025","nodeVersion":22,"packageManager":"npm","isFirstUsage":false,"configFileType":"toml","isCI":false,"isPagesCI":false,"isWorkersCI":false,"isInteractive":true,"hasAssets":false,"argsUsed":[],"argsCombination":"","command":"wrangler whoami","args":{"xJsonConfig":true,"j":true},"durationMs":3045,"durationSeconds":3.045,"durationMinutes":0.050749999999999997}}
---
