
--- 2026-01-02T05:42:15.049Z debug
🪵  Writing logs to "/home/hades/.config/.wrangler/logs/wrangler-2026-01-02_05-42-13_816.log"
---

--- 2026-01-02T05:42:15.048Z debug
Metrics dispatcher: Posting data {"deviceId":"d39dff02-21f2-40cf-941a-454076f127d1","event":"wrangler command started","timestamp":1767332535048,"properties":{"amplitude_session_id":1767332535043,"amplitude_event_id":0,"wranglerVersion":"4.53.0","osPlatform":"Linux","osVersion":"#1 SMP PREEMPT_DYNAMIC Thu Jun  5 18:30:46 UTC 2025","nodeVersion":22,"isFirstUsage":false,"configFileType":"toml","isCI":false,"isPagesCI":false,"isWorkersCI":false,"isInteractive":true,"hasAssets":false,"argsUsed":[],"argsCombination":"","command":"wrangler pages deploy","args":{}}}
---

--- 2026-01-02T05:42:15.085Z debug
.env file not found at "/home/hades/FUN/cloudflareProjet/passvault/.env.local". Continuing... For more details, refer to https://developers.cloudflare.com/workers/wrangler/system-environment-variables/
---

--- 2026-01-02T05:42:15.169Z log

 ⛅️ wrangler 4.53.0 (update available 4.54.0)
─────────────────────────────────────────────
---

--- 2026-01-02T05:42:15.245Z debug
Configuration file belonging to ⚡️ Pages ⚡️ project detected.
---

--- 2026-01-02T05:42:15.250Z debug
Retrieving cached values for account_id and project_name from node_modules/.cache/wrangler
---

--- 2026-01-02T05:42:15.254Z debug
-- START CF API REQUEST: GET https://api.cloudflare.com/client/v4/accounts/f006ec5b85550c77e565a3f9f99a35c0/pages/projects/passvault-frontend
---

--- 2026-01-02T05:42:15.254Z debug
QUERY STRING: omitted; set WRANGLER_LOG_SANITIZE=false to include sanitized data
---

--- 2026-01-02T05:42:15.256Z debug
HEADERS: omitted; set WRANGLER_LOG_SANITIZE=false to include sanitized data
---

--- 2026-01-02T05:42:15.256Z debug
INIT: omitted; set WRANGLER_LOG_SANITIZE=false to include sanitized data
---

--- 2026-01-02T05:42:15.256Z debug
-- END CF API REQUEST
---

--- 2026-01-02T05:42:16.883Z debug
-- START CF API RESPONSE: OK 200
---

--- 2026-01-02T05:42:16.885Z debug
HEADERS: omitted; set WRANGLER_LOG_SANITIZE=false to include sanitized data
---

--- 2026-01-02T05:42:16.885Z debug
RESPONSE: omitted; set WRANGLER_LOG_SANITIZE=false to include sanitized data
---

--- 2026-01-02T05:42:16.885Z debug
-- END CF API RESPONSE
---

--- 2026-01-02T05:42:17.009Z debug
-- START CF API REQUEST: GET https://api.cloudflare.com/client/v4/accounts/f006ec5b85550c77e565a3f9f99a35c0/pages/projects/passvault-frontend
---

--- 2026-01-02T05:42:17.009Z debug
QUERY STRING: omitted; set WRANGLER_LOG_SANITIZE=false to include sanitized data
---

--- 2026-01-02T05:42:17.010Z debug
HEADERS: omitted; set WRANGLER_LOG_SANITIZE=false to include sanitized data
---

--- 2026-01-02T05:42:17.010Z debug
INIT: omitted; set WRANGLER_LOG_SANITIZE=false to include sanitized data
---

--- 2026-01-02T05:42:17.010Z debug
-- END CF API REQUEST
---

--- 2026-01-02T05:42:18.449Z debug
-- START CF API RESPONSE: OK 200
---

--- 2026-01-02T05:42:18.450Z debug
HEADERS: omitted; set WRANGLER_LOG_SANITIZE=false to include sanitized data
---

--- 2026-01-02T05:42:18.450Z debug
RESPONSE: omitted; set WRANGLER_LOG_SANITIZE=false to include sanitized data
---

--- 2026-01-02T05:42:18.450Z debug
-- END CF API RESPONSE
---

--- 2026-01-02T05:42:18.454Z debug
Configuration file belonging to ⚡️ Pages ⚡️ project detected.
---

--- 2026-01-02T05:42:18.836Z log
✨ Compiled Worker successfully
---

--- 2026-01-02T05:42:18.897Z debug
-- START CF API REQUEST: GET https://api.cloudflare.com/client/v4/accounts/f006ec5b85550c77e565a3f9f99a35c0/pages/projects/passvault-frontend/upload-token
---

--- 2026-01-02T05:42:18.897Z debug
QUERY STRING: omitted; set WRANGLER_LOG_SANITIZE=false to include sanitized data
---

--- 2026-01-02T05:42:18.898Z debug
HEADERS: omitted; set WRANGLER_LOG_SANITIZE=false to include sanitized data
---

--- 2026-01-02T05:42:18.898Z debug
INIT: omitted; set WRANGLER_LOG_SANITIZE=false to include sanitized data
---

--- 2026-01-02T05:42:18.898Z debug
-- END CF API REQUEST
---

--- 2026-01-02T05:42:20.322Z debug
-- START CF API RESPONSE: OK 200
---

--- 2026-01-02T05:42:20.322Z debug
HEADERS: omitted; set WRANGLER_LOG_SANITIZE=false to include sanitized data
---

--- 2026-01-02T05:42:20.322Z debug
RESPONSE: omitted; set WRANGLER_LOG_SANITIZE=false to include sanitized data
---

--- 2026-01-02T05:42:20.322Z debug
-- END CF API RESPONSE
---

--- 2026-01-02T05:42:20.326Z debug
-- START CF API REQUEST: POST https://api.cloudflare.com/client/v4/pages/assets/check-missing
---

--- 2026-01-02T05:42:20.326Z debug
QUERY STRING: omitted; set WRANGLER_LOG_SANITIZE=false to include sanitized data
---

--- 2026-01-02T05:42:20.327Z debug
HEADERS: omitted; set WRANGLER_LOG_SANITIZE=false to include sanitized data
---

--- 2026-01-02T05:42:20.327Z debug
INIT: omitted; set WRANGLER_LOG_SANITIZE=false to include sanitized data
---

--- 2026-01-02T05:42:20.327Z debug
-- END CF API REQUEST
---

--- 2026-01-02T05:42:21.088Z debug
-- START CF API RESPONSE: OK 200
---

--- 2026-01-02T05:42:21.089Z debug
HEADERS: omitted; set WRANGLER_LOG_SANITIZE=false to include sanitized data
---

--- 2026-01-02T05:42:21.089Z debug
RESPONSE: omitted; set WRANGLER_LOG_SANITIZE=false to include sanitized data
---

--- 2026-01-02T05:42:21.089Z debug
-- END CF API RESPONSE
---

--- 2026-01-02T05:42:21.108Z debug
POST /pages/assets/upload
---

--- 2026-01-02T05:42:21.111Z debug
-- START CF API REQUEST: POST https://api.cloudflare.com/client/v4/pages/assets/upload
---

--- 2026-01-02T05:42:21.111Z debug
QUERY STRING: omitted; set WRANGLER_LOG_SANITIZE=false to include sanitized data
---

--- 2026-01-02T05:42:21.112Z debug
HEADERS: omitted; set WRANGLER_LOG_SANITIZE=false to include sanitized data
---

--- 2026-01-02T05:42:21.113Z debug
INIT: omitted; set WRANGLER_LOG_SANITIZE=false to include sanitized data
---

--- 2026-01-02T05:42:21.113Z debug
-- END CF API REQUEST
---

--- 2026-01-02T05:42:21.120Z debug
POST /pages/assets/upload
---

--- 2026-01-02T05:42:21.121Z debug
-- START CF API REQUEST: POST https://api.cloudflare.com/client/v4/pages/assets/upload
---

--- 2026-01-02T05:42:21.121Z debug
QUERY STRING: omitted; set WRANGLER_LOG_SANITIZE=false to include sanitized data
---

--- 2026-01-02T05:42:21.121Z debug
HEADERS: omitted; set WRANGLER_LOG_SANITIZE=false to include sanitized data
---

--- 2026-01-02T05:42:21.122Z debug
INIT: omitted; set WRANGLER_LOG_SANITIZE=false to include sanitized data
---

--- 2026-01-02T05:42:21.122Z debug
-- END CF API REQUEST
---

--- 2026-01-02T05:42:21.134Z debug
POST /pages/assets/upload
---

--- 2026-01-02T05:42:21.162Z debug
-- START CF API REQUEST: POST https://api.cloudflare.com/client/v4/pages/assets/upload
---

--- 2026-01-02T05:42:21.162Z debug
QUERY STRING: omitted; set WRANGLER_LOG_SANITIZE=false to include sanitized data
---

--- 2026-01-02T05:42:21.162Z debug
HEADERS: omitted; set WRANGLER_LOG_SANITIZE=false to include sanitized data
---

--- 2026-01-02T05:42:21.178Z debug
INIT: omitted; set WRANGLER_LOG_SANITIZE=false to include sanitized data
---

--- 2026-01-02T05:42:21.179Z debug
-- END CF API REQUEST
---

--- 2026-01-02T05:42:22.262Z debug
-- START CF API RESPONSE: OK 200
---

--- 2026-01-02T05:42:22.263Z debug
HEADERS: omitted; set WRANGLER_LOG_SANITIZE=false to include sanitized data
---

--- 2026-01-02T05:42:22.263Z debug
RESPONSE: omitted; set WRANGLER_LOG_SANITIZE=false to include sanitized data
---

--- 2026-01-02T05:42:22.263Z debug
-- END CF API RESPONSE
---

--- 2026-01-02T05:42:22.265Z debug
result: { successful_key_count: 2, unsuccessful_keys: [] }
---

--- 2026-01-02T05:42:22.567Z debug
-- START CF API RESPONSE: OK 200
---

--- 2026-01-02T05:42:22.568Z debug
HEADERS: omitted; set WRANGLER_LOG_SANITIZE=false to include sanitized data
---

--- 2026-01-02T05:42:22.568Z debug
RESPONSE: omitted; set WRANGLER_LOG_SANITIZE=false to include sanitized data
---

--- 2026-01-02T05:42:22.568Z debug
-- END CF API RESPONSE
---

--- 2026-01-02T05:42:22.568Z debug
result: { successful_key_count: 2, unsuccessful_keys: [] }
---

--- 2026-01-02T05:42:26.709Z debug
-- START CF API RESPONSE: OK 200
---

--- 2026-01-02T05:42:26.710Z debug
HEADERS: omitted; set WRANGLER_LOG_SANITIZE=false to include sanitized data
---

--- 2026-01-02T05:42:26.710Z debug
RESPONSE: omitted; set WRANGLER_LOG_SANITIZE=false to include sanitized data
---

--- 2026-01-02T05:42:26.710Z debug
-- END CF API RESPONSE
---

--- 2026-01-02T05:42:26.711Z debug
result: { successful_key_count: 2, unsuccessful_keys: [] }
---

--- 2026-01-02T05:42:26.712Z log
✨ Success! Uploaded 6 files (6.39 sec)

---

--- 2026-01-02T05:42:26.713Z debug
-- START CF API REQUEST: POST https://api.cloudflare.com/client/v4/pages/assets/upsert-hashes
---

--- 2026-01-02T05:42:26.713Z debug
QUERY STRING: omitted; set WRANGLER_LOG_SANITIZE=false to include sanitized data
---

--- 2026-01-02T05:42:26.713Z debug
HEADERS: omitted; set WRANGLER_LOG_SANITIZE=false to include sanitized data
---

--- 2026-01-02T05:42:26.713Z debug
INIT: omitted; set WRANGLER_LOG_SANITIZE=false to include sanitized data
---

--- 2026-01-02T05:42:26.713Z debug
-- END CF API REQUEST
---

--- 2026-01-02T05:42:27.393Z debug
-- START CF API RESPONSE: OK 200
---

--- 2026-01-02T05:42:27.394Z debug
HEADERS: omitted; set WRANGLER_LOG_SANITIZE=false to include sanitized data
---

--- 2026-01-02T05:42:27.394Z debug
RESPONSE: omitted; set WRANGLER_LOG_SANITIZE=false to include sanitized data
---

--- 2026-01-02T05:42:27.394Z debug
-- END CF API RESPONSE
---

--- 2026-01-02T05:42:27.397Z log
✨ Uploading _headers
---

--- 2026-01-02T05:42:27.398Z log
✨ Uploading _redirects
---

--- 2026-01-02T05:42:27.416Z log
✨ Uploading Functions bundle
---

--- 2026-01-02T05:42:27.417Z debug
-- START CF API REQUEST: POST https://api.cloudflare.com/client/v4/accounts/f006ec5b85550c77e565a3f9f99a35c0/pages/projects/passvault-frontend/deployments
---

--- 2026-01-02T05:42:27.417Z debug
QUERY STRING: omitted; set WRANGLER_LOG_SANITIZE=false to include sanitized data
---

--- 2026-01-02T05:42:27.417Z debug
HEADERS: omitted; set WRANGLER_LOG_SANITIZE=false to include sanitized data
---

--- 2026-01-02T05:42:27.417Z debug
INIT: omitted; set WRANGLER_LOG_SANITIZE=false to include sanitized data
---

--- 2026-01-02T05:42:27.426Z debug
BODY: omitted; set WRANGLER_LOG_SANITIZE=false to include sanitized data
---

--- 2026-01-02T05:42:27.426Z debug
-- END CF API REQUEST
---

--- 2026-01-02T05:42:29.663Z debug
-- START CF API RESPONSE: OK 200
---

--- 2026-01-02T05:42:29.664Z debug
HEADERS: omitted; set WRANGLER_LOG_SANITIZE=false to include sanitized data
---

--- 2026-01-02T05:42:29.664Z debug
RESPONSE: omitted; set WRANGLER_LOG_SANITIZE=false to include sanitized data
---

--- 2026-01-02T05:42:29.664Z debug
-- END CF API RESPONSE
---

--- 2026-01-02T05:42:29.666Z debug
Saving to cache: {"account_id":"f006ec5b85550c77e565a3f9f99a35c0","project_name":"passvault-frontend"}
---

--- 2026-01-02T05:42:29.667Z log
🌎 Deploying...
---

--- 2026-01-02T05:42:30.669Z debug
attempt #1: Attempting to fetch status for deployment with id "5ea1dd54-1196-4d8b-961c-1ddc55b42d89" ...
---

--- 2026-01-02T05:42:30.669Z debug
-- START CF API REQUEST: GET https://api.cloudflare.com/client/v4/accounts/f006ec5b85550c77e565a3f9f99a35c0/pages/projects/passvault-frontend/deployments/5ea1dd54-1196-4d8b-961c-1ddc55b42d89
---

--- 2026-01-02T05:42:30.670Z debug
QUERY STRING: omitted; set WRANGLER_LOG_SANITIZE=false to include sanitized data
---

--- 2026-01-02T05:42:30.670Z debug
HEADERS: omitted; set WRANGLER_LOG_SANITIZE=false to include sanitized data
---

--- 2026-01-02T05:42:30.670Z debug
INIT: omitted; set WRANGLER_LOG_SANITIZE=false to include sanitized data
---

--- 2026-01-02T05:42:30.670Z debug
-- END CF API REQUEST
---

--- 2026-01-02T05:42:32.285Z debug
-- START CF API RESPONSE: OK 200
---

--- 2026-01-02T05:42:32.286Z debug
HEADERS: omitted; set WRANGLER_LOG_SANITIZE=false to include sanitized data
---

--- 2026-01-02T05:42:32.286Z debug
RESPONSE: omitted; set WRANGLER_LOG_SANITIZE=false to include sanitized data
---

--- 2026-01-02T05:42:32.286Z debug
-- END CF API RESPONSE
---

--- 2026-01-02T05:42:32.288Z log
✨ Deployment complete! Take a peek over at https://5ea1dd54.passvault-frontend.pages.dev
---

--- 2026-01-02T05:42:32.290Z debug
Metrics dispatcher: Posting data {"deviceId":"d39dff02-21f2-40cf-941a-454076f127d1","event":"create pages deployment","timestamp":1767332552290,"properties":{"category":"Workers","wranglerVersion":"4.53.0","os":"linux:x64"}}
---

--- 2026-01-02T05:42:32.303Z debug
Metrics dispatcher: Posting data {"deviceId":"d39dff02-21f2-40cf-941a-454076f127d1","event":"wrangler command completed","timestamp":1767332552303,"properties":{"amplitude_session_id":1767332535043,"amplitude_event_id":1,"wranglerVersion":"4.53.0","osPlatform":"Linux","osVersion":"#1 SMP PREEMPT_DYNAMIC Thu Jun  5 18:30:46 UTC 2025","nodeVersion":22,"isFirstUsage":false,"configFileType":"toml","isCI":false,"isPagesCI":false,"isWorkersCI":false,"isInteractive":true,"hasAssets":false,"argsUsed":[],"argsCombination":"","command":"wrangler pages deploy","args":{},"durationMs":17404,"durationSeconds":17.404,"durationMinutes":0.29006666666666664}}
---
