
--- 2025-12-26T07:11:44.615Z debug
🪵  Writing logs to "/home/hades/.config/.wrangler/logs/wrangler-2025-12-26_07-11-43_831.log"
---

--- 2025-12-26T07:11:44.615Z debug
Metrics dispatcher: Posting data {"deviceId":"d39dff02-21f2-40cf-941a-454076f127d1","event":"wrangler command started","timestamp":1766733104614,"properties":{"amplitude_session_id":1766733104607,"amplitude_event_id":0,"wranglerVersion":"4.53.0","osPlatform":"Linux","osVersion":"#1 SMP PREEMPT_DYNAMIC Thu Jun  5 18:30:46 UTC 2025","nodeVersion":22,"packageManager":"npm","isFirstUsage":false,"configFileType":"none","isCI":false,"isPagesCI":false,"isWorkersCI":false,"isInteractive":true,"hasAssets":false,"argsUsed":[],"argsCombination":"","command":"wrangler pages deploy","args":{}}}
---

--- 2025-12-26T07:11:44.659Z debug
.env file not found at "/home/hades/FUN/tempmail/vaultnotes-beta/.env.local". Continuing... For more details, refer to https://developers.cloudflare.com/workers/wrangler/system-environment-variables/
---

--- 2025-12-26T07:11:44.741Z log

 ⛅️ wrangler 4.53.0 (update available 4.54.0)
─────────────────────────────────────────────
---

--- 2025-12-26T07:11:44.831Z debug
Retrieving cached values for account_id and project_name from node_modules/.cache/wrangler
---

--- 2025-12-26T07:11:44.835Z debug
-- START CF API REQUEST: GET https://api.cloudflare.com/client/v4/accounts/f006ec5b85550c77e565a3f9f99a35c0/pages/projects/leafvault-notes
---

--- 2025-12-26T07:11:44.835Z debug
QUERY STRING: omitted; set WRANGLER_LOG_SANITIZE=false to include sanitized data
---

--- 2025-12-26T07:11:44.837Z debug
HEADERS: omitted; set WRANGLER_LOG_SANITIZE=false to include sanitized data
---

--- 2025-12-26T07:11:44.837Z debug
INIT: omitted; set WRANGLER_LOG_SANITIZE=false to include sanitized data
---

--- 2025-12-26T07:11:44.837Z debug
-- END CF API REQUEST
---

--- 2025-12-26T07:11:46.772Z debug
-- START CF API RESPONSE: OK 200
---

--- 2025-12-26T07:11:46.774Z debug
HEADERS: omitted; set WRANGLER_LOG_SANITIZE=false to include sanitized data
---

--- 2025-12-26T07:11:46.774Z debug
RESPONSE: omitted; set WRANGLER_LOG_SANITIZE=false to include sanitized data
---

--- 2025-12-26T07:11:46.774Z debug
-- END CF API RESPONSE
---

--- 2025-12-26T07:11:46.875Z debug
-- START CF API REQUEST: GET https://api.cloudflare.com/client/v4/accounts/f006ec5b85550c77e565a3f9f99a35c0/pages/projects/leafvault-notes
---

--- 2025-12-26T07:11:46.875Z debug
QUERY STRING: omitted; set WRANGLER_LOG_SANITIZE=false to include sanitized data
---

--- 2025-12-26T07:11:46.876Z debug
HEADERS: omitted; set WRANGLER_LOG_SANITIZE=false to include sanitized data
---

--- 2025-12-26T07:11:46.876Z debug
INIT: omitted; set WRANGLER_LOG_SANITIZE=false to include sanitized data
---

--- 2025-12-26T07:11:46.877Z debug
-- END CF API REQUEST
---

--- 2025-12-26T07:11:48.403Z debug
-- START CF API RESPONSE: OK 200
---

--- 2025-12-26T07:11:48.404Z debug
HEADERS: omitted; set WRANGLER_LOG_SANITIZE=false to include sanitized data
---

--- 2025-12-26T07:11:48.404Z debug
RESPONSE: omitted; set WRANGLER_LOG_SANITIZE=false to include sanitized data
---

--- 2025-12-26T07:11:48.404Z debug
-- END CF API RESPONSE
---

--- 2025-12-26T07:11:48.519Z debug
-- START CF API REQUEST: GET https://api.cloudflare.com/client/v4/accounts/f006ec5b85550c77e565a3f9f99a35c0/pages/projects/leafvault-notes/upload-token
---

--- 2025-12-26T07:11:48.519Z debug
QUERY STRING: omitted; set WRANGLER_LOG_SANITIZE=false to include sanitized data
---

--- 2025-12-26T07:11:48.519Z debug
HEADERS: omitted; set WRANGLER_LOG_SANITIZE=false to include sanitized data
---

--- 2025-12-26T07:11:48.519Z debug
INIT: omitted; set WRANGLER_LOG_SANITIZE=false to include sanitized data
---

--- 2025-12-26T07:11:48.520Z debug
-- END CF API REQUEST
---

--- 2025-12-26T07:11:50.022Z debug
-- START CF API RESPONSE: OK 200
---

--- 2025-12-26T07:11:50.023Z debug
HEADERS: omitted; set WRANGLER_LOG_SANITIZE=false to include sanitized data
---

--- 2025-12-26T07:11:50.023Z debug
RESPONSE: omitted; set WRANGLER_LOG_SANITIZE=false to include sanitized data
---

--- 2025-12-26T07:11:50.023Z debug
-- END CF API RESPONSE
---

--- 2025-12-26T07:11:50.025Z debug
-- START CF API REQUEST: POST https://api.cloudflare.com/client/v4/pages/assets/check-missing
---

--- 2025-12-26T07:11:50.025Z debug
QUERY STRING: omitted; set WRANGLER_LOG_SANITIZE=false to include sanitized data
---

--- 2025-12-26T07:11:50.025Z debug
HEADERS: omitted; set WRANGLER_LOG_SANITIZE=false to include sanitized data
---

--- 2025-12-26T07:11:50.025Z debug
INIT: omitted; set WRANGLER_LOG_SANITIZE=false to include sanitized data
---

--- 2025-12-26T07:11:50.025Z debug
-- END CF API REQUEST
---

--- 2025-12-26T07:11:50.388Z debug
-- START CF API RESPONSE: OK 200
---

--- 2025-12-26T07:11:50.389Z debug
HEADERS: omitted; set WRANGLER_LOG_SANITIZE=false to include sanitized data
---

--- 2025-12-26T07:11:50.389Z debug
RESPONSE: omitted; set WRANGLER_LOG_SANITIZE=false to include sanitized data
---

--- 2025-12-26T07:11:50.389Z debug
-- END CF API RESPONSE
---

--- 2025-12-26T07:11:50.404Z debug
POST /pages/assets/upload
---

--- 2025-12-26T07:11:50.404Z debug
-- START CF API REQUEST: POST https://api.cloudflare.com/client/v4/pages/assets/upload
---

--- 2025-12-26T07:11:50.405Z debug
QUERY STRING: omitted; set WRANGLER_LOG_SANITIZE=false to include sanitized data
---

--- 2025-12-26T07:11:50.405Z debug
HEADERS: omitted; set WRANGLER_LOG_SANITIZE=false to include sanitized data
---

--- 2025-12-26T07:11:50.405Z debug
INIT: omitted; set WRANGLER_LOG_SANITIZE=false to include sanitized data
---

--- 2025-12-26T07:11:50.405Z debug
-- END CF API REQUEST
---

--- 2025-12-26T07:11:50.421Z debug
POST /pages/assets/upload
---

--- 2025-12-26T07:11:50.451Z debug
-- START CF API REQUEST: POST https://api.cloudflare.com/client/v4/pages/assets/upload
---

--- 2025-12-26T07:11:50.451Z debug
QUERY STRING: omitted; set WRANGLER_LOG_SANITIZE=false to include sanitized data
---

--- 2025-12-26T07:11:50.452Z debug
HEADERS: omitted; set WRANGLER_LOG_SANITIZE=false to include sanitized data
---

--- 2025-12-26T07:11:50.468Z debug
INIT: omitted; set WRANGLER_LOG_SANITIZE=false to include sanitized data
---

--- 2025-12-26T07:11:50.469Z debug
-- END CF API REQUEST
---

--- 2025-12-26T07:11:51.125Z debug
-- START CF API RESPONSE: OK 200
---

--- 2025-12-26T07:11:51.125Z debug
HEADERS: omitted; set WRANGLER_LOG_SANITIZE=false to include sanitized data
---

--- 2025-12-26T07:11:51.125Z debug
RESPONSE: omitted; set WRANGLER_LOG_SANITIZE=false to include sanitized data
---

--- 2025-12-26T07:11:51.125Z debug
-- END CF API RESPONSE
---

--- 2025-12-26T07:11:51.128Z debug
result: { successful_key_count: 1, unsuccessful_keys: [] }
---

--- 2025-12-26T07:11:59.357Z debug
-- START CF API RESPONSE: OK 200
---

--- 2025-12-26T07:11:59.358Z debug
HEADERS: omitted; set WRANGLER_LOG_SANITIZE=false to include sanitized data
---

--- 2025-12-26T07:11:59.358Z debug
RESPONSE: omitted; set WRANGLER_LOG_SANITIZE=false to include sanitized data
---

--- 2025-12-26T07:11:59.358Z debug
-- END CF API RESPONSE
---

--- 2025-12-26T07:11:59.359Z debug
result: { successful_key_count: 1, unsuccessful_keys: [] }
---

--- 2025-12-26T07:11:59.361Z log
✨ Success! Uploaded 2 files (37 already uploaded) (9.34 sec)

---

--- 2025-12-26T07:11:59.369Z debug
-- START CF API REQUEST: POST https://api.cloudflare.com/client/v4/pages/assets/upsert-hashes
---

--- 2025-12-26T07:11:59.369Z debug
QUERY STRING: omitted; set WRANGLER_LOG_SANITIZE=false to include sanitized data
---

--- 2025-12-26T07:11:59.369Z debug
HEADERS: omitted; set WRANGLER_LOG_SANITIZE=false to include sanitized data
---

--- 2025-12-26T07:11:59.369Z debug
INIT: omitted; set WRANGLER_LOG_SANITIZE=false to include sanitized data
---

--- 2025-12-26T07:11:59.370Z debug
-- END CF API REQUEST
---

--- 2025-12-26T07:11:59.921Z debug
-- START CF API RESPONSE: OK 200
---

--- 2025-12-26T07:11:59.922Z debug
HEADERS: omitted; set WRANGLER_LOG_SANITIZE=false to include sanitized data
---

--- 2025-12-26T07:11:59.922Z debug
RESPONSE: omitted; set WRANGLER_LOG_SANITIZE=false to include sanitized data
---

--- 2025-12-26T07:11:59.922Z debug
-- END CF API RESPONSE
---

--- 2025-12-26T07:11:59.933Z log
✨ Uploading _headers
---

--- 2025-12-26T07:11:59.934Z log
✨ Uploading _redirects
---

--- 2025-12-26T07:11:59.936Z debug
-- START CF API REQUEST: POST https://api.cloudflare.com/client/v4/accounts/f006ec5b85550c77e565a3f9f99a35c0/pages/projects/leafvault-notes/deployments
---

--- 2025-12-26T07:11:59.936Z debug
QUERY STRING: omitted; set WRANGLER_LOG_SANITIZE=false to include sanitized data
---

--- 2025-12-26T07:11:59.936Z debug
HEADERS: omitted; set WRANGLER_LOG_SANITIZE=false to include sanitized data
---

--- 2025-12-26T07:11:59.936Z debug
INIT: omitted; set WRANGLER_LOG_SANITIZE=false to include sanitized data
---

--- 2025-12-26T07:11:59.956Z debug
BODY: omitted; set WRANGLER_LOG_SANITIZE=false to include sanitized data
---

--- 2025-12-26T07:11:59.956Z debug
-- END CF API REQUEST
---

--- 2025-12-26T07:12:02.112Z debug
-- START CF API RESPONSE: OK 200
---

--- 2025-12-26T07:12:02.113Z debug
HEADERS: omitted; set WRANGLER_LOG_SANITIZE=false to include sanitized data
---

--- 2025-12-26T07:12:02.113Z debug
RESPONSE: omitted; set WRANGLER_LOG_SANITIZE=false to include sanitized data
---

--- 2025-12-26T07:12:02.113Z debug
-- END CF API RESPONSE
---

--- 2025-12-26T07:12:02.116Z debug
Saving to cache: {"account_id":"f006ec5b85550c77e565a3f9f99a35c0","project_name":"leafvault-notes"}
---

--- 2025-12-26T07:12:02.117Z log
🌎 Deploying...
---

--- 2025-12-26T07:12:03.120Z debug
attempt #1: Attempting to fetch status for deployment with id "f5b2b871-9244-456d-bef5-758e65b83940" ...
---

--- 2025-12-26T07:12:03.121Z debug
-- START CF API REQUEST: GET https://api.cloudflare.com/client/v4/accounts/f006ec5b85550c77e565a3f9f99a35c0/pages/projects/leafvault-notes/deployments/f5b2b871-9244-456d-bef5-758e65b83940
---

--- 2025-12-26T07:12:03.121Z debug
QUERY STRING: omitted; set WRANGLER_LOG_SANITIZE=false to include sanitized data
---

--- 2025-12-26T07:12:03.121Z debug
HEADERS: omitted; set WRANGLER_LOG_SANITIZE=false to include sanitized data
---

--- 2025-12-26T07:12:03.121Z debug
INIT: omitted; set WRANGLER_LOG_SANITIZE=false to include sanitized data
---

--- 2025-12-26T07:12:03.121Z debug
-- END CF API REQUEST
---

--- 2025-12-26T07:12:04.783Z debug
-- START CF API RESPONSE: OK 200
---

--- 2025-12-26T07:12:04.784Z debug
HEADERS: omitted; set WRANGLER_LOG_SANITIZE=false to include sanitized data
---

--- 2025-12-26T07:12:04.784Z debug
RESPONSE: omitted; set WRANGLER_LOG_SANITIZE=false to include sanitized data
---

--- 2025-12-26T07:12:04.784Z debug
-- END CF API RESPONSE
---

--- 2025-12-26T07:12:04.788Z log
✨ Deployment complete! Take a peek over at https://f5b2b871.leafvault-notes.pages.dev
---

--- 2025-12-26T07:12:04.791Z debug
Metrics dispatcher: Posting data {"deviceId":"d39dff02-21f2-40cf-941a-454076f127d1","event":"create pages deployment","timestamp":1766733124791,"properties":{"category":"Workers","wranglerVersion":"4.53.0","os":"linux:x64"}}
---

--- 2025-12-26T07:12:04.801Z debug
Metrics dispatcher: Posting data {"deviceId":"d39dff02-21f2-40cf-941a-454076f127d1","event":"wrangler command completed","timestamp":1766733124801,"properties":{"amplitude_session_id":1766733104607,"amplitude_event_id":1,"wranglerVersion":"4.53.0","osPlatform":"Linux","osVersion":"#1 SMP PREEMPT_DYNAMIC Thu Jun  5 18:30:46 UTC 2025","nodeVersion":22,"packageManager":"npm","isFirstUsage":false,"configFileType":"none","isCI":false,"isPagesCI":false,"isWorkersCI":false,"isInteractive":true,"hasAssets":false,"argsUsed":[],"argsCombination":"","command":"wrangler pages deploy","args":{},"durationMs":20310,"durationSeconds":20.31,"durationMinutes":0.33849999999999997}}
---
