
--- 2025-12-25T17:11:33.138Z debug
🪵  Writing logs to "/home/hades/.config/.wrangler/logs/wrangler-2025-12-25_17-11-32_541.log"
---

--- 2025-12-25T17:11:33.138Z debug
Metrics dispatcher: Posting data {"deviceId":"d39dff02-21f2-40cf-941a-454076f127d1","event":"wrangler command started","timestamp":1766682693138,"properties":{"amplitude_session_id":1766682693134,"amplitude_event_id":0,"wranglerVersion":"4.53.0","osPlatform":"Linux","osVersion":"#1 SMP PREEMPT_DYNAMIC Thu Jun  5 18:30:46 UTC 2025","nodeVersion":22,"isFirstUsage":false,"configFileType":"none","isCI":false,"isPagesCI":false,"isWorkersCI":false,"isInteractive":true,"hasAssets":false,"argsUsed":["remote"],"argsCombination":"remote","command":"wrangler d1 execute","args":{}}}
---

--- 2025-12-25T17:11:33.166Z debug
.env file not found at "/home/hades/FUN/tempmail/lexa_tempmail/worker/.env". Continuing... For more details, refer to https://developers.cloudflare.com/workers/wrangler/system-environment-variables/
---

--- 2025-12-25T17:11:33.167Z debug
.env file not found at "/home/hades/FUN/tempmail/lexa_tempmail/worker/.env.local". Continuing... For more details, refer to https://developers.cloudflare.com/workers/wrangler/system-environment-variables/
---

--- 2025-12-25T17:11:33.221Z log

 ⛅️ wrangler 4.53.0 (update available 4.54.0)
─────────────────────────────────────────────
---

--- 2025-12-25T17:11:33.224Z log
Resource location: remote 

---

--- 2025-12-25T17:11:35.987Z debug
No folder available to cache configuration
---

--- 2025-12-25T17:11:35.989Z debug
-- START CF API REQUEST: GET https://api.cloudflare.com/client/v4/memberships
---

--- 2025-12-25T17:11:35.990Z debug
QUERY STRING: omitted; set WRANGLER_LOG_SANITIZE=false to include sanitized data
---

--- 2025-12-25T17:11:35.991Z debug
HEADERS: omitted; set WRANGLER_LOG_SANITIZE=false to include sanitized data
---

--- 2025-12-25T17:11:35.991Z debug
INIT: omitted; set WRANGLER_LOG_SANITIZE=false to include sanitized data
---

--- 2025-12-25T17:11:35.991Z debug
-- END CF API REQUEST
---

--- 2025-12-25T17:11:37.692Z debug
-- START CF API RESPONSE: OK 200
---

--- 2025-12-25T17:11:37.700Z debug
HEADERS: omitted; set WRANGLER_LOG_SANITIZE=false to include sanitized data
---

--- 2025-12-25T17:11:37.700Z debug
RESPONSE: omitted; set WRANGLER_LOG_SANITIZE=false to include sanitized data
---

--- 2025-12-25T17:11:37.700Z debug
-- END CF API RESPONSE
---

--- 2025-12-25T17:11:37.717Z debug
-- START CF API REQUEST: GET https://api.cloudflare.com/client/v4/accounts/f006ec5b85550c77e565a3f9f99a35c0/d1/database
---

--- 2025-12-25T17:11:37.717Z debug
QUERY STRING: omitted; set WRANGLER_LOG_SANITIZE=false to include sanitized data
---

--- 2025-12-25T17:11:37.718Z debug
HEADERS: omitted; set WRANGLER_LOG_SANITIZE=false to include sanitized data
---

--- 2025-12-25T17:11:37.718Z debug
INIT: omitted; set WRANGLER_LOG_SANITIZE=false to include sanitized data
---

--- 2025-12-25T17:11:37.718Z debug
-- END CF API REQUEST
---

--- 2025-12-25T17:11:38.202Z debug
-- START CF API RESPONSE: OK 200
---

--- 2025-12-25T17:11:38.203Z debug
HEADERS: omitted; set WRANGLER_LOG_SANITIZE=false to include sanitized data
---

--- 2025-12-25T17:11:38.203Z debug
RESPONSE: omitted; set WRANGLER_LOG_SANITIZE=false to include sanitized data
---

--- 2025-12-25T17:11:38.203Z debug
-- END CF API RESPONSE
---

--- 2025-12-25T17:11:38.204Z log
🌀 Executing on remote database lexa-tempmail-dev (dbfa8829-0c75-414c-9f2d-05d71d4ad053):
---

--- 2025-12-25T17:11:38.205Z log
🌀 To execute on your local development database, remove the --remote flag from your wrangler command.
---

--- 2025-12-25T17:11:38.217Z log
Note: if the execution fails to complete, your DB will return to its original state and you can safely retry.
---

--- 2025-12-25T17:11:38.221Z debug
-- START CF API REQUEST: POST https://api.cloudflare.com/client/v4/accounts/f006ec5b85550c77e565a3f9f99a35c0/d1/database/dbfa8829-0c75-414c-9f2d-05d71d4ad053/import
---

--- 2025-12-25T17:11:38.221Z debug
QUERY STRING: omitted; set WRANGLER_LOG_SANITIZE=false to include sanitized data
---

--- 2025-12-25T17:11:38.221Z debug
HEADERS: omitted; set WRANGLER_LOG_SANITIZE=false to include sanitized data
---

--- 2025-12-25T17:11:38.221Z debug
INIT: omitted; set WRANGLER_LOG_SANITIZE=false to include sanitized data
---

--- 2025-12-25T17:11:38.221Z debug
-- END CF API REQUEST
---

--- 2025-12-25T17:11:38.990Z debug
-- START CF API RESPONSE: OK 200
---

--- 2025-12-25T17:11:38.991Z debug
HEADERS: omitted; set WRANGLER_LOG_SANITIZE=false to include sanitized data
---

--- 2025-12-25T17:11:38.991Z debug
RESPONSE: omitted; set WRANGLER_LOG_SANITIZE=false to include sanitized data
---

--- 2025-12-25T17:11:38.991Z debug
-- END CF API RESPONSE
---

--- 2025-12-25T17:11:39.985Z debug
-- START CF API REQUEST: POST https://api.cloudflare.com/client/v4/accounts/f006ec5b85550c77e565a3f9f99a35c0/d1/database/dbfa8829-0c75-414c-9f2d-05d71d4ad053/import
---

--- 2025-12-25T17:11:39.985Z debug
QUERY STRING: omitted; set WRANGLER_LOG_SANITIZE=false to include sanitized data
---

--- 2025-12-25T17:11:39.986Z debug
HEADERS: omitted; set WRANGLER_LOG_SANITIZE=false to include sanitized data
---

--- 2025-12-25T17:11:39.986Z debug
INIT: omitted; set WRANGLER_LOG_SANITIZE=false to include sanitized data
---

--- 2025-12-25T17:11:39.986Z debug
-- END CF API REQUEST
---

--- 2025-12-25T17:11:41.102Z debug
-- START CF API RESPONSE: OK 200
---

--- 2025-12-25T17:11:41.103Z debug
HEADERS: omitted; set WRANGLER_LOG_SANITIZE=false to include sanitized data
---

--- 2025-12-25T17:11:41.103Z debug
RESPONSE: omitted; set WRANGLER_LOG_SANITIZE=false to include sanitized data
---

--- 2025-12-25T17:11:41.103Z debug
-- END CF API RESPONSE
---

--- 2025-12-25T17:11:41.107Z log

---

--- 2025-12-25T17:11:41.382Z error
✘ [ERROR] no such table: mails: SQLITE_ERROR


---

--- 2025-12-25T17:11:41.384Z debug
Error: no such table: mails: SQLITE_ERROR
    at pollUntilComplete (/home/hades/.local/share/fnm/node-versions/v22.21.1/installation/lib/node_modules/wrangler/wrangler-dist/cli.js:165783:11)
    at executeRemotely (/home/hades/.local/share/fnm/node-versions/v22.21.1/installation/lib/node_modules/wrangler/wrangler-dist/cli.js:165695:33)
    at process.processTicksAndRejections (node:internal/process/task_queues:105:5)
    at async executeSql (/home/hades/.local/share/fnm/node-versions/v22.21.1/installation/lib/node_modules/wrangler/wrangler-dist/cli.js:165547:38)
    at async Object.handler (/home/hades/.local/share/fnm/node-versions/v22.21.1/installation/lib/node_modules/wrangler/wrangler-dist/cli.js:165961:28)
    at async Object.handler (/home/hades/.local/share/fnm/node-versions/v22.21.1/installation/lib/node_modules/wrangler/wrangler-dist/cli.js:165176:7)
---

--- 2025-12-25T17:11:41.387Z debug
Metrics dispatcher: Posting data {"deviceId":"d39dff02-21f2-40cf-941a-454076f127d1","event":"wrangler command errored","timestamp":1766682701387,"properties":{"amplitude_session_id":1766682693134,"amplitude_event_id":1,"wranglerVersion":"4.53.0","osPlatform":"Linux","osVersion":"#1 SMP PREEMPT_DYNAMIC Thu Jun  5 18:30:46 UTC 2025","nodeVersion":22,"isFirstUsage":false,"configFileType":"none","isCI":false,"isPagesCI":false,"isWorkersCI":false,"isInteractive":true,"hasAssets":false,"argsUsed":["remote"],"argsCombination":"remote","command":"wrangler d1 execute","args":{},"durationMs":8340,"durationSeconds":8.34,"durationMinutes":0.13899999999999998,"errorType":"UserError"}}
---
