
--- 2026-01-02T06:22:23.921Z debug
🪵  Writing logs to "/home/hades/.config/.wrangler/logs/wrangler-2026-01-02_06-22-23_057.log"
---

--- 2026-01-02T06:22:23.920Z debug
Metrics dispatcher: Posting data {"deviceId":"d39dff02-21f2-40cf-941a-454076f127d1","event":"wrangler command started","timestamp":1767334943920,"properties":{"amplitude_session_id":1767334943915,"amplitude_event_id":0,"wranglerVersion":"4.53.0","osPlatform":"Linux","osVersion":"#1 SMP PREEMPT_DYNAMIC Thu Jun  5 18:30:46 UTC 2025","nodeVersion":22,"packageManager":"npm","isFirstUsage":false,"configFileType":"toml","isCI":false,"isPagesCI":false,"isWorkersCI":false,"isInteractive":true,"hasAssets":false,"argsUsed":[],"argsCombination":"","command":"wrangler pages deploy","args":{}}}
---

--- 2026-01-02T06:22:23.955Z debug
.env file not found at "/home/hades/FUN/cloudflareProjet/passvault/.env.local". Continuing... For more details, refer to https://developers.cloudflare.com/workers/wrangler/system-environment-variables/
---

--- 2026-01-02T06:22:24.049Z log

 ⛅️ wrangler 4.53.0 (update available 4.54.0)
─────────────────────────────────────────────
---

--- 2026-01-02T06:22:24.149Z debug
Configuration file belonging to ⚡️ Pages ⚡️ project detected.
---

--- 2026-01-02T06:22:24.152Z debug
Retrieving cached values for account_id and project_name from node_modules/.cache/wrangler
---

--- 2026-01-02T06:22:24.155Z debug
-- START CF API REQUEST: GET https://api.cloudflare.com/client/v4/accounts/f006ec5b85550c77e565a3f9f99a35c0/pages/projects/passvault-frontend
---

--- 2026-01-02T06:22:24.155Z debug
QUERY STRING: omitted; set WRANGLER_LOG_SANITIZE=false to include sanitized data
---

--- 2026-01-02T06:22:24.157Z debug
HEADERS: omitted; set WRANGLER_LOG_SANITIZE=false to include sanitized data
---

--- 2026-01-02T06:22:24.157Z debug
INIT: omitted; set WRANGLER_LOG_SANITIZE=false to include sanitized data
---

--- 2026-01-02T06:22:24.157Z debug
-- END CF API REQUEST
---

--- 2026-01-02T06:22:25.871Z debug
-- START CF API RESPONSE: OK 200
---

--- 2026-01-02T06:22:25.872Z debug
HEADERS: omitted; set WRANGLER_LOG_SANITIZE=false to include sanitized data
---

--- 2026-01-02T06:22:25.872Z debug
RESPONSE: omitted; set WRANGLER_LOG_SANITIZE=false to include sanitized data
---

--- 2026-01-02T06:22:25.873Z debug
-- END CF API RESPONSE
---

--- 2026-01-02T06:22:26.221Z warn
▲ [WARNING] Warning: Your working directory is a git repo and has uncommitted changes

  To silence this warning, pass in --commit-dirty=true


---

--- 2026-01-02T06:22:26.225Z debug
-- START CF API REQUEST: GET https://api.cloudflare.com/client/v4/accounts/f006ec5b85550c77e565a3f9f99a35c0/pages/projects/passvault-frontend
---

--- 2026-01-02T06:22:26.225Z debug
QUERY STRING: omitted; set WRANGLER_LOG_SANITIZE=false to include sanitized data
---

--- 2026-01-02T06:22:26.225Z debug
HEADERS: omitted; set WRANGLER_LOG_SANITIZE=false to include sanitized data
---

--- 2026-01-02T06:22:26.226Z debug
INIT: omitted; set WRANGLER_LOG_SANITIZE=false to include sanitized data
---

--- 2026-01-02T06:22:26.226Z debug
-- END CF API REQUEST
---

--- 2026-01-02T06:22:27.824Z debug
-- START CF API RESPONSE: OK 200
---

--- 2026-01-02T06:22:27.825Z debug
HEADERS: omitted; set WRANGLER_LOG_SANITIZE=false to include sanitized data
---

--- 2026-01-02T06:22:27.825Z debug
RESPONSE: omitted; set WRANGLER_LOG_SANITIZE=false to include sanitized data
---

--- 2026-01-02T06:22:27.825Z debug
-- END CF API RESPONSE
---

--- 2026-01-02T06:22:27.831Z debug
Configuration file belonging to ⚡️ Pages ⚡️ project detected.
---

--- 2026-01-02T06:22:27.889Z debug
-- START CF API REQUEST: GET https://api.cloudflare.com/client/v4/accounts/f006ec5b85550c77e565a3f9f99a35c0/pages/projects/passvault-frontend/upload-token
---

--- 2026-01-02T06:22:27.889Z debug
QUERY STRING: omitted; set WRANGLER_LOG_SANITIZE=false to include sanitized data
---

--- 2026-01-02T06:22:27.889Z debug
HEADERS: omitted; set WRANGLER_LOG_SANITIZE=false to include sanitized data
---

--- 2026-01-02T06:22:27.889Z debug
INIT: omitted; set WRANGLER_LOG_SANITIZE=false to include sanitized data
---

--- 2026-01-02T06:22:27.889Z debug
-- END CF API REQUEST
---

--- 2026-01-02T06:22:29.363Z debug
-- START CF API RESPONSE: OK 200
---

--- 2026-01-02T06:22:29.364Z debug
HEADERS: omitted; set WRANGLER_LOG_SANITIZE=false to include sanitized data
---

--- 2026-01-02T06:22:29.364Z debug
RESPONSE: omitted; set WRANGLER_LOG_SANITIZE=false to include sanitized data
---

--- 2026-01-02T06:22:29.364Z debug
-- END CF API RESPONSE
---

--- 2026-01-02T06:22:29.366Z debug
-- START CF API REQUEST: POST https://api.cloudflare.com/client/v4/pages/assets/check-missing
---

--- 2026-01-02T06:22:29.366Z debug
QUERY STRING: omitted; set WRANGLER_LOG_SANITIZE=false to include sanitized data
---

--- 2026-01-02T06:22:29.367Z debug
HEADERS: omitted; set WRANGLER_LOG_SANITIZE=false to include sanitized data
---

--- 2026-01-02T06:22:29.367Z debug
INIT: omitted; set WRANGLER_LOG_SANITIZE=false to include sanitized data
---

--- 2026-01-02T06:22:29.368Z debug
-- END CF API REQUEST
---

--- 2026-01-02T06:22:29.671Z debug
-- START CF API RESPONSE: OK 200
---

--- 2026-01-02T06:22:29.672Z debug
HEADERS: omitted; set WRANGLER_LOG_SANITIZE=false to include sanitized data
---

--- 2026-01-02T06:22:29.672Z debug
RESPONSE: omitted; set WRANGLER_LOG_SANITIZE=false to include sanitized data
---

--- 2026-01-02T06:22:29.672Z debug
-- END CF API RESPONSE
---

--- 2026-01-02T06:22:29.695Z debug
POST /pages/assets/upload
---

--- 2026-01-02T06:22:29.696Z debug
-- START CF API REQUEST: POST https://api.cloudflare.com/client/v4/pages/assets/upload
---

--- 2026-01-02T06:22:29.696Z debug
QUERY STRING: omitted; set WRANGLER_LOG_SANITIZE=false to include sanitized data
---

--- 2026-01-02T06:22:29.697Z debug
HEADERS: omitted; set WRANGLER_LOG_SANITIZE=false to include sanitized data
---

--- 2026-01-02T06:22:29.697Z debug
INIT: omitted; set WRANGLER_LOG_SANITIZE=false to include sanitized data
---

--- 2026-01-02T06:22:29.697Z debug
-- END CF API REQUEST
---

--- 2026-01-02T06:22:29.707Z debug
POST /pages/assets/upload
---

--- 2026-01-02T06:22:29.742Z debug
-- START CF API REQUEST: POST https://api.cloudflare.com/client/v4/pages/assets/upload
---

--- 2026-01-02T06:22:29.743Z debug
QUERY STRING: omitted; set WRANGLER_LOG_SANITIZE=false to include sanitized data
---

--- 2026-01-02T06:22:29.743Z debug
HEADERS: omitted; set WRANGLER_LOG_SANITIZE=false to include sanitized data
---

--- 2026-01-02T06:22:29.789Z debug
INIT: omitted; set WRANGLER_LOG_SANITIZE=false to include sanitized data
---

--- 2026-01-02T06:22:29.789Z debug
-- END CF API REQUEST
---

--- 2026-01-02T06:22:30.418Z debug
-- START CF API RESPONSE: OK 200
---

--- 2026-01-02T06:22:30.429Z debug
HEADERS: omitted; set WRANGLER_LOG_SANITIZE=false to include sanitized data
---

--- 2026-01-02T06:22:30.429Z debug
RESPONSE: omitted; set WRANGLER_LOG_SANITIZE=false to include sanitized data
---

--- 2026-01-02T06:22:30.429Z debug
-- END CF API RESPONSE
---

--- 2026-01-02T06:22:30.430Z debug
result: { successful_key_count: 1, unsuccessful_keys: [] }
---

--- 2026-01-02T06:22:35.052Z debug
-- START CF API RESPONSE: OK 200
---

--- 2026-01-02T06:22:35.053Z debug
HEADERS: omitted; set WRANGLER_LOG_SANITIZE=false to include sanitized data
---

--- 2026-01-02T06:22:35.053Z debug
RESPONSE: omitted; set WRANGLER_LOG_SANITIZE=false to include sanitized data
---

--- 2026-01-02T06:22:35.053Z debug
-- END CF API RESPONSE
---

--- 2026-01-02T06:22:35.054Z debug
result: { successful_key_count: 1, unsuccessful_keys: [] }
---

--- 2026-01-02T06:22:35.055Z log
✨ Success! Uploaded 2 files (4 already uploaded) (5.69 sec)

---

--- 2026-01-02T06:22:35.056Z debug
-- START CF API REQUEST: POST https://api.cloudflare.com/client/v4/pages/assets/upsert-hashes
---

--- 2026-01-02T06:22:35.056Z debug
QUERY STRING: omitted; set WRANGLER_LOG_SANITIZE=false to include sanitized data
---

--- 2026-01-02T06:22:35.056Z debug
HEADERS: omitted; set WRANGLER_LOG_SANITIZE=false to include sanitized data
---

--- 2026-01-02T06:22:35.056Z debug
INIT: omitted; set WRANGLER_LOG_SANITIZE=false to include sanitized data
---

--- 2026-01-02T06:22:35.056Z debug
-- END CF API REQUEST
---

--- 2026-01-02T06:22:35.452Z debug
-- START CF API RESPONSE: OK 200
---

--- 2026-01-02T06:22:35.453Z debug
HEADERS: omitted; set WRANGLER_LOG_SANITIZE=false to include sanitized data
---

--- 2026-01-02T06:22:35.453Z debug
RESPONSE: omitted; set WRANGLER_LOG_SANITIZE=false to include sanitized data
---

--- 2026-01-02T06:22:35.453Z debug
-- END CF API RESPONSE
---

--- 2026-01-02T06:22:35.456Z log
✨ Uploading _headers
---

--- 2026-01-02T06:22:35.458Z log
✨ Uploading _redirects
---

--- 2026-01-02T06:22:35.470Z debug
-- START CF API REQUEST: POST https://api.cloudflare.com/client/v4/accounts/f006ec5b85550c77e565a3f9f99a35c0/pages/projects/passvault-frontend/deployments
---

--- 2026-01-02T06:22:35.471Z debug
QUERY STRING: omitted; set WRANGLER_LOG_SANITIZE=false to include sanitized data
---

--- 2026-01-02T06:22:35.471Z debug
HEADERS: omitted; set WRANGLER_LOG_SANITIZE=false to include sanitized data
---

--- 2026-01-02T06:22:35.471Z debug
INIT: omitted; set WRANGLER_LOG_SANITIZE=false to include sanitized data
---

--- 2026-01-02T06:22:35.488Z debug
BODY: omitted; set WRANGLER_LOG_SANITIZE=false to include sanitized data
---

--- 2026-01-02T06:22:35.488Z debug
-- END CF API REQUEST
---

--- 2026-01-02T06:22:37.730Z debug
-- START CF API RESPONSE: OK 200
---

--- 2026-01-02T06:22:37.734Z debug
HEADERS: omitted; set WRANGLER_LOG_SANITIZE=false to include sanitized data
---

--- 2026-01-02T06:22:37.734Z debug
RESPONSE: omitted; set WRANGLER_LOG_SANITIZE=false to include sanitized data
---

--- 2026-01-02T06:22:37.734Z debug
-- END CF API RESPONSE
---

--- 2026-01-02T06:22:37.740Z debug
Saving to cache: {"account_id":"f006ec5b85550c77e565a3f9f99a35c0","project_name":"passvault-frontend"}
---

--- 2026-01-02T06:22:37.741Z log
🌎 Deploying...
---

--- 2026-01-02T06:22:38.744Z debug
attempt #1: Attempting to fetch status for deployment with id "3d8e8e93-4978-469d-8b93-dcef5d79e523" ...
---

--- 2026-01-02T06:22:38.746Z debug
-- START CF API REQUEST: GET https://api.cloudflare.com/client/v4/accounts/f006ec5b85550c77e565a3f9f99a35c0/pages/projects/passvault-frontend/deployments/3d8e8e93-4978-469d-8b93-dcef5d79e523
---

--- 2026-01-02T06:22:38.746Z debug
QUERY STRING: omitted; set WRANGLER_LOG_SANITIZE=false to include sanitized data
---

--- 2026-01-02T06:22:38.746Z debug
HEADERS: omitted; set WRANGLER_LOG_SANITIZE=false to include sanitized data
---

--- 2026-01-02T06:22:38.746Z debug
INIT: omitted; set WRANGLER_LOG_SANITIZE=false to include sanitized data
---

--- 2026-01-02T06:22:38.746Z debug
-- END CF API REQUEST
---

--- 2026-01-02T06:22:40.481Z debug
-- START CF API RESPONSE: OK 200
---

--- 2026-01-02T06:22:40.482Z debug
HEADERS: omitted; set WRANGLER_LOG_SANITIZE=false to include sanitized data
---

--- 2026-01-02T06:22:40.482Z debug
RESPONSE: omitted; set WRANGLER_LOG_SANITIZE=false to include sanitized data
---

--- 2026-01-02T06:22:40.482Z debug
-- END CF API RESPONSE
---

--- 2026-01-02T06:22:40.485Z log
✨ Deployment complete! Take a peek over at https://3d8e8e93.passvault-frontend.pages.dev
---

--- 2026-01-02T06:22:40.487Z debug
Metrics dispatcher: Posting data {"deviceId":"d39dff02-21f2-40cf-941a-454076f127d1","event":"create pages deployment","timestamp":1767334960487,"properties":{"category":"Workers","wranglerVersion":"4.53.0","os":"linux:x64"}}
---

--- 2026-01-02T06:22:40.496Z debug
Metrics dispatcher: Posting data {"deviceId":"d39dff02-21f2-40cf-941a-454076f127d1","event":"wrangler command completed","timestamp":1767334960496,"properties":{"amplitude_session_id":1767334943915,"amplitude_event_id":1,"wranglerVersion":"4.53.0","osPlatform":"Linux","osVersion":"#1 SMP PREEMPT_DYNAMIC Thu Jun  5 18:30:46 UTC 2025","nodeVersion":22,"packageManager":"npm","isFirstUsage":false,"configFileType":"toml","isCI":false,"isPagesCI":false,"isWorkersCI":false,"isInteractive":true,"hasAssets":false,"argsUsed":[],"argsCombination":"","command":"wrangler pages deploy","args":{},"durationMs":16693,"durationSeconds":16.693,"durationMinutes":0.27821666666666667}}
---
