
--- 2026-01-02T06:02:30.538Z debug
🪵  Writing logs to "/home/hades/.config/.wrangler/logs/wrangler-2026-01-02_06-02-29_619.log"
---

--- 2026-01-02T06:02:30.538Z debug
Metrics dispatcher: Posting data {"deviceId":"d39dff02-21f2-40cf-941a-454076f127d1","event":"wrangler command started","timestamp":1767333750537,"properties":{"amplitude_session_id":1767333750530,"amplitude_event_id":0,"wranglerVersion":"4.53.0","osPlatform":"Linux","osVersion":"#1 SMP PREEMPT_DYNAMIC Thu Jun  5 18:30:46 UTC 2025","nodeVersion":22,"isFirstUsage":false,"configFileType":"toml","isCI":false,"isPagesCI":false,"isWorkersCI":false,"isInteractive":true,"hasAssets":false,"argsUsed":["remote"],"argsCombination":"remote","command":"wrangler d1 execute","args":{}}}
---

--- 2026-01-02T06:02:30.572Z debug
.env file not found at "/home/hades/FUN/cloudflareProjet/passvault/.env.local". Continuing... For more details, refer to https://developers.cloudflare.com/workers/wrangler/system-environment-variables/
---

--- 2026-01-02T06:02:30.661Z log

 ⛅️ wrangler 4.53.0 (update available 4.54.0)
─────────────────────────────────────────────
---

--- 2026-01-02T06:02:30.665Z log
Resource location: remote 

---

--- 2026-01-02T06:02:30.758Z debug
Retrieving cached values for account from node_modules/.cache/wrangler
---

--- 2026-01-02T06:02:30.763Z debug
-- START CF API REQUEST: GET https://api.cloudflare.com/client/v4/accounts/f006ec5b85550c77e565a3f9f99a35c0/d1/database
---

--- 2026-01-02T06:02:30.763Z debug
QUERY STRING: omitted; set WRANGLER_LOG_SANITIZE=false to include sanitized data
---

--- 2026-01-02T06:02:30.765Z debug
HEADERS: omitted; set WRANGLER_LOG_SANITIZE=false to include sanitized data
---

--- 2026-01-02T06:02:30.765Z debug
INIT: omitted; set WRANGLER_LOG_SANITIZE=false to include sanitized data
---

--- 2026-01-02T06:02:30.765Z debug
-- END CF API REQUEST
---

--- 2026-01-02T06:02:31.403Z debug
-- START CF API RESPONSE: OK 200
---

--- 2026-01-02T06:02:31.405Z debug
HEADERS: omitted; set WRANGLER_LOG_SANITIZE=false to include sanitized data
---

--- 2026-01-02T06:02:31.405Z debug
RESPONSE: omitted; set WRANGLER_LOG_SANITIZE=false to include sanitized data
---

--- 2026-01-02T06:02:31.405Z debug
-- END CF API RESPONSE
---

--- 2026-01-02T06:02:31.413Z log
🌀 Executing on remote database passvault-db (ed03d8fe-6a25-4682-9406-2f3410ebc417):
---

--- 2026-01-02T06:02:31.414Z log
🌀 To execute on your local development database, remove the --remote flag from your wrangler command.
---

--- 2026-01-02T06:02:31.416Z debug
-- START CF API REQUEST: POST https://api.cloudflare.com/client/v4/accounts/f006ec5b85550c77e565a3f9f99a35c0/d1/database/ed03d8fe-6a25-4682-9406-2f3410ebc417/query
---

--- 2026-01-02T06:02:31.416Z debug
QUERY STRING: omitted; set WRANGLER_LOG_SANITIZE=false to include sanitized data
---

--- 2026-01-02T06:02:31.416Z debug
HEADERS: omitted; set WRANGLER_LOG_SANITIZE=false to include sanitized data
---

--- 2026-01-02T06:02:31.416Z debug
INIT: omitted; set WRANGLER_LOG_SANITIZE=false to include sanitized data
---

--- 2026-01-02T06:02:31.416Z debug
-- END CF API REQUEST
---

--- 2026-01-02T06:02:31.751Z debug
-- START CF API RESPONSE: OK 200
---

--- 2026-01-02T06:02:31.752Z debug
HEADERS: omitted; set WRANGLER_LOG_SANITIZE=false to include sanitized data
---

--- 2026-01-02T06:02:31.752Z debug
RESPONSE: omitted; set WRANGLER_LOG_SANITIZE=false to include sanitized data
---

--- 2026-01-02T06:02:31.752Z debug
-- END CF API RESPONSE
---

--- 2026-01-02T06:02:31.753Z log
🚣 Executed 1 command in 0.20ms
---

--- 2026-01-02T06:02:31.779Z log
┌───────────┬──────────────────────┬─────────────┐
│ id        │ email                │ role        │
├───────────┼──────────────────────┼─────────────┤
│ admin-001 │ bangundwir@gmail.com │ super_admin │
└───────────┴──────────────────────┴─────────────┘
---

--- 2026-01-02T06:02:31.784Z debug
Metrics dispatcher: Posting data {"deviceId":"d39dff02-21f2-40cf-941a-454076f127d1","event":"wrangler command completed","timestamp":1767333751784,"properties":{"amplitude_session_id":1767333750530,"amplitude_event_id":1,"wranglerVersion":"4.53.0","osPlatform":"Linux","osVersion":"#1 SMP PREEMPT_DYNAMIC Thu Jun  5 18:30:46 UTC 2025","nodeVersion":22,"isFirstUsage":false,"configFileType":"toml","isCI":false,"isPagesCI":false,"isWorkersCI":false,"isInteractive":true,"hasAssets":false,"argsUsed":["remote"],"argsCombination":"remote","command":"wrangler d1 execute","args":{},"durationMs":1393,"durationSeconds":1.393,"durationMinutes":0.023216666666666667}}
---
