
--- 2025-12-26T06:41:40.649Z debug
🪵  Writing logs to "/home/hades/.config/.wrangler/logs/wrangler-2025-12-26_06-41-40_267.log"
---

--- 2025-12-26T06:41:40.649Z debug
Metrics dispatcher: Posting data {"deviceId":"d39dff02-21f2-40cf-941a-454076f127d1","event":"wrangler command started","timestamp":1766731300649,"properties":{"amplitude_session_id":1766731300643,"amplitude_event_id":0,"wranglerVersion":"3.114.16","osPlatform":"Linux","osVersion":"#1 SMP PREEMPT_DYNAMIC Thu Jun  5 18:30:46 UTC 2025","nodeVersion":22,"packageManager":"npm","isFirstUsage":false,"configFileType":"toml","isCI":false,"isPagesCI":false,"isWorkersCI":false,"isInteractive":true,"hasAssets":false,"argsUsed":["remote"],"argsCombination":"remote","command":"wrangler d1 execute","args":{}}}
---

--- 2025-12-26T06:41:40.680Z debug
.env file not found at ".env". Continuing... For more details, refer to https://developers.cloudflare.com/workers/wrangler/system-environment-variables/
---

--- 2025-12-26T06:41:40.762Z log

 ⛅️ wrangler 3.114.16 (update available 4.54.0)
---------------------------------------------------------

---

--- 2025-12-26T06:41:40.958Z warn
▲ [WARNING] The version of Wrangler you are using is now out-of-date.

  Please update to the latest version to prevent critical errors.
  Run `npm install --save-dev wrangler@4` to update to the latest version.
  After installation, run Wrangler with `npx wrangler`.


---

--- 2025-12-26T06:41:40.972Z debug
No experimental flag store instantiated
---

--- 2025-12-26T06:41:40.972Z debug
Attempted to use flag "RESOURCES_PROVISION" which has not been instantiated
---

--- 2025-12-26T06:41:48.424Z debug
Retrieving cached values for account from node_modules/.cache/wrangler
---

--- 2025-12-26T06:41:48.426Z log
🌀 Executing on remote database leafvault-db (3b15207f-68c2-49d0-998e-d8344047d796):
---

--- 2025-12-26T06:41:48.429Z log
🌀 To execute on your local development database, remove the --remote flag from your wrangler command.
---

--- 2025-12-26T06:41:48.445Z log
Note: if the execution fails to complete, your DB will return to its original state and you can safely retry.
---

--- 2025-12-26T06:41:48.448Z debug
-- START CF API REQUEST: POST https://api.cloudflare.com/client/v4/accounts/f006ec5b85550c77e565a3f9f99a35c0/d1/database/3b15207f-68c2-49d0-998e-d8344047d796/import
---

--- 2025-12-26T06:41:48.448Z debug
HEADERS: omitted; set WRANGLER_LOG_SANITIZE=false to include sanitized data
---

--- 2025-12-26T06:41:48.448Z debug
INIT: omitted; set WRANGLER_LOG_SANITIZE=false to include sanitized data
---

--- 2025-12-26T06:41:48.448Z debug
-- END CF API REQUEST
---

--- 2025-12-26T06:41:50.901Z debug
-- START CF API RESPONSE: OK 200
---

--- 2025-12-26T06:41:50.911Z debug
HEADERS: omitted; set WRANGLER_LOG_SANITIZE=false to include sanitized data
---

--- 2025-12-26T06:41:50.911Z debug
RESPONSE: omitted; set WRANGLER_LOG_SANITIZE=false to include sanitized data
---

--- 2025-12-26T06:41:50.911Z debug
-- END CF API RESPONSE
---

--- 2025-12-26T06:41:53.421Z debug
-- START CF API REQUEST: POST https://api.cloudflare.com/client/v4/accounts/f006ec5b85550c77e565a3f9f99a35c0/d1/database/3b15207f-68c2-49d0-998e-d8344047d796/import
---

--- 2025-12-26T06:41:53.421Z debug
HEADERS: omitted; set WRANGLER_LOG_SANITIZE=false to include sanitized data
---

--- 2025-12-26T06:41:53.421Z debug
INIT: omitted; set WRANGLER_LOG_SANITIZE=false to include sanitized data
---

--- 2025-12-26T06:41:53.421Z debug
-- END CF API REQUEST
---

--- 2025-12-26T06:41:54.388Z debug
-- START CF API RESPONSE: OK 200
---

--- 2025-12-26T06:41:54.388Z debug
HEADERS: omitted; set WRANGLER_LOG_SANITIZE=false to include sanitized data
---

--- 2025-12-26T06:41:54.388Z debug
RESPONSE: omitted; set WRANGLER_LOG_SANITIZE=false to include sanitized data
---

--- 2025-12-26T06:41:54.388Z debug
-- END CF API RESPONSE
---

--- 2025-12-26T06:41:54.390Z log
🌀 Starting import...
---

--- 2025-12-26T06:41:54.391Z log
🌀 Processed 2 queries.
---

--- 2025-12-26T06:41:54.391Z log
🚣 Executed 2 queries in 3.00ms (22 rows read, 1 rows written)
   Database is currently at bookmark 00000047-00000006-00004fe0-d252252cda592d51ebb11e108116b4cf.
---

--- 2025-12-26T06:41:54.414Z log
┌────────────────────────┬───────────┬──────────────┬────────────────────┐
│ Total queries executed │ Rows read │ Rows written │ Database size (MB) │
├────────────────────────┼───────────┼──────────────┼────────────────────┤
│ 2                      │ 22        │ 1            │ 0.10               │
└────────────────────────┴───────────┴──────────────┴────────────────────┘
---

--- 2025-12-26T06:41:54.418Z debug
Metrics dispatcher: Posting data {"deviceId":"d39dff02-21f2-40cf-941a-454076f127d1","event":"wrangler command completed","timestamp":1766731314418,"properties":{"amplitude_session_id":1766731300643,"amplitude_event_id":1,"wranglerVersion":"3.114.16","osPlatform":"Linux","osVersion":"#1 SMP PREEMPT_DYNAMIC Thu Jun  5 18:30:46 UTC 2025","nodeVersion":22,"packageManager":"npm","isFirstUsage":false,"configFileType":"toml","isCI":false,"isPagesCI":false,"isWorkersCI":false,"isInteractive":true,"hasAssets":false,"argsUsed":["remote"],"argsCombination":"remote","command":"wrangler d1 execute","args":{},"durationMs":13847,"durationSeconds":13.847,"durationMinutes":0.2307833333333333}}
---
