
--- 2025-12-24T08:49:01.585Z debug
🪵  Writing logs to "/home/hades/.config/.wrangler/logs/wrangler-2025-12-24_08-49-00_705.log"
---

--- 2025-12-24T08:49:01.585Z debug
Metrics dispatcher: Posting data {"deviceId":"d39dff02-21f2-40cf-941a-454076f127d1","event":"wrangler command started","timestamp":1766566141584,"properties":{"amplitude_session_id":1766566141579,"amplitude_event_id":0,"wranglerVersion":"4.53.0","osPlatform":"Linux","osVersion":"#1 SMP PREEMPT_DYNAMIC Thu Jun  5 18:30:46 UTC 2025","nodeVersion":22,"packageManager":"npm","isFirstUsage":false,"configFileType":"none","isCI":false,"isPagesCI":false,"isWorkersCI":false,"isInteractive":true,"hasAssets":false,"argsUsed":[],"argsCombination":"","command":"wrangler pages deploy","args":{}}}
---

--- 2025-12-24T08:49:01.619Z debug
.env file not found at "/home/hades/FUN/NotesProjeck/beta/vaultnotes/.env.local". Continuing... For more details, refer to https://developers.cloudflare.com/workers/wrangler/system-environment-variables/
---

--- 2025-12-24T08:49:01.699Z log

 ⛅️ wrangler 4.53.0 (update available 4.56.0)
─────────────────────────────────────────────
---

--- 2025-12-24T08:49:01.773Z debug
Retrieving cached values for account_id and project_name from node_modules/.cache/wrangler
---

--- 2025-12-24T08:49:01.781Z debug
-- START CF API REQUEST: GET https://api.cloudflare.com/client/v4/accounts/f006ec5b85550c77e565a3f9f99a35c0/pages/projects/leafvault-notes
---

--- 2025-12-24T08:49:01.782Z debug
QUERY STRING: omitted; set WRANGLER_LOG_SANITIZE=false to include sanitized data
---

--- 2025-12-24T08:49:01.784Z debug
HEADERS: omitted; set WRANGLER_LOG_SANITIZE=false to include sanitized data
---

--- 2025-12-24T08:49:01.784Z debug
INIT: omitted; set WRANGLER_LOG_SANITIZE=false to include sanitized data
---

--- 2025-12-24T08:49:01.785Z debug
-- END CF API REQUEST
---

--- 2025-12-24T08:49:03.733Z debug
-- START CF API RESPONSE: OK 200
---

--- 2025-12-24T08:49:03.736Z debug
HEADERS: omitted; set WRANGLER_LOG_SANITIZE=false to include sanitized data
---

--- 2025-12-24T08:49:03.736Z debug
RESPONSE: omitted; set WRANGLER_LOG_SANITIZE=false to include sanitized data
---

--- 2025-12-24T08:49:03.736Z debug
-- END CF API RESPONSE
---

--- 2025-12-24T08:49:03.855Z debug
-- START CF API REQUEST: GET https://api.cloudflare.com/client/v4/accounts/f006ec5b85550c77e565a3f9f99a35c0/pages/projects/leafvault-notes
---

--- 2025-12-24T08:49:03.855Z debug
QUERY STRING: omitted; set WRANGLER_LOG_SANITIZE=false to include sanitized data
---

--- 2025-12-24T08:49:03.856Z debug
HEADERS: omitted; set WRANGLER_LOG_SANITIZE=false to include sanitized data
---

--- 2025-12-24T08:49:03.856Z debug
INIT: omitted; set WRANGLER_LOG_SANITIZE=false to include sanitized data
---

--- 2025-12-24T08:49:03.856Z debug
-- END CF API REQUEST
---

--- 2025-12-24T08:49:05.669Z debug
-- START CF API RESPONSE: OK 200
---

--- 2025-12-24T08:49:05.670Z debug
HEADERS: omitted; set WRANGLER_LOG_SANITIZE=false to include sanitized data
---

--- 2025-12-24T08:49:05.670Z debug
RESPONSE: omitted; set WRANGLER_LOG_SANITIZE=false to include sanitized data
---

--- 2025-12-24T08:49:05.670Z debug
-- END CF API RESPONSE
---

--- 2025-12-24T08:49:05.775Z debug
-- START CF API REQUEST: GET https://api.cloudflare.com/client/v4/accounts/f006ec5b85550c77e565a3f9f99a35c0/pages/projects/leafvault-notes/upload-token
---

--- 2025-12-24T08:49:05.775Z debug
QUERY STRING: omitted; set WRANGLER_LOG_SANITIZE=false to include sanitized data
---

--- 2025-12-24T08:49:05.775Z debug
HEADERS: omitted; set WRANGLER_LOG_SANITIZE=false to include sanitized data
---

--- 2025-12-24T08:49:05.775Z debug
INIT: omitted; set WRANGLER_LOG_SANITIZE=false to include sanitized data
---

--- 2025-12-24T08:49:05.775Z debug
-- END CF API REQUEST
---

--- 2025-12-24T08:49:07.276Z debug
-- START CF API RESPONSE: OK 200
---

--- 2025-12-24T08:49:07.278Z debug
HEADERS: omitted; set WRANGLER_LOG_SANITIZE=false to include sanitized data
---

--- 2025-12-24T08:49:07.278Z debug
RESPONSE: omitted; set WRANGLER_LOG_SANITIZE=false to include sanitized data
---

--- 2025-12-24T08:49:07.278Z debug
-- END CF API RESPONSE
---

--- 2025-12-24T08:49:07.281Z debug
-- START CF API REQUEST: POST https://api.cloudflare.com/client/v4/pages/assets/check-missing
---

--- 2025-12-24T08:49:07.281Z debug
QUERY STRING: omitted; set WRANGLER_LOG_SANITIZE=false to include sanitized data
---

--- 2025-12-24T08:49:07.281Z debug
HEADERS: omitted; set WRANGLER_LOG_SANITIZE=false to include sanitized data
---

--- 2025-12-24T08:49:07.281Z debug
INIT: omitted; set WRANGLER_LOG_SANITIZE=false to include sanitized data
---

--- 2025-12-24T08:49:07.281Z debug
-- END CF API REQUEST
---

--- 2025-12-24T08:49:07.621Z debug
-- START CF API RESPONSE: OK 200
---

--- 2025-12-24T08:49:07.622Z debug
HEADERS: omitted; set WRANGLER_LOG_SANITIZE=false to include sanitized data
---

--- 2025-12-24T08:49:07.622Z debug
RESPONSE: omitted; set WRANGLER_LOG_SANITIZE=false to include sanitized data
---

--- 2025-12-24T08:49:07.622Z debug
-- END CF API RESPONSE
---

--- 2025-12-24T08:49:07.634Z debug
POST /pages/assets/upload
---

--- 2025-12-24T08:49:07.636Z debug
-- START CF API REQUEST: POST https://api.cloudflare.com/client/v4/pages/assets/upload
---

--- 2025-12-24T08:49:07.636Z debug
QUERY STRING: omitted; set WRANGLER_LOG_SANITIZE=false to include sanitized data
---

--- 2025-12-24T08:49:07.636Z debug
HEADERS: omitted; set WRANGLER_LOG_SANITIZE=false to include sanitized data
---

--- 2025-12-24T08:49:07.638Z debug
INIT: omitted; set WRANGLER_LOG_SANITIZE=false to include sanitized data
---

--- 2025-12-24T08:49:07.638Z debug
-- END CF API REQUEST
---

--- 2025-12-24T08:49:07.644Z debug
POST /pages/assets/upload
---

--- 2025-12-24T08:49:07.645Z debug
-- START CF API REQUEST: POST https://api.cloudflare.com/client/v4/pages/assets/upload
---

--- 2025-12-24T08:49:07.645Z debug
QUERY STRING: omitted; set WRANGLER_LOG_SANITIZE=false to include sanitized data
---

--- 2025-12-24T08:49:07.646Z debug
HEADERS: omitted; set WRANGLER_LOG_SANITIZE=false to include sanitized data
---

--- 2025-12-24T08:49:07.646Z debug
INIT: omitted; set WRANGLER_LOG_SANITIZE=false to include sanitized data
---

--- 2025-12-24T08:49:07.646Z debug
-- END CF API REQUEST
---

--- 2025-12-24T08:49:07.654Z debug
POST /pages/assets/upload
---

--- 2025-12-24T08:49:07.677Z debug
-- START CF API REQUEST: POST https://api.cloudflare.com/client/v4/pages/assets/upload
---

--- 2025-12-24T08:49:07.677Z debug
QUERY STRING: omitted; set WRANGLER_LOG_SANITIZE=false to include sanitized data
---

--- 2025-12-24T08:49:07.677Z debug
HEADERS: omitted; set WRANGLER_LOG_SANITIZE=false to include sanitized data
---

--- 2025-12-24T08:49:07.701Z debug
INIT: omitted; set WRANGLER_LOG_SANITIZE=false to include sanitized data
---

--- 2025-12-24T08:49:07.701Z debug
-- END CF API REQUEST
---

--- 2025-12-24T08:49:09.047Z debug
-- START CF API RESPONSE: OK 200
---

--- 2025-12-24T08:49:09.048Z debug
HEADERS: omitted; set WRANGLER_LOG_SANITIZE=false to include sanitized data
---

--- 2025-12-24T08:49:09.048Z debug
RESPONSE: omitted; set WRANGLER_LOG_SANITIZE=false to include sanitized data
---

--- 2025-12-24T08:49:09.048Z debug
-- END CF API RESPONSE
---

--- 2025-12-24T08:49:09.050Z debug
result: { successful_key_count: 1, unsuccessful_keys: [] }
---

--- 2025-12-24T08:49:09.437Z debug
-- START CF API RESPONSE: OK 200
---

--- 2025-12-24T08:49:09.438Z debug
HEADERS: omitted; set WRANGLER_LOG_SANITIZE=false to include sanitized data
---

--- 2025-12-24T08:49:09.438Z debug
RESPONSE: omitted; set WRANGLER_LOG_SANITIZE=false to include sanitized data
---

--- 2025-12-24T08:49:09.438Z debug
-- END CF API RESPONSE
---

--- 2025-12-24T08:49:09.438Z debug
result: { successful_key_count: 1, unsuccessful_keys: [] }
---

--- 2025-12-24T08:49:15.366Z debug
-- START CF API RESPONSE: OK 200
---

--- 2025-12-24T08:49:15.367Z debug
HEADERS: omitted; set WRANGLER_LOG_SANITIZE=false to include sanitized data
---

--- 2025-12-24T08:49:15.367Z debug
RESPONSE: omitted; set WRANGLER_LOG_SANITIZE=false to include sanitized data
---

--- 2025-12-24T08:49:15.367Z debug
-- END CF API RESPONSE
---

--- 2025-12-24T08:49:15.368Z debug
result: { successful_key_count: 1, unsuccessful_keys: [] }
---

--- 2025-12-24T08:49:15.369Z log
✨ Success! Uploaded 3 files (35 already uploaded) (8.09 sec)

---

--- 2025-12-24T08:49:15.373Z debug
-- START CF API REQUEST: POST https://api.cloudflare.com/client/v4/pages/assets/upsert-hashes
---

--- 2025-12-24T08:49:15.373Z debug
QUERY STRING: omitted; set WRANGLER_LOG_SANITIZE=false to include sanitized data
---

--- 2025-12-24T08:49:15.375Z debug
HEADERS: omitted; set WRANGLER_LOG_SANITIZE=false to include sanitized data
---

--- 2025-12-24T08:49:15.375Z debug
INIT: omitted; set WRANGLER_LOG_SANITIZE=false to include sanitized data
---

--- 2025-12-24T08:49:15.375Z debug
-- END CF API REQUEST
---

--- 2025-12-24T08:49:15.800Z debug
-- START CF API RESPONSE: OK 200
---

--- 2025-12-24T08:49:15.801Z debug
HEADERS: omitted; set WRANGLER_LOG_SANITIZE=false to include sanitized data
---

--- 2025-12-24T08:49:15.801Z debug
RESPONSE: omitted; set WRANGLER_LOG_SANITIZE=false to include sanitized data
---

--- 2025-12-24T08:49:15.801Z debug
-- END CF API RESPONSE
---

--- 2025-12-24T08:49:15.803Z log
✨ Uploading _headers
---

--- 2025-12-24T08:49:15.804Z log
✨ Uploading _redirects
---

--- 2025-12-24T08:49:15.805Z debug
-- START CF API REQUEST: POST https://api.cloudflare.com/client/v4/accounts/f006ec5b85550c77e565a3f9f99a35c0/pages/projects/leafvault-notes/deployments
---

--- 2025-12-24T08:49:15.805Z debug
QUERY STRING: omitted; set WRANGLER_LOG_SANITIZE=false to include sanitized data
---

--- 2025-12-24T08:49:15.805Z debug
HEADERS: omitted; set WRANGLER_LOG_SANITIZE=false to include sanitized data
---

--- 2025-12-24T08:49:15.805Z debug
INIT: omitted; set WRANGLER_LOG_SANITIZE=false to include sanitized data
---

--- 2025-12-24T08:49:15.813Z debug
BODY: omitted; set WRANGLER_LOG_SANITIZE=false to include sanitized data
---

--- 2025-12-24T08:49:15.813Z debug
-- END CF API REQUEST
---

--- 2025-12-24T08:49:17.986Z debug
-- START CF API RESPONSE: OK 200
---

--- 2025-12-24T08:49:17.986Z debug
HEADERS: omitted; set WRANGLER_LOG_SANITIZE=false to include sanitized data
---

--- 2025-12-24T08:49:17.986Z debug
RESPONSE: omitted; set WRANGLER_LOG_SANITIZE=false to include sanitized data
---

--- 2025-12-24T08:49:17.986Z debug
-- END CF API RESPONSE
---

--- 2025-12-24T08:49:17.988Z debug
Saving to cache: {"account_id":"f006ec5b85550c77e565a3f9f99a35c0","project_name":"leafvault-notes"}
---

--- 2025-12-24T08:49:17.989Z log
🌎 Deploying...
---

--- 2025-12-24T08:49:18.992Z debug
attempt #1: Attempting to fetch status for deployment with id "7513c68c-6cc8-4ded-9281-517f9a4a7c54" ...
---

--- 2025-12-24T08:49:18.993Z debug
-- START CF API REQUEST: GET https://api.cloudflare.com/client/v4/accounts/f006ec5b85550c77e565a3f9f99a35c0/pages/projects/leafvault-notes/deployments/7513c68c-6cc8-4ded-9281-517f9a4a7c54
---

--- 2025-12-24T08:49:18.993Z debug
QUERY STRING: omitted; set WRANGLER_LOG_SANITIZE=false to include sanitized data
---

--- 2025-12-24T08:49:18.993Z debug
HEADERS: omitted; set WRANGLER_LOG_SANITIZE=false to include sanitized data
---

--- 2025-12-24T08:49:18.993Z debug
INIT: omitted; set WRANGLER_LOG_SANITIZE=false to include sanitized data
---

--- 2025-12-24T08:49:18.993Z debug
-- END CF API REQUEST
---

--- 2025-12-24T08:49:20.940Z debug
-- START CF API RESPONSE: OK 200
---

--- 2025-12-24T08:49:20.941Z debug
HEADERS: omitted; set WRANGLER_LOG_SANITIZE=false to include sanitized data
---

--- 2025-12-24T08:49:20.941Z debug
RESPONSE: omitted; set WRANGLER_LOG_SANITIZE=false to include sanitized data
---

--- 2025-12-24T08:49:20.941Z debug
-- END CF API RESPONSE
---

--- 2025-12-24T08:49:20.946Z log
✨ Deployment complete! Take a peek over at https://7513c68c.leafvault-notes.pages.dev
---

--- 2025-12-24T08:49:20.947Z debug
Metrics dispatcher: Posting data {"deviceId":"d39dff02-21f2-40cf-941a-454076f127d1","event":"create pages deployment","timestamp":1766566160947,"properties":{"category":"Workers","wranglerVersion":"4.53.0","os":"linux:x64"}}
---

--- 2025-12-24T08:49:20.954Z debug
Metrics dispatcher: Posting data {"deviceId":"d39dff02-21f2-40cf-941a-454076f127d1","event":"wrangler command completed","timestamp":1766566160954,"properties":{"amplitude_session_id":1766566141579,"amplitude_event_id":1,"wranglerVersion":"4.53.0","osPlatform":"Linux","osVersion":"#1 SMP PREEMPT_DYNAMIC Thu Jun  5 18:30:46 UTC 2025","nodeVersion":22,"packageManager":"npm","isFirstUsage":false,"configFileType":"none","isCI":false,"isPagesCI":false,"isWorkersCI":false,"isInteractive":true,"hasAssets":false,"argsUsed":[],"argsCombination":"","command":"wrangler pages deploy","args":{},"durationMs":19505,"durationSeconds":19.505,"durationMinutes":0.32508333333333334}}
---
