
--- 2025-12-26T06:36:45.963Z debug
🪵  Writing logs to "/home/hades/.config/.wrangler/logs/wrangler-2025-12-26_06-36-45_603.log"
---

--- 2025-12-26T06:36:45.962Z debug
Metrics dispatcher: Posting data {"deviceId":"d39dff02-21f2-40cf-941a-454076f127d1","event":"wrangler command started","timestamp":1766731005962,"properties":{"amplitude_session_id":1766731005957,"amplitude_event_id":0,"wranglerVersion":"3.114.16","osPlatform":"Linux","osVersion":"#1 SMP PREEMPT_DYNAMIC Thu Jun  5 18:30:46 UTC 2025","nodeVersion":22,"packageManager":"npm","isFirstUsage":false,"configFileType":"toml","isCI":false,"isPagesCI":false,"isWorkersCI":false,"isInteractive":true,"hasAssets":false,"argsUsed":[],"argsCombination":"","command":"wrangler tail","args":{}}}
---

--- 2025-12-26T06:36:45.999Z debug
.env file not found at ".env". Continuing... For more details, refer to https://developers.cloudflare.com/workers/wrangler/system-environment-variables/
---

--- 2025-12-26T06:36:46.145Z log

 ⛅️ wrangler 3.114.16 (update available 4.54.0)
---------------------------------------------------------

---

--- 2025-12-26T06:36:46.431Z warn
▲ [WARNING] The version of Wrangler you are using is now out-of-date.

  Please update to the latest version to prevent critical errors.
  Run `npm install --save-dev wrangler@4` to update to the latest version.
  After installation, run Wrangler with `npx wrangler`.


---

--- 2025-12-26T06:36:46.433Z debug
Metrics dispatcher: Posting data {"deviceId":"d39dff02-21f2-40cf-941a-454076f127d1","event":"begin log stream","timestamp":1766731006433,"properties":{"category":"Workers","wranglerVersion":"3.114.16","os":"linux:x64"}}
---

--- 2025-12-26T06:36:46.440Z debug
Retrieving cached values for account from node_modules/.cache/wrangler
---

--- 2025-12-26T06:36:46.443Z debug
-- START CF API REQUEST: POST https://api.cloudflare.com/client/v4/accounts/f006ec5b85550c77e565a3f9f99a35c0/workers/scripts/leafvault-api/tails
---

--- 2025-12-26T06:36:46.443Z debug
HEADERS: omitted; set WRANGLER_LOG_SANITIZE=false to include sanitized data
---

--- 2025-12-26T06:36:46.444Z debug
INIT: omitted; set WRANGLER_LOG_SANITIZE=false to include sanitized data
---

--- 2025-12-26T06:36:46.444Z debug
-- END CF API REQUEST
---

--- 2025-12-26T06:36:48.678Z debug
-- START CF API RESPONSE: OK 200
---

--- 2025-12-26T06:36:48.680Z debug
HEADERS: omitted; set WRANGLER_LOG_SANITIZE=false to include sanitized data
---

--- 2025-12-26T06:36:48.680Z debug
RESPONSE: omitted; set WRANGLER_LOG_SANITIZE=false to include sanitized data
---

--- 2025-12-26T06:36:48.680Z debug
-- END CF API RESPONSE
---

--- 2025-12-26T06:36:48.697Z log
Successfully created tail, expires at 2025-12-26T12:36:47Z
---

--- 2025-12-26T06:36:49.404Z log
Connected to leafvault-api, waiting for logs...
---

--- 2025-12-26T06:36:49.409Z debug
Metrics dispatcher: Posting data {"deviceId":"d39dff02-21f2-40cf-941a-454076f127d1","event":"wrangler command completed","timestamp":1766731009409,"properties":{"amplitude_session_id":1766731005957,"amplitude_event_id":1,"wranglerVersion":"3.114.16","osPlatform":"Linux","osVersion":"#1 SMP PREEMPT_DYNAMIC Thu Jun  5 18:30:46 UTC 2025","nodeVersion":22,"packageManager":"npm","isFirstUsage":false,"configFileType":"toml","isCI":false,"isPagesCI":false,"isWorkersCI":false,"isInteractive":true,"hasAssets":false,"argsUsed":[],"argsCombination":"","command":"wrangler tail","args":{},"durationMs":3530,"durationSeconds":3.53,"durationMinutes":0.05883333333333333}}
---
