
--- 2025-12-26T09:45:36.688Z debug
🪵  Writing logs to "/home/hades/.config/.wrangler/logs/wrangler-2025-12-26_09-45-35_825.log"
---

--- 2025-12-26T09:45:36.688Z debug
Metrics dispatcher: Posting data {"deviceId":"d39dff02-21f2-40cf-941a-454076f127d1","event":"wrangler command started","timestamp":1766742336687,"properties":{"amplitude_session_id":1766742336671,"amplitude_event_id":0,"wranglerVersion":"3.114.16","osPlatform":"Linux","osVersion":"#1 SMP PREEMPT_DYNAMIC Thu Jun  5 18:30:46 UTC 2025","nodeVersion":22,"packageManager":"npm","isFirstUsage":false,"configFileType":"toml","isCI":false,"isPagesCI":false,"isWorkersCI":false,"isInteractive":true,"hasAssets":false,"argsUsed":[],"argsCombination":"","command":"wrangler deploy","args":{}}}
---

--- 2025-12-26T09:45:36.727Z debug
.env file not found at ".env". Continuing... For more details, refer to https://developers.cloudflare.com/workers/wrangler/system-environment-variables/
---

--- 2025-12-26T09:45:49.298Z log

 ⛅️ wrangler 3.114.16 (update available 4.54.0)
---------------------------------------------------------

---

--- 2025-12-26T09:45:49.961Z warn
▲ [WARNING] The version of Wrangler you are using is now out-of-date.

  Please update to the latest version to prevent critical errors.
  Run `npm install --save-dev wrangler@4` to update to the latest version.
  After installation, run Wrangler with `npx wrangler`.


---

--- 2025-12-26T09:45:50.096Z debug
fetching auth token grant_type=refresh_token&refresh_token=Br9Y6QIijPsSnVwVlQR0uzjHjLDszdhmnm-aXz5-rAU.8okO5CY-UwXkxCJNO4Wmqozi5BIyz-d9TJEQlCa22HA&client_id=54d11594-84e4-41aa-b438-e81b8fa78ee7
---

--- 2025-12-26T09:45:50.097Z debug
Checking if domain has Access enabled: dash.cloudflare.com
---

--- 2025-12-26T09:45:50.097Z debug
Access switch not cached for: dash.cloudflare.com
---

--- 2025-12-26T09:45:50.392Z debug
Caching access switch for: dash.cloudflare.com
---

--- 2025-12-26T09:45:50.393Z debug
Fetching auth token from https://dash.cloudflare.com/oauth2/token
---

--- 2025-12-26T09:45:51.401Z debug
Retrieving cached values for account from node_modules/.cache/wrangler
---

--- 2025-12-26T09:45:51.403Z debug
Starting verifyWorkerMatchesCITag() with tag: undefined, name: leafvault-api
---

--- 2025-12-26T09:45:51.403Z debug
No WRANGLER_CI_MATCH_TAG variable provided, aborting verifyWorkerMatchesCITag()
---

--- 2025-12-26T09:45:51.407Z debug
-- START CF API REQUEST: GET https://api.cloudflare.com/client/v4/accounts/f006ec5b85550c77e565a3f9f99a35c0/workers/services/leafvault-api
---

--- 2025-12-26T09:45:51.407Z debug
HEADERS: omitted; set WRANGLER_LOG_SANITIZE=false to include sanitized data
---

--- 2025-12-26T09:45:51.407Z debug
INIT: omitted; set WRANGLER_LOG_SANITIZE=false to include sanitized data
---

--- 2025-12-26T09:45:51.407Z debug
-- END CF API REQUEST
---

--- 2025-12-26T09:45:53.579Z debug
-- START CF API RESPONSE: OK 200
---

--- 2025-12-26T09:45:53.582Z debug
HEADERS: omitted; set WRANGLER_LOG_SANITIZE=false to include sanitized data
---

--- 2025-12-26T09:45:53.583Z debug
RESPONSE: omitted; set WRANGLER_LOG_SANITIZE=false to include sanitized data
---

--- 2025-12-26T09:45:53.583Z debug
-- END CF API RESPONSE
---

--- 2025-12-26T09:45:53.618Z debug
-- START CF API REQUEST: GET https://api.cloudflare.com/client/v4/accounts/f006ec5b85550c77e565a3f9f99a35c0/workers/scripts/leafvault-api/deployments
---

--- 2025-12-26T09:45:53.618Z debug
HEADERS: omitted; set WRANGLER_LOG_SANITIZE=false to include sanitized data
---

--- 2025-12-26T09:45:53.618Z debug
INIT: omitted; set WRANGLER_LOG_SANITIZE=false to include sanitized data
---

--- 2025-12-26T09:45:53.618Z debug
-- END CF API REQUEST
---

--- 2025-12-26T09:45:55.042Z debug
-- START CF API RESPONSE: OK 200
---

--- 2025-12-26T09:45:55.043Z debug
HEADERS: omitted; set WRANGLER_LOG_SANITIZE=false to include sanitized data
---

--- 2025-12-26T09:45:55.043Z debug
RESPONSE: omitted; set WRANGLER_LOG_SANITIZE=false to include sanitized data
---

--- 2025-12-26T09:45:55.043Z debug
-- END CF API RESPONSE
---

--- 2025-12-26T09:45:55.403Z log
Total Upload: 96.26 KiB / gzip: 20.61 KiB
---

--- 2025-12-26T09:45:55.413Z debug
-- START CF API REQUEST: POST https://api.cloudflare.com/client/v4/accounts/f006ec5b85550c77e565a3f9f99a35c0/workers/scripts/leafvault-api/versions
---

--- 2025-12-26T09:45:55.414Z debug
HEADERS: omitted; set WRANGLER_LOG_SANITIZE=false to include sanitized data
---

--- 2025-12-26T09:45:55.414Z debug
INIT: omitted; set WRANGLER_LOG_SANITIZE=false to include sanitized data
---

--- 2025-12-26T09:45:55.423Z debug
BODY: omitted; set WRANGLER_LOG_SANITIZE=false to include sanitized data
---

--- 2025-12-26T09:45:55.423Z debug
-- END CF API REQUEST
---

--- 2025-12-26T09:45:59.013Z debug
-- START CF API RESPONSE: OK 200
---

--- 2025-12-26T09:45:59.014Z debug
HEADERS: omitted; set WRANGLER_LOG_SANITIZE=false to include sanitized data
---

--- 2025-12-26T09:45:59.014Z debug
RESPONSE: omitted; set WRANGLER_LOG_SANITIZE=false to include sanitized data
---

--- 2025-12-26T09:45:59.014Z debug
-- END CF API RESPONSE
---

--- 2025-12-26T09:45:59.017Z debug
-- START CF API REQUEST: POST https://api.cloudflare.com/client/v4/accounts/f006ec5b85550c77e565a3f9f99a35c0/workers/scripts/leafvault-api/deployments
---

--- 2025-12-26T09:45:59.017Z debug
HEADERS: omitted; set WRANGLER_LOG_SANITIZE=false to include sanitized data
---

--- 2025-12-26T09:45:59.017Z debug
INIT: omitted; set WRANGLER_LOG_SANITIZE=false to include sanitized data
---

--- 2025-12-26T09:45:59.020Z debug
-- END CF API REQUEST
---

--- 2025-12-26T09:46:00.987Z debug
-- START CF API RESPONSE: OK 200
---

--- 2025-12-26T09:46:00.988Z debug
HEADERS: omitted; set WRANGLER_LOG_SANITIZE=false to include sanitized data
---

--- 2025-12-26T09:46:00.988Z debug
RESPONSE: omitted; set WRANGLER_LOG_SANITIZE=false to include sanitized data
---

--- 2025-12-26T09:46:00.988Z debug
-- END CF API RESPONSE
---

--- 2025-12-26T09:46:00.989Z debug
-- START CF API REQUEST: PATCH https://api.cloudflare.com/client/v4/accounts/f006ec5b85550c77e565a3f9f99a35c0/workers/scripts/leafvault-api/script-settings
---

--- 2025-12-26T09:46:00.989Z debug
HEADERS: omitted; set WRANGLER_LOG_SANITIZE=false to include sanitized data
---

--- 2025-12-26T09:46:00.989Z debug
INIT: omitted; set WRANGLER_LOG_SANITIZE=false to include sanitized data
---

--- 2025-12-26T09:46:00.989Z debug
-- END CF API REQUEST
---

--- 2025-12-26T09:46:02.776Z debug
-- START CF API RESPONSE: OK 200
---

--- 2025-12-26T09:46:02.777Z debug
HEADERS: omitted; set WRANGLER_LOG_SANITIZE=false to include sanitized data
---

--- 2025-12-26T09:46:02.777Z debug
RESPONSE: omitted; set WRANGLER_LOG_SANITIZE=false to include sanitized data
---

--- 2025-12-26T09:46:02.777Z debug
-- END CF API RESPONSE
---

--- 2025-12-26T09:46:02.779Z log
Your worker has access to the following bindings:
- D1 Databases:
  - DB: leafvault-db (3b15207f-68c2-49d0-998e-d8344047d796)
- Vars:
  - ALLOWED_ORIGINS: "https://notes.lexa.my.id,https://leaf..."
  - TURNSTILE_SECRET_KEY: "0x4AAAAAACI3x_pdY-KnjlL1UYF27Y0hVCI"
  - JWT_SECRET: "mwpgp/pn61lbQqFtA5gSvdAdCLDkdTWkvwgJj..."
---

--- 2025-12-26T09:46:02.785Z log
Uploaded leafvault-api (9.17 sec)
---

--- 2025-12-26T09:46:02.787Z debug
-- START CF API REQUEST: GET https://api.cloudflare.com/client/v4/accounts/f006ec5b85550c77e565a3f9f99a35c0/workers/scripts/leafvault-api/subdomain
---

--- 2025-12-26T09:46:02.787Z debug
HEADERS: omitted; set WRANGLER_LOG_SANITIZE=false to include sanitized data
---

--- 2025-12-26T09:46:02.787Z debug
INIT: omitted; set WRANGLER_LOG_SANITIZE=false to include sanitized data
---

--- 2025-12-26T09:46:02.787Z debug
-- END CF API REQUEST
---

--- 2025-12-26T09:46:04.311Z debug
-- START CF API RESPONSE: OK 200
---

--- 2025-12-26T09:46:04.311Z debug
HEADERS: omitted; set WRANGLER_LOG_SANITIZE=false to include sanitized data
---

--- 2025-12-26T09:46:04.311Z debug
RESPONSE: omitted; set WRANGLER_LOG_SANITIZE=false to include sanitized data
---

--- 2025-12-26T09:46:04.311Z debug
-- END CF API RESPONSE
---

--- 2025-12-26T09:46:04.311Z debug
-- START CF API REQUEST: POST https://api.cloudflare.com/client/v4/accounts/f006ec5b85550c77e565a3f9f99a35c0/workers/scripts/leafvault-api/subdomain
---

--- 2025-12-26T09:46:04.311Z debug
HEADERS: omitted; set WRANGLER_LOG_SANITIZE=false to include sanitized data
---

--- 2025-12-26T09:46:04.312Z debug
INIT: omitted; set WRANGLER_LOG_SANITIZE=false to include sanitized data
---

--- 2025-12-26T09:46:04.312Z debug
-- END CF API REQUEST
---

--- 2025-12-26T09:46:06.007Z debug
-- START CF API RESPONSE: OK 200
---

--- 2025-12-26T09:46:06.008Z debug
HEADERS: omitted; set WRANGLER_LOG_SANITIZE=false to include sanitized data
---

--- 2025-12-26T09:46:06.008Z debug
RESPONSE: omitted; set WRANGLER_LOG_SANITIZE=false to include sanitized data
---

--- 2025-12-26T09:46:06.008Z debug
-- END CF API RESPONSE
---

--- 2025-12-26T09:46:06.015Z debug
-- START CF API REQUEST: GET https://api.cloudflare.com/client/v4/zones?name=leafvault-api.lexa.my.id&account.id=f006ec5b85550c77e565a3f9f99a35c0
---

--- 2025-12-26T09:46:06.015Z debug
HEADERS: omitted; set WRANGLER_LOG_SANITIZE=false to include sanitized data
---

--- 2025-12-26T09:46:06.015Z debug
INIT: omitted; set WRANGLER_LOG_SANITIZE=false to include sanitized data
---

--- 2025-12-26T09:46:06.015Z debug
-- END CF API REQUEST
---

--- 2025-12-26T09:46:07.068Z debug
-- START CF API RESPONSE: OK 200
---

--- 2025-12-26T09:46:07.068Z debug
HEADERS: omitted; set WRANGLER_LOG_SANITIZE=false to include sanitized data
---

--- 2025-12-26T09:46:07.068Z debug
RESPONSE: omitted; set WRANGLER_LOG_SANITIZE=false to include sanitized data
---

--- 2025-12-26T09:46:07.069Z debug
-- END CF API RESPONSE
---

--- 2025-12-26T09:46:07.070Z debug
-- START CF API REQUEST: GET https://api.cloudflare.com/client/v4/zones?name=lexa.my.id&account.id=f006ec5b85550c77e565a3f9f99a35c0
---

--- 2025-12-26T09:46:07.070Z debug
HEADERS: omitted; set WRANGLER_LOG_SANITIZE=false to include sanitized data
---

--- 2025-12-26T09:46:07.070Z debug
INIT: omitted; set WRANGLER_LOG_SANITIZE=false to include sanitized data
---

--- 2025-12-26T09:46:07.070Z debug
-- END CF API REQUEST
---

--- 2025-12-26T09:46:08.677Z debug
-- START CF API RESPONSE: OK 200
---

--- 2025-12-26T09:46:08.677Z debug
HEADERS: omitted; set WRANGLER_LOG_SANITIZE=false to include sanitized data
---

--- 2025-12-26T09:46:08.677Z debug
RESPONSE: omitted; set WRANGLER_LOG_SANITIZE=false to include sanitized data
---

--- 2025-12-26T09:46:08.679Z debug
-- END CF API RESPONSE
---

--- 2025-12-26T09:46:08.688Z debug
-- START CF API REQUEST: GET https://api.cloudflare.com/client/v4/zones/3135039f210c2bf30cd0fec4c5397c78/workers/routes
---

--- 2025-12-26T09:46:08.688Z debug
HEADERS: omitted; set WRANGLER_LOG_SANITIZE=false to include sanitized data
---

--- 2025-12-26T09:46:08.688Z debug
INIT: omitted; set WRANGLER_LOG_SANITIZE=false to include sanitized data
---

--- 2025-12-26T09:46:08.688Z debug
-- END CF API REQUEST
---

--- 2025-12-26T09:46:10.508Z debug
-- START CF API RESPONSE: OK 200
---

--- 2025-12-26T09:46:10.509Z debug
HEADERS: omitted; set WRANGLER_LOG_SANITIZE=false to include sanitized data
---

--- 2025-12-26T09:46:10.509Z debug
RESPONSE: omitted; set WRANGLER_LOG_SANITIZE=false to include sanitized data
---

--- 2025-12-26T09:46:10.509Z debug
-- END CF API RESPONSE
---

--- 2025-12-26T09:46:10.511Z debug
-- START CF API REQUEST: POST https://api.cloudflare.com/client/v4/accounts/f006ec5b85550c77e565a3f9f99a35c0/workers/scripts/leafvault-api/domains/changeset?replace_state=true
---

--- 2025-12-26T09:46:10.511Z debug
HEADERS: omitted; set WRANGLER_LOG_SANITIZE=false to include sanitized data
---

--- 2025-12-26T09:46:10.511Z debug
INIT: omitted; set WRANGLER_LOG_SANITIZE=false to include sanitized data
---

--- 2025-12-26T09:46:10.511Z debug
-- END CF API REQUEST
---

--- 2025-12-26T09:46:12.135Z debug
-- START CF API RESPONSE: OK 200
---

--- 2025-12-26T09:46:12.136Z debug
HEADERS: omitted; set WRANGLER_LOG_SANITIZE=false to include sanitized data
---

--- 2025-12-26T09:46:12.136Z debug
RESPONSE: omitted; set WRANGLER_LOG_SANITIZE=false to include sanitized data
---

--- 2025-12-26T09:46:12.136Z debug
-- END CF API RESPONSE
---

--- 2025-12-26T09:46:12.137Z debug
-- START CF API REQUEST: PUT https://api.cloudflare.com/client/v4/accounts/f006ec5b85550c77e565a3f9f99a35c0/workers/scripts/leafvault-api/domains/records
---

--- 2025-12-26T09:46:12.137Z debug
HEADERS: omitted; set WRANGLER_LOG_SANITIZE=false to include sanitized data
---

--- 2025-12-26T09:46:12.137Z debug
INIT: omitted; set WRANGLER_LOG_SANITIZE=false to include sanitized data
---

--- 2025-12-26T09:46:12.137Z debug
-- END CF API REQUEST
---

--- 2025-12-26T09:46:14.006Z debug
-- START CF API RESPONSE: OK 200
---

--- 2025-12-26T09:46:14.007Z debug
HEADERS: omitted; set WRANGLER_LOG_SANITIZE=false to include sanitized data
---

--- 2025-12-26T09:46:14.007Z debug
RESPONSE: omitted; set WRANGLER_LOG_SANITIZE=false to include sanitized data
---

--- 2025-12-26T09:46:14.007Z debug
-- END CF API RESPONSE
---

--- 2025-12-26T09:46:14.008Z log
Deployed leafvault-api triggers (9.70 sec)
---

--- 2025-12-26T09:46:14.009Z log
  leafvault-api.lexa.my.id (custom domain)
---

--- 2025-12-26T09:46:14.010Z log
Current Version ID: 9d63cdac-90a5-4e31-a25e-da460422d4ef
---

--- 2025-12-26T09:46:14.013Z debug
Metrics dispatcher: Posting data {"deviceId":"d39dff02-21f2-40cf-941a-454076f127d1","event":"deploy worker script","timestamp":1766742374012,"properties":{"category":"Workers","wranglerVersion":"3.114.16","os":"linux:x64","usesTypeScript":true,"durationMs":22609}}
---

--- 2025-12-26T09:46:14.029Z debug
Metrics dispatcher: Posting data {"deviceId":"d39dff02-21f2-40cf-941a-454076f127d1","event":"wrangler command completed","timestamp":1766742374029,"properties":{"amplitude_session_id":1766742336671,"amplitude_event_id":1,"wranglerVersion":"3.114.16","osPlatform":"Linux","osVersion":"#1 SMP PREEMPT_DYNAMIC Thu Jun  5 18:30:46 UTC 2025","nodeVersion":22,"packageManager":"npm","isFirstUsage":false,"configFileType":"toml","isCI":false,"isPagesCI":false,"isWorkersCI":false,"isInteractive":true,"hasAssets":false,"argsUsed":[],"argsCombination":"","command":"wrangler deploy","args":{},"durationMs":37468,"durationSeconds":37.468,"durationMinutes":0.6244666666666667}}
---
