
--- 2025-12-26T05:08:42.172Z debug
🪵  Writing logs to "/home/hades/.config/.wrangler/logs/wrangler-2025-12-26_05-08-41_167.log"
---

--- 2025-12-26T05:08:42.171Z debug
Metrics dispatcher: Posting data {"deviceId":"d39dff02-21f2-40cf-941a-454076f127d1","event":"wrangler command started","timestamp":1766725722171,"properties":{"amplitude_session_id":1766725722165,"amplitude_event_id":0,"wranglerVersion":"4.53.0","osPlatform":"Linux","osVersion":"#1 SMP PREEMPT_DYNAMIC Thu Jun  5 18:30:46 UTC 2025","nodeVersion":22,"packageManager":"npm","isFirstUsage":false,"configFileType":"none","isCI":false,"isPagesCI":false,"isWorkersCI":false,"isInteractive":true,"hasAssets":false,"argsUsed":[],"argsCombination":"","command":"wrangler pages deploy","args":{}}}
---

--- 2025-12-26T05:08:42.208Z debug
.env file not found at "/home/hades/FUN/tempmail/vaultnotes-beta/.env.local". Continuing... For more details, refer to https://developers.cloudflare.com/workers/wrangler/system-environment-variables/
---

--- 2025-12-26T05:08:42.296Z log

 ⛅️ wrangler 4.53.0 (update available 4.54.0)
─────────────────────────────────────────────
---

--- 2025-12-26T05:08:42.388Z debug
Retrieving cached values for account_id and project_name from node_modules/.cache/wrangler
---

--- 2025-12-26T05:08:42.392Z debug
-- START CF API REQUEST: GET https://api.cloudflare.com/client/v4/accounts/f006ec5b85550c77e565a3f9f99a35c0/pages/projects/leafvault-notes
---

--- 2025-12-26T05:08:42.393Z debug
QUERY STRING: omitted; set WRANGLER_LOG_SANITIZE=false to include sanitized data
---

--- 2025-12-26T05:08:42.396Z debug
HEADERS: omitted; set WRANGLER_LOG_SANITIZE=false to include sanitized data
---

--- 2025-12-26T05:08:42.397Z debug
INIT: omitted; set WRANGLER_LOG_SANITIZE=false to include sanitized data
---

--- 2025-12-26T05:08:42.397Z debug
-- END CF API REQUEST
---

--- 2025-12-26T05:08:44.256Z debug
-- START CF API RESPONSE: OK 200
---

--- 2025-12-26T05:08:44.257Z debug
HEADERS: omitted; set WRANGLER_LOG_SANITIZE=false to include sanitized data
---

--- 2025-12-26T05:08:44.257Z debug
RESPONSE: omitted; set WRANGLER_LOG_SANITIZE=false to include sanitized data
---

--- 2025-12-26T05:08:44.257Z debug
-- END CF API RESPONSE
---

--- 2025-12-26T05:08:44.353Z debug
-- START CF API REQUEST: GET https://api.cloudflare.com/client/v4/accounts/f006ec5b85550c77e565a3f9f99a35c0/pages/projects/leafvault-notes
---

--- 2025-12-26T05:08:44.353Z debug
QUERY STRING: omitted; set WRANGLER_LOG_SANITIZE=false to include sanitized data
---

--- 2025-12-26T05:08:44.353Z debug
HEADERS: omitted; set WRANGLER_LOG_SANITIZE=false to include sanitized data
---

--- 2025-12-26T05:08:44.353Z debug
INIT: omitted; set WRANGLER_LOG_SANITIZE=false to include sanitized data
---

--- 2025-12-26T05:08:44.353Z debug
-- END CF API REQUEST
---

--- 2025-12-26T05:08:45.875Z debug
-- START CF API RESPONSE: OK 200
---

--- 2025-12-26T05:08:45.876Z debug
HEADERS: omitted; set WRANGLER_LOG_SANITIZE=false to include sanitized data
---

--- 2025-12-26T05:08:45.876Z debug
RESPONSE: omitted; set WRANGLER_LOG_SANITIZE=false to include sanitized data
---

--- 2025-12-26T05:08:45.876Z debug
-- END CF API RESPONSE
---

--- 2025-12-26T05:08:45.964Z debug
-- START CF API REQUEST: GET https://api.cloudflare.com/client/v4/accounts/f006ec5b85550c77e565a3f9f99a35c0/pages/projects/leafvault-notes/upload-token
---

--- 2025-12-26T05:08:45.964Z debug
QUERY STRING: omitted; set WRANGLER_LOG_SANITIZE=false to include sanitized data
---

--- 2025-12-26T05:08:45.965Z debug
HEADERS: omitted; set WRANGLER_LOG_SANITIZE=false to include sanitized data
---

--- 2025-12-26T05:08:45.965Z debug
INIT: omitted; set WRANGLER_LOG_SANITIZE=false to include sanitized data
---

--- 2025-12-26T05:08:45.965Z debug
-- END CF API REQUEST
---

--- 2025-12-26T05:08:47.363Z debug
-- START CF API RESPONSE: OK 200
---

--- 2025-12-26T05:08:47.364Z debug
HEADERS: omitted; set WRANGLER_LOG_SANITIZE=false to include sanitized data
---

--- 2025-12-26T05:08:47.364Z debug
RESPONSE: omitted; set WRANGLER_LOG_SANITIZE=false to include sanitized data
---

--- 2025-12-26T05:08:47.364Z debug
-- END CF API RESPONSE
---

--- 2025-12-26T05:08:47.366Z debug
-- START CF API REQUEST: POST https://api.cloudflare.com/client/v4/pages/assets/check-missing
---

--- 2025-12-26T05:08:47.366Z debug
QUERY STRING: omitted; set WRANGLER_LOG_SANITIZE=false to include sanitized data
---

--- 2025-12-26T05:08:47.367Z debug
HEADERS: omitted; set WRANGLER_LOG_SANITIZE=false to include sanitized data
---

--- 2025-12-26T05:08:47.367Z debug
INIT: omitted; set WRANGLER_LOG_SANITIZE=false to include sanitized data
---

--- 2025-12-26T05:08:47.367Z debug
-- END CF API REQUEST
---

--- 2025-12-26T05:08:48.027Z debug
-- START CF API RESPONSE: OK 200
---

--- 2025-12-26T05:08:48.028Z debug
HEADERS: omitted; set WRANGLER_LOG_SANITIZE=false to include sanitized data
---

--- 2025-12-26T05:08:48.028Z debug
RESPONSE: omitted; set WRANGLER_LOG_SANITIZE=false to include sanitized data
---

--- 2025-12-26T05:08:48.028Z debug
-- END CF API RESPONSE
---

--- 2025-12-26T05:08:48.039Z debug
POST /pages/assets/upload
---

--- 2025-12-26T05:08:48.041Z debug
-- START CF API REQUEST: POST https://api.cloudflare.com/client/v4/pages/assets/upload
---

--- 2025-12-26T05:08:48.041Z debug
QUERY STRING: omitted; set WRANGLER_LOG_SANITIZE=false to include sanitized data
---

--- 2025-12-26T05:08:48.042Z debug
HEADERS: omitted; set WRANGLER_LOG_SANITIZE=false to include sanitized data
---

--- 2025-12-26T05:08:48.044Z debug
INIT: omitted; set WRANGLER_LOG_SANITIZE=false to include sanitized data
---

--- 2025-12-26T05:08:48.044Z debug
-- END CF API REQUEST
---

--- 2025-12-26T05:08:48.049Z debug
POST /pages/assets/upload
---

--- 2025-12-26T05:08:48.050Z debug
-- START CF API REQUEST: POST https://api.cloudflare.com/client/v4/pages/assets/upload
---

--- 2025-12-26T05:08:48.050Z debug
QUERY STRING: omitted; set WRANGLER_LOG_SANITIZE=false to include sanitized data
---

--- 2025-12-26T05:08:48.050Z debug
HEADERS: omitted; set WRANGLER_LOG_SANITIZE=false to include sanitized data
---

--- 2025-12-26T05:08:48.050Z debug
INIT: omitted; set WRANGLER_LOG_SANITIZE=false to include sanitized data
---

--- 2025-12-26T05:08:48.050Z debug
-- END CF API REQUEST
---

--- 2025-12-26T05:08:48.059Z debug
POST /pages/assets/upload
---

--- 2025-12-26T05:08:48.081Z debug
-- START CF API REQUEST: POST https://api.cloudflare.com/client/v4/pages/assets/upload
---

--- 2025-12-26T05:08:48.081Z debug
QUERY STRING: omitted; set WRANGLER_LOG_SANITIZE=false to include sanitized data
---

--- 2025-12-26T05:08:48.081Z debug
HEADERS: omitted; set WRANGLER_LOG_SANITIZE=false to include sanitized data
---

--- 2025-12-26T05:08:48.097Z debug
INIT: omitted; set WRANGLER_LOG_SANITIZE=false to include sanitized data
---

--- 2025-12-26T05:08:48.097Z debug
-- END CF API REQUEST
---

--- 2025-12-26T05:08:49.241Z debug
-- START CF API RESPONSE: OK 200
---

--- 2025-12-26T05:08:49.242Z debug
HEADERS: omitted; set WRANGLER_LOG_SANITIZE=false to include sanitized data
---

--- 2025-12-26T05:08:49.242Z debug
RESPONSE: omitted; set WRANGLER_LOG_SANITIZE=false to include sanitized data
---

--- 2025-12-26T05:08:49.242Z debug
-- END CF API RESPONSE
---

--- 2025-12-26T05:08:49.244Z debug
result: { successful_key_count: 1, unsuccessful_keys: [] }
---

--- 2025-12-26T05:08:50.402Z debug
-- START CF API RESPONSE: OK 200
---

--- 2025-12-26T05:08:50.403Z debug
HEADERS: omitted; set WRANGLER_LOG_SANITIZE=false to include sanitized data
---

--- 2025-12-26T05:08:50.403Z debug
RESPONSE: omitted; set WRANGLER_LOG_SANITIZE=false to include sanitized data
---

--- 2025-12-26T05:08:50.403Z debug
-- END CF API RESPONSE
---

--- 2025-12-26T05:08:50.404Z debug
result: { successful_key_count: 1, unsuccessful_keys: [] }
---

--- 2025-12-26T05:08:56.519Z debug
-- START CF API RESPONSE: OK 200
---

--- 2025-12-26T05:08:56.520Z debug
HEADERS: omitted; set WRANGLER_LOG_SANITIZE=false to include sanitized data
---

--- 2025-12-26T05:08:56.520Z debug
RESPONSE: omitted; set WRANGLER_LOG_SANITIZE=false to include sanitized data
---

--- 2025-12-26T05:08:56.520Z debug
-- END CF API RESPONSE
---

--- 2025-12-26T05:08:56.521Z debug
result: { successful_key_count: 1, unsuccessful_keys: [] }
---

--- 2025-12-26T05:08:56.522Z log
✨ Success! Uploaded 3 files (36 already uploaded) (9.16 sec)

---

--- 2025-12-26T05:08:56.523Z debug
-- START CF API REQUEST: POST https://api.cloudflare.com/client/v4/pages/assets/upsert-hashes
---

--- 2025-12-26T05:08:56.523Z debug
QUERY STRING: omitted; set WRANGLER_LOG_SANITIZE=false to include sanitized data
---

--- 2025-12-26T05:08:56.524Z debug
HEADERS: omitted; set WRANGLER_LOG_SANITIZE=false to include sanitized data
---

--- 2025-12-26T05:08:56.524Z debug
INIT: omitted; set WRANGLER_LOG_SANITIZE=false to include sanitized data
---

--- 2025-12-26T05:08:56.524Z debug
-- END CF API REQUEST
---

--- 2025-12-26T05:08:57.332Z debug
-- START CF API RESPONSE: OK 200
---

--- 2025-12-26T05:08:57.333Z debug
HEADERS: omitted; set WRANGLER_LOG_SANITIZE=false to include sanitized data
---

--- 2025-12-26T05:08:57.333Z debug
RESPONSE: omitted; set WRANGLER_LOG_SANITIZE=false to include sanitized data
---

--- 2025-12-26T05:08:57.333Z debug
-- END CF API RESPONSE
---

--- 2025-12-26T05:08:57.335Z log
✨ Uploading _headers
---

--- 2025-12-26T05:08:57.336Z log
✨ Uploading _redirects
---

--- 2025-12-26T05:08:57.337Z debug
-- START CF API REQUEST: POST https://api.cloudflare.com/client/v4/accounts/f006ec5b85550c77e565a3f9f99a35c0/pages/projects/leafvault-notes/deployments
---

--- 2025-12-26T05:08:57.337Z debug
QUERY STRING: omitted; set WRANGLER_LOG_SANITIZE=false to include sanitized data
---

--- 2025-12-26T05:08:57.337Z debug
HEADERS: omitted; set WRANGLER_LOG_SANITIZE=false to include sanitized data
---

--- 2025-12-26T05:08:57.337Z debug
INIT: omitted; set WRANGLER_LOG_SANITIZE=false to include sanitized data
---

--- 2025-12-26T05:08:57.344Z debug
BODY: omitted; set WRANGLER_LOG_SANITIZE=false to include sanitized data
---

--- 2025-12-26T05:08:57.344Z debug
-- END CF API REQUEST
---

--- 2025-12-26T05:08:59.371Z debug
-- START CF API RESPONSE: OK 200
---

--- 2025-12-26T05:08:59.372Z debug
HEADERS: omitted; set WRANGLER_LOG_SANITIZE=false to include sanitized data
---

--- 2025-12-26T05:08:59.372Z debug
RESPONSE: omitted; set WRANGLER_LOG_SANITIZE=false to include sanitized data
---

--- 2025-12-26T05:08:59.372Z debug
-- END CF API RESPONSE
---

--- 2025-12-26T05:08:59.374Z debug
Saving to cache: {"account_id":"f006ec5b85550c77e565a3f9f99a35c0","project_name":"leafvault-notes"}
---

--- 2025-12-26T05:08:59.376Z log
🌎 Deploying...
---

--- 2025-12-26T05:09:00.379Z debug
attempt #1: Attempting to fetch status for deployment with id "373b1db3-6249-4eea-b436-e187c7a72f23" ...
---

--- 2025-12-26T05:09:00.380Z debug
-- START CF API REQUEST: GET https://api.cloudflare.com/client/v4/accounts/f006ec5b85550c77e565a3f9f99a35c0/pages/projects/leafvault-notes/deployments/373b1db3-6249-4eea-b436-e187c7a72f23
---

--- 2025-12-26T05:09:00.380Z debug
QUERY STRING: omitted; set WRANGLER_LOG_SANITIZE=false to include sanitized data
---

--- 2025-12-26T05:09:00.380Z debug
HEADERS: omitted; set WRANGLER_LOG_SANITIZE=false to include sanitized data
---

--- 2025-12-26T05:09:00.380Z debug
INIT: omitted; set WRANGLER_LOG_SANITIZE=false to include sanitized data
---

--- 2025-12-26T05:09:00.380Z debug
-- END CF API REQUEST
---

--- 2025-12-26T05:09:02.290Z debug
-- START CF API RESPONSE: OK 200
---

--- 2025-12-26T05:09:02.293Z debug
HEADERS: omitted; set WRANGLER_LOG_SANITIZE=false to include sanitized data
---

--- 2025-12-26T05:09:02.293Z debug
RESPONSE: omitted; set WRANGLER_LOG_SANITIZE=false to include sanitized data
---

--- 2025-12-26T05:09:02.293Z debug
-- END CF API RESPONSE
---

--- 2025-12-26T05:09:02.298Z log
✨ Deployment complete! Take a peek over at https://373b1db3.leafvault-notes.pages.dev
---

--- 2025-12-26T05:09:02.303Z debug
Metrics dispatcher: Posting data {"deviceId":"d39dff02-21f2-40cf-941a-454076f127d1","event":"create pages deployment","timestamp":1766725742303,"properties":{"category":"Workers","wranglerVersion":"4.53.0","os":"linux:x64"}}
---

--- 2025-12-26T05:09:02.318Z debug
Metrics dispatcher: Posting data {"deviceId":"d39dff02-21f2-40cf-941a-454076f127d1","event":"wrangler command completed","timestamp":1766725742318,"properties":{"amplitude_session_id":1766725722165,"amplitude_event_id":1,"wranglerVersion":"4.53.0","osPlatform":"Linux","osVersion":"#1 SMP PREEMPT_DYNAMIC Thu Jun  5 18:30:46 UTC 2025","nodeVersion":22,"packageManager":"npm","isFirstUsage":false,"configFileType":"none","isCI":false,"isPagesCI":false,"isWorkersCI":false,"isInteractive":true,"hasAssets":false,"argsUsed":[],"argsCombination":"","command":"wrangler pages deploy","args":{},"durationMs":20293,"durationSeconds":20.293,"durationMinutes":0.33821666666666667}}
---
