
--- 2026-01-02T05:46:08.895Z debug
🪵  Writing logs to "/home/hades/.config/.wrangler/logs/wrangler-2026-01-02_05-46-07_999.log"
---

--- 2026-01-02T05:46:08.894Z debug
Metrics dispatcher: Posting data {"deviceId":"d39dff02-21f2-40cf-941a-454076f127d1","event":"wrangler command started","timestamp":1767332768894,"properties":{"amplitude_session_id":1767332768892,"amplitude_event_id":0,"wranglerVersion":"4.53.0","osPlatform":"Linux","osVersion":"#1 SMP PREEMPT_DYNAMIC Thu Jun  5 18:30:46 UTC 2025","nodeVersion":22,"isFirstUsage":false,"configFileType":"toml","isCI":false,"isPagesCI":false,"isWorkersCI":false,"isInteractive":false,"hasAssets":false,"argsUsed":[],"argsCombination":"","command":"wrangler d1 create","args":{}}}
---

--- 2026-01-02T05:46:08.924Z debug
.env file not found at "/home/hades/FUN/cloudflareProjet/passvault/.env.local". Continuing... For more details, refer to https://developers.cloudflare.com/workers/wrangler/system-environment-variables/
---

--- 2026-01-02T05:46:08.978Z log

 ⛅️ wrangler 4.53.0 (update available 4.54.0)
─────────────────────────────────────────────
---

--- 2026-01-02T05:46:09.099Z debug
-- START CF API REQUEST: POST https://api.cloudflare.com/client/v4/accounts/f006ec5b85550c77e565a3f9f99a35c0/d1/database
---

--- 2026-01-02T05:46:09.099Z debug
QUERY STRING: omitted; set WRANGLER_LOG_SANITIZE=false to include sanitized data
---

--- 2026-01-02T05:46:09.106Z debug
HEADERS: omitted; set WRANGLER_LOG_SANITIZE=false to include sanitized data
---

--- 2026-01-02T05:46:09.107Z debug
INIT: omitted; set WRANGLER_LOG_SANITIZE=false to include sanitized data
---

--- 2026-01-02T05:46:09.108Z debug
-- END CF API REQUEST
---

--- 2026-01-02T05:46:11.940Z debug
-- START CF API RESPONSE: OK 200
---

--- 2026-01-02T05:46:11.942Z debug
HEADERS: omitted; set WRANGLER_LOG_SANITIZE=false to include sanitized data
---

--- 2026-01-02T05:46:11.942Z debug
RESPONSE: omitted; set WRANGLER_LOG_SANITIZE=false to include sanitized data
---

--- 2026-01-02T05:46:11.942Z debug
-- END CF API RESPONSE
---

--- 2026-01-02T05:46:11.948Z log
✅ Successfully created DB 'passvault-db' in region APAC
---

--- 2026-01-02T05:46:11.948Z log
Created your new D1 database.

---

--- 2026-01-02T05:46:11.949Z log
To access your new D1 Database in your Worker, add the following snippet to your configuration file:
---

--- 2026-01-02T05:46:11.952Z log
[[d1_databases]]
binding = "passvault_db"
database_name = "passvault-db"
database_id = "ed03d8fe-6a25-4682-9406-2f3410ebc417"

---

--- 2026-01-02T05:46:11.956Z debug
Metrics dispatcher: Posting data {"deviceId":"d39dff02-21f2-40cf-941a-454076f127d1","event":"wrangler command completed","timestamp":1767332771956,"properties":{"amplitude_session_id":1767332768892,"amplitude_event_id":1,"wranglerVersion":"4.53.0","osPlatform":"Linux","osVersion":"#1 SMP PREEMPT_DYNAMIC Thu Jun  5 18:30:46 UTC 2025","nodeVersion":22,"isFirstUsage":false,"configFileType":"toml","isCI":false,"isPagesCI":false,"isWorkersCI":false,"isInteractive":false,"hasAssets":false,"argsUsed":[],"argsCombination":"","command":"wrangler d1 create","args":{},"durationMs":3147,"durationSeconds":3.147,"durationMinutes":0.05245}}
---
