
--- 2026-01-02T06:29:25.167Z debug
🪵  Writing logs to "/home/hades/.config/.wrangler/logs/wrangler-2026-01-02_06-29-24_291.log"
---

--- 2026-01-02T06:29:25.167Z debug
Metrics dispatcher: Posting data {"deviceId":"d39dff02-21f2-40cf-941a-454076f127d1","event":"wrangler command started","timestamp":1767335365166,"properties":{"amplitude_session_id":1767335365158,"amplitude_event_id":0,"wranglerVersion":"4.53.0","osPlatform":"Linux","osVersion":"#1 SMP PREEMPT_DYNAMIC Thu Jun  5 18:30:46 UTC 2025","nodeVersion":22,"packageManager":"npm","isFirstUsage":false,"configFileType":"toml","isCI":false,"isPagesCI":false,"isWorkersCI":false,"isInteractive":true,"hasAssets":false,"argsUsed":[],"argsCombination":"","command":"wrangler pages deploy","args":{}}}
---

--- 2026-01-02T06:29:25.203Z debug
.env file not found at "/home/hades/FUN/cloudflareProjet/passvault/.env.local". Continuing... For more details, refer to https://developers.cloudflare.com/workers/wrangler/system-environment-variables/
---

--- 2026-01-02T06:29:25.292Z log

 ⛅️ wrangler 4.53.0 (update available 4.54.0)
─────────────────────────────────────────────
---

--- 2026-01-02T06:29:25.388Z debug
Configuration file belonging to ⚡️ Pages ⚡️ project detected.
---

--- 2026-01-02T06:29:25.393Z debug
Retrieving cached values for account_id and project_name from node_modules/.cache/wrangler
---

--- 2026-01-02T06:29:25.399Z debug
-- START CF API REQUEST: GET https://api.cloudflare.com/client/v4/accounts/f006ec5b85550c77e565a3f9f99a35c0/pages/projects/passvault-frontend
---

--- 2026-01-02T06:29:25.400Z debug
QUERY STRING: omitted; set WRANGLER_LOG_SANITIZE=false to include sanitized data
---

--- 2026-01-02T06:29:25.403Z debug
HEADERS: omitted; set WRANGLER_LOG_SANITIZE=false to include sanitized data
---

--- 2026-01-02T06:29:25.403Z debug
INIT: omitted; set WRANGLER_LOG_SANITIZE=false to include sanitized data
---

--- 2026-01-02T06:29:25.403Z debug
-- END CF API REQUEST
---

--- 2026-01-02T06:29:27.447Z debug
-- START CF API RESPONSE: OK 200
---

--- 2026-01-02T06:29:27.449Z debug
HEADERS: omitted; set WRANGLER_LOG_SANITIZE=false to include sanitized data
---

--- 2026-01-02T06:29:27.449Z debug
RESPONSE: omitted; set WRANGLER_LOG_SANITIZE=false to include sanitized data
---

--- 2026-01-02T06:29:27.449Z debug
-- END CF API RESPONSE
---

--- 2026-01-02T06:29:27.737Z warn
▲ [WARNING] Warning: Your working directory is a git repo and has uncommitted changes

  To silence this warning, pass in --commit-dirty=true


---

--- 2026-01-02T06:29:27.741Z debug
-- START CF API REQUEST: GET https://api.cloudflare.com/client/v4/accounts/f006ec5b85550c77e565a3f9f99a35c0/pages/projects/passvault-frontend
---

--- 2026-01-02T06:29:27.741Z debug
QUERY STRING: omitted; set WRANGLER_LOG_SANITIZE=false to include sanitized data
---

--- 2026-01-02T06:29:27.741Z debug
HEADERS: omitted; set WRANGLER_LOG_SANITIZE=false to include sanitized data
---

--- 2026-01-02T06:29:27.741Z debug
INIT: omitted; set WRANGLER_LOG_SANITIZE=false to include sanitized data
---

--- 2026-01-02T06:29:27.741Z debug
-- END CF API REQUEST
---

--- 2026-01-02T06:29:29.355Z debug
-- START CF API RESPONSE: OK 200
---

--- 2026-01-02T06:29:29.356Z debug
HEADERS: omitted; set WRANGLER_LOG_SANITIZE=false to include sanitized data
---

--- 2026-01-02T06:29:29.356Z debug
RESPONSE: omitted; set WRANGLER_LOG_SANITIZE=false to include sanitized data
---

--- 2026-01-02T06:29:29.356Z debug
-- END CF API RESPONSE
---

--- 2026-01-02T06:29:29.362Z debug
Configuration file belonging to ⚡️ Pages ⚡️ project detected.
---

--- 2026-01-02T06:29:29.431Z debug
-- START CF API REQUEST: GET https://api.cloudflare.com/client/v4/accounts/f006ec5b85550c77e565a3f9f99a35c0/pages/projects/passvault-frontend/upload-token
---

--- 2026-01-02T06:29:29.431Z debug
QUERY STRING: omitted; set WRANGLER_LOG_SANITIZE=false to include sanitized data
---

--- 2026-01-02T06:29:29.432Z debug
HEADERS: omitted; set WRANGLER_LOG_SANITIZE=false to include sanitized data
---

--- 2026-01-02T06:29:29.432Z debug
INIT: omitted; set WRANGLER_LOG_SANITIZE=false to include sanitized data
---

--- 2026-01-02T06:29:29.432Z debug
-- END CF API REQUEST
---

--- 2026-01-02T06:29:30.892Z debug
-- START CF API RESPONSE: OK 200
---

--- 2026-01-02T06:29:30.893Z debug
HEADERS: omitted; set WRANGLER_LOG_SANITIZE=false to include sanitized data
---

--- 2026-01-02T06:29:30.893Z debug
RESPONSE: omitted; set WRANGLER_LOG_SANITIZE=false to include sanitized data
---

--- 2026-01-02T06:29:30.893Z debug
-- END CF API RESPONSE
---

--- 2026-01-02T06:29:30.894Z debug
-- START CF API REQUEST: POST https://api.cloudflare.com/client/v4/pages/assets/check-missing
---

--- 2026-01-02T06:29:30.894Z debug
QUERY STRING: omitted; set WRANGLER_LOG_SANITIZE=false to include sanitized data
---

--- 2026-01-02T06:29:30.895Z debug
HEADERS: omitted; set WRANGLER_LOG_SANITIZE=false to include sanitized data
---

--- 2026-01-02T06:29:30.895Z debug
INIT: omitted; set WRANGLER_LOG_SANITIZE=false to include sanitized data
---

--- 2026-01-02T06:29:30.895Z debug
-- END CF API REQUEST
---

--- 2026-01-02T06:29:31.194Z debug
-- START CF API RESPONSE: OK 200
---

--- 2026-01-02T06:29:31.194Z debug
HEADERS: omitted; set WRANGLER_LOG_SANITIZE=false to include sanitized data
---

--- 2026-01-02T06:29:31.194Z debug
RESPONSE: omitted; set WRANGLER_LOG_SANITIZE=false to include sanitized data
---

--- 2026-01-02T06:29:31.194Z debug
-- END CF API RESPONSE
---

--- 2026-01-02T06:29:31.206Z debug
POST /pages/assets/upload
---

--- 2026-01-02T06:29:31.207Z debug
-- START CF API REQUEST: POST https://api.cloudflare.com/client/v4/pages/assets/upload
---

--- 2026-01-02T06:29:31.207Z debug
QUERY STRING: omitted; set WRANGLER_LOG_SANITIZE=false to include sanitized data
---

--- 2026-01-02T06:29:31.207Z debug
HEADERS: omitted; set WRANGLER_LOG_SANITIZE=false to include sanitized data
---

--- 2026-01-02T06:29:31.208Z debug
INIT: omitted; set WRANGLER_LOG_SANITIZE=false to include sanitized data
---

--- 2026-01-02T06:29:31.208Z debug
-- END CF API REQUEST
---

--- 2026-01-02T06:29:31.218Z debug
POST /pages/assets/upload
---

--- 2026-01-02T06:29:31.240Z debug
-- START CF API REQUEST: POST https://api.cloudflare.com/client/v4/pages/assets/upload
---

--- 2026-01-02T06:29:31.240Z debug
QUERY STRING: omitted; set WRANGLER_LOG_SANITIZE=false to include sanitized data
---

--- 2026-01-02T06:29:31.241Z debug
HEADERS: omitted; set WRANGLER_LOG_SANITIZE=false to include sanitized data
---

--- 2026-01-02T06:29:31.258Z debug
INIT: omitted; set WRANGLER_LOG_SANITIZE=false to include sanitized data
---

--- 2026-01-02T06:29:31.258Z debug
-- END CF API REQUEST
---

--- 2026-01-02T06:29:31.935Z debug
-- START CF API RESPONSE: OK 200
---

--- 2026-01-02T06:29:31.935Z debug
HEADERS: omitted; set WRANGLER_LOG_SANITIZE=false to include sanitized data
---

--- 2026-01-02T06:29:31.936Z debug
RESPONSE: omitted; set WRANGLER_LOG_SANITIZE=false to include sanitized data
---

--- 2026-01-02T06:29:31.936Z debug
-- END CF API RESPONSE
---

--- 2026-01-02T06:29:31.937Z debug
result: { successful_key_count: 1, unsuccessful_keys: [] }
---

--- 2026-01-02T06:29:35.438Z debug
-- START CF API RESPONSE: OK 200
---

--- 2026-01-02T06:29:35.439Z debug
HEADERS: omitted; set WRANGLER_LOG_SANITIZE=false to include sanitized data
---

--- 2026-01-02T06:29:35.439Z debug
RESPONSE: omitted; set WRANGLER_LOG_SANITIZE=false to include sanitized data
---

--- 2026-01-02T06:29:35.439Z debug
-- END CF API RESPONSE
---

--- 2026-01-02T06:29:35.440Z debug
result: { successful_key_count: 1, unsuccessful_keys: [] }
---

--- 2026-01-02T06:29:35.441Z log
✨ Success! Uploaded 2 files (4 already uploaded) (4.55 sec)

---

--- 2026-01-02T06:29:35.443Z debug
-- START CF API REQUEST: POST https://api.cloudflare.com/client/v4/pages/assets/upsert-hashes
---

--- 2026-01-02T06:29:35.443Z debug
QUERY STRING: omitted; set WRANGLER_LOG_SANITIZE=false to include sanitized data
---

--- 2026-01-02T06:29:35.443Z debug
HEADERS: omitted; set WRANGLER_LOG_SANITIZE=false to include sanitized data
---

--- 2026-01-02T06:29:35.443Z debug
INIT: omitted; set WRANGLER_LOG_SANITIZE=false to include sanitized data
---

--- 2026-01-02T06:29:35.443Z debug
-- END CF API REQUEST
---

--- 2026-01-02T06:29:35.751Z debug
-- START CF API RESPONSE: OK 200
---

--- 2026-01-02T06:29:35.752Z debug
HEADERS: omitted; set WRANGLER_LOG_SANITIZE=false to include sanitized data
---

--- 2026-01-02T06:29:35.752Z debug
RESPONSE: omitted; set WRANGLER_LOG_SANITIZE=false to include sanitized data
---

--- 2026-01-02T06:29:35.752Z debug
-- END CF API RESPONSE
---

--- 2026-01-02T06:29:35.754Z log
✨ Uploading _headers
---

--- 2026-01-02T06:29:35.755Z log
✨ Uploading _redirects
---

--- 2026-01-02T06:29:35.759Z debug
-- START CF API REQUEST: POST https://api.cloudflare.com/client/v4/accounts/f006ec5b85550c77e565a3f9f99a35c0/pages/projects/passvault-frontend/deployments
---

--- 2026-01-02T06:29:35.759Z debug
QUERY STRING: omitted; set WRANGLER_LOG_SANITIZE=false to include sanitized data
---

--- 2026-01-02T06:29:35.759Z debug
HEADERS: omitted; set WRANGLER_LOG_SANITIZE=false to include sanitized data
---

--- 2026-01-02T06:29:35.759Z debug
INIT: omitted; set WRANGLER_LOG_SANITIZE=false to include sanitized data
---

--- 2026-01-02T06:29:35.772Z debug
BODY: omitted; set WRANGLER_LOG_SANITIZE=false to include sanitized data
---

--- 2026-01-02T06:29:35.772Z debug
-- END CF API REQUEST
---

--- 2026-01-02T06:29:38.088Z debug
-- START CF API RESPONSE: OK 200
---

--- 2026-01-02T06:29:38.089Z debug
HEADERS: omitted; set WRANGLER_LOG_SANITIZE=false to include sanitized data
---

--- 2026-01-02T06:29:38.089Z debug
RESPONSE: omitted; set WRANGLER_LOG_SANITIZE=false to include sanitized data
---

--- 2026-01-02T06:29:38.089Z debug
-- END CF API RESPONSE
---

--- 2026-01-02T06:29:38.092Z debug
Saving to cache: {"account_id":"f006ec5b85550c77e565a3f9f99a35c0","project_name":"passvault-frontend"}
---

--- 2026-01-02T06:29:38.093Z log
🌎 Deploying...
---

--- 2026-01-02T06:29:39.097Z debug
attempt #1: Attempting to fetch status for deployment with id "767e8d55-bba7-436b-8beb-dbd66db7f984" ...
---

--- 2026-01-02T06:29:39.100Z debug
-- START CF API REQUEST: GET https://api.cloudflare.com/client/v4/accounts/f006ec5b85550c77e565a3f9f99a35c0/pages/projects/passvault-frontend/deployments/767e8d55-bba7-436b-8beb-dbd66db7f984
---

--- 2026-01-02T06:29:39.100Z debug
QUERY STRING: omitted; set WRANGLER_LOG_SANITIZE=false to include sanitized data
---

--- 2026-01-02T06:29:39.101Z debug
HEADERS: omitted; set WRANGLER_LOG_SANITIZE=false to include sanitized data
---

--- 2026-01-02T06:29:39.101Z debug
INIT: omitted; set WRANGLER_LOG_SANITIZE=false to include sanitized data
---

--- 2026-01-02T06:29:39.102Z debug
-- END CF API REQUEST
---

--- 2026-01-02T06:29:40.837Z debug
-- START CF API RESPONSE: OK 200
---

--- 2026-01-02T06:29:40.838Z debug
HEADERS: omitted; set WRANGLER_LOG_SANITIZE=false to include sanitized data
---

--- 2026-01-02T06:29:40.838Z debug
RESPONSE: omitted; set WRANGLER_LOG_SANITIZE=false to include sanitized data
---

--- 2026-01-02T06:29:40.838Z debug
-- END CF API RESPONSE
---

--- 2026-01-02T06:29:40.841Z log
✨ Deployment complete! Take a peek over at https://767e8d55.passvault-frontend.pages.dev
---

--- 2026-01-02T06:29:40.843Z debug
Metrics dispatcher: Posting data {"deviceId":"d39dff02-21f2-40cf-941a-454076f127d1","event":"create pages deployment","timestamp":1767335380843,"properties":{"category":"Workers","wranglerVersion":"4.53.0","os":"linux:x64"}}
---

--- 2026-01-02T06:29:40.855Z debug
Metrics dispatcher: Posting data {"deviceId":"d39dff02-21f2-40cf-941a-454076f127d1","event":"wrangler command completed","timestamp":1767335380855,"properties":{"amplitude_session_id":1767335365158,"amplitude_event_id":1,"wranglerVersion":"4.53.0","osPlatform":"Linux","osVersion":"#1 SMP PREEMPT_DYNAMIC Thu Jun  5 18:30:46 UTC 2025","nodeVersion":22,"packageManager":"npm","isFirstUsage":false,"configFileType":"toml","isCI":false,"isPagesCI":false,"isWorkersCI":false,"isInteractive":true,"hasAssets":false,"argsUsed":[],"argsCombination":"","command":"wrangler pages deploy","args":{},"durationMs":15822,"durationSeconds":15.822,"durationMinutes":0.2637}}
---
