
--- 2025-12-25T17:10:34.856Z debug
🪵  Writing logs to "/home/hades/.config/.wrangler/logs/wrangler-2025-12-25_17-10-33_547.log"
---

--- 2025-12-25T17:10:34.856Z debug
Metrics dispatcher: Posting data {"deviceId":"d39dff02-21f2-40cf-941a-454076f127d1","event":"wrangler command started","timestamp":1766682634855,"properties":{"amplitude_session_id":1766682634850,"amplitude_event_id":0,"wranglerVersion":"4.53.0","osPlatform":"Linux","osVersion":"#1 SMP PREEMPT_DYNAMIC Thu Jun  5 18:30:46 UTC 2025","nodeVersion":22,"isFirstUsage":false,"configFileType":"none","isCI":false,"isPagesCI":false,"isWorkersCI":false,"isInteractive":true,"hasAssets":false,"argsUsed":["remote"],"argsCombination":"remote","command":"wrangler d1 execute","args":{}}}
---

--- 2025-12-25T17:10:34.892Z debug
.env file not found at "/home/hades/FUN/tempmail/lexa_tempmail/worker/.env". Continuing... For more details, refer to https://developers.cloudflare.com/workers/wrangler/system-environment-variables/
---

--- 2025-12-25T17:10:34.893Z debug
.env file not found at "/home/hades/FUN/tempmail/lexa_tempmail/worker/.env.local". Continuing... For more details, refer to https://developers.cloudflare.com/workers/wrangler/system-environment-variables/
---

--- 2025-12-25T17:10:34.993Z log

 ⛅️ wrangler 4.53.0 (update available 4.54.0)
─────────────────────────────────────────────
---

--- 2025-12-25T17:10:34.997Z log
Resource location: remote 

---

--- 2025-12-25T17:11:10.205Z debug
No folder available to cache configuration
---

--- 2025-12-25T17:11:10.210Z debug
-- START CF API REQUEST: GET https://api.cloudflare.com/client/v4/memberships
---

--- 2025-12-25T17:11:10.210Z debug
QUERY STRING: omitted; set WRANGLER_LOG_SANITIZE=false to include sanitized data
---

--- 2025-12-25T17:11:10.213Z debug
HEADERS: omitted; set WRANGLER_LOG_SANITIZE=false to include sanitized data
---

--- 2025-12-25T17:11:10.214Z debug
INIT: omitted; set WRANGLER_LOG_SANITIZE=false to include sanitized data
---

--- 2025-12-25T17:11:10.214Z debug
-- END CF API REQUEST
---

--- 2025-12-25T17:11:10.927Z debug
-- START CF API RESPONSE: OK 200
---

--- 2025-12-25T17:11:10.929Z debug
HEADERS: omitted; set WRANGLER_LOG_SANITIZE=false to include sanitized data
---

--- 2025-12-25T17:11:10.929Z debug
RESPONSE: omitted; set WRANGLER_LOG_SANITIZE=false to include sanitized data
---

--- 2025-12-25T17:11:10.929Z debug
-- END CF API RESPONSE
---

--- 2025-12-25T17:11:10.938Z debug
-- START CF API REQUEST: GET https://api.cloudflare.com/client/v4/accounts/f006ec5b85550c77e565a3f9f99a35c0/d1/database
---

--- 2025-12-25T17:11:10.939Z debug
QUERY STRING: omitted; set WRANGLER_LOG_SANITIZE=false to include sanitized data
---

--- 2025-12-25T17:11:10.939Z debug
HEADERS: omitted; set WRANGLER_LOG_SANITIZE=false to include sanitized data
---

--- 2025-12-25T17:11:10.939Z debug
INIT: omitted; set WRANGLER_LOG_SANITIZE=false to include sanitized data
---

--- 2025-12-25T17:11:10.939Z debug
-- END CF API REQUEST
---

--- 2025-12-25T17:11:11.482Z debug
-- START CF API RESPONSE: OK 200
---

--- 2025-12-25T17:11:11.482Z debug
HEADERS: omitted; set WRANGLER_LOG_SANITIZE=false to include sanitized data
---

--- 2025-12-25T17:11:11.482Z debug
RESPONSE: omitted; set WRANGLER_LOG_SANITIZE=false to include sanitized data
---

--- 2025-12-25T17:11:11.482Z debug
-- END CF API RESPONSE
---

--- 2025-12-25T17:11:11.484Z log
🌀 Executing on remote database lexa-tempmail-dev (dbfa8829-0c75-414c-9f2d-05d71d4ad053):
---

--- 2025-12-25T17:11:11.484Z log
🌀 To execute on your local development database, remove the --remote flag from your wrangler command.
---

--- 2025-12-25T17:11:11.495Z log
Note: if the execution fails to complete, your DB will return to its original state and you can safely retry.
---

--- 2025-12-25T17:11:11.500Z debug
-- START CF API REQUEST: POST https://api.cloudflare.com/client/v4/accounts/f006ec5b85550c77e565a3f9f99a35c0/d1/database/dbfa8829-0c75-414c-9f2d-05d71d4ad053/import
---

--- 2025-12-25T17:11:11.500Z debug
QUERY STRING: omitted; set WRANGLER_LOG_SANITIZE=false to include sanitized data
---

--- 2025-12-25T17:11:11.500Z debug
HEADERS: omitted; set WRANGLER_LOG_SANITIZE=false to include sanitized data
---

--- 2025-12-25T17:11:11.500Z debug
INIT: omitted; set WRANGLER_LOG_SANITIZE=false to include sanitized data
---

--- 2025-12-25T17:11:11.500Z debug
-- END CF API REQUEST
---

--- 2025-12-25T17:11:12.141Z debug
-- START CF API RESPONSE: OK 200
---

--- 2025-12-25T17:11:12.142Z debug
HEADERS: omitted; set WRANGLER_LOG_SANITIZE=false to include sanitized data
---

--- 2025-12-25T17:11:12.142Z debug
RESPONSE: omitted; set WRANGLER_LOG_SANITIZE=false to include sanitized data
---

--- 2025-12-25T17:11:12.142Z debug
-- END CF API RESPONSE
---

--- 2025-12-25T17:11:13.898Z debug
-- START CF API REQUEST: POST https://api.cloudflare.com/client/v4/accounts/f006ec5b85550c77e565a3f9f99a35c0/d1/database/dbfa8829-0c75-414c-9f2d-05d71d4ad053/import
---

--- 2025-12-25T17:11:13.899Z debug
QUERY STRING: omitted; set WRANGLER_LOG_SANITIZE=false to include sanitized data
---

--- 2025-12-25T17:11:13.899Z debug
HEADERS: omitted; set WRANGLER_LOG_SANITIZE=false to include sanitized data
---

--- 2025-12-25T17:11:13.899Z debug
INIT: omitted; set WRANGLER_LOG_SANITIZE=false to include sanitized data
---

--- 2025-12-25T17:11:13.899Z debug
-- END CF API REQUEST
---

--- 2025-12-25T17:11:14.833Z debug
-- START CF API RESPONSE: OK 200
---

--- 2025-12-25T17:11:14.834Z debug
HEADERS: omitted; set WRANGLER_LOG_SANITIZE=false to include sanitized data
---

--- 2025-12-25T17:11:14.834Z debug
RESPONSE: omitted; set WRANGLER_LOG_SANITIZE=false to include sanitized data
---

--- 2025-12-25T17:11:14.834Z debug
-- END CF API RESPONSE
---

--- 2025-12-25T17:11:14.835Z log
🌀 Starting import...
---

--- 2025-12-25T17:11:14.836Z log
🌀 Processed 26 queries.
---

--- 2025-12-25T17:11:14.837Z log
🚣 Executed 26 queries in 6.15ms (43 rows read, 45 rows written)
   Database is currently at bookmark 00000000-0000000b-00004fdf-eba291f4254045d4c10e0450c1f0bd0e.
---

--- 2025-12-25T17:11:14.879Z log
┌────────────────────────┬───────────┬──────────────┬────────────────────┐
│ Total queries executed │ Rows read │ Rows written │ Database size (MB) │
├────────────────────────┼───────────┼──────────────┼────────────────────┤
│ 26                     │ 43        │ 45           │ 0.16               │
└────────────────────────┴───────────┴──────────────┴────────────────────┘
---

--- 2025-12-25T17:11:14.887Z debug
Metrics dispatcher: Posting data {"deviceId":"d39dff02-21f2-40cf-941a-454076f127d1","event":"wrangler command completed","timestamp":1766682674886,"properties":{"amplitude_session_id":1766682634850,"amplitude_event_id":1,"wranglerVersion":"4.53.0","osPlatform":"Linux","osVersion":"#1 SMP PREEMPT_DYNAMIC Thu Jun  5 18:30:46 UTC 2025","nodeVersion":22,"isFirstUsage":false,"configFileType":"none","isCI":false,"isPagesCI":false,"isWorkersCI":false,"isInteractive":true,"hasAssets":false,"argsUsed":["remote"],"argsCombination":"remote","command":"wrangler d1 execute","args":{},"durationMs":40182,"durationSeconds":40.182,"durationMinutes":0.6697000000000001}}
---
