
--- 2025-12-25T20:13:01.361Z debug
🪵  Writing logs to "/home/hades/.config/.wrangler/logs/wrangler-2025-12-25_20-13-00_174.log"
---

--- 2025-12-25T20:13:01.360Z debug
Metrics dispatcher: Posting data {"deviceId":"d39dff02-21f2-40cf-941a-454076f127d1","event":"wrangler command started","timestamp":1766693581360,"properties":{"amplitude_session_id":1766693581354,"amplitude_event_id":0,"wranglerVersion":"4.53.0","osPlatform":"Linux","osVersion":"#1 SMP PREEMPT_DYNAMIC Thu Jun  5 18:30:46 UTC 2025","nodeVersion":22,"packageManager":"npm","isFirstUsage":false,"configFileType":"none","isCI":false,"isPagesCI":false,"isWorkersCI":false,"isInteractive":true,"hasAssets":false,"argsUsed":[],"argsCombination":"","command":"wrangler pages deploy","args":{}}}
---

--- 2025-12-25T20:13:01.408Z debug
.env file not found at "/home/hades/FUN/tempmail/vaultnotes-beta/.env.local". Continuing... For more details, refer to https://developers.cloudflare.com/workers/wrangler/system-environment-variables/
---

--- 2025-12-25T20:13:12.856Z log

 ⛅️ wrangler 4.53.0 (update available 4.54.0)
─────────────────────────────────────────────
---

--- 2025-12-25T20:13:12.920Z debug
fetching auth token grant_type=refresh_token&refresh_token=QBDzU1lgtPBTTkXKHL9JBwVMeg9BoXQ4BYAtUM7D5lU.gR5rw2irH9Q7fGZMjwqRkYY6BrWR6VieiXtdk6yULWk&client_id=54d11594-84e4-41aa-b438-e81b8fa78ee7
---

--- 2025-12-25T20:13:12.921Z debug
Checking if domain has Access enabled: dash.cloudflare.com
---

--- 2025-12-25T20:13:12.921Z debug
Access switch not cached for: dash.cloudflare.com
---

--- 2025-12-25T20:13:13.086Z debug
Caching access switch for: dash.cloudflare.com
---

--- 2025-12-25T20:13:13.087Z debug
Fetching auth token from https://dash.cloudflare.com/oauth2/token
---

--- 2025-12-25T20:13:14.059Z debug
-- START CF API REQUEST: GET https://api.cloudflare.com/client/v4/memberships
---

--- 2025-12-25T20:13:14.060Z debug
QUERY STRING: omitted; set WRANGLER_LOG_SANITIZE=false to include sanitized data
---

--- 2025-12-25T20:13:14.061Z debug
HEADERS: omitted; set WRANGLER_LOG_SANITIZE=false to include sanitized data
---

--- 2025-12-25T20:13:14.061Z debug
INIT: omitted; set WRANGLER_LOG_SANITIZE=false to include sanitized data
---

--- 2025-12-25T20:13:14.061Z debug
-- END CF API REQUEST
---

--- 2025-12-25T20:13:15.809Z debug
-- START CF API RESPONSE: OK 200
---

--- 2025-12-25T20:13:15.811Z debug
HEADERS: omitted; set WRANGLER_LOG_SANITIZE=false to include sanitized data
---

--- 2025-12-25T20:13:15.811Z debug
RESPONSE: omitted; set WRANGLER_LOG_SANITIZE=false to include sanitized data
---

--- 2025-12-25T20:13:15.811Z debug
-- END CF API RESPONSE
---

--- 2025-12-25T20:13:15.827Z debug
Saving to cache: {"account":{"id":"f006ec5b85550c77e565a3f9f99a35c0","name":"Dwirxx@gmail.com's Account"}}
---

--- 2025-12-25T20:13:15.871Z debug
-- START CF API REQUEST: GET https://api.cloudflare.com/client/v4/accounts/f006ec5b85550c77e565a3f9f99a35c0/pages/projects/leafvault-app
---

--- 2025-12-25T20:13:15.871Z debug
QUERY STRING: omitted; set WRANGLER_LOG_SANITIZE=false to include sanitized data
---

--- 2025-12-25T20:13:15.871Z debug
HEADERS: omitted; set WRANGLER_LOG_SANITIZE=false to include sanitized data
---

--- 2025-12-25T20:13:15.871Z debug
INIT: omitted; set WRANGLER_LOG_SANITIZE=false to include sanitized data
---

--- 2025-12-25T20:13:15.871Z debug
-- END CF API REQUEST
---

--- 2025-12-25T20:13:17.274Z debug
-- START CF API RESPONSE: OK 200
---

--- 2025-12-25T20:13:17.275Z debug
HEADERS: omitted; set WRANGLER_LOG_SANITIZE=false to include sanitized data
---

--- 2025-12-25T20:13:17.276Z debug
RESPONSE: omitted; set WRANGLER_LOG_SANITIZE=false to include sanitized data
---

--- 2025-12-25T20:13:17.276Z debug
-- END CF API RESPONSE
---

--- 2025-12-25T20:13:17.443Z debug
-- START CF API REQUEST: GET https://api.cloudflare.com/client/v4/accounts/f006ec5b85550c77e565a3f9f99a35c0/pages/projects/leafvault-app
---

--- 2025-12-25T20:13:17.443Z debug
QUERY STRING: omitted; set WRANGLER_LOG_SANITIZE=false to include sanitized data
---

--- 2025-12-25T20:13:17.443Z debug
HEADERS: omitted; set WRANGLER_LOG_SANITIZE=false to include sanitized data
---

--- 2025-12-25T20:13:17.444Z debug
INIT: omitted; set WRANGLER_LOG_SANITIZE=false to include sanitized data
---

--- 2025-12-25T20:13:17.444Z debug
-- END CF API REQUEST
---

--- 2025-12-25T20:13:18.861Z debug
-- START CF API RESPONSE: OK 200
---

--- 2025-12-25T20:13:18.867Z debug
HEADERS: omitted; set WRANGLER_LOG_SANITIZE=false to include sanitized data
---

--- 2025-12-25T20:13:18.867Z debug
RESPONSE: omitted; set WRANGLER_LOG_SANITIZE=false to include sanitized data
---

--- 2025-12-25T20:13:18.867Z debug
-- END CF API RESPONSE
---

--- 2025-12-25T20:13:19.060Z debug
-- START CF API REQUEST: GET https://api.cloudflare.com/client/v4/accounts/f006ec5b85550c77e565a3f9f99a35c0/pages/projects/leafvault-app/upload-token
---

--- 2025-12-25T20:13:19.060Z debug
QUERY STRING: omitted; set WRANGLER_LOG_SANITIZE=false to include sanitized data
---

--- 2025-12-25T20:13:19.060Z debug
HEADERS: omitted; set WRANGLER_LOG_SANITIZE=false to include sanitized data
---

--- 2025-12-25T20:13:19.060Z debug
INIT: omitted; set WRANGLER_LOG_SANITIZE=false to include sanitized data
---

--- 2025-12-25T20:13:19.060Z debug
-- END CF API REQUEST
---

--- 2025-12-25T20:13:20.708Z debug
-- START CF API RESPONSE: OK 200
---

--- 2025-12-25T20:13:20.708Z debug
HEADERS: omitted; set WRANGLER_LOG_SANITIZE=false to include sanitized data
---

--- 2025-12-25T20:13:20.709Z debug
RESPONSE: omitted; set WRANGLER_LOG_SANITIZE=false to include sanitized data
---

--- 2025-12-25T20:13:20.709Z debug
-- END CF API RESPONSE
---

--- 2025-12-25T20:13:20.710Z debug
-- START CF API REQUEST: POST https://api.cloudflare.com/client/v4/pages/assets/check-missing
---

--- 2025-12-25T20:13:20.710Z debug
QUERY STRING: omitted; set WRANGLER_LOG_SANITIZE=false to include sanitized data
---

--- 2025-12-25T20:13:20.710Z debug
HEADERS: omitted; set WRANGLER_LOG_SANITIZE=false to include sanitized data
---

--- 2025-12-25T20:13:20.710Z debug
INIT: omitted; set WRANGLER_LOG_SANITIZE=false to include sanitized data
---

--- 2025-12-25T20:13:20.710Z debug
-- END CF API REQUEST
---

--- 2025-12-25T20:13:21.278Z debug
-- START CF API RESPONSE: OK 200
---

--- 2025-12-25T20:13:21.279Z debug
HEADERS: omitted; set WRANGLER_LOG_SANITIZE=false to include sanitized data
---

--- 2025-12-25T20:13:21.279Z debug
RESPONSE: omitted; set WRANGLER_LOG_SANITIZE=false to include sanitized data
---

--- 2025-12-25T20:13:21.279Z debug
-- END CF API RESPONSE
---

--- 2025-12-25T20:13:21.307Z debug
POST /pages/assets/upload
---

--- 2025-12-25T20:13:21.310Z debug
-- START CF API REQUEST: POST https://api.cloudflare.com/client/v4/pages/assets/upload
---

--- 2025-12-25T20:13:21.310Z debug
QUERY STRING: omitted; set WRANGLER_LOG_SANITIZE=false to include sanitized data
---

--- 2025-12-25T20:13:21.310Z debug
HEADERS: omitted; set WRANGLER_LOG_SANITIZE=false to include sanitized data
---

--- 2025-12-25T20:13:21.312Z debug
INIT: omitted; set WRANGLER_LOG_SANITIZE=false to include sanitized data
---

--- 2025-12-25T20:13:21.312Z debug
-- END CF API REQUEST
---

--- 2025-12-25T20:13:21.327Z debug
POST /pages/assets/upload
---

--- 2025-12-25T20:13:21.328Z debug
-- START CF API REQUEST: POST https://api.cloudflare.com/client/v4/pages/assets/upload
---

--- 2025-12-25T20:13:21.328Z debug
QUERY STRING: omitted; set WRANGLER_LOG_SANITIZE=false to include sanitized data
---

--- 2025-12-25T20:13:21.328Z debug
HEADERS: omitted; set WRANGLER_LOG_SANITIZE=false to include sanitized data
---

--- 2025-12-25T20:13:21.328Z debug
INIT: omitted; set WRANGLER_LOG_SANITIZE=false to include sanitized data
---

--- 2025-12-25T20:13:21.328Z debug
-- END CF API REQUEST
---

--- 2025-12-25T20:13:21.359Z debug
POST /pages/assets/upload
---

--- 2025-12-25T20:13:21.424Z debug
-- START CF API REQUEST: POST https://api.cloudflare.com/client/v4/pages/assets/upload
---

--- 2025-12-25T20:13:21.424Z debug
QUERY STRING: omitted; set WRANGLER_LOG_SANITIZE=false to include sanitized data
---

--- 2025-12-25T20:13:21.424Z debug
HEADERS: omitted; set WRANGLER_LOG_SANITIZE=false to include sanitized data
---

--- 2025-12-25T20:13:21.469Z debug
INIT: omitted; set WRANGLER_LOG_SANITIZE=false to include sanitized data
---

--- 2025-12-25T20:13:21.469Z debug
-- END CF API REQUEST
---

--- 2025-12-25T20:13:22.389Z debug
-- START CF API RESPONSE: OK 200
---

--- 2025-12-25T20:13:22.390Z debug
HEADERS: omitted; set WRANGLER_LOG_SANITIZE=false to include sanitized data
---

--- 2025-12-25T20:13:22.390Z debug
RESPONSE: omitted; set WRANGLER_LOG_SANITIZE=false to include sanitized data
---

--- 2025-12-25T20:13:22.390Z debug
-- END CF API RESPONSE
---

--- 2025-12-25T20:13:22.391Z debug
result: { successful_key_count: 3, unsuccessful_keys: [] }
---

--- 2025-12-25T20:13:23.878Z debug
-- START CF API RESPONSE: OK 200
---

--- 2025-12-25T20:13:23.879Z debug
HEADERS: omitted; set WRANGLER_LOG_SANITIZE=false to include sanitized data
---

--- 2025-12-25T20:13:23.879Z debug
RESPONSE: omitted; set WRANGLER_LOG_SANITIZE=false to include sanitized data
---

--- 2025-12-25T20:13:23.879Z debug
-- END CF API RESPONSE
---

--- 2025-12-25T20:13:23.880Z debug
result: { successful_key_count: 3, unsuccessful_keys: [] }
---

--- 2025-12-25T20:13:31.567Z debug
-- START CF API RESPONSE: OK 200
---

--- 2025-12-25T20:13:31.568Z debug
HEADERS: omitted; set WRANGLER_LOG_SANITIZE=false to include sanitized data
---

--- 2025-12-25T20:13:31.568Z debug
RESPONSE: omitted; set WRANGLER_LOG_SANITIZE=false to include sanitized data
---

--- 2025-12-25T20:13:31.568Z debug
-- END CF API RESPONSE
---

--- 2025-12-25T20:13:31.569Z debug
result: { successful_key_count: 3, unsuccessful_keys: [] }
---

--- 2025-12-25T20:13:31.571Z log
✨ Success! Uploaded 9 files (30 already uploaded) (10.86 sec)

---

--- 2025-12-25T20:13:31.587Z debug
-- START CF API REQUEST: POST https://api.cloudflare.com/client/v4/pages/assets/upsert-hashes
---

--- 2025-12-25T20:13:31.587Z debug
QUERY STRING: omitted; set WRANGLER_LOG_SANITIZE=false to include sanitized data
---

--- 2025-12-25T20:13:31.587Z debug
HEADERS: omitted; set WRANGLER_LOG_SANITIZE=false to include sanitized data
---

--- 2025-12-25T20:13:31.587Z debug
INIT: omitted; set WRANGLER_LOG_SANITIZE=false to include sanitized data
---

--- 2025-12-25T20:13:31.587Z debug
-- END CF API REQUEST
---

--- 2025-12-25T20:13:32.052Z debug
-- START CF API RESPONSE: OK 200
---

--- 2025-12-25T20:13:32.053Z debug
HEADERS: omitted; set WRANGLER_LOG_SANITIZE=false to include sanitized data
---

--- 2025-12-25T20:13:32.053Z debug
RESPONSE: omitted; set WRANGLER_LOG_SANITIZE=false to include sanitized data
---

--- 2025-12-25T20:13:32.053Z debug
-- END CF API RESPONSE
---

--- 2025-12-25T20:13:32.058Z log
✨ Uploading _headers
---

--- 2025-12-25T20:13:32.059Z log
✨ Uploading _redirects
---

--- 2025-12-25T20:13:32.060Z debug
-- START CF API REQUEST: POST https://api.cloudflare.com/client/v4/accounts/f006ec5b85550c77e565a3f9f99a35c0/pages/projects/leafvault-app/deployments
---

--- 2025-12-25T20:13:32.060Z debug
QUERY STRING: omitted; set WRANGLER_LOG_SANITIZE=false to include sanitized data
---

--- 2025-12-25T20:13:32.060Z debug
HEADERS: omitted; set WRANGLER_LOG_SANITIZE=false to include sanitized data
---

--- 2025-12-25T20:13:32.060Z debug
INIT: omitted; set WRANGLER_LOG_SANITIZE=false to include sanitized data
---

--- 2025-12-25T20:13:32.075Z debug
BODY: omitted; set WRANGLER_LOG_SANITIZE=false to include sanitized data
---

--- 2025-12-25T20:13:32.075Z debug
-- END CF API REQUEST
---

--- 2025-12-25T20:13:34.365Z debug
-- START CF API RESPONSE: OK 200
---

--- 2025-12-25T20:13:34.366Z debug
HEADERS: omitted; set WRANGLER_LOG_SANITIZE=false to include sanitized data
---

--- 2025-12-25T20:13:34.366Z debug
RESPONSE: omitted; set WRANGLER_LOG_SANITIZE=false to include sanitized data
---

--- 2025-12-25T20:13:34.366Z debug
-- END CF API RESPONSE
---

--- 2025-12-25T20:13:34.368Z debug
Saving to cache: {"account_id":"f006ec5b85550c77e565a3f9f99a35c0","project_name":"leafvault-app"}
---

--- 2025-12-25T20:13:34.369Z log
🌎 Deploying...
---

--- 2025-12-25T20:13:35.370Z debug
attempt #1: Attempting to fetch status for deployment with id "35741404-8ee8-4736-acdd-ba926e311754" ...
---

--- 2025-12-25T20:13:35.371Z debug
-- START CF API REQUEST: GET https://api.cloudflare.com/client/v4/accounts/f006ec5b85550c77e565a3f9f99a35c0/pages/projects/leafvault-app/deployments/35741404-8ee8-4736-acdd-ba926e311754
---

--- 2025-12-25T20:13:35.371Z debug
QUERY STRING: omitted; set WRANGLER_LOG_SANITIZE=false to include sanitized data
---

--- 2025-12-25T20:13:35.371Z debug
HEADERS: omitted; set WRANGLER_LOG_SANITIZE=false to include sanitized data
---

--- 2025-12-25T20:13:35.371Z debug
INIT: omitted; set WRANGLER_LOG_SANITIZE=false to include sanitized data
---

--- 2025-12-25T20:13:35.371Z debug
-- END CF API REQUEST
---

--- 2025-12-25T20:13:36.964Z debug
-- START CF API RESPONSE: OK 200
---

--- 2025-12-25T20:13:36.965Z debug
HEADERS: omitted; set WRANGLER_LOG_SANITIZE=false to include sanitized data
---

--- 2025-12-25T20:13:36.965Z debug
RESPONSE: omitted; set WRANGLER_LOG_SANITIZE=false to include sanitized data
---

--- 2025-12-25T20:13:36.965Z debug
-- END CF API RESPONSE
---

--- 2025-12-25T20:13:36.968Z log
✨ Deployment complete! Take a peek over at https://35741404.leafvault-app.pages.dev
---

--- 2025-12-25T20:13:36.971Z debug
Metrics dispatcher: Posting data {"deviceId":"d39dff02-21f2-40cf-941a-454076f127d1","event":"create pages deployment","timestamp":1766693616971,"properties":{"category":"Workers","wranglerVersion":"4.53.0","os":"linux:x64"}}
---

--- 2025-12-25T20:13:36.984Z debug
Metrics dispatcher: Posting data {"deviceId":"d39dff02-21f2-40cf-941a-454076f127d1","event":"wrangler command completed","timestamp":1766693616984,"properties":{"amplitude_session_id":1766693581354,"amplitude_event_id":1,"wranglerVersion":"4.53.0","osPlatform":"Linux","osVersion":"#1 SMP PREEMPT_DYNAMIC Thu Jun  5 18:30:46 UTC 2025","nodeVersion":22,"packageManager":"npm","isFirstUsage":false,"configFileType":"none","isCI":false,"isPagesCI":false,"isWorkersCI":false,"isInteractive":true,"hasAssets":false,"argsUsed":[],"argsCombination":"","command":"wrangler pages deploy","args":{},"durationMs":35799,"durationSeconds":35.799,"durationMinutes":0.59665}}
---
