
--- 2025-12-26T05:37:42.978Z debug
🪵  Writing logs to "/home/hades/.config/.wrangler/logs/wrangler-2025-12-26_05-37-42_075.log"
---

--- 2025-12-26T05:37:42.977Z debug
Metrics dispatcher: Posting data {"deviceId":"d39dff02-21f2-40cf-941a-454076f127d1","event":"wrangler command started","timestamp":1766727462977,"properties":{"amplitude_session_id":1766727462972,"amplitude_event_id":0,"wranglerVersion":"4.53.0","osPlatform":"Linux","osVersion":"#1 SMP PREEMPT_DYNAMIC Thu Jun  5 18:30:46 UTC 2025","nodeVersion":22,"packageManager":"npm","isFirstUsage":false,"configFileType":"none","isCI":false,"isPagesCI":false,"isWorkersCI":false,"isInteractive":true,"hasAssets":false,"argsUsed":[],"argsCombination":"","command":"wrangler pages deploy","args":{}}}
---

--- 2025-12-26T05:37:43.023Z debug
.env file not found at "/home/hades/FUN/tempmail/vaultnotes-beta/.env.local". Continuing... For more details, refer to https://developers.cloudflare.com/workers/wrangler/system-environment-variables/
---

--- 2025-12-26T05:37:43.157Z log

 ⛅️ wrangler 4.53.0 (update available 4.54.0)
─────────────────────────────────────────────
---

--- 2025-12-26T05:37:43.268Z debug
Retrieving cached values for account_id and project_name from node_modules/.cache/wrangler
---

--- 2025-12-26T05:37:43.271Z debug
-- START CF API REQUEST: GET https://api.cloudflare.com/client/v4/accounts/f006ec5b85550c77e565a3f9f99a35c0/pages/projects/leafvault-notes
---

--- 2025-12-26T05:37:43.272Z debug
QUERY STRING: omitted; set WRANGLER_LOG_SANITIZE=false to include sanitized data
---

--- 2025-12-26T05:37:43.273Z debug
HEADERS: omitted; set WRANGLER_LOG_SANITIZE=false to include sanitized data
---

--- 2025-12-26T05:37:43.273Z debug
INIT: omitted; set WRANGLER_LOG_SANITIZE=false to include sanitized data
---

--- 2025-12-26T05:37:43.273Z debug
-- END CF API REQUEST
---

--- 2025-12-26T05:37:44.977Z debug
-- START CF API RESPONSE: OK 200
---

--- 2025-12-26T05:37:44.982Z debug
HEADERS: omitted; set WRANGLER_LOG_SANITIZE=false to include sanitized data
---

--- 2025-12-26T05:37:44.982Z debug
RESPONSE: omitted; set WRANGLER_LOG_SANITIZE=false to include sanitized data
---

--- 2025-12-26T05:37:44.982Z debug
-- END CF API RESPONSE
---

--- 2025-12-26T05:37:45.099Z debug
-- START CF API REQUEST: GET https://api.cloudflare.com/client/v4/accounts/f006ec5b85550c77e565a3f9f99a35c0/pages/projects/leafvault-notes
---

--- 2025-12-26T05:37:45.099Z debug
QUERY STRING: omitted; set WRANGLER_LOG_SANITIZE=false to include sanitized data
---

--- 2025-12-26T05:37:45.099Z debug
HEADERS: omitted; set WRANGLER_LOG_SANITIZE=false to include sanitized data
---

--- 2025-12-26T05:37:45.099Z debug
INIT: omitted; set WRANGLER_LOG_SANITIZE=false to include sanitized data
---

--- 2025-12-26T05:37:45.099Z debug
-- END CF API REQUEST
---

--- 2025-12-26T05:37:46.751Z debug
-- START CF API RESPONSE: OK 200
---

--- 2025-12-26T05:37:46.752Z debug
HEADERS: omitted; set WRANGLER_LOG_SANITIZE=false to include sanitized data
---

--- 2025-12-26T05:37:46.752Z debug
RESPONSE: omitted; set WRANGLER_LOG_SANITIZE=false to include sanitized data
---

--- 2025-12-26T05:37:46.752Z debug
-- END CF API RESPONSE
---

--- 2025-12-26T05:37:46.854Z debug
-- START CF API REQUEST: GET https://api.cloudflare.com/client/v4/accounts/f006ec5b85550c77e565a3f9f99a35c0/pages/projects/leafvault-notes/upload-token
---

--- 2025-12-26T05:37:46.854Z debug
QUERY STRING: omitted; set WRANGLER_LOG_SANITIZE=false to include sanitized data
---

--- 2025-12-26T05:37:46.855Z debug
HEADERS: omitted; set WRANGLER_LOG_SANITIZE=false to include sanitized data
---

--- 2025-12-26T05:37:46.855Z debug
INIT: omitted; set WRANGLER_LOG_SANITIZE=false to include sanitized data
---

--- 2025-12-26T05:37:46.855Z debug
-- END CF API REQUEST
---

--- 2025-12-26T05:37:48.368Z debug
-- START CF API RESPONSE: OK 200
---

--- 2025-12-26T05:37:48.369Z debug
HEADERS: omitted; set WRANGLER_LOG_SANITIZE=false to include sanitized data
---

--- 2025-12-26T05:37:48.369Z debug
RESPONSE: omitted; set WRANGLER_LOG_SANITIZE=false to include sanitized data
---

--- 2025-12-26T05:37:48.369Z debug
-- END CF API RESPONSE
---

--- 2025-12-26T05:37:48.372Z debug
-- START CF API REQUEST: POST https://api.cloudflare.com/client/v4/pages/assets/check-missing
---

--- 2025-12-26T05:37:48.374Z debug
QUERY STRING: omitted; set WRANGLER_LOG_SANITIZE=false to include sanitized data
---

--- 2025-12-26T05:37:48.375Z debug
HEADERS: omitted; set WRANGLER_LOG_SANITIZE=false to include sanitized data
---

--- 2025-12-26T05:37:48.375Z debug
INIT: omitted; set WRANGLER_LOG_SANITIZE=false to include sanitized data
---

--- 2025-12-26T05:37:48.376Z debug
-- END CF API REQUEST
---

--- 2025-12-26T05:37:48.719Z debug
-- START CF API RESPONSE: OK 200
---

--- 2025-12-26T05:37:48.720Z debug
HEADERS: omitted; set WRANGLER_LOG_SANITIZE=false to include sanitized data
---

--- 2025-12-26T05:37:48.720Z debug
RESPONSE: omitted; set WRANGLER_LOG_SANITIZE=false to include sanitized data
---

--- 2025-12-26T05:37:48.720Z debug
-- END CF API RESPONSE
---

--- 2025-12-26T05:37:48.724Z log
✨ Success! Uploaded 0 files (39 already uploaded) (0.35 sec)

---

--- 2025-12-26T05:37:48.726Z debug
-- START CF API REQUEST: POST https://api.cloudflare.com/client/v4/pages/assets/upsert-hashes
---

--- 2025-12-26T05:37:48.726Z debug
QUERY STRING: omitted; set WRANGLER_LOG_SANITIZE=false to include sanitized data
---

--- 2025-12-26T05:37:48.726Z debug
HEADERS: omitted; set WRANGLER_LOG_SANITIZE=false to include sanitized data
---

--- 2025-12-26T05:37:48.726Z debug
INIT: omitted; set WRANGLER_LOG_SANITIZE=false to include sanitized data
---

--- 2025-12-26T05:37:48.726Z debug
-- END CF API REQUEST
---

--- 2025-12-26T05:37:49.086Z debug
-- START CF API RESPONSE: OK 200
---

--- 2025-12-26T05:37:49.087Z debug
HEADERS: omitted; set WRANGLER_LOG_SANITIZE=false to include sanitized data
---

--- 2025-12-26T05:37:49.087Z debug
RESPONSE: omitted; set WRANGLER_LOG_SANITIZE=false to include sanitized data
---

--- 2025-12-26T05:37:49.087Z debug
-- END CF API RESPONSE
---

--- 2025-12-26T05:37:49.089Z log
✨ Uploading _headers
---

--- 2025-12-26T05:37:49.090Z log
✨ Uploading _redirects
---

--- 2025-12-26T05:37:49.091Z debug
-- START CF API REQUEST: POST https://api.cloudflare.com/client/v4/accounts/f006ec5b85550c77e565a3f9f99a35c0/pages/projects/leafvault-notes/deployments
---

--- 2025-12-26T05:37:49.091Z debug
QUERY STRING: omitted; set WRANGLER_LOG_SANITIZE=false to include sanitized data
---

--- 2025-12-26T05:37:49.091Z debug
HEADERS: omitted; set WRANGLER_LOG_SANITIZE=false to include sanitized data
---

--- 2025-12-26T05:37:49.092Z debug
INIT: omitted; set WRANGLER_LOG_SANITIZE=false to include sanitized data
---

--- 2025-12-26T05:37:49.104Z debug
BODY: omitted; set WRANGLER_LOG_SANITIZE=false to include sanitized data
---

--- 2025-12-26T05:37:49.104Z debug
-- END CF API REQUEST
---

--- 2025-12-26T05:37:51.327Z debug
-- START CF API RESPONSE: OK 200
---

--- 2025-12-26T05:37:51.328Z debug
HEADERS: omitted; set WRANGLER_LOG_SANITIZE=false to include sanitized data
---

--- 2025-12-26T05:37:51.328Z debug
RESPONSE: omitted; set WRANGLER_LOG_SANITIZE=false to include sanitized data
---

--- 2025-12-26T05:37:51.328Z debug
-- END CF API RESPONSE
---

--- 2025-12-26T05:37:51.330Z debug
Saving to cache: {"account_id":"f006ec5b85550c77e565a3f9f99a35c0","project_name":"leafvault-notes"}
---

--- 2025-12-26T05:37:51.331Z log
🌎 Deploying...
---

--- 2025-12-26T05:37:52.334Z debug
attempt #1: Attempting to fetch status for deployment with id "0c137e16-6c40-4cda-8420-5bf98e6a94ad" ...
---

--- 2025-12-26T05:37:52.334Z debug
-- START CF API REQUEST: GET https://api.cloudflare.com/client/v4/accounts/f006ec5b85550c77e565a3f9f99a35c0/pages/projects/leafvault-notes/deployments/0c137e16-6c40-4cda-8420-5bf98e6a94ad
---

--- 2025-12-26T05:37:52.334Z debug
QUERY STRING: omitted; set WRANGLER_LOG_SANITIZE=false to include sanitized data
---

--- 2025-12-26T05:37:52.335Z debug
HEADERS: omitted; set WRANGLER_LOG_SANITIZE=false to include sanitized data
---

--- 2025-12-26T05:37:52.335Z debug
INIT: omitted; set WRANGLER_LOG_SANITIZE=false to include sanitized data
---

--- 2025-12-26T05:37:52.335Z debug
-- END CF API REQUEST
---

--- 2025-12-26T05:37:53.955Z debug
-- START CF API RESPONSE: OK 200
---

--- 2025-12-26T05:37:53.955Z debug
HEADERS: omitted; set WRANGLER_LOG_SANITIZE=false to include sanitized data
---

--- 2025-12-26T05:37:53.955Z debug
RESPONSE: omitted; set WRANGLER_LOG_SANITIZE=false to include sanitized data
---

--- 2025-12-26T05:37:53.955Z debug
-- END CF API RESPONSE
---

--- 2025-12-26T05:37:53.958Z log
✨ Deployment complete! Take a peek over at https://0c137e16.leafvault-notes.pages.dev
---

--- 2025-12-26T05:37:53.960Z debug
Metrics dispatcher: Posting data {"deviceId":"d39dff02-21f2-40cf-941a-454076f127d1","event":"create pages deployment","timestamp":1766727473960,"properties":{"category":"Workers","wranglerVersion":"4.53.0","os":"linux:x64"}}
---

--- 2025-12-26T05:37:53.973Z debug
Metrics dispatcher: Posting data {"deviceId":"d39dff02-21f2-40cf-941a-454076f127d1","event":"wrangler command completed","timestamp":1766727473973,"properties":{"amplitude_session_id":1766727462972,"amplitude_event_id":1,"wranglerVersion":"4.53.0","osPlatform":"Linux","osVersion":"#1 SMP PREEMPT_DYNAMIC Thu Jun  5 18:30:46 UTC 2025","nodeVersion":22,"packageManager":"npm","isFirstUsage":false,"configFileType":"none","isCI":false,"isPagesCI":false,"isWorkersCI":false,"isInteractive":true,"hasAssets":false,"argsUsed":[],"argsCombination":"","command":"wrangler pages deploy","args":{},"durationMs":11137,"durationSeconds":11.137,"durationMinutes":0.18561666666666668}}
---
