
--- 2025-12-25T18:34:35.470Z debug
🪵  Writing logs to "/home/hades/.config/.wrangler/logs/wrangler-2025-12-25_18-34-34_501.log"
---

--- 2025-12-25T18:34:35.470Z debug
Metrics dispatcher: Posting data {"deviceId":"d39dff02-21f2-40cf-941a-454076f127d1","event":"wrangler command started","timestamp":1766687675469,"properties":{"amplitude_session_id":1766687675461,"amplitude_event_id":0,"wranglerVersion":"4.53.0","osPlatform":"Linux","osVersion":"#1 SMP PREEMPT_DYNAMIC Thu Jun  5 18:30:46 UTC 2025","nodeVersion":22,"isFirstUsage":false,"configFileType":"none","isCI":false,"isPagesCI":false,"isWorkersCI":false,"isInteractive":true,"hasAssets":false,"argsUsed":[],"argsCombination":"","command":"wrangler pages deploy","args":{}}}
---

--- 2025-12-25T18:34:35.527Z debug
.env file not found at "/home/hades/FUN/tempmail/lexa_tempmail/frontend/.env.local". Continuing... For more details, refer to https://developers.cloudflare.com/workers/wrangler/system-environment-variables/
---

--- 2025-12-25T18:34:35.630Z log

 ⛅️ wrangler 4.53.0 (update available 4.54.0)
─────────────────────────────────────────────
---

--- 2025-12-25T18:34:35.725Z debug
Retrieving cached values for account_id and project_name from node_modules/.cache/wrangler
---

--- 2025-12-25T18:34:35.729Z debug
-- START CF API REQUEST: GET https://api.cloudflare.com/client/v4/accounts/f006ec5b85550c77e565a3f9f99a35c0/pages/projects/lexa-tempmail
---

--- 2025-12-25T18:34:35.730Z debug
QUERY STRING: omitted; set WRANGLER_LOG_SANITIZE=false to include sanitized data
---

--- 2025-12-25T18:34:35.731Z debug
HEADERS: omitted; set WRANGLER_LOG_SANITIZE=false to include sanitized data
---

--- 2025-12-25T18:34:35.732Z debug
INIT: omitted; set WRANGLER_LOG_SANITIZE=false to include sanitized data
---

--- 2025-12-25T18:34:35.732Z debug
-- END CF API REQUEST
---

--- 2025-12-25T18:34:37.434Z debug
-- START CF API RESPONSE: OK 200
---

--- 2025-12-25T18:34:37.436Z debug
HEADERS: omitted; set WRANGLER_LOG_SANITIZE=false to include sanitized data
---

--- 2025-12-25T18:34:37.436Z debug
RESPONSE: omitted; set WRANGLER_LOG_SANITIZE=false to include sanitized data
---

--- 2025-12-25T18:34:37.436Z debug
-- END CF API RESPONSE
---

--- 2025-12-25T18:34:37.886Z warn
▲ [WARNING] Warning: Your working directory is a git repo and has uncommitted changes

  To silence this warning, pass in --commit-dirty=true


---

--- 2025-12-25T18:34:37.892Z debug
-- START CF API REQUEST: GET https://api.cloudflare.com/client/v4/accounts/f006ec5b85550c77e565a3f9f99a35c0/pages/projects/lexa-tempmail
---

--- 2025-12-25T18:34:37.892Z debug
QUERY STRING: omitted; set WRANGLER_LOG_SANITIZE=false to include sanitized data
---

--- 2025-12-25T18:34:37.892Z debug
HEADERS: omitted; set WRANGLER_LOG_SANITIZE=false to include sanitized data
---

--- 2025-12-25T18:34:37.892Z debug
INIT: omitted; set WRANGLER_LOG_SANITIZE=false to include sanitized data
---

--- 2025-12-25T18:34:37.892Z debug
-- END CF API REQUEST
---

--- 2025-12-25T18:34:39.463Z debug
-- START CF API RESPONSE: OK 200
---

--- 2025-12-25T18:34:39.463Z debug
HEADERS: omitted; set WRANGLER_LOG_SANITIZE=false to include sanitized data
---

--- 2025-12-25T18:34:39.463Z debug
RESPONSE: omitted; set WRANGLER_LOG_SANITIZE=false to include sanitized data
---

--- 2025-12-25T18:34:39.463Z debug
-- END CF API RESPONSE
---

--- 2025-12-25T18:34:39.621Z debug
-- START CF API REQUEST: GET https://api.cloudflare.com/client/v4/accounts/f006ec5b85550c77e565a3f9f99a35c0/pages/projects/lexa-tempmail/upload-token
---

--- 2025-12-25T18:34:39.621Z debug
QUERY STRING: omitted; set WRANGLER_LOG_SANITIZE=false to include sanitized data
---

--- 2025-12-25T18:34:39.621Z debug
HEADERS: omitted; set WRANGLER_LOG_SANITIZE=false to include sanitized data
---

--- 2025-12-25T18:34:39.621Z debug
INIT: omitted; set WRANGLER_LOG_SANITIZE=false to include sanitized data
---

--- 2025-12-25T18:34:39.621Z debug
-- END CF API REQUEST
---
