
--- 2025-12-25T18:35:03.997Z debug
🪵  Writing logs to "/home/hades/.config/.wrangler/logs/wrangler-2025-12-25_18-35-02_827.log"
---

--- 2025-12-25T18:35:03.997Z debug
Metrics dispatcher: Posting data {"deviceId":"d39dff02-21f2-40cf-941a-454076f127d1","event":"wrangler command started","timestamp":1766687703996,"properties":{"amplitude_session_id":1766687703988,"amplitude_event_id":0,"wranglerVersion":"4.53.0","osPlatform":"Linux","osVersion":"#1 SMP PREEMPT_DYNAMIC Thu Jun  5 18:30:46 UTC 2025","nodeVersion":22,"isFirstUsage":false,"configFileType":"none","isCI":false,"isPagesCI":false,"isWorkersCI":false,"isInteractive":false,"hasAssets":false,"argsUsed":[],"argsCombination":"","command":"wrangler pages deploy","args":{}}}
---

--- 2025-12-25T18:35:04.031Z debug
.env file not found at "/home/hades/FUN/tempmail/lexa_tempmail/frontend/.env.local". Continuing... For more details, refer to https://developers.cloudflare.com/workers/wrangler/system-environment-variables/
---

--- 2025-12-25T18:35:04.127Z log

 ⛅️ wrangler 4.53.0 (update available 4.54.0)
─────────────────────────────────────────────
---

--- 2025-12-25T18:35:04.193Z debug
-- START CF API REQUEST: GET https://api.cloudflare.com/client/v4/accounts/f006ec5b85550c77e565a3f9f99a35c0/pages/projects/lexa-tempmail
---

--- 2025-12-25T18:35:04.194Z debug
QUERY STRING: omitted; set WRANGLER_LOG_SANITIZE=false to include sanitized data
---

--- 2025-12-25T18:35:04.195Z debug
HEADERS: omitted; set WRANGLER_LOG_SANITIZE=false to include sanitized data
---

--- 2025-12-25T18:35:04.195Z debug
INIT: omitted; set WRANGLER_LOG_SANITIZE=false to include sanitized data
---

--- 2025-12-25T18:35:04.195Z debug
-- END CF API REQUEST
---

--- 2025-12-25T18:35:07.982Z debug
-- START CF API RESPONSE: OK 200
---

--- 2025-12-25T18:35:07.984Z debug
HEADERS: omitted; set WRANGLER_LOG_SANITIZE=false to include sanitized data
---

--- 2025-12-25T18:35:07.984Z debug
RESPONSE: omitted; set WRANGLER_LOG_SANITIZE=false to include sanitized data
---

--- 2025-12-25T18:35:07.984Z debug
-- END CF API RESPONSE
---

--- 2025-12-25T18:35:08.132Z debug
-- START CF API REQUEST: GET https://api.cloudflare.com/client/v4/accounts/f006ec5b85550c77e565a3f9f99a35c0/pages/projects/lexa-tempmail
---

--- 2025-12-25T18:35:08.132Z debug
QUERY STRING: omitted; set WRANGLER_LOG_SANITIZE=false to include sanitized data
---

--- 2025-12-25T18:35:08.132Z debug
HEADERS: omitted; set WRANGLER_LOG_SANITIZE=false to include sanitized data
---

--- 2025-12-25T18:35:08.132Z debug
INIT: omitted; set WRANGLER_LOG_SANITIZE=false to include sanitized data
---

--- 2025-12-25T18:35:08.132Z debug
-- END CF API REQUEST
---

--- 2025-12-25T18:35:09.815Z debug
-- START CF API RESPONSE: OK 200
---

--- 2025-12-25T18:35:09.816Z debug
HEADERS: omitted; set WRANGLER_LOG_SANITIZE=false to include sanitized data
---

--- 2025-12-25T18:35:09.816Z debug
RESPONSE: omitted; set WRANGLER_LOG_SANITIZE=false to include sanitized data
---

--- 2025-12-25T18:35:09.816Z debug
-- END CF API RESPONSE
---

--- 2025-12-25T18:35:09.952Z debug
-- START CF API REQUEST: GET https://api.cloudflare.com/client/v4/accounts/f006ec5b85550c77e565a3f9f99a35c0/pages/projects/lexa-tempmail/upload-token
---

--- 2025-12-25T18:35:09.952Z debug
QUERY STRING: omitted; set WRANGLER_LOG_SANITIZE=false to include sanitized data
---

--- 2025-12-25T18:35:09.952Z debug
HEADERS: omitted; set WRANGLER_LOG_SANITIZE=false to include sanitized data
---

--- 2025-12-25T18:35:09.952Z debug
INIT: omitted; set WRANGLER_LOG_SANITIZE=false to include sanitized data
---

--- 2025-12-25T18:35:09.952Z debug
-- END CF API REQUEST
---

--- 2025-12-25T18:35:11.391Z debug
-- START CF API RESPONSE: OK 200
---

--- 2025-12-25T18:35:11.395Z debug
HEADERS: omitted; set WRANGLER_LOG_SANITIZE=false to include sanitized data
---

--- 2025-12-25T18:35:11.395Z debug
RESPONSE: omitted; set WRANGLER_LOG_SANITIZE=false to include sanitized data
---

--- 2025-12-25T18:35:11.395Z debug
-- END CF API RESPONSE
---

--- 2025-12-25T18:35:11.398Z debug
-- START CF API REQUEST: POST https://api.cloudflare.com/client/v4/pages/assets/check-missing
---

--- 2025-12-25T18:35:11.398Z debug
QUERY STRING: omitted; set WRANGLER_LOG_SANITIZE=false to include sanitized data
---

--- 2025-12-25T18:35:11.398Z debug
HEADERS: omitted; set WRANGLER_LOG_SANITIZE=false to include sanitized data
---

--- 2025-12-25T18:35:11.398Z debug
INIT: omitted; set WRANGLER_LOG_SANITIZE=false to include sanitized data
---

--- 2025-12-25T18:35:11.398Z debug
-- END CF API REQUEST
---

--- 2025-12-25T18:35:11.678Z debug
-- START CF API RESPONSE: OK 200
---

--- 2025-12-25T18:35:11.679Z debug
HEADERS: omitted; set WRANGLER_LOG_SANITIZE=false to include sanitized data
---

--- 2025-12-25T18:35:11.679Z debug
RESPONSE: omitted; set WRANGLER_LOG_SANITIZE=false to include sanitized data
---

--- 2025-12-25T18:35:11.679Z debug
-- END CF API RESPONSE
---

--- 2025-12-25T18:35:11.680Z log
Uploading... (22/22)
---

--- 2025-12-25T18:35:11.683Z log
✨ Success! Uploaded 0 files (22 already uploaded) (0.29 sec)

---

--- 2025-12-25T18:35:11.685Z debug
-- START CF API REQUEST: POST https://api.cloudflare.com/client/v4/pages/assets/upsert-hashes
---

--- 2025-12-25T18:35:11.685Z debug
QUERY STRING: omitted; set WRANGLER_LOG_SANITIZE=false to include sanitized data
---

--- 2025-12-25T18:35:11.686Z debug
HEADERS: omitted; set WRANGLER_LOG_SANITIZE=false to include sanitized data
---

--- 2025-12-25T18:35:11.686Z debug
INIT: omitted; set WRANGLER_LOG_SANITIZE=false to include sanitized data
---

--- 2025-12-25T18:35:11.686Z debug
-- END CF API REQUEST
---

--- 2025-12-25T18:35:12.040Z debug
-- START CF API RESPONSE: OK 200
---

--- 2025-12-25T18:35:12.042Z debug
HEADERS: omitted; set WRANGLER_LOG_SANITIZE=false to include sanitized data
---

--- 2025-12-25T18:35:12.042Z debug
RESPONSE: omitted; set WRANGLER_LOG_SANITIZE=false to include sanitized data
---

--- 2025-12-25T18:35:12.042Z debug
-- END CF API RESPONSE
---

--- 2025-12-25T18:35:12.044Z debug
-- START CF API REQUEST: POST https://api.cloudflare.com/client/v4/accounts/f006ec5b85550c77e565a3f9f99a35c0/pages/projects/lexa-tempmail/deployments
---

--- 2025-12-25T18:35:12.044Z debug
QUERY STRING: omitted; set WRANGLER_LOG_SANITIZE=false to include sanitized data
---

--- 2025-12-25T18:35:12.045Z debug
HEADERS: omitted; set WRANGLER_LOG_SANITIZE=false to include sanitized data
---

--- 2025-12-25T18:35:12.045Z debug
INIT: omitted; set WRANGLER_LOG_SANITIZE=false to include sanitized data
---

--- 2025-12-25T18:35:12.050Z debug
BODY: omitted; set WRANGLER_LOG_SANITIZE=false to include sanitized data
---

--- 2025-12-25T18:35:12.050Z debug
-- END CF API REQUEST
---

--- 2025-12-25T18:35:14.170Z debug
-- START CF API RESPONSE: OK 200
---

--- 2025-12-25T18:35:14.171Z debug
HEADERS: omitted; set WRANGLER_LOG_SANITIZE=false to include sanitized data
---

--- 2025-12-25T18:35:14.171Z debug
RESPONSE: omitted; set WRANGLER_LOG_SANITIZE=false to include sanitized data
---

--- 2025-12-25T18:35:14.171Z debug
-- END CF API RESPONSE
---

--- 2025-12-25T18:35:14.174Z debug
Saving to cache: {"account_id":"f006ec5b85550c77e565a3f9f99a35c0","project_name":"lexa-tempmail"}
---

--- 2025-12-25T18:35:14.178Z log
🌎 Deploying...
---

--- 2025-12-25T18:35:15.181Z debug
attempt #1: Attempting to fetch status for deployment with id "bb686edc-710d-44dc-b729-a3fc3ae51d91" ...
---

--- 2025-12-25T18:35:15.182Z debug
-- START CF API REQUEST: GET https://api.cloudflare.com/client/v4/accounts/f006ec5b85550c77e565a3f9f99a35c0/pages/projects/lexa-tempmail/deployments/bb686edc-710d-44dc-b729-a3fc3ae51d91
---

--- 2025-12-25T18:35:15.182Z debug
QUERY STRING: omitted; set WRANGLER_LOG_SANITIZE=false to include sanitized data
---

--- 2025-12-25T18:35:15.182Z debug
HEADERS: omitted; set WRANGLER_LOG_SANITIZE=false to include sanitized data
---

--- 2025-12-25T18:35:15.183Z debug
INIT: omitted; set WRANGLER_LOG_SANITIZE=false to include sanitized data
---

--- 2025-12-25T18:35:15.183Z debug
-- END CF API REQUEST
---

--- 2025-12-25T18:35:16.964Z debug
-- START CF API RESPONSE: OK 200
---

--- 2025-12-25T18:35:16.964Z debug
HEADERS: omitted; set WRANGLER_LOG_SANITIZE=false to include sanitized data
---

--- 2025-12-25T18:35:16.964Z debug
RESPONSE: omitted; set WRANGLER_LOG_SANITIZE=false to include sanitized data
---

--- 2025-12-25T18:35:16.964Z debug
-- END CF API RESPONSE
---

--- 2025-12-25T18:35:16.968Z log
✨ Deployment complete! Take a peek over at https://bb686edc.lexa-tempmail.pages.dev
---

--- 2025-12-25T18:35:16.970Z debug
Metrics dispatcher: Posting data {"deviceId":"d39dff02-21f2-40cf-941a-454076f127d1","event":"create pages deployment","timestamp":1766687716970,"properties":{"category":"Workers","wranglerVersion":"4.53.0","os":"linux:x64"}}
---

--- 2025-12-25T18:35:16.986Z debug
Metrics dispatcher: Posting data {"deviceId":"d39dff02-21f2-40cf-941a-454076f127d1","event":"wrangler command completed","timestamp":1766687716986,"properties":{"amplitude_session_id":1766687703988,"amplitude_event_id":1,"wranglerVersion":"4.53.0","osPlatform":"Linux","osVersion":"#1 SMP PREEMPT_DYNAMIC Thu Jun  5 18:30:46 UTC 2025","nodeVersion":22,"isFirstUsage":false,"configFileType":"none","isCI":false,"isPagesCI":false,"isWorkersCI":false,"isInteractive":false,"hasAssets":false,"argsUsed":[],"argsCombination":"","command":"wrangler pages deploy","args":{},"durationMs":13136,"durationSeconds":13.136,"durationMinutes":0.2189333333333333}}
---
