
--- 2025-12-24T07:27:46.560Z debug
🪵  Writing logs to "/home/hades/.config/.wrangler/logs/wrangler-2025-12-24_07-27-45_968.log"
---

--- 2025-12-24T07:27:46.560Z debug
Metrics dispatcher: Posting data {"deviceId":"d39dff02-21f2-40cf-941a-454076f127d1","event":"wrangler command started","timestamp":1766561266559,"properties":{"amplitude_session_id":1766561266555,"amplitude_event_id":0,"wranglerVersion":"4.53.0","osPlatform":"Linux","osVersion":"#1 SMP PREEMPT_DYNAMIC Thu Jun  5 18:30:46 UTC 2025","nodeVersion":22,"packageManager":"npm","isFirstUsage":false,"configFileType":"none","isCI":false,"isPagesCI":false,"isWorkersCI":false,"isInteractive":false,"hasAssets":false,"argsUsed":[],"argsCombination":"","command":"wrangler pages deployment list","args":{}}}
---

--- 2025-12-24T07:27:46.584Z debug
.env file not found at "/home/hades/FUN/NotesProjeck/beta/vaultnotes/.env.local". Continuing... For more details, refer to https://developers.cloudflare.com/workers/wrangler/system-environment-variables/
---

--- 2025-12-24T07:27:46.632Z log

 ⛅️ wrangler 4.53.0 (update available 4.56.0)
─────────────────────────────────────────────
---

--- 2025-12-24T07:27:46.679Z debug
-- START CF API REQUEST: GET https://api.cloudflare.com/client/v4/accounts/f006ec5b85550c77e565a3f9f99a35c0/pages/projects/leafvault-notes/deployments
---

--- 2025-12-24T07:27:46.679Z debug
QUERY STRING: omitted; set WRANGLER_LOG_SANITIZE=false to include sanitized data
---

--- 2025-12-24T07:27:46.682Z debug
HEADERS: omitted; set WRANGLER_LOG_SANITIZE=false to include sanitized data
---

--- 2025-12-24T07:27:46.682Z debug
INIT: omitted; set WRANGLER_LOG_SANITIZE=false to include sanitized data
---

--- 2025-12-24T07:27:46.683Z debug
-- END CF API REQUEST
---

--- 2025-12-24T07:27:48.437Z debug
-- START CF API RESPONSE: OK 200
---

--- 2025-12-24T07:27:48.439Z debug
HEADERS: omitted; set WRANGLER_LOG_SANITIZE=false to include sanitized data
---

--- 2025-12-24T07:27:48.439Z debug
RESPONSE: omitted; set WRANGLER_LOG_SANITIZE=false to include sanitized data
---

--- 2025-12-24T07:27:48.439Z debug
-- END CF API RESPONSE
---

--- 2025-12-24T07:27:48.460Z debug
Saving to cache: {"account_id":"f006ec5b85550c77e565a3f9f99a35c0"}
---

--- 2025-12-24T07:27:48.507Z log
┌──────────────────────────────────────┬─────────────┬──────────────────────────────────────────────────────────────────────────────────────────────────────────────────────────────────────────────────────────┬─────────┬────────────────────────────────────────────┬────────────────┬──────────────────────────────────────────────────────────────────────────────────────────────────────────────────────────────┐
│ Id                                   │ Environment │ Branch                                                                                                                                                   │ Source  │ Deployment                                 │ Status         │ Build                                                                                                                        │
├──────────────────────────────────────┼─────────────┼──────────────────────────────────────────────────────────────────────────────────────────────────────────────────────────────────────────────────────────┼─────────┼────────────────────────────────────────────┼────────────────┼──────────────────────────────────────────────────────────────────────────────────────────────────────────────────────────────┤
│ bc059eb7-3d70-4f60-8fc7-041af5d3f193 │ Production  │ main                                                                                                                                                     │ fd63ea7 │ https://bc059eb7.leafvault-notes.pages.dev │ 35 seconds ago │ https://dash.cloudflare.com/f006ec5b85550c77e565a3f9f99a35c0/pages/view/leafvault-notes/bc059eb7-3d70-4f60-8fc7-041af5d3f193 │
├──────────────────────────────────────┼─────────────┼──────────────────────────────────────────────────────────────────────────────────────────────────────────────────────────────────────────────────────────┼─────────┼────────────────────────────────────────────┼────────────────┼──────────────────────────────────────────────────────────────────────────────────────────────────────────────────────────────┤
│ a4d149c6-1eed-4f76-9557-6398104dc3ed │ Production  │ sl.localhost\Debian\home\hades\FUN\NotesProjeck\beta\vaultnotes" ; echo "y" | npx wrangler pages project create leafvault-notes --production-branch=main │ fd63ea7 │ https://a4d149c6.leafvault-notes.pages.dev │ 2 minutes ago  │ https://dash.cloudflare.com/f006ec5b85550c77e565a3f9f99a35c0/pages/view/leafvault-notes/a4d149c6-1eed-4f76-9557-6398104dc3ed │
├──────────────────────────────────────┼─────────────┼──────────────────────────────────────────────────────────────────────────────────────────────────────────────────────────────────────────────────────────┼─────────┼────────────────────────────────────────────┼────────────────┼──────────────────────────────────────────────────────────────────────────────────────────────────────────────────────────────┤
│ 057ed04d-9888-42ee-b9ec-594c1366e005 │ Preview     │ production                                                                                                                                               │ fd63ea7 │ https://057ed04d.leafvault-notes.pages.dev │ 13 minutes ago │ https://dash.cloudflare.com/f006ec5b85550c77e565a3f9f99a35c0/pages/view/leafvault-notes/057ed04d-9888-42ee-b9ec-594c1366e005 │
├──────────────────────────────────────┼─────────────┼──────────────────────────────────────────────────────────────────────────────────────────────────────────────────────────────────────────────────────────┼─────────┼────────────────────────────────────────────┼────────────────┼──────────────────────────────────────────────────────────────────────────────────────────────────────────────────────────────┤
│ 8c2861f7-4d99-4ace-8738-2a05e564e2fd │ Preview     │ main                                                                                                                                                     │ fd63ea7 │ https://8c2861f7.leafvault-notes.pages.dev │ 15 minutes ago │ https://dash.cloudflare.com/f006ec5b85550c77e565a3f9f99a35c0/pages/view/leafvault-notes/8c2861f7-4d99-4ace-8738-2a05e564e2fd │
├──────────────────────────────────────┼─────────────┼──────────────────────────────────────────────────────────────────────────────────────────────────────────────────────────────────────────────────────────┼─────────┼────────────────────────────────────────────┼────────────────┼──────────────────────────────────────────────────────────────────────────────────────────────────────────────────────────────┤
│ 4bb6c1da-8e7d-4fb4-aff8-1e751b8938bf │ Preview     │ main                                                                                                                                                     │ fd63ea7 │ https://4bb6c1da.leafvault-notes.pages.dev │ 22 minutes ago │ https://dash.cloudflare.com/f006ec5b85550c77e565a3f9f99a35c0/pages/view/leafvault-notes/4bb6c1da-8e7d-4fb4-aff8-1e751b8938bf │
└──────────────────────────────────────┴─────────────┴──────────────────────────────────────────────────────────────────────────────────────────────────────────────────────────────────────────────────────────┴─────────┴────────────────────────────────────────────┴────────────────┴──────────────────────────────────────────────────────────────────────────────────────────────────────────────────────────────┘
---

--- 2025-12-24T07:27:48.511Z debug
Metrics dispatcher: Posting data {"deviceId":"d39dff02-21f2-40cf-941a-454076f127d1","event":"list pages deployments","timestamp":1766561268511,"properties":{"category":"Workers","wranglerVersion":"4.53.0","os":"linux:x64"}}
---

--- 2025-12-24T07:27:48.527Z debug
Metrics dispatcher: Posting data {"deviceId":"d39dff02-21f2-40cf-941a-454076f127d1","event":"wrangler command completed","timestamp":1766561268527,"properties":{"amplitude_session_id":1766561266555,"amplitude_event_id":1,"wranglerVersion":"4.53.0","osPlatform":"Linux","osVersion":"#1 SMP PREEMPT_DYNAMIC Thu Jun  5 18:30:46 UTC 2025","nodeVersion":22,"packageManager":"npm","isFirstUsage":false,"configFileType":"none","isCI":false,"isPagesCI":false,"isWorkersCI":false,"isInteractive":false,"hasAssets":false,"argsUsed":[],"argsCombination":"","command":"wrangler pages deployment list","args":{},"durationMs":2101,"durationSeconds":2.101,"durationMinutes":0.03501666666666667}}
---
