
--- 2025-12-24T07:48:29.036Z debug
🪵  Writing logs to "/home/hades/.config/.wrangler/logs/wrangler-2025-12-24_07-48-28_302.log"
---

--- 2025-12-24T07:48:29.036Z debug
Metrics dispatcher: Posting data {"deviceId":"d39dff02-21f2-40cf-941a-454076f127d1","event":"wrangler command started","timestamp":1766562509035,"properties":{"amplitude_session_id":1766562509030,"amplitude_event_id":0,"wranglerVersion":"4.53.0","osPlatform":"Linux","osVersion":"#1 SMP PREEMPT_DYNAMIC Thu Jun  5 18:30:46 UTC 2025","nodeVersion":22,"isFirstUsage":false,"configFileType":"none","isCI":false,"isPagesCI":false,"isWorkersCI":false,"isInteractive":true,"hasAssets":false,"argsUsed":[],"argsCombination":"","command":"wrangler deploy","args":{}}}
---

--- 2025-12-24T07:48:29.073Z debug
.env file not found at "/home/hades/FUN/NotesProjeck/beta/vaultnotes/.env.local". Continuing... For more details, refer to https://developers.cloudflare.com/workers/wrangler/system-environment-variables/
---

--- 2025-12-24T07:48:29.170Z log

 ⛅️ wrangler 4.53.0 (update available 4.56.0)
─────────────────────────────────────────────
---

--- 2025-12-24T07:48:29.243Z log

---

--- 2025-12-24T07:48:29.433Z error
✘ [ERROR] Missing entry-point to Worker script or to assets directory

  
  If there is code to deploy, you can either:
  - Specify an entry-point to your Worker script via the command line (ex: `npx wrangler deploy
  src/index.ts`)
  - Or create a "wrangler.jsonc" file containing:
  
  ```
  {
    "name": "worker-name",
    "compatibility_date": "2025-12-24",
    "main": "src/index.ts"
  }
  ```
  
  
  If are uploading a directory of assets, you can either:
  - Specify the path to the directory of assets via the command line: (ex: `npx wrangler deploy
  --assets=./dist`)
  - Or create a "wrangler.jsonc" file containing:
  
  ```
  {
    "name": "worker-name",
    "compatibility_date": "2025-12-24",
    "assets": {
      "directory": "./dist"
    }
  }
  ```
  


---

--- 2025-12-24T07:48:29.434Z debug
Error: Missing entry-point to Worker script or to assets directory

If there is code to deploy, you can either:
- Specify an entry-point to your Worker script via the command line (ex: `npx wrangler deploy src/index.ts`)
- Or create a "wrangler.jsonc" file containing:

```
{
  "name": "worker-name",
  "compatibility_date": "2025-12-24",
  "main": "src/index.ts"
}
```


If are uploading a directory of assets, you can either:
- Specify the path to the directory of assets via the command line: (ex: `npx wrangler deploy --assets=./dist`)
- Or create a "wrangler.jsonc" file containing:

```
{
  "name": "worker-name",
  "compatibility_date": "2025-12-24",
  "assets": {
    "directory": "./dist"
  }
}
```

    at getEntry (/home/hades/.local/share/fnm/node-versions/v22.21.1/installation/lib/node_modules/wrangler/wrangler-dist/cli.js:212064:11)
    at Object.handler (/home/hades/.local/share/fnm/node-versions/v22.21.1/installation/lib/node_modules/wrangler/wrangler-dist/cli.js:212617:29)
    at /home/hades/.local/share/fnm/node-versions/v22.21.1/installation/lib/node_modules/wrangler/wrangler-dist/cli.js:165194:20
    at AsyncLocalStorage.run (node:internal/async_local_storage/async_hooks:91:14)
    at run (/home/hades/.local/share/fnm/node-versions/v22.21.1/installation/lib/node_modules/wrangler/wrangler-dist/cli.js:48005:61)
    at Object.handler (/home/hades/.local/share/fnm/node-versions/v22.21.1/installation/lib/node_modules/wrangler/wrangler-dist/cli.js:165176:13)
---

--- 2025-12-24T07:48:29.436Z debug
Metrics dispatcher: Posting data {"deviceId":"d39dff02-21f2-40cf-941a-454076f127d1","event":"wrangler command errored","timestamp":1766562509436,"properties":{"amplitude_session_id":1766562509030,"amplitude_event_id":1,"wranglerVersion":"4.53.0","osPlatform":"Linux","osVersion":"#1 SMP PREEMPT_DYNAMIC Thu Jun  5 18:30:46 UTC 2025","nodeVersion":22,"isFirstUsage":false,"configFileType":"none","isCI":false,"isPagesCI":false,"isWorkersCI":false,"isInteractive":true,"hasAssets":false,"argsUsed":[],"argsCombination":"","command":"wrangler deploy","args":{},"durationMs":536,"durationSeconds":0.536,"durationMinutes":0.008933333333333333,"errorType":"UserError","errorMessage":"missing worker entrypoint or assets directory"}}
---
