
--- 2026-01-02T05:40:23.978Z debug
🪵  Writing logs to "/home/hades/.config/.wrangler/logs/wrangler-2026-01-02_05-40-22_854.log"
---

--- 2026-01-02T05:40:23.977Z debug
Metrics dispatcher: Posting data {"deviceId":"d39dff02-21f2-40cf-941a-454076f127d1","event":"wrangler command started","timestamp":1767332423977,"properties":{"amplitude_session_id":1767332423899,"amplitude_event_id":0,"wranglerVersion":"4.53.0","osPlatform":"Linux","osVersion":"#1 SMP PREEMPT_DYNAMIC Thu Jun  5 18:30:46 UTC 2025","nodeVersion":22,"isFirstUsage":false,"configFileType":"toml","isCI":false,"isPagesCI":false,"isWorkersCI":false,"isInteractive":true,"hasAssets":false,"argsUsed":[],"argsCombination":"","command":"wrangler pages deploy","args":{}}}
---

--- 2026-01-02T05:40:24.017Z debug
.env file not found at "/home/hades/FUN/cloudflareProjet/passvault/.env.local". Continuing... For more details, refer to https://developers.cloudflare.com/workers/wrangler/system-environment-variables/
---

--- 2026-01-02T05:40:28.863Z log

 ⛅️ wrangler 4.53.0 (update available 4.54.0)
─────────────────────────────────────────────
---

--- 2026-01-02T05:40:29.766Z warn
▲ [WARNING] Processing wrangler.toml configuration:

    - "unsafe" fields are experimental and may change or break at any time.
    - Unexpected fields found in build field: "watch_dirs","upload"
    - Because you've defined a [site] configuration, we're defaulting to "workers-site" for the
  deprecated `site.entry-point`field.
      Add the top level `main` field to your configuration file:
      ```
      main = "workers-site/index.js"
      ```


---

--- 2026-01-02T05:40:29.780Z log

---

--- 2026-01-02T05:40:29.790Z error
✘ [ERROR] Processing wrangler.toml configuration:

  
    - "unsafe.bindings[0]": {"type":"ratelimit"}
      - binding should have a string "name" field.


---

--- 2026-01-02T05:40:29.791Z debug
Error: Processing wrangler.toml configuration:

  - "unsafe.bindings[0]": {"type":"ratelimit"}
    - binding should have a string "name" field.
    at readPagesConfig (/home/hades/.local/share/fnm/node-versions/v22.21.1/installation/lib/node_modules/wrangler/wrangler-dist/cli.js:50195:11)
    at Object.handler (/home/hades/.local/share/fnm/node-versions/v22.21.1/installation/lib/node_modules/wrangler/wrangler-dist/cli.js:218950:20)
    at /home/hades/.local/share/fnm/node-versions/v22.21.1/installation/lib/node_modules/wrangler/wrangler-dist/cli.js:165194:20
    at AsyncLocalStorage.run (node:internal/async_local_storage/async_hooks:91:14)
    at run (/home/hades/.local/share/fnm/node-versions/v22.21.1/installation/lib/node_modules/wrangler/wrangler-dist/cli.js:48005:61)
    at Object.handler (/home/hades/.local/share/fnm/node-versions/v22.21.1/installation/lib/node_modules/wrangler/wrangler-dist/cli.js:165176:13)
---

--- 2026-01-02T05:40:29.795Z debug
Metrics dispatcher: Posting data {"deviceId":"d39dff02-21f2-40cf-941a-454076f127d1","event":"wrangler command errored","timestamp":1767332429795,"properties":{"amplitude_session_id":1767332423899,"amplitude_event_id":1,"wranglerVersion":"4.53.0","osPlatform":"Linux","osVersion":"#1 SMP PREEMPT_DYNAMIC Thu Jun  5 18:30:46 UTC 2025","nodeVersion":22,"isFirstUsage":false,"configFileType":"toml","isCI":false,"isPagesCI":false,"isWorkersCI":false,"isInteractive":true,"hasAssets":false,"argsUsed":[],"argsCombination":"","command":"wrangler pages deploy","args":{},"durationMs":6027,"durationSeconds":6.027,"durationMinutes":0.10045,"errorType":"UserError"}}
---
