
--- 2025-12-24T08:26:55.497Z debug
🪵  Writing logs to "/home/hades/.config/.wrangler/logs/wrangler-2025-12-24_08-26-54_924.log"
---

--- 2025-12-24T08:26:55.497Z debug
Metrics dispatcher: Posting data {"deviceId":"d39dff02-21f2-40cf-941a-454076f127d1","event":"wrangler command started","timestamp":1766564815496,"properties":{"amplitude_session_id":1766564815491,"amplitude_event_id":0,"wranglerVersion":"3.114.16","osPlatform":"Linux","osVersion":"#1 SMP PREEMPT_DYNAMIC Thu Jun  5 18:30:46 UTC 2025","nodeVersion":22,"packageManager":"npm","isFirstUsage":false,"configFileType":"toml","isCI":false,"isPagesCI":false,"isWorkersCI":false,"isInteractive":true,"hasAssets":false,"argsUsed":["remote"],"argsCombination":"remote","command":"wrangler d1 execute","args":{}}}
---

--- 2025-12-24T08:26:55.527Z debug
.env file not found at ".env". Continuing... For more details, refer to https://developers.cloudflare.com/workers/wrangler/system-environment-variables/
---

--- 2025-12-24T08:26:55.599Z log

 ⛅️ wrangler 3.114.16 (update available 4.56.0)
---------------------------------------------------------

---

--- 2025-12-24T08:26:56.021Z warn
▲ [WARNING] The version of Wrangler you are using is now out-of-date.

  Please update to the latest version to prevent critical
  errors.
  Run `npm install --save-dev wrangler@4` to update to the
  latest version.
  After installation, run Wrangler with `npx wrangler`.


---

--- 2025-12-24T08:26:56.033Z debug
No experimental flag store instantiated
---

--- 2025-12-24T08:26:56.033Z debug
Attempted to use flag "RESOURCES_PROVISION" which has not been instantiated
---

--- 2025-12-24T08:26:59.438Z debug
Retrieving cached values for account from node_modules/.cache/wrangler
---

--- 2025-12-24T08:26:59.441Z log
🌀 Executing on remote database leafvault-db (3b15207f-68c2-49d0-998e-d8344047d796):
---

--- 2025-12-24T08:26:59.442Z log
🌀 To execute on your local development database, remove the --remote flag from your wrangler command.
---

--- 2025-12-24T08:26:59.454Z log
Note: if the execution fails to complete, your DB will return to its original state and you can safely retry.
---

--- 2025-12-24T08:26:59.461Z debug
-- START CF API REQUEST: POST https://api.cloudflare.com/client/v4/accounts/f006ec5b85550c77e565a3f9f99a35c0/d1/database/3b15207f-68c2-49d0-998e-d8344047d796/import
---

--- 2025-12-24T08:26:59.461Z debug
HEADERS: omitted; set WRANGLER_LOG_SANITIZE=false to include sanitized data
---

--- 2025-12-24T08:26:59.461Z debug
INIT: omitted; set WRANGLER_LOG_SANITIZE=false to include sanitized data
---

--- 2025-12-24T08:26:59.461Z debug
-- END CF API REQUEST
---

--- 2025-12-24T08:27:01.756Z debug
-- START CF API RESPONSE: OK 200
---

--- 2025-12-24T08:27:01.760Z debug
HEADERS: omitted; set WRANGLER_LOG_SANITIZE=false to include sanitized data
---

--- 2025-12-24T08:27:01.760Z debug
RESPONSE: omitted; set WRANGLER_LOG_SANITIZE=false to include sanitized data
---

--- 2025-12-24T08:27:01.760Z debug
-- END CF API RESPONSE
---

--- 2025-12-24T08:27:03.263Z debug
-- START CF API REQUEST: POST https://api.cloudflare.com/client/v4/accounts/f006ec5b85550c77e565a3f9f99a35c0/d1/database/3b15207f-68c2-49d0-998e-d8344047d796/import
---

--- 2025-12-24T08:27:03.264Z debug
HEADERS: omitted; set WRANGLER_LOG_SANITIZE=false to include sanitized data
---

--- 2025-12-24T08:27:03.264Z debug
INIT: omitted; set WRANGLER_LOG_SANITIZE=false to include sanitized data
---

--- 2025-12-24T08:27:03.264Z debug
-- END CF API REQUEST
---

--- 2025-12-24T08:27:04.204Z debug
-- START CF API RESPONSE: OK 200
---

--- 2025-12-24T08:27:04.205Z debug
HEADERS: omitted; set WRANGLER_LOG_SANITIZE=false to include sanitized data
---

--- 2025-12-24T08:27:04.205Z debug
RESPONSE: omitted; set WRANGLER_LOG_SANITIZE=false to include sanitized data
---

--- 2025-12-24T08:27:04.205Z debug
-- END CF API RESPONSE
---

--- 2025-12-24T08:27:04.208Z log
🌀 Starting import...
---

--- 2025-12-24T08:27:04.208Z log
🌀 Processed 4 queries.
---

--- 2025-12-24T08:27:04.209Z log
🚣 Executed 4 queries in 2.59ms (1 rows read, 9 rows written)
   Database is currently at bookmark 00000008-00000006-00004fde-5828e0493da3b3799b9ab1ce38beea73.
---

--- 2025-12-24T08:27:04.245Z log
┌────────────────────────┬───────────┬──────────────┬────────────────────┐
│ Total queries executed │ Rows read │ Rows written │ Database size (MB) │
├────────────────────────┼───────────┼──────────────┼────────────────────┤
│ 4                      │ 1         │ 9            │ 0.05               │
└────────────────────────┴───────────┴──────────────┴────────────────────┘
---

--- 2025-12-24T08:27:04.250Z debug
Metrics dispatcher: Posting data {"deviceId":"d39dff02-21f2-40cf-941a-454076f127d1","event":"wrangler command completed","timestamp":1766564824250,"properties":{"amplitude_session_id":1766564815491,"amplitude_event_id":1,"wranglerVersion":"3.114.16","osPlatform":"Linux","osVersion":"#1 SMP PREEMPT_DYNAMIC Thu Jun  5 18:30:46 UTC 2025","nodeVersion":22,"packageManager":"npm","isFirstUsage":false,"configFileType":"toml","isCI":false,"isPagesCI":false,"isWorkersCI":false,"isInteractive":true,"hasAssets":false,"argsUsed":["remote"],"argsCombination":"remote","command":"wrangler d1 execute","args":{},"durationMs":8829,"durationSeconds":8.829,"durationMinutes":0.14715}}
---
