
--- 2026-01-02T06:03:36.115Z debug
🪵  Writing logs to "/home/hades/.config/.wrangler/logs/wrangler-2026-01-02_06-03-35_228.log"
---

--- 2026-01-02T06:03:36.114Z debug
Metrics dispatcher: Posting data {"deviceId":"d39dff02-21f2-40cf-941a-454076f127d1","event":"wrangler command started","timestamp":1767333816113,"properties":{"amplitude_session_id":1767333816107,"amplitude_event_id":0,"wranglerVersion":"4.53.0","osPlatform":"Linux","osVersion":"#1 SMP PREEMPT_DYNAMIC Thu Jun  5 18:30:46 UTC 2025","nodeVersion":22,"isFirstUsage":false,"configFileType":"toml","isCI":false,"isPagesCI":false,"isWorkersCI":false,"isInteractive":true,"hasAssets":false,"argsUsed":["remote"],"argsCombination":"remote","command":"wrangler d1 execute","args":{}}}
---

--- 2026-01-02T06:03:36.152Z debug
.env file not found at "/home/hades/FUN/cloudflareProjet/passvault/.env.local". Continuing... For more details, refer to https://developers.cloudflare.com/workers/wrangler/system-environment-variables/
---

--- 2026-01-02T06:03:36.234Z log

 ⛅️ wrangler 4.53.0 (update available 4.54.0)
─────────────────────────────────────────────
---

--- 2026-01-02T06:03:36.237Z log
Resource location: remote 

---

--- 2026-01-02T06:03:36.326Z debug
Retrieving cached values for account from node_modules/.cache/wrangler
---

--- 2026-01-02T06:03:36.330Z debug
-- START CF API REQUEST: GET https://api.cloudflare.com/client/v4/accounts/f006ec5b85550c77e565a3f9f99a35c0/d1/database
---

--- 2026-01-02T06:03:36.330Z debug
QUERY STRING: omitted; set WRANGLER_LOG_SANITIZE=false to include sanitized data
---

--- 2026-01-02T06:03:36.334Z debug
HEADERS: omitted; set WRANGLER_LOG_SANITIZE=false to include sanitized data
---

--- 2026-01-02T06:03:36.334Z debug
INIT: omitted; set WRANGLER_LOG_SANITIZE=false to include sanitized data
---

--- 2026-01-02T06:03:36.334Z debug
-- END CF API REQUEST
---

--- 2026-01-02T06:03:36.991Z debug
-- START CF API RESPONSE: OK 200
---

--- 2026-01-02T06:03:36.993Z debug
HEADERS: omitted; set WRANGLER_LOG_SANITIZE=false to include sanitized data
---

--- 2026-01-02T06:03:36.993Z debug
RESPONSE: omitted; set WRANGLER_LOG_SANITIZE=false to include sanitized data
---

--- 2026-01-02T06:03:36.993Z debug
-- END CF API RESPONSE
---

--- 2026-01-02T06:03:37.001Z log
🌀 Executing on remote database passvault-db (ed03d8fe-6a25-4682-9406-2f3410ebc417):
---

--- 2026-01-02T06:03:37.002Z log
🌀 To execute on your local development database, remove the --remote flag from your wrangler command.
---

--- 2026-01-02T06:03:37.003Z debug
-- START CF API REQUEST: POST https://api.cloudflare.com/client/v4/accounts/f006ec5b85550c77e565a3f9f99a35c0/d1/database/ed03d8fe-6a25-4682-9406-2f3410ebc417/query
---

--- 2026-01-02T06:03:37.003Z debug
QUERY STRING: omitted; set WRANGLER_LOG_SANITIZE=false to include sanitized data
---

--- 2026-01-02T06:03:37.004Z debug
HEADERS: omitted; set WRANGLER_LOG_SANITIZE=false to include sanitized data
---

--- 2026-01-02T06:03:37.004Z debug
INIT: omitted; set WRANGLER_LOG_SANITIZE=false to include sanitized data
---

--- 2026-01-02T06:03:37.004Z debug
-- END CF API REQUEST
---

--- 2026-01-02T06:03:37.271Z debug
-- START CF API RESPONSE: OK 200
---

--- 2026-01-02T06:03:37.272Z debug
HEADERS: omitted; set WRANGLER_LOG_SANITIZE=false to include sanitized data
---

--- 2026-01-02T06:03:37.272Z debug
RESPONSE: omitted; set WRANGLER_LOG_SANITIZE=false to include sanitized data
---

--- 2026-01-02T06:03:37.272Z debug
-- END CF API RESPONSE
---

--- 2026-01-02T06:03:37.274Z log
🚣 Executed 1 command in 0.59ms
---

--- 2026-01-02T06:03:37.277Z debug
Metrics dispatcher: Posting data {"deviceId":"d39dff02-21f2-40cf-941a-454076f127d1","event":"wrangler command completed","timestamp":1767333817277,"properties":{"amplitude_session_id":1767333816107,"amplitude_event_id":1,"wranglerVersion":"4.53.0","osPlatform":"Linux","osVersion":"#1 SMP PREEMPT_DYNAMIC Thu Jun  5 18:30:46 UTC 2025","nodeVersion":22,"isFirstUsage":false,"configFileType":"toml","isCI":false,"isPagesCI":false,"isWorkersCI":false,"isInteractive":true,"hasAssets":false,"argsUsed":["remote"],"argsCombination":"remote","command":"wrangler d1 execute","args":{},"durationMs":1299,"durationSeconds":1.299,"durationMinutes":0.02165}}
---
