
--- 2025-12-26T05:27:52.794Z debug
🪵  Writing logs to "/home/hades/.config/.wrangler/logs/wrangler-2025-12-26_05-27-51_893.log"
---

--- 2025-12-26T05:27:52.793Z debug
Metrics dispatcher: Posting data {"deviceId":"d39dff02-21f2-40cf-941a-454076f127d1","event":"wrangler command started","timestamp":1766726872793,"properties":{"amplitude_session_id":1766726872788,"amplitude_event_id":0,"wranglerVersion":"4.53.0","osPlatform":"Linux","osVersion":"#1 SMP PREEMPT_DYNAMIC Thu Jun  5 18:30:46 UTC 2025","nodeVersion":22,"packageManager":"npm","isFirstUsage":false,"configFileType":"none","isCI":false,"isPagesCI":false,"isWorkersCI":false,"isInteractive":true,"hasAssets":false,"argsUsed":[],"argsCombination":"","command":"wrangler pages deploy","args":{}}}
---

--- 2025-12-26T05:27:52.829Z debug
.env file not found at "/home/hades/FUN/tempmail/vaultnotes-beta/.env.local". Continuing... For more details, refer to https://developers.cloudflare.com/workers/wrangler/system-environment-variables/
---

--- 2025-12-26T05:27:52.908Z log

 ⛅️ wrangler 4.53.0 (update available 4.54.0)
─────────────────────────────────────────────
---

--- 2025-12-26T05:27:52.973Z debug
Retrieving cached values for account_id and project_name from node_modules/.cache/wrangler
---

--- 2025-12-26T05:27:52.976Z debug
-- START CF API REQUEST: GET https://api.cloudflare.com/client/v4/accounts/f006ec5b85550c77e565a3f9f99a35c0/pages/projects/leafvault-notes
---

--- 2025-12-26T05:27:52.977Z debug
QUERY STRING: omitted; set WRANGLER_LOG_SANITIZE=false to include sanitized data
---

--- 2025-12-26T05:27:52.980Z debug
HEADERS: omitted; set WRANGLER_LOG_SANITIZE=false to include sanitized data
---

--- 2025-12-26T05:27:52.980Z debug
INIT: omitted; set WRANGLER_LOG_SANITIZE=false to include sanitized data
---

--- 2025-12-26T05:27:52.981Z debug
-- END CF API REQUEST
---

--- 2025-12-26T05:27:54.901Z debug
-- START CF API RESPONSE: OK 200
---

--- 2025-12-26T05:27:54.903Z debug
HEADERS: omitted; set WRANGLER_LOG_SANITIZE=false to include sanitized data
---

--- 2025-12-26T05:27:54.903Z debug
RESPONSE: omitted; set WRANGLER_LOG_SANITIZE=false to include sanitized data
---

--- 2025-12-26T05:27:54.904Z debug
-- END CF API RESPONSE
---

--- 2025-12-26T05:27:55.003Z debug
-- START CF API REQUEST: GET https://api.cloudflare.com/client/v4/accounts/f006ec5b85550c77e565a3f9f99a35c0/pages/projects/leafvault-notes
---

--- 2025-12-26T05:27:55.003Z debug
QUERY STRING: omitted; set WRANGLER_LOG_SANITIZE=false to include sanitized data
---

--- 2025-12-26T05:27:55.004Z debug
HEADERS: omitted; set WRANGLER_LOG_SANITIZE=false to include sanitized data
---

--- 2025-12-26T05:27:55.004Z debug
INIT: omitted; set WRANGLER_LOG_SANITIZE=false to include sanitized data
---

--- 2025-12-26T05:27:55.004Z debug
-- END CF API REQUEST
---

--- 2025-12-26T05:27:56.493Z debug
-- START CF API RESPONSE: OK 200
---

--- 2025-12-26T05:27:56.494Z debug
HEADERS: omitted; set WRANGLER_LOG_SANITIZE=false to include sanitized data
---

--- 2025-12-26T05:27:56.494Z debug
RESPONSE: omitted; set WRANGLER_LOG_SANITIZE=false to include sanitized data
---

--- 2025-12-26T05:27:56.494Z debug
-- END CF API RESPONSE
---

--- 2025-12-26T05:27:56.586Z debug
-- START CF API REQUEST: GET https://api.cloudflare.com/client/v4/accounts/f006ec5b85550c77e565a3f9f99a35c0/pages/projects/leafvault-notes/upload-token
---

--- 2025-12-26T05:27:56.586Z debug
QUERY STRING: omitted; set WRANGLER_LOG_SANITIZE=false to include sanitized data
---

--- 2025-12-26T05:27:56.586Z debug
HEADERS: omitted; set WRANGLER_LOG_SANITIZE=false to include sanitized data
---

--- 2025-12-26T05:27:56.586Z debug
INIT: omitted; set WRANGLER_LOG_SANITIZE=false to include sanitized data
---

--- 2025-12-26T05:27:56.586Z debug
-- END CF API REQUEST
---

--- 2025-12-26T05:27:58.077Z debug
-- START CF API RESPONSE: OK 200
---

--- 2025-12-26T05:27:58.077Z debug
HEADERS: omitted; set WRANGLER_LOG_SANITIZE=false to include sanitized data
---

--- 2025-12-26T05:27:58.077Z debug
RESPONSE: omitted; set WRANGLER_LOG_SANITIZE=false to include sanitized data
---

--- 2025-12-26T05:27:58.077Z debug
-- END CF API RESPONSE
---

--- 2025-12-26T05:27:58.081Z debug
-- START CF API REQUEST: POST https://api.cloudflare.com/client/v4/pages/assets/check-missing
---

--- 2025-12-26T05:27:58.084Z debug
QUERY STRING: omitted; set WRANGLER_LOG_SANITIZE=false to include sanitized data
---

--- 2025-12-26T05:27:58.085Z debug
HEADERS: omitted; set WRANGLER_LOG_SANITIZE=false to include sanitized data
---

--- 2025-12-26T05:27:58.086Z debug
INIT: omitted; set WRANGLER_LOG_SANITIZE=false to include sanitized data
---

--- 2025-12-26T05:27:58.086Z debug
-- END CF API REQUEST
---

--- 2025-12-26T05:27:58.443Z debug
-- START CF API RESPONSE: OK 200
---

--- 2025-12-26T05:27:58.445Z debug
HEADERS: omitted; set WRANGLER_LOG_SANITIZE=false to include sanitized data
---

--- 2025-12-26T05:27:58.445Z debug
RESPONSE: omitted; set WRANGLER_LOG_SANITIZE=false to include sanitized data
---

--- 2025-12-26T05:27:58.445Z debug
-- END CF API RESPONSE
---

--- 2025-12-26T05:27:58.468Z debug
POST /pages/assets/upload
---

--- 2025-12-26T05:27:58.471Z debug
-- START CF API REQUEST: POST https://api.cloudflare.com/client/v4/pages/assets/upload
---

--- 2025-12-26T05:27:58.471Z debug
QUERY STRING: omitted; set WRANGLER_LOG_SANITIZE=false to include sanitized data
---

--- 2025-12-26T05:27:58.472Z debug
HEADERS: omitted; set WRANGLER_LOG_SANITIZE=false to include sanitized data
---

--- 2025-12-26T05:27:58.474Z debug
INIT: omitted; set WRANGLER_LOG_SANITIZE=false to include sanitized data
---

--- 2025-12-26T05:27:58.474Z debug
-- END CF API REQUEST
---

--- 2025-12-26T05:27:58.483Z debug
POST /pages/assets/upload
---

--- 2025-12-26T05:27:58.484Z debug
-- START CF API REQUEST: POST https://api.cloudflare.com/client/v4/pages/assets/upload
---

--- 2025-12-26T05:27:58.484Z debug
QUERY STRING: omitted; set WRANGLER_LOG_SANITIZE=false to include sanitized data
---

--- 2025-12-26T05:27:58.485Z debug
HEADERS: omitted; set WRANGLER_LOG_SANITIZE=false to include sanitized data
---

--- 2025-12-26T05:27:58.485Z debug
INIT: omitted; set WRANGLER_LOG_SANITIZE=false to include sanitized data
---

--- 2025-12-26T05:27:58.485Z debug
-- END CF API REQUEST
---

--- 2025-12-26T05:27:58.500Z debug
POST /pages/assets/upload
---

--- 2025-12-26T05:27:58.529Z debug
-- START CF API REQUEST: POST https://api.cloudflare.com/client/v4/pages/assets/upload
---

--- 2025-12-26T05:27:58.530Z debug
QUERY STRING: omitted; set WRANGLER_LOG_SANITIZE=false to include sanitized data
---

--- 2025-12-26T05:27:58.530Z debug
HEADERS: omitted; set WRANGLER_LOG_SANITIZE=false to include sanitized data
---

--- 2025-12-26T05:27:58.552Z debug
INIT: omitted; set WRANGLER_LOG_SANITIZE=false to include sanitized data
---

--- 2025-12-26T05:27:58.552Z debug
-- END CF API REQUEST
---

--- 2025-12-26T05:27:59.872Z debug
-- START CF API RESPONSE: OK 200
---

--- 2025-12-26T05:27:59.873Z debug
HEADERS: omitted; set WRANGLER_LOG_SANITIZE=false to include sanitized data
---

--- 2025-12-26T05:27:59.873Z debug
RESPONSE: omitted; set WRANGLER_LOG_SANITIZE=false to include sanitized data
---

--- 2025-12-26T05:27:59.873Z debug
-- END CF API RESPONSE
---

--- 2025-12-26T05:27:59.874Z debug
result: { successful_key_count: 1, unsuccessful_keys: [] }
---

--- 2025-12-26T05:28:01.411Z debug
-- START CF API RESPONSE: OK 200
---

--- 2025-12-26T05:28:01.412Z debug
HEADERS: omitted; set WRANGLER_LOG_SANITIZE=false to include sanitized data
---

--- 2025-12-26T05:28:01.412Z debug
RESPONSE: omitted; set WRANGLER_LOG_SANITIZE=false to include sanitized data
---

--- 2025-12-26T05:28:01.412Z debug
-- END CF API RESPONSE
---

--- 2025-12-26T05:28:01.413Z debug
result: { successful_key_count: 1, unsuccessful_keys: [] }
---

--- 2025-12-26T05:28:07.779Z debug
-- START CF API RESPONSE: OK 200
---

--- 2025-12-26T05:28:07.781Z debug
HEADERS: omitted; set WRANGLER_LOG_SANITIZE=false to include sanitized data
---

--- 2025-12-26T05:28:07.781Z debug
RESPONSE: omitted; set WRANGLER_LOG_SANITIZE=false to include sanitized data
---

--- 2025-12-26T05:28:07.781Z debug
-- END CF API RESPONSE
---

--- 2025-12-26T05:28:07.790Z debug
result: { successful_key_count: 1, unsuccessful_keys: [] }
---

--- 2025-12-26T05:28:07.792Z log
✨ Success! Uploaded 3 files (36 already uploaded) (9.71 sec)

---

--- 2025-12-26T05:28:07.804Z debug
-- START CF API REQUEST: POST https://api.cloudflare.com/client/v4/pages/assets/upsert-hashes
---

--- 2025-12-26T05:28:07.804Z debug
QUERY STRING: omitted; set WRANGLER_LOG_SANITIZE=false to include sanitized data
---

--- 2025-12-26T05:28:07.805Z debug
HEADERS: omitted; set WRANGLER_LOG_SANITIZE=false to include sanitized data
---

--- 2025-12-26T05:28:07.805Z debug
INIT: omitted; set WRANGLER_LOG_SANITIZE=false to include sanitized data
---

--- 2025-12-26T05:28:07.805Z debug
-- END CF API REQUEST
---

--- 2025-12-26T05:28:08.972Z debug
-- START CF API RESPONSE: OK 200
---

--- 2025-12-26T05:28:08.972Z debug
HEADERS: omitted; set WRANGLER_LOG_SANITIZE=false to include sanitized data
---

--- 2025-12-26T05:28:08.972Z debug
RESPONSE: omitted; set WRANGLER_LOG_SANITIZE=false to include sanitized data
---

--- 2025-12-26T05:28:08.972Z debug
-- END CF API RESPONSE
---

--- 2025-12-26T05:28:08.975Z log
✨ Uploading _headers
---

--- 2025-12-26T05:28:08.976Z log
✨ Uploading _redirects
---

--- 2025-12-26T05:28:08.977Z debug
-- START CF API REQUEST: POST https://api.cloudflare.com/client/v4/accounts/f006ec5b85550c77e565a3f9f99a35c0/pages/projects/leafvault-notes/deployments
---

--- 2025-12-26T05:28:08.977Z debug
QUERY STRING: omitted; set WRANGLER_LOG_SANITIZE=false to include sanitized data
---

--- 2025-12-26T05:28:08.977Z debug
HEADERS: omitted; set WRANGLER_LOG_SANITIZE=false to include sanitized data
---

--- 2025-12-26T05:28:08.977Z debug
INIT: omitted; set WRANGLER_LOG_SANITIZE=false to include sanitized data
---

--- 2025-12-26T05:28:08.988Z debug
BODY: omitted; set WRANGLER_LOG_SANITIZE=false to include sanitized data
---

--- 2025-12-26T05:28:08.988Z debug
-- END CF API REQUEST
---

--- 2025-12-26T05:28:10.904Z debug
-- START CF API RESPONSE: OK 200
---

--- 2025-12-26T05:28:10.905Z debug
HEADERS: omitted; set WRANGLER_LOG_SANITIZE=false to include sanitized data
---

--- 2025-12-26T05:28:10.905Z debug
RESPONSE: omitted; set WRANGLER_LOG_SANITIZE=false to include sanitized data
---

--- 2025-12-26T05:28:10.905Z debug
-- END CF API RESPONSE
---

--- 2025-12-26T05:28:10.907Z debug
Saving to cache: {"account_id":"f006ec5b85550c77e565a3f9f99a35c0","project_name":"leafvault-notes"}
---

--- 2025-12-26T05:28:10.908Z log
🌎 Deploying...
---

--- 2025-12-26T05:28:11.910Z debug
attempt #1: Attempting to fetch status for deployment with id "b1293af5-982f-45b3-b692-2753c6b686be" ...
---

--- 2025-12-26T05:28:11.911Z debug
-- START CF API REQUEST: GET https://api.cloudflare.com/client/v4/accounts/f006ec5b85550c77e565a3f9f99a35c0/pages/projects/leafvault-notes/deployments/b1293af5-982f-45b3-b692-2753c6b686be
---

--- 2025-12-26T05:28:11.911Z debug
QUERY STRING: omitted; set WRANGLER_LOG_SANITIZE=false to include sanitized data
---

--- 2025-12-26T05:28:11.911Z debug
HEADERS: omitted; set WRANGLER_LOG_SANITIZE=false to include sanitized data
---

--- 2025-12-26T05:28:11.911Z debug
INIT: omitted; set WRANGLER_LOG_SANITIZE=false to include sanitized data
---

--- 2025-12-26T05:28:11.911Z debug
-- END CF API REQUEST
---

--- 2025-12-26T05:28:12.326Z debug
-- START CF API RESPONSE: OK 200
---

--- 2025-12-26T05:28:12.327Z debug
HEADERS: omitted; set WRANGLER_LOG_SANITIZE=false to include sanitized data
---

--- 2025-12-26T05:28:12.327Z debug
RESPONSE: omitted; set WRANGLER_LOG_SANITIZE=false to include sanitized data
---

--- 2025-12-26T05:28:12.327Z debug
-- END CF API RESPONSE
---

--- 2025-12-26T05:28:14.333Z debug
attempt #2: Attempting to fetch status for deployment with id "b1293af5-982f-45b3-b692-2753c6b686be" ...
---

--- 2025-12-26T05:28:14.333Z debug
-- START CF API REQUEST: GET https://api.cloudflare.com/client/v4/accounts/f006ec5b85550c77e565a3f9f99a35c0/pages/projects/leafvault-notes/deployments/b1293af5-982f-45b3-b692-2753c6b686be
---

--- 2025-12-26T05:28:14.333Z debug
QUERY STRING: omitted; set WRANGLER_LOG_SANITIZE=false to include sanitized data
---

--- 2025-12-26T05:28:14.333Z debug
HEADERS: omitted; set WRANGLER_LOG_SANITIZE=false to include sanitized data
---

--- 2025-12-26T05:28:14.333Z debug
INIT: omitted; set WRANGLER_LOG_SANITIZE=false to include sanitized data
---

--- 2025-12-26T05:28:14.333Z debug
-- END CF API REQUEST
---

--- 2025-12-26T05:28:15.368Z debug
-- START CF API RESPONSE: OK 200
---

--- 2025-12-26T05:28:15.368Z debug
HEADERS: omitted; set WRANGLER_LOG_SANITIZE=false to include sanitized data
---

--- 2025-12-26T05:28:15.369Z debug
RESPONSE: omitted; set WRANGLER_LOG_SANITIZE=false to include sanitized data
---

--- 2025-12-26T05:28:15.369Z debug
-- END CF API RESPONSE
---

--- 2025-12-26T05:28:15.371Z log
✨ Deployment complete! Take a peek over at https://b1293af5.leafvault-notes.pages.dev
---

--- 2025-12-26T05:28:15.377Z debug
Metrics dispatcher: Posting data {"deviceId":"d39dff02-21f2-40cf-941a-454076f127d1","event":"create pages deployment","timestamp":1766726895377,"properties":{"category":"Workers","wranglerVersion":"4.53.0","os":"linux:x64"}}
---

--- 2025-12-26T05:28:15.390Z debug
Metrics dispatcher: Posting data {"deviceId":"d39dff02-21f2-40cf-941a-454076f127d1","event":"wrangler command completed","timestamp":1766726895390,"properties":{"amplitude_session_id":1766726872788,"amplitude_event_id":1,"wranglerVersion":"4.53.0","osPlatform":"Linux","osVersion":"#1 SMP PREEMPT_DYNAMIC Thu Jun  5 18:30:46 UTC 2025","nodeVersion":22,"packageManager":"npm","isFirstUsage":false,"configFileType":"none","isCI":false,"isPagesCI":false,"isWorkersCI":false,"isInteractive":true,"hasAssets":false,"argsUsed":[],"argsCombination":"","command":"wrangler pages deploy","args":{},"durationMs":22725,"durationSeconds":22.725,"durationMinutes":0.37875000000000003}}
---
