
--- 2025-12-26T05:34:08.664Z debug
🪵  Writing logs to "/home/hades/.config/.wrangler/logs/wrangler-2025-12-26_05-34-07_850.log"
---

--- 2025-12-26T05:34:08.664Z debug
Metrics dispatcher: Posting data {"deviceId":"d39dff02-21f2-40cf-941a-454076f127d1","event":"wrangler command started","timestamp":1766727248663,"properties":{"amplitude_session_id":1766727248658,"amplitude_event_id":0,"wranglerVersion":"4.53.0","osPlatform":"Linux","osVersion":"#1 SMP PREEMPT_DYNAMIC Thu Jun  5 18:30:46 UTC 2025","nodeVersion":22,"packageManager":"npm","isFirstUsage":false,"configFileType":"none","isCI":false,"isPagesCI":false,"isWorkersCI":false,"isInteractive":true,"hasAssets":false,"argsUsed":[],"argsCombination":"","command":"wrangler pages deploy","args":{}}}
---

--- 2025-12-26T05:34:08.700Z debug
.env file not found at "/home/hades/FUN/tempmail/vaultnotes-beta/.env.local". Continuing... For more details, refer to https://developers.cloudflare.com/workers/wrangler/system-environment-variables/
---

--- 2025-12-26T05:34:08.789Z log

 ⛅️ wrangler 4.53.0 (update available 4.54.0)
─────────────────────────────────────────────
---

--- 2025-12-26T05:34:08.856Z debug
Retrieving cached values for account_id and project_name from node_modules/.cache/wrangler
---

--- 2025-12-26T05:34:08.859Z debug
-- START CF API REQUEST: GET https://api.cloudflare.com/client/v4/accounts/f006ec5b85550c77e565a3f9f99a35c0/pages/projects/leafvault-notes
---

--- 2025-12-26T05:34:08.859Z debug
QUERY STRING: omitted; set WRANGLER_LOG_SANITIZE=false to include sanitized data
---

--- 2025-12-26T05:34:08.860Z debug
HEADERS: omitted; set WRANGLER_LOG_SANITIZE=false to include sanitized data
---

--- 2025-12-26T05:34:08.861Z debug
INIT: omitted; set WRANGLER_LOG_SANITIZE=false to include sanitized data
---

--- 2025-12-26T05:34:08.861Z debug
-- END CF API REQUEST
---

--- 2025-12-26T05:34:10.797Z debug
-- START CF API RESPONSE: OK 200
---

--- 2025-12-26T05:34:10.799Z debug
HEADERS: omitted; set WRANGLER_LOG_SANITIZE=false to include sanitized data
---

--- 2025-12-26T05:34:10.799Z debug
RESPONSE: omitted; set WRANGLER_LOG_SANITIZE=false to include sanitized data
---

--- 2025-12-26T05:34:10.799Z debug
-- END CF API RESPONSE
---

--- 2025-12-26T05:34:10.899Z debug
-- START CF API REQUEST: GET https://api.cloudflare.com/client/v4/accounts/f006ec5b85550c77e565a3f9f99a35c0/pages/projects/leafvault-notes
---

--- 2025-12-26T05:34:10.899Z debug
QUERY STRING: omitted; set WRANGLER_LOG_SANITIZE=false to include sanitized data
---

--- 2025-12-26T05:34:10.899Z debug
HEADERS: omitted; set WRANGLER_LOG_SANITIZE=false to include sanitized data
---

--- 2025-12-26T05:34:10.899Z debug
INIT: omitted; set WRANGLER_LOG_SANITIZE=false to include sanitized data
---

--- 2025-12-26T05:34:10.899Z debug
-- END CF API REQUEST
---

--- 2025-12-26T05:34:12.410Z debug
-- START CF API RESPONSE: OK 200
---

--- 2025-12-26T05:34:12.411Z debug
HEADERS: omitted; set WRANGLER_LOG_SANITIZE=false to include sanitized data
---

--- 2025-12-26T05:34:12.411Z debug
RESPONSE: omitted; set WRANGLER_LOG_SANITIZE=false to include sanitized data
---

--- 2025-12-26T05:34:12.411Z debug
-- END CF API RESPONSE
---

--- 2025-12-26T05:34:12.491Z debug
-- START CF API REQUEST: GET https://api.cloudflare.com/client/v4/accounts/f006ec5b85550c77e565a3f9f99a35c0/pages/projects/leafvault-notes/upload-token
---

--- 2025-12-26T05:34:12.491Z debug
QUERY STRING: omitted; set WRANGLER_LOG_SANITIZE=false to include sanitized data
---

--- 2025-12-26T05:34:12.491Z debug
HEADERS: omitted; set WRANGLER_LOG_SANITIZE=false to include sanitized data
---

--- 2025-12-26T05:34:12.491Z debug
INIT: omitted; set WRANGLER_LOG_SANITIZE=false to include sanitized data
---

--- 2025-12-26T05:34:12.491Z debug
-- END CF API REQUEST
---

--- 2025-12-26T05:34:13.908Z debug
-- START CF API RESPONSE: OK 200
---

--- 2025-12-26T05:34:13.909Z debug
HEADERS: omitted; set WRANGLER_LOG_SANITIZE=false to include sanitized data
---

--- 2025-12-26T05:34:13.909Z debug
RESPONSE: omitted; set WRANGLER_LOG_SANITIZE=false to include sanitized data
---

--- 2025-12-26T05:34:13.909Z debug
-- END CF API RESPONSE
---

--- 2025-12-26T05:34:13.912Z debug
-- START CF API REQUEST: POST https://api.cloudflare.com/client/v4/pages/assets/check-missing
---

--- 2025-12-26T05:34:13.912Z debug
QUERY STRING: omitted; set WRANGLER_LOG_SANITIZE=false to include sanitized data
---

--- 2025-12-26T05:34:13.912Z debug
HEADERS: omitted; set WRANGLER_LOG_SANITIZE=false to include sanitized data
---

--- 2025-12-26T05:34:13.912Z debug
INIT: omitted; set WRANGLER_LOG_SANITIZE=false to include sanitized data
---

--- 2025-12-26T05:34:13.912Z debug
-- END CF API REQUEST
---

--- 2025-12-26T05:34:14.240Z debug
-- START CF API RESPONSE: OK 200
---

--- 2025-12-26T05:34:14.241Z debug
HEADERS: omitted; set WRANGLER_LOG_SANITIZE=false to include sanitized data
---

--- 2025-12-26T05:34:14.241Z debug
RESPONSE: omitted; set WRANGLER_LOG_SANITIZE=false to include sanitized data
---

--- 2025-12-26T05:34:14.242Z debug
-- END CF API RESPONSE
---

--- 2025-12-26T05:34:14.252Z debug
POST /pages/assets/upload
---

--- 2025-12-26T05:34:14.253Z debug
-- START CF API REQUEST: POST https://api.cloudflare.com/client/v4/pages/assets/upload
---

--- 2025-12-26T05:34:14.253Z debug
QUERY STRING: omitted; set WRANGLER_LOG_SANITIZE=false to include sanitized data
---

--- 2025-12-26T05:34:14.253Z debug
HEADERS: omitted; set WRANGLER_LOG_SANITIZE=false to include sanitized data
---

--- 2025-12-26T05:34:14.253Z debug
INIT: omitted; set WRANGLER_LOG_SANITIZE=false to include sanitized data
---

--- 2025-12-26T05:34:14.253Z debug
-- END CF API REQUEST
---

--- 2025-12-26T05:34:14.267Z debug
POST /pages/assets/upload
---

--- 2025-12-26T05:34:14.289Z debug
-- START CF API REQUEST: POST https://api.cloudflare.com/client/v4/pages/assets/upload
---

--- 2025-12-26T05:34:14.289Z debug
QUERY STRING: omitted; set WRANGLER_LOG_SANITIZE=false to include sanitized data
---

--- 2025-12-26T05:34:14.290Z debug
HEADERS: omitted; set WRANGLER_LOG_SANITIZE=false to include sanitized data
---

--- 2025-12-26T05:34:14.307Z debug
INIT: omitted; set WRANGLER_LOG_SANITIZE=false to include sanitized data
---

--- 2025-12-26T05:34:14.307Z debug
-- END CF API REQUEST
---

--- 2025-12-26T05:34:15.206Z debug
-- START CF API RESPONSE: OK 200
---

--- 2025-12-26T05:34:15.206Z debug
HEADERS: omitted; set WRANGLER_LOG_SANITIZE=false to include sanitized data
---

--- 2025-12-26T05:34:15.206Z debug
RESPONSE: omitted; set WRANGLER_LOG_SANITIZE=false to include sanitized data
---

--- 2025-12-26T05:34:15.206Z debug
-- END CF API RESPONSE
---

--- 2025-12-26T05:34:15.208Z debug
result: { successful_key_count: 1, unsuccessful_keys: [] }
---

--- 2025-12-26T05:34:22.814Z debug
-- START CF API RESPONSE: OK 200
---

--- 2025-12-26T05:34:22.814Z debug
HEADERS: omitted; set WRANGLER_LOG_SANITIZE=false to include sanitized data
---

--- 2025-12-26T05:34:22.814Z debug
RESPONSE: omitted; set WRANGLER_LOG_SANITIZE=false to include sanitized data
---

--- 2025-12-26T05:34:22.815Z debug
-- END CF API RESPONSE
---

--- 2025-12-26T05:34:22.815Z debug
result: { successful_key_count: 1, unsuccessful_keys: [] }
---

--- 2025-12-26T05:34:22.816Z log
✨ Success! Uploaded 2 files (37 already uploaded) (8.91 sec)

---

--- 2025-12-26T05:34:22.818Z debug
-- START CF API REQUEST: POST https://api.cloudflare.com/client/v4/pages/assets/upsert-hashes
---

--- 2025-12-26T05:34:22.818Z debug
QUERY STRING: omitted; set WRANGLER_LOG_SANITIZE=false to include sanitized data
---

--- 2025-12-26T05:34:22.818Z debug
HEADERS: omitted; set WRANGLER_LOG_SANITIZE=false to include sanitized data
---

--- 2025-12-26T05:34:22.818Z debug
INIT: omitted; set WRANGLER_LOG_SANITIZE=false to include sanitized data
---

--- 2025-12-26T05:34:22.818Z debug
-- END CF API REQUEST
---

--- 2025-12-26T05:34:23.307Z debug
-- START CF API RESPONSE: OK 200
---

--- 2025-12-26T05:34:23.308Z debug
HEADERS: omitted; set WRANGLER_LOG_SANITIZE=false to include sanitized data
---

--- 2025-12-26T05:34:23.309Z debug
RESPONSE: omitted; set WRANGLER_LOG_SANITIZE=false to include sanitized data
---

--- 2025-12-26T05:34:23.309Z debug
-- END CF API RESPONSE
---

--- 2025-12-26T05:34:23.313Z log
✨ Uploading _headers
---

--- 2025-12-26T05:34:23.314Z log
✨ Uploading _redirects
---

--- 2025-12-26T05:34:23.315Z debug
-- START CF API REQUEST: POST https://api.cloudflare.com/client/v4/accounts/f006ec5b85550c77e565a3f9f99a35c0/pages/projects/leafvault-notes/deployments
---

--- 2025-12-26T05:34:23.315Z debug
QUERY STRING: omitted; set WRANGLER_LOG_SANITIZE=false to include sanitized data
---

--- 2025-12-26T05:34:23.315Z debug
HEADERS: omitted; set WRANGLER_LOG_SANITIZE=false to include sanitized data
---

--- 2025-12-26T05:34:23.315Z debug
INIT: omitted; set WRANGLER_LOG_SANITIZE=false to include sanitized data
---

--- 2025-12-26T05:34:23.322Z debug
BODY: omitted; set WRANGLER_LOG_SANITIZE=false to include sanitized data
---

--- 2025-12-26T05:34:23.322Z debug
-- END CF API REQUEST
---

--- 2025-12-26T05:34:25.568Z debug
-- START CF API RESPONSE: OK 200
---

--- 2025-12-26T05:34:25.569Z debug
HEADERS: omitted; set WRANGLER_LOG_SANITIZE=false to include sanitized data
---

--- 2025-12-26T05:34:25.569Z debug
RESPONSE: omitted; set WRANGLER_LOG_SANITIZE=false to include sanitized data
---

--- 2025-12-26T05:34:25.569Z debug
-- END CF API RESPONSE
---

--- 2025-12-26T05:34:25.571Z debug
Saving to cache: {"account_id":"f006ec5b85550c77e565a3f9f99a35c0","project_name":"leafvault-notes"}
---

--- 2025-12-26T05:34:25.572Z log
🌎 Deploying...
---

--- 2025-12-26T05:34:26.574Z debug
attempt #1: Attempting to fetch status for deployment with id "4b3eece7-0c11-4daf-919c-2fcd0a7ef4dc" ...
---

--- 2025-12-26T05:34:26.575Z debug
-- START CF API REQUEST: GET https://api.cloudflare.com/client/v4/accounts/f006ec5b85550c77e565a3f9f99a35c0/pages/projects/leafvault-notes/deployments/4b3eece7-0c11-4daf-919c-2fcd0a7ef4dc
---

--- 2025-12-26T05:34:26.575Z debug
QUERY STRING: omitted; set WRANGLER_LOG_SANITIZE=false to include sanitized data
---

--- 2025-12-26T05:34:26.576Z debug
HEADERS: omitted; set WRANGLER_LOG_SANITIZE=false to include sanitized data
---

--- 2025-12-26T05:34:26.576Z debug
INIT: omitted; set WRANGLER_LOG_SANITIZE=false to include sanitized data
---

--- 2025-12-26T05:34:26.576Z debug
-- END CF API REQUEST
---

--- 2025-12-26T05:34:28.700Z debug
-- START CF API RESPONSE: OK 200
---

--- 2025-12-26T05:34:28.701Z debug
HEADERS: omitted; set WRANGLER_LOG_SANITIZE=false to include sanitized data
---

--- 2025-12-26T05:34:28.701Z debug
RESPONSE: omitted; set WRANGLER_LOG_SANITIZE=false to include sanitized data
---

--- 2025-12-26T05:34:28.701Z debug
-- END CF API RESPONSE
---

--- 2025-12-26T05:34:28.704Z log
✨ Deployment complete! Take a peek over at https://4b3eece7.leafvault-notes.pages.dev
---

--- 2025-12-26T05:34:28.707Z debug
Metrics dispatcher: Posting data {"deviceId":"d39dff02-21f2-40cf-941a-454076f127d1","event":"create pages deployment","timestamp":1766727268707,"properties":{"category":"Workers","wranglerVersion":"4.53.0","os":"linux:x64"}}
---

--- 2025-12-26T05:34:28.752Z debug
Metrics dispatcher: Posting data {"deviceId":"d39dff02-21f2-40cf-941a-454076f127d1","event":"wrangler command completed","timestamp":1766727268752,"properties":{"amplitude_session_id":1766727248658,"amplitude_event_id":1,"wranglerVersion":"4.53.0","osPlatform":"Linux","osVersion":"#1 SMP PREEMPT_DYNAMIC Thu Jun  5 18:30:46 UTC 2025","nodeVersion":22,"packageManager":"npm","isFirstUsage":false,"configFileType":"none","isCI":false,"isPagesCI":false,"isWorkersCI":false,"isInteractive":true,"hasAssets":false,"argsUsed":[],"argsCombination":"","command":"wrangler pages deploy","args":{},"durationMs":20214,"durationSeconds":20.214,"durationMinutes":0.3369}}
---
