
--- 2025-12-25T18:54:23.359Z debug
🪵  Writing logs to "/home/hades/.config/.wrangler/logs/wrangler-2025-12-25_18-54-22_408.log"
---

--- 2025-12-25T18:54:23.358Z debug
Metrics dispatcher: Posting data {"deviceId":"d39dff02-21f2-40cf-941a-454076f127d1","event":"wrangler command started","timestamp":1766688863358,"properties":{"amplitude_session_id":1766688863347,"amplitude_event_id":0,"wranglerVersion":"4.53.0","osPlatform":"Linux","osVersion":"#1 SMP PREEMPT_DYNAMIC Thu Jun  5 18:30:46 UTC 2025","nodeVersion":22,"isFirstUsage":false,"configFileType":"toml","isCI":false,"isPagesCI":false,"isWorkersCI":false,"isInteractive":true,"hasAssets":false,"argsUsed":[],"argsCombination":"","command":"wrangler kv namespace create","args":{}}}
---

--- 2025-12-25T18:54:23.409Z debug
.env file not found at "/home/hades/FUN/tempmail/lexa_tempmail/worker/.env". Continuing... For more details, refer to https://developers.cloudflare.com/workers/wrangler/system-environment-variables/
---

--- 2025-12-25T18:54:23.410Z debug
.env file not found at "/home/hades/FUN/tempmail/lexa_tempmail/worker/.env.local". Continuing... For more details, refer to https://developers.cloudflare.com/workers/wrangler/system-environment-variables/
---

--- 2025-12-25T18:54:23.496Z log

 ⛅️ wrangler 4.53.0 (update available 4.54.0)
─────────────────────────────────────────────
---

--- 2025-12-25T18:54:23.599Z debug
Retrieving cached values for account from node_modules/.cache/wrangler
---

--- 2025-12-25T18:54:23.599Z log
Resource location: remote 

---

--- 2025-12-25T18:54:23.600Z log
🌀 Creating namespace with title "KV"
---

--- 2025-12-25T18:54:23.615Z debug
-- START CF API REQUEST: POST https://api.cloudflare.com/client/v4/accounts/f006ec5b85550c77e565a3f9f99a35c0/storage/kv/namespaces
---

--- 2025-12-25T18:54:23.616Z debug
HEADERS: omitted; set WRANGLER_LOG_SANITIZE=false to include sanitized data
---

--- 2025-12-25T18:54:23.616Z debug
INIT: omitted; set WRANGLER_LOG_SANITIZE=false to include sanitized data
---

--- 2025-12-25T18:54:23.616Z debug
-- END CF API REQUEST
---

--- 2025-12-25T18:54:26.459Z debug
-- START CF API RESPONSE: OK 200
---

--- 2025-12-25T18:54:26.460Z debug
HEADERS: omitted; set WRANGLER_LOG_SANITIZE=false to include sanitized data
---

--- 2025-12-25T18:54:26.460Z debug
RESPONSE: omitted; set WRANGLER_LOG_SANITIZE=false to include sanitized data
---

--- 2025-12-25T18:54:26.460Z debug
-- END CF API RESPONSE
---

--- 2025-12-25T18:54:26.469Z debug
Metrics dispatcher: Posting data {"deviceId":"d39dff02-21f2-40cf-941a-454076f127d1","event":"create kv namespace","timestamp":1766688866469,"properties":{"category":"Workers","wranglerVersion":"4.53.0","os":"linux:x64"}}
---

--- 2025-12-25T18:54:26.473Z log
✨ Success!
---

--- 2025-12-25T18:54:26.475Z log
To access your new KV Namespace in your Worker, add the following snippet to your configuration file:
---

--- 2025-12-25T18:54:26.477Z log
[[kv_namespaces]]
binding = "KV"
id = "d47ba8fa966145399fd5b7d466a7fbc7"

---

--- 2025-12-25T18:54:26.487Z debug
Metrics dispatcher: Posting data {"deviceId":"d39dff02-21f2-40cf-941a-454076f127d1","event":"wrangler command completed","timestamp":1766688866487,"properties":{"amplitude_session_id":1766688863347,"amplitude_event_id":1,"wranglerVersion":"4.53.0","osPlatform":"Linux","osVersion":"#1 SMP PREEMPT_DYNAMIC Thu Jun  5 18:30:46 UTC 2025","nodeVersion":22,"isFirstUsage":false,"configFileType":"toml","isCI":false,"isPagesCI":false,"isWorkersCI":false,"isInteractive":true,"hasAssets":false,"argsUsed":[],"argsCombination":"","command":"wrangler kv namespace create","args":{},"durationMs":3306,"durationSeconds":3.306,"durationMinutes":0.0551}}
---
