
--- 2025-12-24T09:53:08.488Z debug
🪵  Writing logs to "/home/hades/.config/.wrangler/logs/wrangler-2025-12-24_09-53-07_484.log"
---

--- 2025-12-24T09:53:08.488Z debug
Metrics dispatcher: Posting data {"deviceId":"d39dff02-21f2-40cf-941a-454076f127d1","event":"wrangler command started","timestamp":1766569988488,"properties":{"amplitude_session_id":1766569988483,"amplitude_event_id":0,"wranglerVersion":"4.53.0","osPlatform":"Linux","osVersion":"#1 SMP PREEMPT_DYNAMIC Thu Jun  5 18:30:46 UTC 2025","nodeVersion":22,"packageManager":"npm","isFirstUsage":false,"configFileType":"none","isCI":false,"isPagesCI":false,"isWorkersCI":false,"isInteractive":true,"hasAssets":false,"argsUsed":[],"argsCombination":"","command":"wrangler pages deploy","args":{}}}
---

--- 2025-12-24T09:53:08.524Z debug
.env file not found at "/home/hades/FUN/NotesProjeck/beta/vaultnotes/.env.local". Continuing... For more details, refer to https://developers.cloudflare.com/workers/wrangler/system-environment-variables/
---

--- 2025-12-24T09:53:08.612Z log

 ⛅️ wrangler 4.53.0 (update available 4.56.0)
─────────────────────────────────────────────
---

--- 2025-12-24T09:53:08.680Z debug
Retrieving cached values for account_id and project_name from node_modules/.cache/wrangler
---

--- 2025-12-24T09:53:08.683Z debug
-- START CF API REQUEST: GET https://api.cloudflare.com/client/v4/accounts/f006ec5b85550c77e565a3f9f99a35c0/pages/projects/leafvault-notes
---

--- 2025-12-24T09:53:08.683Z debug
QUERY STRING: omitted; set WRANGLER_LOG_SANITIZE=false to include sanitized data
---

--- 2025-12-24T09:53:08.685Z debug
HEADERS: omitted; set WRANGLER_LOG_SANITIZE=false to include sanitized data
---

--- 2025-12-24T09:53:08.685Z debug
INIT: omitted; set WRANGLER_LOG_SANITIZE=false to include sanitized data
---

--- 2025-12-24T09:53:08.685Z debug
-- END CF API REQUEST
---

--- 2025-12-24T09:53:10.900Z debug
-- START CF API RESPONSE: OK 200
---

--- 2025-12-24T09:53:10.903Z debug
HEADERS: omitted; set WRANGLER_LOG_SANITIZE=false to include sanitized data
---

--- 2025-12-24T09:53:10.904Z debug
RESPONSE: omitted; set WRANGLER_LOG_SANITIZE=false to include sanitized data
---

--- 2025-12-24T09:53:10.904Z debug
-- END CF API RESPONSE
---

--- 2025-12-24T09:53:11.067Z debug
-- START CF API REQUEST: GET https://api.cloudflare.com/client/v4/accounts/f006ec5b85550c77e565a3f9f99a35c0/pages/projects/leafvault-notes
---

--- 2025-12-24T09:53:11.067Z debug
QUERY STRING: omitted; set WRANGLER_LOG_SANITIZE=false to include sanitized data
---

--- 2025-12-24T09:53:11.071Z debug
HEADERS: omitted; set WRANGLER_LOG_SANITIZE=false to include sanitized data
---

--- 2025-12-24T09:53:11.071Z debug
INIT: omitted; set WRANGLER_LOG_SANITIZE=false to include sanitized data
---

--- 2025-12-24T09:53:11.071Z debug
-- END CF API REQUEST
---

--- 2025-12-24T09:53:12.938Z debug
-- START CF API RESPONSE: OK 200
---

--- 2025-12-24T09:53:12.939Z debug
HEADERS: omitted; set WRANGLER_LOG_SANITIZE=false to include sanitized data
---

--- 2025-12-24T09:53:12.939Z debug
RESPONSE: omitted; set WRANGLER_LOG_SANITIZE=false to include sanitized data
---

--- 2025-12-24T09:53:12.939Z debug
-- END CF API RESPONSE
---

--- 2025-12-24T09:53:13.071Z debug
-- START CF API REQUEST: GET https://api.cloudflare.com/client/v4/accounts/f006ec5b85550c77e565a3f9f99a35c0/pages/projects/leafvault-notes/upload-token
---

--- 2025-12-24T09:53:13.071Z debug
QUERY STRING: omitted; set WRANGLER_LOG_SANITIZE=false to include sanitized data
---

--- 2025-12-24T09:53:13.071Z debug
HEADERS: omitted; set WRANGLER_LOG_SANITIZE=false to include sanitized data
---

--- 2025-12-24T09:53:13.071Z debug
INIT: omitted; set WRANGLER_LOG_SANITIZE=false to include sanitized data
---

--- 2025-12-24T09:53:13.071Z debug
-- END CF API REQUEST
---

--- 2025-12-24T09:53:14.486Z debug
-- START CF API RESPONSE: OK 200
---

--- 2025-12-24T09:53:14.486Z debug
HEADERS: omitted; set WRANGLER_LOG_SANITIZE=false to include sanitized data
---

--- 2025-12-24T09:53:14.486Z debug
RESPONSE: omitted; set WRANGLER_LOG_SANITIZE=false to include sanitized data
---

--- 2025-12-24T09:53:14.486Z debug
-- END CF API RESPONSE
---

--- 2025-12-24T09:53:14.488Z debug
-- START CF API REQUEST: POST https://api.cloudflare.com/client/v4/pages/assets/check-missing
---

--- 2025-12-24T09:53:14.488Z debug
QUERY STRING: omitted; set WRANGLER_LOG_SANITIZE=false to include sanitized data
---

--- 2025-12-24T09:53:14.488Z debug
HEADERS: omitted; set WRANGLER_LOG_SANITIZE=false to include sanitized data
---

--- 2025-12-24T09:53:14.488Z debug
INIT: omitted; set WRANGLER_LOG_SANITIZE=false to include sanitized data
---

--- 2025-12-24T09:53:14.488Z debug
-- END CF API REQUEST
---

--- 2025-12-24T09:53:14.771Z debug
-- START CF API RESPONSE: OK 200
---

--- 2025-12-24T09:53:14.771Z debug
HEADERS: omitted; set WRANGLER_LOG_SANITIZE=false to include sanitized data
---

--- 2025-12-24T09:53:14.771Z debug
RESPONSE: omitted; set WRANGLER_LOG_SANITIZE=false to include sanitized data
---

--- 2025-12-24T09:53:14.772Z debug
-- END CF API RESPONSE
---

--- 2025-12-24T09:53:14.776Z log
✨ Success! Uploaded 0 files (39 already uploaded) (0.29 sec)

---

--- 2025-12-24T09:53:14.780Z debug
-- START CF API REQUEST: POST https://api.cloudflare.com/client/v4/pages/assets/upsert-hashes
---

--- 2025-12-24T09:53:14.780Z debug
QUERY STRING: omitted; set WRANGLER_LOG_SANITIZE=false to include sanitized data
---

--- 2025-12-24T09:53:14.780Z debug
HEADERS: omitted; set WRANGLER_LOG_SANITIZE=false to include sanitized data
---

--- 2025-12-24T09:53:14.781Z debug
INIT: omitted; set WRANGLER_LOG_SANITIZE=false to include sanitized data
---

--- 2025-12-24T09:53:14.781Z debug
-- END CF API REQUEST
---

--- 2025-12-24T09:53:15.117Z debug
-- START CF API RESPONSE: OK 200
---

--- 2025-12-24T09:53:15.119Z debug
HEADERS: omitted; set WRANGLER_LOG_SANITIZE=false to include sanitized data
---

--- 2025-12-24T09:53:15.119Z debug
RESPONSE: omitted; set WRANGLER_LOG_SANITIZE=false to include sanitized data
---

--- 2025-12-24T09:53:15.119Z debug
-- END CF API RESPONSE
---

--- 2025-12-24T09:53:15.121Z log
✨ Uploading _headers
---

--- 2025-12-24T09:53:15.122Z log
✨ Uploading _redirects
---

--- 2025-12-24T09:53:15.123Z debug
-- START CF API REQUEST: POST https://api.cloudflare.com/client/v4/accounts/f006ec5b85550c77e565a3f9f99a35c0/pages/projects/leafvault-notes/deployments
---

--- 2025-12-24T09:53:15.123Z debug
QUERY STRING: omitted; set WRANGLER_LOG_SANITIZE=false to include sanitized data
---

--- 2025-12-24T09:53:15.124Z debug
HEADERS: omitted; set WRANGLER_LOG_SANITIZE=false to include sanitized data
---

--- 2025-12-24T09:53:15.124Z debug
INIT: omitted; set WRANGLER_LOG_SANITIZE=false to include sanitized data
---

--- 2025-12-24T09:53:15.135Z debug
BODY: omitted; set WRANGLER_LOG_SANITIZE=false to include sanitized data
---

--- 2025-12-24T09:53:15.135Z debug
-- END CF API REQUEST
---

--- 2025-12-24T09:53:17.204Z debug
-- START CF API RESPONSE: OK 200
---

--- 2025-12-24T09:53:17.205Z debug
HEADERS: omitted; set WRANGLER_LOG_SANITIZE=false to include sanitized data
---

--- 2025-12-24T09:53:17.205Z debug
RESPONSE: omitted; set WRANGLER_LOG_SANITIZE=false to include sanitized data
---

--- 2025-12-24T09:53:17.205Z debug
-- END CF API RESPONSE
---

--- 2025-12-24T09:53:17.207Z debug
Saving to cache: {"account_id":"f006ec5b85550c77e565a3f9f99a35c0","project_name":"leafvault-notes"}
---

--- 2025-12-24T09:53:17.208Z log
🌎 Deploying...
---

--- 2025-12-24T09:53:18.216Z debug
attempt #1: Attempting to fetch status for deployment with id "7da35bf5-a74b-4033-b138-b641865d976b" ...
---

--- 2025-12-24T09:53:18.217Z debug
-- START CF API REQUEST: GET https://api.cloudflare.com/client/v4/accounts/f006ec5b85550c77e565a3f9f99a35c0/pages/projects/leafvault-notes/deployments/7da35bf5-a74b-4033-b138-b641865d976b
---

--- 2025-12-24T09:53:18.217Z debug
QUERY STRING: omitted; set WRANGLER_LOG_SANITIZE=false to include sanitized data
---

--- 2025-12-24T09:53:18.217Z debug
HEADERS: omitted; set WRANGLER_LOG_SANITIZE=false to include sanitized data
---

--- 2025-12-24T09:53:18.217Z debug
INIT: omitted; set WRANGLER_LOG_SANITIZE=false to include sanitized data
---

--- 2025-12-24T09:53:18.217Z debug
-- END CF API REQUEST
---

--- 2025-12-24T09:53:20.107Z debug
-- START CF API RESPONSE: OK 200
---

--- 2025-12-24T09:53:20.107Z debug
HEADERS: omitted; set WRANGLER_LOG_SANITIZE=false to include sanitized data
---

--- 2025-12-24T09:53:20.107Z debug
RESPONSE: omitted; set WRANGLER_LOG_SANITIZE=false to include sanitized data
---

--- 2025-12-24T09:53:20.107Z debug
-- END CF API RESPONSE
---

--- 2025-12-24T09:53:22.112Z debug
attempt #2: Attempting to fetch status for deployment with id "7da35bf5-a74b-4033-b138-b641865d976b" ...
---

--- 2025-12-24T09:53:22.114Z debug
-- START CF API REQUEST: GET https://api.cloudflare.com/client/v4/accounts/f006ec5b85550c77e565a3f9f99a35c0/pages/projects/leafvault-notes/deployments/7da35bf5-a74b-4033-b138-b641865d976b
---

--- 2025-12-24T09:53:22.114Z debug
QUERY STRING: omitted; set WRANGLER_LOG_SANITIZE=false to include sanitized data
---

--- 2025-12-24T09:53:22.114Z debug
HEADERS: omitted; set WRANGLER_LOG_SANITIZE=false to include sanitized data
---

--- 2025-12-24T09:53:22.114Z debug
INIT: omitted; set WRANGLER_LOG_SANITIZE=false to include sanitized data
---

--- 2025-12-24T09:53:22.114Z debug
-- END CF API REQUEST
---

--- 2025-12-24T09:53:24.027Z debug
-- START CF API RESPONSE: OK 200
---

--- 2025-12-24T09:53:24.028Z debug
HEADERS: omitted; set WRANGLER_LOG_SANITIZE=false to include sanitized data
---

--- 2025-12-24T09:53:24.028Z debug
RESPONSE: omitted; set WRANGLER_LOG_SANITIZE=false to include sanitized data
---

--- 2025-12-24T09:53:24.028Z debug
-- END CF API RESPONSE
---

--- 2025-12-24T09:53:24.030Z log
✨ Deployment complete! Take a peek over at https://7da35bf5.leafvault-notes.pages.dev
---

--- 2025-12-24T09:53:24.033Z debug
Metrics dispatcher: Posting data {"deviceId":"d39dff02-21f2-40cf-941a-454076f127d1","event":"create pages deployment","timestamp":1766570004033,"properties":{"category":"Workers","wranglerVersion":"4.53.0","os":"linux:x64"}}
---

--- 2025-12-24T09:53:24.041Z debug
Metrics dispatcher: Posting data {"deviceId":"d39dff02-21f2-40cf-941a-454076f127d1","event":"wrangler command completed","timestamp":1766570004041,"properties":{"amplitude_session_id":1766569988483,"amplitude_event_id":1,"wranglerVersion":"4.53.0","osPlatform":"Linux","osVersion":"#1 SMP PREEMPT_DYNAMIC Thu Jun  5 18:30:46 UTC 2025","nodeVersion":22,"packageManager":"npm","isFirstUsage":false,"configFileType":"none","isCI":false,"isPagesCI":false,"isWorkersCI":false,"isInteractive":true,"hasAssets":false,"argsUsed":[],"argsCombination":"","command":"wrangler pages deploy","args":{},"durationMs":15690,"durationSeconds":15.69,"durationMinutes":0.2615}}
---
