
--- 2025-12-25T19:27:29.458Z debug
🪵  Writing logs to "/home/hades/.config/.wrangler/logs/wrangler-2025-12-25_19-27-28_398.log"
---

--- 2025-12-25T19:27:29.458Z debug
Metrics dispatcher: Posting data {"deviceId":"d39dff02-21f2-40cf-941a-454076f127d1","event":"wrangler command started","timestamp":1766690849457,"properties":{"amplitude_session_id":1766690849451,"amplitude_event_id":0,"wranglerVersion":"4.53.0","osPlatform":"Linux","osVersion":"#1 SMP PREEMPT_DYNAMIC Thu Jun  5 18:30:46 UTC 2025","nodeVersion":22,"isFirstUsage":false,"configFileType":"none","isCI":false,"isPagesCI":false,"isWorkersCI":false,"isInteractive":true,"hasAssets":false,"argsUsed":[],"argsCombination":"","command":"wrangler pages deploy","args":{}}}
---

--- 2025-12-25T19:27:29.496Z debug
.env file not found at "/home/hades/FUN/tempmail/lexa_tempmail/frontend/.env.local". Continuing... For more details, refer to https://developers.cloudflare.com/workers/wrangler/system-environment-variables/
---

--- 2025-12-25T19:27:29.591Z log

 ⛅️ wrangler 4.53.0 (update available 4.54.0)
─────────────────────────────────────────────
---

--- 2025-12-25T19:27:29.661Z debug
Retrieving cached values for account_id and project_name from node_modules/.cache/wrangler
---

--- 2025-12-25T19:27:29.664Z debug
-- START CF API REQUEST: GET https://api.cloudflare.com/client/v4/accounts/f006ec5b85550c77e565a3f9f99a35c0/pages/projects/lexa-tempmail
---

--- 2025-12-25T19:27:29.666Z debug
QUERY STRING: omitted; set WRANGLER_LOG_SANITIZE=false to include sanitized data
---

--- 2025-12-25T19:27:29.668Z debug
HEADERS: omitted; set WRANGLER_LOG_SANITIZE=false to include sanitized data
---

--- 2025-12-25T19:27:29.668Z debug
INIT: omitted; set WRANGLER_LOG_SANITIZE=false to include sanitized data
---

--- 2025-12-25T19:27:29.668Z debug
-- END CF API REQUEST
---

--- 2025-12-25T19:27:31.400Z debug
-- START CF API RESPONSE: OK 200
---

--- 2025-12-25T19:27:31.403Z debug
HEADERS: omitted; set WRANGLER_LOG_SANITIZE=false to include sanitized data
---

--- 2025-12-25T19:27:31.403Z debug
RESPONSE: omitted; set WRANGLER_LOG_SANITIZE=false to include sanitized data
---

--- 2025-12-25T19:27:31.403Z debug
-- END CF API RESPONSE
---

--- 2025-12-25T19:27:31.637Z debug
-- START CF API REQUEST: GET https://api.cloudflare.com/client/v4/accounts/f006ec5b85550c77e565a3f9f99a35c0/pages/projects/lexa-tempmail
---

--- 2025-12-25T19:27:31.637Z debug
QUERY STRING: omitted; set WRANGLER_LOG_SANITIZE=false to include sanitized data
---

--- 2025-12-25T19:27:31.638Z debug
HEADERS: omitted; set WRANGLER_LOG_SANITIZE=false to include sanitized data
---

--- 2025-12-25T19:27:31.638Z debug
INIT: omitted; set WRANGLER_LOG_SANITIZE=false to include sanitized data
---

--- 2025-12-25T19:27:31.638Z debug
-- END CF API REQUEST
---

--- 2025-12-25T19:27:33.147Z debug
-- START CF API RESPONSE: OK 200
---

--- 2025-12-25T19:27:33.148Z debug
HEADERS: omitted; set WRANGLER_LOG_SANITIZE=false to include sanitized data
---

--- 2025-12-25T19:27:33.148Z debug
RESPONSE: omitted; set WRANGLER_LOG_SANITIZE=false to include sanitized data
---

--- 2025-12-25T19:27:33.148Z debug
-- END CF API RESPONSE
---

--- 2025-12-25T19:27:33.314Z debug
-- START CF API REQUEST: GET https://api.cloudflare.com/client/v4/accounts/f006ec5b85550c77e565a3f9f99a35c0/pages/projects/lexa-tempmail/upload-token
---

--- 2025-12-25T19:27:33.315Z debug
QUERY STRING: omitted; set WRANGLER_LOG_SANITIZE=false to include sanitized data
---

--- 2025-12-25T19:27:33.315Z debug
HEADERS: omitted; set WRANGLER_LOG_SANITIZE=false to include sanitized data
---

--- 2025-12-25T19:27:33.315Z debug
INIT: omitted; set WRANGLER_LOG_SANITIZE=false to include sanitized data
---

--- 2025-12-25T19:27:33.315Z debug
-- END CF API REQUEST
---

--- 2025-12-25T19:27:34.756Z debug
-- START CF API RESPONSE: OK 200
---

--- 2025-12-25T19:27:34.758Z debug
HEADERS: omitted; set WRANGLER_LOG_SANITIZE=false to include sanitized data
---

--- 2025-12-25T19:27:34.758Z debug
RESPONSE: omitted; set WRANGLER_LOG_SANITIZE=false to include sanitized data
---

--- 2025-12-25T19:27:34.758Z debug
-- END CF API RESPONSE
---

--- 2025-12-25T19:27:34.760Z debug
-- START CF API REQUEST: POST https://api.cloudflare.com/client/v4/pages/assets/check-missing
---

--- 2025-12-25T19:27:34.760Z debug
QUERY STRING: omitted; set WRANGLER_LOG_SANITIZE=false to include sanitized data
---

--- 2025-12-25T19:27:34.760Z debug
HEADERS: omitted; set WRANGLER_LOG_SANITIZE=false to include sanitized data
---

--- 2025-12-25T19:27:34.760Z debug
INIT: omitted; set WRANGLER_LOG_SANITIZE=false to include sanitized data
---

--- 2025-12-25T19:27:34.760Z debug
-- END CF API REQUEST
---

--- 2025-12-25T19:27:35.092Z debug
-- START CF API RESPONSE: OK 200
---

--- 2025-12-25T19:27:35.093Z debug
HEADERS: omitted; set WRANGLER_LOG_SANITIZE=false to include sanitized data
---

--- 2025-12-25T19:27:35.093Z debug
RESPONSE: omitted; set WRANGLER_LOG_SANITIZE=false to include sanitized data
---

--- 2025-12-25T19:27:35.093Z debug
-- END CF API RESPONSE
---

--- 2025-12-25T19:27:35.121Z debug
POST /pages/assets/upload
---

--- 2025-12-25T19:27:35.126Z debug
-- START CF API REQUEST: POST https://api.cloudflare.com/client/v4/pages/assets/upload
---

--- 2025-12-25T19:27:35.126Z debug
QUERY STRING: omitted; set WRANGLER_LOG_SANITIZE=false to include sanitized data
---

--- 2025-12-25T19:27:35.127Z debug
HEADERS: omitted; set WRANGLER_LOG_SANITIZE=false to include sanitized data
---

--- 2025-12-25T19:27:35.134Z debug
INIT: omitted; set WRANGLER_LOG_SANITIZE=false to include sanitized data
---

--- 2025-12-25T19:27:35.134Z debug
-- END CF API REQUEST
---

--- 2025-12-25T19:27:35.153Z debug
POST /pages/assets/upload
---

--- 2025-12-25T19:27:35.178Z debug
-- START CF API REQUEST: POST https://api.cloudflare.com/client/v4/pages/assets/upload
---

--- 2025-12-25T19:27:35.178Z debug
QUERY STRING: omitted; set WRANGLER_LOG_SANITIZE=false to include sanitized data
---

--- 2025-12-25T19:27:35.178Z debug
HEADERS: omitted; set WRANGLER_LOG_SANITIZE=false to include sanitized data
---

--- 2025-12-25T19:27:35.196Z debug
INIT: omitted; set WRANGLER_LOG_SANITIZE=false to include sanitized data
---

--- 2025-12-25T19:27:35.196Z debug
-- END CF API REQUEST
---

--- 2025-12-25T19:27:35.212Z debug
POST /pages/assets/upload
---

--- 2025-12-25T19:27:35.264Z debug
-- START CF API REQUEST: POST https://api.cloudflare.com/client/v4/pages/assets/upload
---

--- 2025-12-25T19:27:35.264Z debug
QUERY STRING: omitted; set WRANGLER_LOG_SANITIZE=false to include sanitized data
---

--- 2025-12-25T19:27:35.264Z debug
HEADERS: omitted; set WRANGLER_LOG_SANITIZE=false to include sanitized data
---

--- 2025-12-25T19:27:35.294Z debug
INIT: omitted; set WRANGLER_LOG_SANITIZE=false to include sanitized data
---

--- 2025-12-25T19:27:35.294Z debug
-- END CF API REQUEST
---

--- 2025-12-25T19:27:39.249Z debug
-- START CF API RESPONSE: OK 200
---

--- 2025-12-25T19:27:39.251Z debug
HEADERS: omitted; set WRANGLER_LOG_SANITIZE=false to include sanitized data
---

--- 2025-12-25T19:27:39.251Z debug
RESPONSE: omitted; set WRANGLER_LOG_SANITIZE=false to include sanitized data
---

--- 2025-12-25T19:27:39.251Z debug
-- END CF API RESPONSE
---

--- 2025-12-25T19:27:39.253Z debug
result: { successful_key_count: 3, unsuccessful_keys: [] }
---

--- 2025-12-25T19:27:43.316Z debug
-- START CF API RESPONSE: OK 200
---

--- 2025-12-25T19:27:43.317Z debug
HEADERS: omitted; set WRANGLER_LOG_SANITIZE=false to include sanitized data
---

--- 2025-12-25T19:27:43.317Z debug
RESPONSE: omitted; set WRANGLER_LOG_SANITIZE=false to include sanitized data
---

--- 2025-12-25T19:27:43.317Z debug
-- END CF API RESPONSE
---

--- 2025-12-25T19:27:43.318Z debug
result: { successful_key_count: 3, unsuccessful_keys: [] }
---

--- 2025-12-25T19:27:47.825Z debug
-- START CF API RESPONSE: OK 200
---

--- 2025-12-25T19:27:47.826Z debug
HEADERS: omitted; set WRANGLER_LOG_SANITIZE=false to include sanitized data
---

--- 2025-12-25T19:27:47.826Z debug
RESPONSE: omitted; set WRANGLER_LOG_SANITIZE=false to include sanitized data
---

--- 2025-12-25T19:27:47.826Z debug
-- END CF API RESPONSE
---

--- 2025-12-25T19:27:47.827Z debug
result: { successful_key_count: 3, unsuccessful_keys: [] }
---

--- 2025-12-25T19:27:47.828Z log
✨ Success! Uploaded 9 files (13 already uploaded) (13.07 sec)

---

--- 2025-12-25T19:27:47.829Z debug
-- START CF API REQUEST: POST https://api.cloudflare.com/client/v4/pages/assets/upsert-hashes
---

--- 2025-12-25T19:27:47.829Z debug
QUERY STRING: omitted; set WRANGLER_LOG_SANITIZE=false to include sanitized data
---

--- 2025-12-25T19:27:47.830Z debug
HEADERS: omitted; set WRANGLER_LOG_SANITIZE=false to include sanitized data
---

--- 2025-12-25T19:27:47.831Z debug
INIT: omitted; set WRANGLER_LOG_SANITIZE=false to include sanitized data
---

--- 2025-12-25T19:27:47.831Z debug
-- END CF API REQUEST
---

--- 2025-12-25T19:27:48.254Z debug
-- START CF API RESPONSE: OK 200
---

--- 2025-12-25T19:27:48.254Z debug
HEADERS: omitted; set WRANGLER_LOG_SANITIZE=false to include sanitized data
---

--- 2025-12-25T19:27:48.254Z debug
RESPONSE: omitted; set WRANGLER_LOG_SANITIZE=false to include sanitized data
---

--- 2025-12-25T19:27:48.254Z debug
-- END CF API RESPONSE
---

--- 2025-12-25T19:27:48.256Z debug
-- START CF API REQUEST: POST https://api.cloudflare.com/client/v4/accounts/f006ec5b85550c77e565a3f9f99a35c0/pages/projects/lexa-tempmail/deployments
---

--- 2025-12-25T19:27:48.256Z debug
QUERY STRING: omitted; set WRANGLER_LOG_SANITIZE=false to include sanitized data
---

--- 2025-12-25T19:27:48.257Z debug
HEADERS: omitted; set WRANGLER_LOG_SANITIZE=false to include sanitized data
---

--- 2025-12-25T19:27:48.257Z debug
INIT: omitted; set WRANGLER_LOG_SANITIZE=false to include sanitized data
---

--- 2025-12-25T19:27:48.261Z debug
BODY: omitted; set WRANGLER_LOG_SANITIZE=false to include sanitized data
---

--- 2025-12-25T19:27:48.261Z debug
-- END CF API REQUEST
---

--- 2025-12-25T19:27:50.606Z debug
-- START CF API RESPONSE: OK 200
---

--- 2025-12-25T19:27:50.607Z debug
HEADERS: omitted; set WRANGLER_LOG_SANITIZE=false to include sanitized data
---

--- 2025-12-25T19:27:50.607Z debug
RESPONSE: omitted; set WRANGLER_LOG_SANITIZE=false to include sanitized data
---

--- 2025-12-25T19:27:50.607Z debug
-- END CF API RESPONSE
---

--- 2025-12-25T19:27:50.610Z debug
Saving to cache: {"account_id":"f006ec5b85550c77e565a3f9f99a35c0","project_name":"lexa-tempmail"}
---

--- 2025-12-25T19:27:50.611Z log
🌎 Deploying...
---

--- 2025-12-25T19:27:51.614Z debug
attempt #1: Attempting to fetch status for deployment with id "72350487-5f41-4bdf-aa88-1c15e12f98b4" ...
---

--- 2025-12-25T19:27:51.614Z debug
-- START CF API REQUEST: GET https://api.cloudflare.com/client/v4/accounts/f006ec5b85550c77e565a3f9f99a35c0/pages/projects/lexa-tempmail/deployments/72350487-5f41-4bdf-aa88-1c15e12f98b4
---

--- 2025-12-25T19:27:51.614Z debug
QUERY STRING: omitted; set WRANGLER_LOG_SANITIZE=false to include sanitized data
---

--- 2025-12-25T19:27:51.615Z debug
HEADERS: omitted; set WRANGLER_LOG_SANITIZE=false to include sanitized data
---

--- 2025-12-25T19:27:51.615Z debug
INIT: omitted; set WRANGLER_LOG_SANITIZE=false to include sanitized data
---

--- 2025-12-25T19:27:51.615Z debug
-- END CF API REQUEST
---

--- 2025-12-25T19:27:53.205Z debug
-- START CF API RESPONSE: OK 200
---

--- 2025-12-25T19:27:53.206Z debug
HEADERS: omitted; set WRANGLER_LOG_SANITIZE=false to include sanitized data
---

--- 2025-12-25T19:27:53.206Z debug
RESPONSE: omitted; set WRANGLER_LOG_SANITIZE=false to include sanitized data
---

--- 2025-12-25T19:27:53.206Z debug
-- END CF API RESPONSE
---

--- 2025-12-25T19:27:53.209Z log
✨ Deployment complete! Take a peek over at https://72350487.lexa-tempmail.pages.dev
---

--- 2025-12-25T19:27:53.211Z debug
Metrics dispatcher: Posting data {"deviceId":"d39dff02-21f2-40cf-941a-454076f127d1","event":"create pages deployment","timestamp":1766690873211,"properties":{"category":"Workers","wranglerVersion":"4.53.0","os":"linux:x64"}}
---

--- 2025-12-25T19:27:53.223Z debug
Metrics dispatcher: Posting data {"deviceId":"d39dff02-21f2-40cf-941a-454076f127d1","event":"wrangler command completed","timestamp":1766690873223,"properties":{"amplitude_session_id":1766690849451,"amplitude_event_id":1,"wranglerVersion":"4.53.0","osPlatform":"Linux","osVersion":"#1 SMP PREEMPT_DYNAMIC Thu Jun  5 18:30:46 UTC 2025","nodeVersion":22,"isFirstUsage":false,"configFileType":"none","isCI":false,"isPagesCI":false,"isWorkersCI":false,"isInteractive":true,"hasAssets":false,"argsUsed":[],"argsCombination":"","command":"wrangler pages deploy","args":{},"durationMs":23902,"durationSeconds":23.902,"durationMinutes":0.3983666666666667}}
---
