
--- 2025-12-26T05:23:46.315Z debug
🪵  Writing logs to "/home/hades/.config/.wrangler/logs/wrangler-2025-12-26_05-23-45_421.log"
---

--- 2025-12-26T05:23:46.315Z debug
Metrics dispatcher: Posting data {"deviceId":"d39dff02-21f2-40cf-941a-454076f127d1","event":"wrangler command started","timestamp":1766726626315,"properties":{"amplitude_session_id":1766726626310,"amplitude_event_id":0,"wranglerVersion":"4.53.0","osPlatform":"Linux","osVersion":"#1 SMP PREEMPT_DYNAMIC Thu Jun  5 18:30:46 UTC 2025","nodeVersion":22,"packageManager":"npm","isFirstUsage":false,"configFileType":"none","isCI":false,"isPagesCI":false,"isWorkersCI":false,"isInteractive":true,"hasAssets":false,"argsUsed":[],"argsCombination":"","command":"wrangler pages deploy","args":{}}}
---

--- 2025-12-26T05:23:46.346Z debug
.env file not found at "/home/hades/FUN/tempmail/vaultnotes-beta/.env.local". Continuing... For more details, refer to https://developers.cloudflare.com/workers/wrangler/system-environment-variables/
---

--- 2025-12-26T05:23:46.425Z log

 ⛅️ wrangler 4.53.0 (update available 4.54.0)
─────────────────────────────────────────────
---

--- 2025-12-26T05:23:46.515Z debug
Retrieving cached values for account_id and project_name from node_modules/.cache/wrangler
---

--- 2025-12-26T05:23:46.520Z debug
-- START CF API REQUEST: GET https://api.cloudflare.com/client/v4/accounts/f006ec5b85550c77e565a3f9f99a35c0/pages/projects/leafvault-notes
---

--- 2025-12-26T05:23:46.522Z debug
QUERY STRING: omitted; set WRANGLER_LOG_SANITIZE=false to include sanitized data
---

--- 2025-12-26T05:23:46.526Z debug
HEADERS: omitted; set WRANGLER_LOG_SANITIZE=false to include sanitized data
---

--- 2025-12-26T05:23:46.526Z debug
INIT: omitted; set WRANGLER_LOG_SANITIZE=false to include sanitized data
---

--- 2025-12-26T05:23:46.527Z debug
-- END CF API REQUEST
---

--- 2025-12-26T05:23:48.417Z debug
-- START CF API RESPONSE: OK 200
---

--- 2025-12-26T05:23:48.419Z debug
HEADERS: omitted; set WRANGLER_LOG_SANITIZE=false to include sanitized data
---

--- 2025-12-26T05:23:48.419Z debug
RESPONSE: omitted; set WRANGLER_LOG_SANITIZE=false to include sanitized data
---

--- 2025-12-26T05:23:48.419Z debug
-- END CF API RESPONSE
---

--- 2025-12-26T05:23:48.530Z debug
-- START CF API REQUEST: GET https://api.cloudflare.com/client/v4/accounts/f006ec5b85550c77e565a3f9f99a35c0/pages/projects/leafvault-notes
---

--- 2025-12-26T05:23:48.530Z debug
QUERY STRING: omitted; set WRANGLER_LOG_SANITIZE=false to include sanitized data
---

--- 2025-12-26T05:23:48.531Z debug
HEADERS: omitted; set WRANGLER_LOG_SANITIZE=false to include sanitized data
---

--- 2025-12-26T05:23:48.531Z debug
INIT: omitted; set WRANGLER_LOG_SANITIZE=false to include sanitized data
---

--- 2025-12-26T05:23:48.531Z debug
-- END CF API REQUEST
---

--- 2025-12-26T05:23:50.143Z debug
-- START CF API RESPONSE: OK 200
---

--- 2025-12-26T05:23:50.145Z debug
HEADERS: omitted; set WRANGLER_LOG_SANITIZE=false to include sanitized data
---

--- 2025-12-26T05:23:50.145Z debug
RESPONSE: omitted; set WRANGLER_LOG_SANITIZE=false to include sanitized data
---

--- 2025-12-26T05:23:50.145Z debug
-- END CF API RESPONSE
---

--- 2025-12-26T05:23:50.262Z debug
-- START CF API REQUEST: GET https://api.cloudflare.com/client/v4/accounts/f006ec5b85550c77e565a3f9f99a35c0/pages/projects/leafvault-notes/upload-token
---

--- 2025-12-26T05:23:50.263Z debug
QUERY STRING: omitted; set WRANGLER_LOG_SANITIZE=false to include sanitized data
---

--- 2025-12-26T05:23:50.263Z debug
HEADERS: omitted; set WRANGLER_LOG_SANITIZE=false to include sanitized data
---

--- 2025-12-26T05:23:50.263Z debug
INIT: omitted; set WRANGLER_LOG_SANITIZE=false to include sanitized data
---

--- 2025-12-26T05:23:50.263Z debug
-- END CF API REQUEST
---

--- 2025-12-26T05:23:52.268Z debug
-- START CF API RESPONSE: OK 200
---

--- 2025-12-26T05:23:52.269Z debug
HEADERS: omitted; set WRANGLER_LOG_SANITIZE=false to include sanitized data
---

--- 2025-12-26T05:23:52.269Z debug
RESPONSE: omitted; set WRANGLER_LOG_SANITIZE=false to include sanitized data
---

--- 2025-12-26T05:23:52.269Z debug
-- END CF API RESPONSE
---

--- 2025-12-26T05:23:52.271Z debug
-- START CF API REQUEST: POST https://api.cloudflare.com/client/v4/pages/assets/check-missing
---

--- 2025-12-26T05:23:52.271Z debug
QUERY STRING: omitted; set WRANGLER_LOG_SANITIZE=false to include sanitized data
---

--- 2025-12-26T05:23:52.271Z debug
HEADERS: omitted; set WRANGLER_LOG_SANITIZE=false to include sanitized data
---

--- 2025-12-26T05:23:52.271Z debug
INIT: omitted; set WRANGLER_LOG_SANITIZE=false to include sanitized data
---

--- 2025-12-26T05:23:52.272Z debug
-- END CF API REQUEST
---

--- 2025-12-26T05:23:52.640Z debug
-- START CF API RESPONSE: OK 200
---

--- 2025-12-26T05:23:52.641Z debug
HEADERS: omitted; set WRANGLER_LOG_SANITIZE=false to include sanitized data
---

--- 2025-12-26T05:23:52.641Z debug
RESPONSE: omitted; set WRANGLER_LOG_SANITIZE=false to include sanitized data
---

--- 2025-12-26T05:23:52.641Z debug
-- END CF API RESPONSE
---

--- 2025-12-26T05:23:52.652Z debug
POST /pages/assets/upload
---

--- 2025-12-26T05:23:52.655Z debug
-- START CF API REQUEST: POST https://api.cloudflare.com/client/v4/pages/assets/upload
---

--- 2025-12-26T05:23:52.655Z debug
QUERY STRING: omitted; set WRANGLER_LOG_SANITIZE=false to include sanitized data
---

--- 2025-12-26T05:23:52.656Z debug
HEADERS: omitted; set WRANGLER_LOG_SANITIZE=false to include sanitized data
---

--- 2025-12-26T05:23:52.658Z debug
INIT: omitted; set WRANGLER_LOG_SANITIZE=false to include sanitized data
---

--- 2025-12-26T05:23:52.658Z debug
-- END CF API REQUEST
---

--- 2025-12-26T05:23:52.663Z debug
POST /pages/assets/upload
---

--- 2025-12-26T05:23:52.663Z debug
-- START CF API REQUEST: POST https://api.cloudflare.com/client/v4/pages/assets/upload
---

--- 2025-12-26T05:23:52.664Z debug
QUERY STRING: omitted; set WRANGLER_LOG_SANITIZE=false to include sanitized data
---

--- 2025-12-26T05:23:52.664Z debug
HEADERS: omitted; set WRANGLER_LOG_SANITIZE=false to include sanitized data
---

--- 2025-12-26T05:23:52.664Z debug
INIT: omitted; set WRANGLER_LOG_SANITIZE=false to include sanitized data
---

--- 2025-12-26T05:23:52.664Z debug
-- END CF API REQUEST
---

--- 2025-12-26T05:23:52.675Z debug
POST /pages/assets/upload
---

--- 2025-12-26T05:23:52.700Z debug
-- START CF API REQUEST: POST https://api.cloudflare.com/client/v4/pages/assets/upload
---

--- 2025-12-26T05:23:52.700Z debug
QUERY STRING: omitted; set WRANGLER_LOG_SANITIZE=false to include sanitized data
---

--- 2025-12-26T05:23:52.701Z debug
HEADERS: omitted; set WRANGLER_LOG_SANITIZE=false to include sanitized data
---

--- 2025-12-26T05:23:52.720Z debug
INIT: omitted; set WRANGLER_LOG_SANITIZE=false to include sanitized data
---

--- 2025-12-26T05:23:52.721Z debug
-- END CF API REQUEST
---

--- 2025-12-26T05:23:53.502Z debug
-- START CF API RESPONSE: OK 200
---

--- 2025-12-26T05:23:53.504Z debug
HEADERS: omitted; set WRANGLER_LOG_SANITIZE=false to include sanitized data
---

--- 2025-12-26T05:23:53.504Z debug
RESPONSE: omitted; set WRANGLER_LOG_SANITIZE=false to include sanitized data
---

--- 2025-12-26T05:23:53.504Z debug
-- END CF API RESPONSE
---

--- 2025-12-26T05:23:53.507Z debug
result: { successful_key_count: 1, unsuccessful_keys: [] }
---

--- 2025-12-26T05:23:55.151Z debug
-- START CF API RESPONSE: OK 200
---

--- 2025-12-26T05:23:55.151Z debug
HEADERS: omitted; set WRANGLER_LOG_SANITIZE=false to include sanitized data
---

--- 2025-12-26T05:23:55.151Z debug
RESPONSE: omitted; set WRANGLER_LOG_SANITIZE=false to include sanitized data
---

--- 2025-12-26T05:23:55.151Z debug
-- END CF API RESPONSE
---

--- 2025-12-26T05:23:55.152Z debug
result: { successful_key_count: 1, unsuccessful_keys: [] }
---

--- 2025-12-26T05:24:01.195Z debug
-- START CF API RESPONSE: OK 200
---

--- 2025-12-26T05:24:01.197Z debug
HEADERS: omitted; set WRANGLER_LOG_SANITIZE=false to include sanitized data
---

--- 2025-12-26T05:24:01.197Z debug
RESPONSE: omitted; set WRANGLER_LOG_SANITIZE=false to include sanitized data
---

--- 2025-12-26T05:24:01.197Z debug
-- END CF API RESPONSE
---

--- 2025-12-26T05:24:01.198Z debug
result: { successful_key_count: 1, unsuccessful_keys: [] }
---

--- 2025-12-26T05:24:01.200Z log
✨ Success! Uploaded 3 files (36 already uploaded) (8.93 sec)

---

--- 2025-12-26T05:24:01.204Z debug
-- START CF API REQUEST: POST https://api.cloudflare.com/client/v4/pages/assets/upsert-hashes
---

--- 2025-12-26T05:24:01.205Z debug
QUERY STRING: omitted; set WRANGLER_LOG_SANITIZE=false to include sanitized data
---

--- 2025-12-26T05:24:01.205Z debug
HEADERS: omitted; set WRANGLER_LOG_SANITIZE=false to include sanitized data
---

--- 2025-12-26T05:24:01.205Z debug
INIT: omitted; set WRANGLER_LOG_SANITIZE=false to include sanitized data
---

--- 2025-12-26T05:24:01.205Z debug
-- END CF API REQUEST
---

--- 2025-12-26T05:24:02.192Z debug
-- START CF API RESPONSE: OK 200
---

--- 2025-12-26T05:24:02.193Z debug
HEADERS: omitted; set WRANGLER_LOG_SANITIZE=false to include sanitized data
---

--- 2025-12-26T05:24:02.193Z debug
RESPONSE: omitted; set WRANGLER_LOG_SANITIZE=false to include sanitized data
---

--- 2025-12-26T05:24:02.193Z debug
-- END CF API RESPONSE
---

--- 2025-12-26T05:24:02.196Z log
✨ Uploading _headers
---

--- 2025-12-26T05:24:02.197Z log
✨ Uploading _redirects
---

--- 2025-12-26T05:24:02.198Z debug
-- START CF API REQUEST: POST https://api.cloudflare.com/client/v4/accounts/f006ec5b85550c77e565a3f9f99a35c0/pages/projects/leafvault-notes/deployments
---

--- 2025-12-26T05:24:02.198Z debug
QUERY STRING: omitted; set WRANGLER_LOG_SANITIZE=false to include sanitized data
---

--- 2025-12-26T05:24:02.198Z debug
HEADERS: omitted; set WRANGLER_LOG_SANITIZE=false to include sanitized data
---

--- 2025-12-26T05:24:02.198Z debug
INIT: omitted; set WRANGLER_LOG_SANITIZE=false to include sanitized data
---

--- 2025-12-26T05:24:02.207Z debug
BODY: omitted; set WRANGLER_LOG_SANITIZE=false to include sanitized data
---

--- 2025-12-26T05:24:02.207Z debug
-- END CF API REQUEST
---

--- 2025-12-26T05:24:03.298Z debug
-- START CF API RESPONSE: OK 200
---

--- 2025-12-26T05:24:03.299Z debug
HEADERS: omitted; set WRANGLER_LOG_SANITIZE=false to include sanitized data
---

--- 2025-12-26T05:24:03.299Z debug
RESPONSE: omitted; set WRANGLER_LOG_SANITIZE=false to include sanitized data
---

--- 2025-12-26T05:24:03.299Z debug
-- END CF API RESPONSE
---

--- 2025-12-26T05:24:03.301Z debug
Saving to cache: {"account_id":"f006ec5b85550c77e565a3f9f99a35c0","project_name":"leafvault-notes"}
---

--- 2025-12-26T05:24:03.303Z log
🌎 Deploying...
---

--- 2025-12-26T05:24:04.307Z debug
attempt #1: Attempting to fetch status for deployment with id "07864557-1190-432e-b36f-4fee83df9401" ...
---

--- 2025-12-26T05:24:04.308Z debug
-- START CF API REQUEST: GET https://api.cloudflare.com/client/v4/accounts/f006ec5b85550c77e565a3f9f99a35c0/pages/projects/leafvault-notes/deployments/07864557-1190-432e-b36f-4fee83df9401
---

--- 2025-12-26T05:24:04.308Z debug
QUERY STRING: omitted; set WRANGLER_LOG_SANITIZE=false to include sanitized data
---

--- 2025-12-26T05:24:04.308Z debug
HEADERS: omitted; set WRANGLER_LOG_SANITIZE=false to include sanitized data
---

--- 2025-12-26T05:24:04.308Z debug
INIT: omitted; set WRANGLER_LOG_SANITIZE=false to include sanitized data
---

--- 2025-12-26T05:24:04.308Z debug
-- END CF API REQUEST
---

--- 2025-12-26T05:24:04.814Z debug
-- START CF API RESPONSE: OK 200
---

--- 2025-12-26T05:24:04.815Z debug
HEADERS: omitted; set WRANGLER_LOG_SANITIZE=false to include sanitized data
---

--- 2025-12-26T05:24:04.815Z debug
RESPONSE: omitted; set WRANGLER_LOG_SANITIZE=false to include sanitized data
---

--- 2025-12-26T05:24:04.815Z debug
-- END CF API RESPONSE
---

--- 2025-12-26T05:24:06.820Z debug
attempt #2: Attempting to fetch status for deployment with id "07864557-1190-432e-b36f-4fee83df9401" ...
---

--- 2025-12-26T05:24:06.820Z debug
-- START CF API REQUEST: GET https://api.cloudflare.com/client/v4/accounts/f006ec5b85550c77e565a3f9f99a35c0/pages/projects/leafvault-notes/deployments/07864557-1190-432e-b36f-4fee83df9401
---

--- 2025-12-26T05:24:06.820Z debug
QUERY STRING: omitted; set WRANGLER_LOG_SANITIZE=false to include sanitized data
---

--- 2025-12-26T05:24:06.820Z debug
HEADERS: omitted; set WRANGLER_LOG_SANITIZE=false to include sanitized data
---

--- 2025-12-26T05:24:06.820Z debug
INIT: omitted; set WRANGLER_LOG_SANITIZE=false to include sanitized data
---

--- 2025-12-26T05:24:06.820Z debug
-- END CF API REQUEST
---

--- 2025-12-26T05:24:07.345Z debug
-- START CF API RESPONSE: OK 200
---

--- 2025-12-26T05:24:07.346Z debug
HEADERS: omitted; set WRANGLER_LOG_SANITIZE=false to include sanitized data
---

--- 2025-12-26T05:24:07.346Z debug
RESPONSE: omitted; set WRANGLER_LOG_SANITIZE=false to include sanitized data
---

--- 2025-12-26T05:24:07.346Z debug
-- END CF API RESPONSE
---

--- 2025-12-26T05:24:07.347Z log
✨ Deployment complete! Take a peek over at https://07864557.leafvault-notes.pages.dev
---

--- 2025-12-26T05:24:07.349Z debug
Metrics dispatcher: Posting data {"deviceId":"d39dff02-21f2-40cf-941a-454076f127d1","event":"create pages deployment","timestamp":1766726647349,"properties":{"category":"Workers","wranglerVersion":"4.53.0","os":"linux:x64"}}
---

--- 2025-12-26T05:24:07.359Z debug
Metrics dispatcher: Posting data {"deviceId":"d39dff02-21f2-40cf-941a-454076f127d1","event":"wrangler command completed","timestamp":1766726647359,"properties":{"amplitude_session_id":1766726626310,"amplitude_event_id":1,"wranglerVersion":"4.53.0","osPlatform":"Linux","osVersion":"#1 SMP PREEMPT_DYNAMIC Thu Jun  5 18:30:46 UTC 2025","nodeVersion":22,"packageManager":"npm","isFirstUsage":false,"configFileType":"none","isCI":false,"isPagesCI":false,"isWorkersCI":false,"isInteractive":true,"hasAssets":false,"argsUsed":[],"argsCombination":"","command":"wrangler pages deploy","args":{},"durationMs":21168,"durationSeconds":21.168,"durationMinutes":0.3528}}
---
