
--- 2025-12-24T08:57:35.935Z debug
🪵  Writing logs to "/home/hades/.config/.wrangler/logs/wrangler-2025-12-24_08-57-35_091.log"
---

--- 2025-12-24T08:57:35.935Z debug
Metrics dispatcher: Posting data {"deviceId":"d39dff02-21f2-40cf-941a-454076f127d1","event":"wrangler command started","timestamp":1766566655934,"properties":{"amplitude_session_id":1766566655927,"amplitude_event_id":0,"wranglerVersion":"4.53.0","osPlatform":"Linux","osVersion":"#1 SMP PREEMPT_DYNAMIC Thu Jun  5 18:30:46 UTC 2025","nodeVersion":22,"packageManager":"npm","isFirstUsage":false,"configFileType":"none","isCI":false,"isPagesCI":false,"isWorkersCI":false,"isInteractive":true,"hasAssets":false,"argsUsed":[],"argsCombination":"","command":"wrangler pages deploy","args":{}}}
---

--- 2025-12-24T08:57:35.978Z debug
.env file not found at "/home/hades/FUN/NotesProjeck/beta/vaultnotes/.env.local". Continuing... For more details, refer to https://developers.cloudflare.com/workers/wrangler/system-environment-variables/
---

--- 2025-12-24T08:57:36.063Z log

 ⛅️ wrangler 4.53.0 (update available 4.56.0)
─────────────────────────────────────────────
---

--- 2025-12-24T08:57:36.155Z debug
Retrieving cached values for account_id and project_name from node_modules/.cache/wrangler
---

--- 2025-12-24T08:57:36.159Z debug
fetching auth token grant_type=refresh_token&refresh_token=BEZK-cebdFqfD4fR-UfTOl1Wg3MXVmLfBncvnRnpPrc.DlPvWjdITGqYMR4Bk-mDW99xikSeNU-L3ZivKSdd_Rg&client_id=54d11594-84e4-41aa-b438-e81b8fa78ee7
---

--- 2025-12-24T08:57:36.160Z debug
Checking if domain has Access enabled: dash.cloudflare.com
---

--- 2025-12-24T08:57:36.160Z debug
Access switch not cached for: dash.cloudflare.com
---

--- 2025-12-24T08:57:36.354Z debug
Caching access switch for: dash.cloudflare.com
---

--- 2025-12-24T08:57:36.355Z debug
Fetching auth token from https://dash.cloudflare.com/oauth2/token
---

--- 2025-12-24T08:57:37.255Z debug
-- START CF API REQUEST: GET https://api.cloudflare.com/client/v4/accounts/f006ec5b85550c77e565a3f9f99a35c0/pages/projects/leafvault-notes
---

--- 2025-12-24T08:57:37.255Z debug
QUERY STRING: omitted; set WRANGLER_LOG_SANITIZE=false to include sanitized data
---

--- 2025-12-24T08:57:37.256Z debug
HEADERS: omitted; set WRANGLER_LOG_SANITIZE=false to include sanitized data
---

--- 2025-12-24T08:57:37.256Z debug
INIT: omitted; set WRANGLER_LOG_SANITIZE=false to include sanitized data
---

--- 2025-12-24T08:57:37.256Z debug
-- END CF API REQUEST
---

--- 2025-12-24T08:57:39.001Z debug
-- START CF API RESPONSE: OK 200
---

--- 2025-12-24T08:57:39.003Z debug
HEADERS: omitted; set WRANGLER_LOG_SANITIZE=false to include sanitized data
---

--- 2025-12-24T08:57:39.003Z debug
RESPONSE: omitted; set WRANGLER_LOG_SANITIZE=false to include sanitized data
---

--- 2025-12-24T08:57:39.003Z debug
-- END CF API RESPONSE
---

--- 2025-12-24T08:57:39.087Z debug
-- START CF API REQUEST: GET https://api.cloudflare.com/client/v4/accounts/f006ec5b85550c77e565a3f9f99a35c0/pages/projects/leafvault-notes
---

--- 2025-12-24T08:57:39.087Z debug
QUERY STRING: omitted; set WRANGLER_LOG_SANITIZE=false to include sanitized data
---

--- 2025-12-24T08:57:39.087Z debug
HEADERS: omitted; set WRANGLER_LOG_SANITIZE=false to include sanitized data
---

--- 2025-12-24T08:57:39.087Z debug
INIT: omitted; set WRANGLER_LOG_SANITIZE=false to include sanitized data
---

--- 2025-12-24T08:57:39.087Z debug
-- END CF API REQUEST
---

--- 2025-12-24T08:57:40.745Z debug
-- START CF API RESPONSE: OK 200
---

--- 2025-12-24T08:57:40.746Z debug
HEADERS: omitted; set WRANGLER_LOG_SANITIZE=false to include sanitized data
---

--- 2025-12-24T08:57:40.746Z debug
RESPONSE: omitted; set WRANGLER_LOG_SANITIZE=false to include sanitized data
---

--- 2025-12-24T08:57:40.746Z debug
-- END CF API RESPONSE
---

--- 2025-12-24T08:57:40.889Z debug
-- START CF API REQUEST: GET https://api.cloudflare.com/client/v4/accounts/f006ec5b85550c77e565a3f9f99a35c0/pages/projects/leafvault-notes/upload-token
---

--- 2025-12-24T08:57:40.889Z debug
QUERY STRING: omitted; set WRANGLER_LOG_SANITIZE=false to include sanitized data
---

--- 2025-12-24T08:57:40.889Z debug
HEADERS: omitted; set WRANGLER_LOG_SANITIZE=false to include sanitized data
---

--- 2025-12-24T08:57:40.889Z debug
INIT: omitted; set WRANGLER_LOG_SANITIZE=false to include sanitized data
---

--- 2025-12-24T08:57:40.889Z debug
-- END CF API REQUEST
---

--- 2025-12-24T08:57:42.362Z debug
-- START CF API RESPONSE: OK 200
---

--- 2025-12-24T08:57:42.363Z debug
HEADERS: omitted; set WRANGLER_LOG_SANITIZE=false to include sanitized data
---

--- 2025-12-24T08:57:42.363Z debug
RESPONSE: omitted; set WRANGLER_LOG_SANITIZE=false to include sanitized data
---

--- 2025-12-24T08:57:42.363Z debug
-- END CF API RESPONSE
---

--- 2025-12-24T08:57:42.366Z debug
-- START CF API REQUEST: POST https://api.cloudflare.com/client/v4/pages/assets/check-missing
---

--- 2025-12-24T08:57:42.366Z debug
QUERY STRING: omitted; set WRANGLER_LOG_SANITIZE=false to include sanitized data
---

--- 2025-12-24T08:57:42.366Z debug
HEADERS: omitted; set WRANGLER_LOG_SANITIZE=false to include sanitized data
---

--- 2025-12-24T08:57:42.366Z debug
INIT: omitted; set WRANGLER_LOG_SANITIZE=false to include sanitized data
---

--- 2025-12-24T08:57:42.366Z debug
-- END CF API REQUEST
---

--- 2025-12-24T08:57:42.710Z debug
-- START CF API RESPONSE: OK 200
---

--- 2025-12-24T08:57:42.711Z debug
HEADERS: omitted; set WRANGLER_LOG_SANITIZE=false to include sanitized data
---

--- 2025-12-24T08:57:42.711Z debug
RESPONSE: omitted; set WRANGLER_LOG_SANITIZE=false to include sanitized data
---

--- 2025-12-24T08:57:42.711Z debug
-- END CF API RESPONSE
---

--- 2025-12-24T08:57:42.726Z debug
POST /pages/assets/upload
---

--- 2025-12-24T08:57:42.728Z debug
-- START CF API REQUEST: POST https://api.cloudflare.com/client/v4/pages/assets/upload
---

--- 2025-12-24T08:57:42.728Z debug
QUERY STRING: omitted; set WRANGLER_LOG_SANITIZE=false to include sanitized data
---

--- 2025-12-24T08:57:42.729Z debug
HEADERS: omitted; set WRANGLER_LOG_SANITIZE=false to include sanitized data
---

--- 2025-12-24T08:57:42.730Z debug
INIT: omitted; set WRANGLER_LOG_SANITIZE=false to include sanitized data
---

--- 2025-12-24T08:57:42.730Z debug
-- END CF API REQUEST
---

--- 2025-12-24T08:57:42.739Z debug
POST /pages/assets/upload
---

--- 2025-12-24T08:57:42.740Z debug
-- START CF API REQUEST: POST https://api.cloudflare.com/client/v4/pages/assets/upload
---

--- 2025-12-24T08:57:42.740Z debug
QUERY STRING: omitted; set WRANGLER_LOG_SANITIZE=false to include sanitized data
---

--- 2025-12-24T08:57:42.741Z debug
HEADERS: omitted; set WRANGLER_LOG_SANITIZE=false to include sanitized data
---

--- 2025-12-24T08:57:42.741Z debug
INIT: omitted; set WRANGLER_LOG_SANITIZE=false to include sanitized data
---

--- 2025-12-24T08:57:42.741Z debug
-- END CF API REQUEST
---

--- 2025-12-24T08:57:42.755Z debug
POST /pages/assets/upload
---

--- 2025-12-24T08:57:42.777Z debug
-- START CF API REQUEST: POST https://api.cloudflare.com/client/v4/pages/assets/upload
---

--- 2025-12-24T08:57:42.778Z debug
QUERY STRING: omitted; set WRANGLER_LOG_SANITIZE=false to include sanitized data
---

--- 2025-12-24T08:57:42.778Z debug
HEADERS: omitted; set WRANGLER_LOG_SANITIZE=false to include sanitized data
---

--- 2025-12-24T08:57:42.796Z debug
INIT: omitted; set WRANGLER_LOG_SANITIZE=false to include sanitized data
---

--- 2025-12-24T08:57:42.796Z debug
-- END CF API REQUEST
---

--- 2025-12-24T08:57:43.761Z debug
-- START CF API RESPONSE: OK 200
---

--- 2025-12-24T08:57:43.762Z debug
HEADERS: omitted; set WRANGLER_LOG_SANITIZE=false to include sanitized data
---

--- 2025-12-24T08:57:43.762Z debug
RESPONSE: omitted; set WRANGLER_LOG_SANITIZE=false to include sanitized data
---

--- 2025-12-24T08:57:43.762Z debug
-- END CF API RESPONSE
---

--- 2025-12-24T08:57:43.764Z debug
result: { successful_key_count: 1, unsuccessful_keys: [] }
---

--- 2025-12-24T08:57:45.212Z debug
-- START CF API RESPONSE: OK 200
---

--- 2025-12-24T08:57:45.217Z debug
HEADERS: omitted; set WRANGLER_LOG_SANITIZE=false to include sanitized data
---

--- 2025-12-24T08:57:45.217Z debug
RESPONSE: omitted; set WRANGLER_LOG_SANITIZE=false to include sanitized data
---

--- 2025-12-24T08:57:45.217Z debug
-- END CF API RESPONSE
---

--- 2025-12-24T08:57:45.219Z debug
result: { successful_key_count: 1, unsuccessful_keys: [] }
---

--- 2025-12-24T08:57:50.742Z debug
-- START CF API RESPONSE: OK 200
---

--- 2025-12-24T08:57:50.743Z debug
HEADERS: omitted; set WRANGLER_LOG_SANITIZE=false to include sanitized data
---

--- 2025-12-24T08:57:50.743Z debug
RESPONSE: omitted; set WRANGLER_LOG_SANITIZE=false to include sanitized data
---

--- 2025-12-24T08:57:50.743Z debug
-- END CF API RESPONSE
---

--- 2025-12-24T08:57:50.744Z debug
result: { successful_key_count: 1, unsuccessful_keys: [] }
---

--- 2025-12-24T08:57:50.745Z log
✨ Success! Uploaded 3 files (35 already uploaded) (8.38 sec)

---

--- 2025-12-24T08:57:50.748Z debug
-- START CF API REQUEST: POST https://api.cloudflare.com/client/v4/pages/assets/upsert-hashes
---

--- 2025-12-24T08:57:50.748Z debug
QUERY STRING: omitted; set WRANGLER_LOG_SANITIZE=false to include sanitized data
---

--- 2025-12-24T08:57:50.748Z debug
HEADERS: omitted; set WRANGLER_LOG_SANITIZE=false to include sanitized data
---

--- 2025-12-24T08:57:50.748Z debug
INIT: omitted; set WRANGLER_LOG_SANITIZE=false to include sanitized data
---

--- 2025-12-24T08:57:50.748Z debug
-- END CF API REQUEST
---

--- 2025-12-24T08:57:51.389Z debug
-- START CF API RESPONSE: OK 200
---

--- 2025-12-24T08:57:51.390Z debug
HEADERS: omitted; set WRANGLER_LOG_SANITIZE=false to include sanitized data
---

--- 2025-12-24T08:57:51.390Z debug
RESPONSE: omitted; set WRANGLER_LOG_SANITIZE=false to include sanitized data
---

--- 2025-12-24T08:57:51.390Z debug
-- END CF API RESPONSE
---

--- 2025-12-24T08:57:51.392Z log
✨ Uploading _headers
---

--- 2025-12-24T08:57:51.393Z log
✨ Uploading _redirects
---

--- 2025-12-24T08:57:51.394Z debug
-- START CF API REQUEST: POST https://api.cloudflare.com/client/v4/accounts/f006ec5b85550c77e565a3f9f99a35c0/pages/projects/leafvault-notes/deployments
---

--- 2025-12-24T08:57:51.394Z debug
QUERY STRING: omitted; set WRANGLER_LOG_SANITIZE=false to include sanitized data
---

--- 2025-12-24T08:57:51.395Z debug
HEADERS: omitted; set WRANGLER_LOG_SANITIZE=false to include sanitized data
---

--- 2025-12-24T08:57:51.395Z debug
INIT: omitted; set WRANGLER_LOG_SANITIZE=false to include sanitized data
---

--- 2025-12-24T08:57:51.402Z debug
BODY: omitted; set WRANGLER_LOG_SANITIZE=false to include sanitized data
---

--- 2025-12-24T08:57:51.403Z debug
-- END CF API REQUEST
---

--- 2025-12-24T08:57:53.837Z debug
-- START CF API RESPONSE: OK 200
---

--- 2025-12-24T08:57:53.839Z debug
HEADERS: omitted; set WRANGLER_LOG_SANITIZE=false to include sanitized data
---

--- 2025-12-24T08:57:53.839Z debug
RESPONSE: omitted; set WRANGLER_LOG_SANITIZE=false to include sanitized data
---

--- 2025-12-24T08:57:53.839Z debug
-- END CF API RESPONSE
---

--- 2025-12-24T08:57:53.842Z debug
Saving to cache: {"account_id":"f006ec5b85550c77e565a3f9f99a35c0","project_name":"leafvault-notes"}
---

--- 2025-12-24T08:57:53.843Z log
🌎 Deploying...
---

--- 2025-12-24T08:57:54.846Z debug
attempt #1: Attempting to fetch status for deployment with id "4ca183b0-1ca2-4e2d-a3f7-26b174f80e03" ...
---

--- 2025-12-24T08:57:54.846Z debug
-- START CF API REQUEST: GET https://api.cloudflare.com/client/v4/accounts/f006ec5b85550c77e565a3f9f99a35c0/pages/projects/leafvault-notes/deployments/4ca183b0-1ca2-4e2d-a3f7-26b174f80e03
---

--- 2025-12-24T08:57:54.846Z debug
QUERY STRING: omitted; set WRANGLER_LOG_SANITIZE=false to include sanitized data
---

--- 2025-12-24T08:57:54.846Z debug
HEADERS: omitted; set WRANGLER_LOG_SANITIZE=false to include sanitized data
---

--- 2025-12-24T08:57:54.846Z debug
INIT: omitted; set WRANGLER_LOG_SANITIZE=false to include sanitized data
---

--- 2025-12-24T08:57:54.846Z debug
-- END CF API REQUEST
---

--- 2025-12-24T08:57:56.937Z debug
-- START CF API RESPONSE: OK 200
---

--- 2025-12-24T08:57:56.937Z debug
HEADERS: omitted; set WRANGLER_LOG_SANITIZE=false to include sanitized data
---

--- 2025-12-24T08:57:56.937Z debug
RESPONSE: omitted; set WRANGLER_LOG_SANITIZE=false to include sanitized data
---

--- 2025-12-24T08:57:56.937Z debug
-- END CF API RESPONSE
---

--- 2025-12-24T08:57:56.939Z log
✨ Deployment complete! Take a peek over at https://4ca183b0.leafvault-notes.pages.dev
---

--- 2025-12-24T08:57:56.941Z debug
Metrics dispatcher: Posting data {"deviceId":"d39dff02-21f2-40cf-941a-454076f127d1","event":"create pages deployment","timestamp":1766566676941,"properties":{"category":"Workers","wranglerVersion":"4.53.0","os":"linux:x64"}}
---

--- 2025-12-24T08:57:56.949Z debug
Metrics dispatcher: Posting data {"deviceId":"d39dff02-21f2-40cf-941a-454076f127d1","event":"wrangler command completed","timestamp":1766566676949,"properties":{"amplitude_session_id":1766566655927,"amplitude_event_id":1,"wranglerVersion":"4.53.0","osPlatform":"Linux","osVersion":"#1 SMP PREEMPT_DYNAMIC Thu Jun  5 18:30:46 UTC 2025","nodeVersion":22,"packageManager":"npm","isFirstUsage":false,"configFileType":"none","isCI":false,"isPagesCI":false,"isWorkersCI":false,"isInteractive":true,"hasAssets":false,"argsUsed":[],"argsCombination":"","command":"wrangler pages deploy","args":{},"durationMs":21175,"durationSeconds":21.175,"durationMinutes":0.35291666666666666}}
---
