
--- 2026-01-02T06:26:46.410Z debug
🪵  Writing logs to "/home/hades/.config/.wrangler/logs/wrangler-2026-01-02_06-26-45_749.log"
---

--- 2026-01-02T06:26:46.409Z debug
Metrics dispatcher: Posting data {"deviceId":"d39dff02-21f2-40cf-941a-454076f127d1","event":"wrangler command started","timestamp":1767335206406,"properties":{"amplitude_session_id":1767335206398,"amplitude_event_id":0,"wranglerVersion":"3.114.16","osPlatform":"Linux","osVersion":"#1 SMP PREEMPT_DYNAMIC Thu Jun  5 18:30:46 UTC 2025","nodeVersion":22,"packageManager":"npm","isFirstUsage":false,"configFileType":"toml","isCI":false,"isPagesCI":false,"isWorkersCI":false,"isInteractive":true,"hasAssets":false,"argsUsed":[],"argsCombination":"","command":"wrangler deploy","args":{}}}
---

--- 2026-01-02T06:26:46.464Z debug
.env file not found at ".env". Continuing... For more details, refer to https://developers.cloudflare.com/workers/wrangler/system-environment-variables/
---

--- 2026-01-02T06:26:46.734Z log

 ⛅️ wrangler 3.114.16 (update available 4.54.0)
---------------------------------------------------------

---

--- 2026-01-02T06:26:46.880Z warn
▲ [WARNING] The version of Wrangler you are using is now out-of-date.

  Please update to the latest version to prevent critical errors.
  Run `npm install --save-dev wrangler@4` to update to the latest version.
  After installation, run Wrangler with `npx wrangler`.


---

--- 2026-01-02T06:26:46.929Z debug
Retrieving cached values for account from node_modules/.cache/wrangler
---

--- 2026-01-02T06:26:46.929Z debug
Starting verifyWorkerMatchesCITag() with tag: undefined, name: passvault-api
---

--- 2026-01-02T06:26:46.929Z debug
No WRANGLER_CI_MATCH_TAG variable provided, aborting verifyWorkerMatchesCITag()
---

--- 2026-01-02T06:26:46.932Z debug
-- START CF API REQUEST: GET https://api.cloudflare.com/client/v4/accounts/f006ec5b85550c77e565a3f9f99a35c0/workers/services/passvault-api
---

--- 2026-01-02T06:26:46.933Z debug
HEADERS: omitted; set WRANGLER_LOG_SANITIZE=false to include sanitized data
---

--- 2026-01-02T06:26:46.933Z debug
INIT: omitted; set WRANGLER_LOG_SANITIZE=false to include sanitized data
---

--- 2026-01-02T06:26:46.933Z debug
-- END CF API REQUEST
---

--- 2026-01-02T06:26:48.725Z debug
-- START CF API RESPONSE: OK 200
---

--- 2026-01-02T06:26:48.728Z debug
HEADERS: omitted; set WRANGLER_LOG_SANITIZE=false to include sanitized data
---

--- 2026-01-02T06:26:48.728Z debug
RESPONSE: omitted; set WRANGLER_LOG_SANITIZE=false to include sanitized data
---

--- 2026-01-02T06:26:48.728Z debug
-- END CF API RESPONSE
---

--- 2026-01-02T06:26:48.742Z debug
-- START CF API REQUEST: GET https://api.cloudflare.com/client/v4/accounts/f006ec5b85550c77e565a3f9f99a35c0/workers/scripts/passvault-api/deployments
---

--- 2026-01-02T06:26:48.742Z debug
HEADERS: omitted; set WRANGLER_LOG_SANITIZE=false to include sanitized data
---

--- 2026-01-02T06:26:48.742Z debug
INIT: omitted; set WRANGLER_LOG_SANITIZE=false to include sanitized data
---

--- 2026-01-02T06:26:48.742Z debug
-- END CF API REQUEST
---

--- 2026-01-02T06:26:50.112Z debug
-- START CF API RESPONSE: OK 200
---

--- 2026-01-02T06:26:50.113Z debug
HEADERS: omitted; set WRANGLER_LOG_SANITIZE=false to include sanitized data
---

--- 2026-01-02T06:26:50.113Z debug
RESPONSE: omitted; set WRANGLER_LOG_SANITIZE=false to include sanitized data
---

--- 2026-01-02T06:26:50.113Z debug
-- END CF API RESPONSE
---

--- 2026-01-02T06:26:50.321Z log
Total Upload: 29.29 KiB / gzip: 6.99 KiB
---

--- 2026-01-02T06:26:50.331Z debug
-- START CF API REQUEST: POST https://api.cloudflare.com/client/v4/accounts/f006ec5b85550c77e565a3f9f99a35c0/workers/scripts/passvault-api/versions
---

--- 2026-01-02T06:26:50.331Z debug
HEADERS: omitted; set WRANGLER_LOG_SANITIZE=false to include sanitized data
---

--- 2026-01-02T06:26:50.331Z debug
INIT: omitted; set WRANGLER_LOG_SANITIZE=false to include sanitized data
---

--- 2026-01-02T06:26:50.340Z debug
BODY: omitted; set WRANGLER_LOG_SANITIZE=false to include sanitized data
---

--- 2026-01-02T06:26:50.340Z debug
-- END CF API REQUEST
---

--- 2026-01-02T06:26:53.019Z debug
-- START CF API RESPONSE: OK 200
---

--- 2026-01-02T06:26:53.020Z debug
HEADERS: omitted; set WRANGLER_LOG_SANITIZE=false to include sanitized data
---

--- 2026-01-02T06:26:53.020Z debug
RESPONSE: omitted; set WRANGLER_LOG_SANITIZE=false to include sanitized data
---

--- 2026-01-02T06:26:53.020Z debug
-- END CF API RESPONSE
---

--- 2026-01-02T06:26:53.022Z debug
-- START CF API REQUEST: POST https://api.cloudflare.com/client/v4/accounts/f006ec5b85550c77e565a3f9f99a35c0/workers/scripts/passvault-api/deployments
---

--- 2026-01-02T06:26:53.024Z debug
HEADERS: omitted; set WRANGLER_LOG_SANITIZE=false to include sanitized data
---

--- 2026-01-02T06:26:53.024Z debug
INIT: omitted; set WRANGLER_LOG_SANITIZE=false to include sanitized data
---

--- 2026-01-02T06:26:53.024Z debug
-- END CF API REQUEST
---

--- 2026-01-02T06:26:54.688Z debug
-- START CF API RESPONSE: OK 200
---

--- 2026-01-02T06:26:54.688Z debug
HEADERS: omitted; set WRANGLER_LOG_SANITIZE=false to include sanitized data
---

--- 2026-01-02T06:26:54.688Z debug
RESPONSE: omitted; set WRANGLER_LOG_SANITIZE=false to include sanitized data
---

--- 2026-01-02T06:26:54.688Z debug
-- END CF API RESPONSE
---

--- 2026-01-02T06:26:54.690Z debug
-- START CF API REQUEST: PATCH https://api.cloudflare.com/client/v4/accounts/f006ec5b85550c77e565a3f9f99a35c0/workers/scripts/passvault-api/script-settings
---

--- 2026-01-02T06:26:54.690Z debug
HEADERS: omitted; set WRANGLER_LOG_SANITIZE=false to include sanitized data
---

--- 2026-01-02T06:26:54.690Z debug
INIT: omitted; set WRANGLER_LOG_SANITIZE=false to include sanitized data
---

--- 2026-01-02T06:26:54.690Z debug
-- END CF API REQUEST
---

--- 2026-01-02T06:26:56.798Z debug
-- START CF API RESPONSE: OK 200
---

--- 2026-01-02T06:26:56.799Z debug
HEADERS: omitted; set WRANGLER_LOG_SANITIZE=false to include sanitized data
---

--- 2026-01-02T06:26:56.799Z debug
RESPONSE: omitted; set WRANGLER_LOG_SANITIZE=false to include sanitized data
---

--- 2026-01-02T06:26:56.799Z debug
-- END CF API RESPONSE
---

--- 2026-01-02T06:26:56.800Z log
Worker Startup Time: 19 ms
---

--- 2026-01-02T06:26:56.804Z log
Your worker has access to the following bindings:
- D1 Databases:
  - DB: passvault-db (ed03d8fe-6a25-4682-9406-2f3410ebc417)
- Vars:
  - FRONTEND_URL: "https://pass.lexa.my.id"
  - FRONTEND_URL_STAGING: "https://passvault-frontend.pages.dev"
  - BACKEND_URL: "https://passvault-api.dwirxx.workers...."
---

--- 2026-01-02T06:26:56.811Z log
Uploaded passvault-api (8.07 sec)
---

--- 2026-01-02T06:26:56.814Z debug
-- START CF API REQUEST: GET https://api.cloudflare.com/client/v4/accounts/f006ec5b85550c77e565a3f9f99a35c0/workers/scripts/passvault-api/subdomain
---

--- 2026-01-02T06:26:56.814Z debug
HEADERS: omitted; set WRANGLER_LOG_SANITIZE=false to include sanitized data
---

--- 2026-01-02T06:26:56.814Z debug
INIT: omitted; set WRANGLER_LOG_SANITIZE=false to include sanitized data
---

--- 2026-01-02T06:26:56.814Z debug
-- END CF API REQUEST
---

--- 2026-01-02T06:26:58.501Z debug
-- START CF API RESPONSE: OK 200
---

--- 2026-01-02T06:26:58.502Z debug
HEADERS: omitted; set WRANGLER_LOG_SANITIZE=false to include sanitized data
---

--- 2026-01-02T06:26:58.502Z debug
RESPONSE: omitted; set WRANGLER_LOG_SANITIZE=false to include sanitized data
---

--- 2026-01-02T06:26:58.502Z debug
-- END CF API RESPONSE
---

--- 2026-01-02T06:26:58.503Z debug
-- START CF API REQUEST: GET https://api.cloudflare.com/client/v4/accounts/f006ec5b85550c77e565a3f9f99a35c0/workers/subdomain
---

--- 2026-01-02T06:26:58.503Z debug
HEADERS: omitted; set WRANGLER_LOG_SANITIZE=false to include sanitized data
---

--- 2026-01-02T06:26:58.503Z debug
INIT: omitted; set WRANGLER_LOG_SANITIZE=false to include sanitized data
---

--- 2026-01-02T06:26:58.503Z debug
-- END CF API REQUEST
---

--- 2026-01-02T06:27:00.050Z debug
-- START CF API RESPONSE: OK 200
---

--- 2026-01-02T06:27:00.051Z debug
HEADERS: omitted; set WRANGLER_LOG_SANITIZE=false to include sanitized data
---

--- 2026-01-02T06:27:00.051Z debug
RESPONSE: omitted; set WRANGLER_LOG_SANITIZE=false to include sanitized data
---

--- 2026-01-02T06:27:00.051Z debug
-- END CF API RESPONSE
---

--- 2026-01-02T06:27:00.052Z debug
-- START CF API REQUEST: POST https://api.cloudflare.com/client/v4/accounts/f006ec5b85550c77e565a3f9f99a35c0/workers/scripts/passvault-api/subdomain
---

--- 2026-01-02T06:27:00.052Z debug
HEADERS: omitted; set WRANGLER_LOG_SANITIZE=false to include sanitized data
---

--- 2026-01-02T06:27:00.052Z debug
INIT: omitted; set WRANGLER_LOG_SANITIZE=false to include sanitized data
---

--- 2026-01-02T06:27:00.052Z debug
-- END CF API REQUEST
---

--- 2026-01-02T06:27:01.820Z debug
-- START CF API RESPONSE: OK 200
---

--- 2026-01-02T06:27:01.821Z debug
HEADERS: omitted; set WRANGLER_LOG_SANITIZE=false to include sanitized data
---

--- 2026-01-02T06:27:01.821Z debug
RESPONSE: omitted; set WRANGLER_LOG_SANITIZE=false to include sanitized data
---

--- 2026-01-02T06:27:01.821Z debug
-- END CF API RESPONSE
---

--- 2026-01-02T06:27:01.822Z log
Deployed passvault-api triggers (3.32 sec)
---

--- 2026-01-02T06:27:01.823Z log
  https://passvault-api.dwirxx.workers.dev
---

--- 2026-01-02T06:27:01.824Z log
Current Version ID: a0e145bc-7311-4d24-816f-5a43f110cc24
---

--- 2026-01-02T06:27:01.827Z debug
Metrics dispatcher: Posting data {"deviceId":"d39dff02-21f2-40cf-941a-454076f127d1","event":"deploy worker script","timestamp":1767335221827,"properties":{"category":"Workers","wranglerVersion":"3.114.16","os":"linux:x64","usesTypeScript":true,"durationMs":14896}}
---

--- 2026-01-02T06:27:01.833Z debug
Metrics dispatcher: Posting data {"deviceId":"d39dff02-21f2-40cf-941a-454076f127d1","event":"wrangler command completed","timestamp":1767335221833,"properties":{"amplitude_session_id":1767335206398,"amplitude_event_id":1,"wranglerVersion":"3.114.16","osPlatform":"Linux","osVersion":"#1 SMP PREEMPT_DYNAMIC Thu Jun  5 18:30:46 UTC 2025","nodeVersion":22,"packageManager":"npm","isFirstUsage":false,"configFileType":"toml","isCI":false,"isPagesCI":false,"isWorkersCI":false,"isInteractive":true,"hasAssets":false,"argsUsed":[],"argsCombination":"","command":"wrangler deploy","args":{},"durationMs":15543,"durationSeconds":15.543,"durationMinutes":0.25905}}
---
