
--- 2026-01-02T06:09:07.394Z debug
🪵  Writing logs to "/home/hades/.config/.wrangler/logs/wrangler-2026-01-02_06-09-06_420.log"
---

--- 2026-01-02T06:09:07.393Z debug
Metrics dispatcher: Posting data {"deviceId":"d39dff02-21f2-40cf-941a-454076f127d1","event":"wrangler command started","timestamp":1767334147391,"properties":{"amplitude_session_id":1767334147383,"amplitude_event_id":0,"wranglerVersion":"4.53.0","osPlatform":"Linux","osVersion":"#1 SMP PREEMPT_DYNAMIC Thu Jun  5 18:30:46 UTC 2025","nodeVersion":22,"isFirstUsage":false,"configFileType":"toml","isCI":false,"isPagesCI":false,"isWorkersCI":false,"isInteractive":false,"hasAssets":false,"argsUsed":[],"argsCombination":"","command":"wrangler pages deploy","args":{}}}
---

--- 2026-01-02T06:09:07.436Z debug
.env file not found at "/home/hades/FUN/cloudflareProjet/passvault/.env.local". Continuing... For more details, refer to https://developers.cloudflare.com/workers/wrangler/system-environment-variables/
---

--- 2026-01-02T06:09:07.537Z log

 ⛅️ wrangler 4.53.0 (update available 4.54.0)
─────────────────────────────────────────────
---

--- 2026-01-02T06:09:07.758Z debug
Configuration file belonging to ⚡️ Pages ⚡️ project detected.
---

--- 2026-01-02T06:09:07.771Z debug
-- START CF API REQUEST: GET https://api.cloudflare.com/client/v4/accounts/f006ec5b85550c77e565a3f9f99a35c0/pages/projects/passvault-frontend
---

--- 2026-01-02T06:09:07.772Z debug
QUERY STRING: omitted; set WRANGLER_LOG_SANITIZE=false to include sanitized data
---

--- 2026-01-02T06:09:07.774Z debug
HEADERS: omitted; set WRANGLER_LOG_SANITIZE=false to include sanitized data
---

--- 2026-01-02T06:09:07.775Z debug
INIT: omitted; set WRANGLER_LOG_SANITIZE=false to include sanitized data
---

--- 2026-01-02T06:09:07.775Z debug
-- END CF API REQUEST
---

--- 2026-01-02T06:09:10.055Z debug
-- START CF API RESPONSE: OK 200
---

--- 2026-01-02T06:09:10.057Z debug
HEADERS: omitted; set WRANGLER_LOG_SANITIZE=false to include sanitized data
---

--- 2026-01-02T06:09:10.057Z debug
RESPONSE: omitted; set WRANGLER_LOG_SANITIZE=false to include sanitized data
---

--- 2026-01-02T06:09:10.057Z debug
-- END CF API RESPONSE
---

--- 2026-01-02T06:09:10.182Z debug
-- START CF API REQUEST: GET https://api.cloudflare.com/client/v4/accounts/f006ec5b85550c77e565a3f9f99a35c0/pages/projects/passvault-frontend
---

--- 2026-01-02T06:09:10.182Z debug
QUERY STRING: omitted; set WRANGLER_LOG_SANITIZE=false to include sanitized data
---

--- 2026-01-02T06:09:10.182Z debug
HEADERS: omitted; set WRANGLER_LOG_SANITIZE=false to include sanitized data
---

--- 2026-01-02T06:09:10.183Z debug
INIT: omitted; set WRANGLER_LOG_SANITIZE=false to include sanitized data
---

--- 2026-01-02T06:09:10.183Z debug
-- END CF API REQUEST
---

--- 2026-01-02T06:09:11.671Z debug
-- START CF API RESPONSE: OK 200
---

--- 2026-01-02T06:09:11.672Z debug
HEADERS: omitted; set WRANGLER_LOG_SANITIZE=false to include sanitized data
---

--- 2026-01-02T06:09:11.672Z debug
RESPONSE: omitted; set WRANGLER_LOG_SANITIZE=false to include sanitized data
---

--- 2026-01-02T06:09:11.672Z debug
-- END CF API RESPONSE
---

--- 2026-01-02T06:09:11.679Z debug
Configuration file belonging to ⚡️ Pages ⚡️ project detected.
---

--- 2026-01-02T06:09:11.739Z debug
-- START CF API REQUEST: GET https://api.cloudflare.com/client/v4/accounts/f006ec5b85550c77e565a3f9f99a35c0/pages/projects/passvault-frontend/upload-token
---

--- 2026-01-02T06:09:11.739Z debug
QUERY STRING: omitted; set WRANGLER_LOG_SANITIZE=false to include sanitized data
---

--- 2026-01-02T06:09:11.739Z debug
HEADERS: omitted; set WRANGLER_LOG_SANITIZE=false to include sanitized data
---

--- 2026-01-02T06:09:11.739Z debug
INIT: omitted; set WRANGLER_LOG_SANITIZE=false to include sanitized data
---

--- 2026-01-02T06:09:11.739Z debug
-- END CF API REQUEST
---

--- 2026-01-02T06:09:13.429Z debug
-- START CF API RESPONSE: OK 200
---

--- 2026-01-02T06:09:13.431Z debug
HEADERS: omitted; set WRANGLER_LOG_SANITIZE=false to include sanitized data
---

--- 2026-01-02T06:09:13.431Z debug
RESPONSE: omitted; set WRANGLER_LOG_SANITIZE=false to include sanitized data
---

--- 2026-01-02T06:09:13.431Z debug
-- END CF API RESPONSE
---

--- 2026-01-02T06:09:13.433Z debug
-- START CF API REQUEST: POST https://api.cloudflare.com/client/v4/pages/assets/check-missing
---

--- 2026-01-02T06:09:13.433Z debug
QUERY STRING: omitted; set WRANGLER_LOG_SANITIZE=false to include sanitized data
---

--- 2026-01-02T06:09:13.433Z debug
HEADERS: omitted; set WRANGLER_LOG_SANITIZE=false to include sanitized data
---

--- 2026-01-02T06:09:13.433Z debug
INIT: omitted; set WRANGLER_LOG_SANITIZE=false to include sanitized data
---

--- 2026-01-02T06:09:13.433Z debug
-- END CF API REQUEST
---

--- 2026-01-02T06:09:13.737Z debug
-- START CF API RESPONSE: OK 200
---

--- 2026-01-02T06:09:13.738Z debug
HEADERS: omitted; set WRANGLER_LOG_SANITIZE=false to include sanitized data
---

--- 2026-01-02T06:09:13.738Z debug
RESPONSE: omitted; set WRANGLER_LOG_SANITIZE=false to include sanitized data
---

--- 2026-01-02T06:09:13.738Z debug
-- END CF API RESPONSE
---

--- 2026-01-02T06:09:13.739Z log
Uploading... (6/6)
---

--- 2026-01-02T06:09:13.741Z log
✨ Success! Uploaded 0 files (6 already uploaded) (0.31 sec)

---

--- 2026-01-02T06:09:13.743Z debug
-- START CF API REQUEST: POST https://api.cloudflare.com/client/v4/pages/assets/upsert-hashes
---

--- 2026-01-02T06:09:13.743Z debug
QUERY STRING: omitted; set WRANGLER_LOG_SANITIZE=false to include sanitized data
---

--- 2026-01-02T06:09:13.744Z debug
HEADERS: omitted; set WRANGLER_LOG_SANITIZE=false to include sanitized data
---

--- 2026-01-02T06:09:13.744Z debug
INIT: omitted; set WRANGLER_LOG_SANITIZE=false to include sanitized data
---

--- 2026-01-02T06:09:13.744Z debug
-- END CF API REQUEST
---

--- 2026-01-02T06:09:14.067Z debug
-- START CF API RESPONSE: OK 200
---

--- 2026-01-02T06:09:14.067Z debug
HEADERS: omitted; set WRANGLER_LOG_SANITIZE=false to include sanitized data
---

--- 2026-01-02T06:09:14.067Z debug
RESPONSE: omitted; set WRANGLER_LOG_SANITIZE=false to include sanitized data
---

--- 2026-01-02T06:09:14.067Z debug
-- END CF API RESPONSE
---

--- 2026-01-02T06:09:14.070Z log
✨ Uploading _headers
---

--- 2026-01-02T06:09:14.071Z log
✨ Uploading _redirects
---

--- 2026-01-02T06:09:14.081Z debug
-- START CF API REQUEST: POST https://api.cloudflare.com/client/v4/accounts/f006ec5b85550c77e565a3f9f99a35c0/pages/projects/passvault-frontend/deployments
---

--- 2026-01-02T06:09:14.081Z debug
QUERY STRING: omitted; set WRANGLER_LOG_SANITIZE=false to include sanitized data
---

--- 2026-01-02T06:09:14.081Z debug
HEADERS: omitted; set WRANGLER_LOG_SANITIZE=false to include sanitized data
---

--- 2026-01-02T06:09:14.082Z debug
INIT: omitted; set WRANGLER_LOG_SANITIZE=false to include sanitized data
---

--- 2026-01-02T06:09:14.090Z debug
BODY: omitted; set WRANGLER_LOG_SANITIZE=false to include sanitized data
---

--- 2026-01-02T06:09:14.090Z debug
-- END CF API REQUEST
---

--- 2026-01-02T06:09:16.336Z debug
-- START CF API RESPONSE: OK 200
---

--- 2026-01-02T06:09:16.337Z debug
HEADERS: omitted; set WRANGLER_LOG_SANITIZE=false to include sanitized data
---

--- 2026-01-02T06:09:16.337Z debug
RESPONSE: omitted; set WRANGLER_LOG_SANITIZE=false to include sanitized data
---

--- 2026-01-02T06:09:16.337Z debug
-- END CF API RESPONSE
---

--- 2026-01-02T06:09:16.340Z debug
Saving to cache: {"account_id":"f006ec5b85550c77e565a3f9f99a35c0","project_name":"passvault-frontend"}
---

--- 2026-01-02T06:09:16.341Z log
🌎 Deploying...
---

--- 2026-01-02T06:09:17.344Z debug
attempt #1: Attempting to fetch status for deployment with id "6ed49ee9-7a96-480d-ab49-de730beacc7d" ...
---

--- 2026-01-02T06:09:17.345Z debug
-- START CF API REQUEST: GET https://api.cloudflare.com/client/v4/accounts/f006ec5b85550c77e565a3f9f99a35c0/pages/projects/passvault-frontend/deployments/6ed49ee9-7a96-480d-ab49-de730beacc7d
---

--- 2026-01-02T06:09:17.345Z debug
QUERY STRING: omitted; set WRANGLER_LOG_SANITIZE=false to include sanitized data
---

--- 2026-01-02T06:09:17.345Z debug
HEADERS: omitted; set WRANGLER_LOG_SANITIZE=false to include sanitized data
---

--- 2026-01-02T06:09:17.345Z debug
INIT: omitted; set WRANGLER_LOG_SANITIZE=false to include sanitized data
---

--- 2026-01-02T06:09:17.345Z debug
-- END CF API REQUEST
---

--- 2026-01-02T06:09:19.091Z debug
-- START CF API RESPONSE: OK 200
---

--- 2026-01-02T06:09:19.091Z debug
HEADERS: omitted; set WRANGLER_LOG_SANITIZE=false to include sanitized data
---

--- 2026-01-02T06:09:19.091Z debug
RESPONSE: omitted; set WRANGLER_LOG_SANITIZE=false to include sanitized data
---

--- 2026-01-02T06:09:19.091Z debug
-- END CF API RESPONSE
---

--- 2026-01-02T06:09:19.093Z log
✨ Deployment complete! Take a peek over at https://6ed49ee9.passvault-frontend.pages.dev
---

--- 2026-01-02T06:09:19.096Z debug
Metrics dispatcher: Posting data {"deviceId":"d39dff02-21f2-40cf-941a-454076f127d1","event":"create pages deployment","timestamp":1767334159096,"properties":{"category":"Workers","wranglerVersion":"4.53.0","os":"linux:x64"}}
---

--- 2026-01-02T06:09:19.108Z debug
Metrics dispatcher: Posting data {"deviceId":"d39dff02-21f2-40cf-941a-454076f127d1","event":"wrangler command completed","timestamp":1767334159108,"properties":{"amplitude_session_id":1767334147383,"amplitude_event_id":1,"wranglerVersion":"4.53.0","osPlatform":"Linux","osVersion":"#1 SMP PREEMPT_DYNAMIC Thu Jun  5 18:30:46 UTC 2025","nodeVersion":22,"isFirstUsage":false,"configFileType":"toml","isCI":false,"isPagesCI":false,"isWorkersCI":false,"isInteractive":false,"hasAssets":false,"argsUsed":[],"argsCombination":"","command":"wrangler pages deploy","args":{},"durationMs":11886,"durationSeconds":11.886,"durationMinutes":0.1981}}
---
