
--- 2025-12-26T06:32:05.661Z debug
🪵  Writing logs to "/home/hades/.config/.wrangler/logs/wrangler-2025-12-26_06-32-04_824.log"
---

--- 2025-12-26T06:32:05.660Z debug
Metrics dispatcher: Posting data {"deviceId":"d39dff02-21f2-40cf-941a-454076f127d1","event":"wrangler command started","timestamp":1766730725660,"properties":{"amplitude_session_id":1766730725653,"amplitude_event_id":0,"wranglerVersion":"4.53.0","osPlatform":"Linux","osVersion":"#1 SMP PREEMPT_DYNAMIC Thu Jun  5 18:30:46 UTC 2025","nodeVersion":22,"packageManager":"npm","isFirstUsage":false,"configFileType":"none","isCI":false,"isPagesCI":false,"isWorkersCI":false,"isInteractive":true,"hasAssets":false,"argsUsed":[],"argsCombination":"","command":"wrangler pages deploy","args":{}}}
---

--- 2025-12-26T06:32:05.695Z debug
.env file not found at "/home/hades/FUN/tempmail/vaultnotes-beta/.env.local". Continuing... For more details, refer to https://developers.cloudflare.com/workers/wrangler/system-environment-variables/
---

--- 2025-12-26T06:32:05.785Z log

 ⛅️ wrangler 4.53.0 (update available 4.54.0)
─────────────────────────────────────────────
---

--- 2025-12-26T06:32:05.863Z debug
Retrieving cached values for account_id and project_name from node_modules/.cache/wrangler
---

--- 2025-12-26T06:32:05.866Z debug
-- START CF API REQUEST: GET https://api.cloudflare.com/client/v4/accounts/f006ec5b85550c77e565a3f9f99a35c0/pages/projects/leafvault-notes
---

--- 2025-12-26T06:32:05.867Z debug
QUERY STRING: omitted; set WRANGLER_LOG_SANITIZE=false to include sanitized data
---

--- 2025-12-26T06:32:05.868Z debug
HEADERS: omitted; set WRANGLER_LOG_SANITIZE=false to include sanitized data
---

--- 2025-12-26T06:32:05.868Z debug
INIT: omitted; set WRANGLER_LOG_SANITIZE=false to include sanitized data
---

--- 2025-12-26T06:32:05.868Z debug
-- END CF API REQUEST
---

--- 2025-12-26T06:32:07.542Z debug
-- START CF API RESPONSE: OK 200
---

--- 2025-12-26T06:32:07.544Z debug
HEADERS: omitted; set WRANGLER_LOG_SANITIZE=false to include sanitized data
---

--- 2025-12-26T06:32:07.544Z debug
RESPONSE: omitted; set WRANGLER_LOG_SANITIZE=false to include sanitized data
---

--- 2025-12-26T06:32:07.544Z debug
-- END CF API RESPONSE
---

--- 2025-12-26T06:32:07.650Z debug
-- START CF API REQUEST: GET https://api.cloudflare.com/client/v4/accounts/f006ec5b85550c77e565a3f9f99a35c0/pages/projects/leafvault-notes
---

--- 2025-12-26T06:32:07.650Z debug
QUERY STRING: omitted; set WRANGLER_LOG_SANITIZE=false to include sanitized data
---

--- 2025-12-26T06:32:07.651Z debug
HEADERS: omitted; set WRANGLER_LOG_SANITIZE=false to include sanitized data
---

--- 2025-12-26T06:32:07.651Z debug
INIT: omitted; set WRANGLER_LOG_SANITIZE=false to include sanitized data
---

--- 2025-12-26T06:32:07.651Z debug
-- END CF API REQUEST
---

--- 2025-12-26T06:32:09.367Z debug
-- START CF API RESPONSE: OK 200
---

--- 2025-12-26T06:32:09.368Z debug
HEADERS: omitted; set WRANGLER_LOG_SANITIZE=false to include sanitized data
---

--- 2025-12-26T06:32:09.368Z debug
RESPONSE: omitted; set WRANGLER_LOG_SANITIZE=false to include sanitized data
---

--- 2025-12-26T06:32:09.368Z debug
-- END CF API RESPONSE
---

--- 2025-12-26T06:32:09.452Z debug
-- START CF API REQUEST: GET https://api.cloudflare.com/client/v4/accounts/f006ec5b85550c77e565a3f9f99a35c0/pages/projects/leafvault-notes/upload-token
---

--- 2025-12-26T06:32:09.452Z debug
QUERY STRING: omitted; set WRANGLER_LOG_SANITIZE=false to include sanitized data
---

--- 2025-12-26T06:32:09.452Z debug
HEADERS: omitted; set WRANGLER_LOG_SANITIZE=false to include sanitized data
---

--- 2025-12-26T06:32:09.452Z debug
INIT: omitted; set WRANGLER_LOG_SANITIZE=false to include sanitized data
---

--- 2025-12-26T06:32:09.452Z debug
-- END CF API REQUEST
---

--- 2025-12-26T06:32:11.098Z debug
-- START CF API RESPONSE: OK 200
---

--- 2025-12-26T06:32:11.099Z debug
HEADERS: omitted; set WRANGLER_LOG_SANITIZE=false to include sanitized data
---

--- 2025-12-26T06:32:11.099Z debug
RESPONSE: omitted; set WRANGLER_LOG_SANITIZE=false to include sanitized data
---

--- 2025-12-26T06:32:11.099Z debug
-- END CF API RESPONSE
---

--- 2025-12-26T06:32:11.102Z debug
-- START CF API REQUEST: POST https://api.cloudflare.com/client/v4/pages/assets/check-missing
---

--- 2025-12-26T06:32:11.102Z debug
QUERY STRING: omitted; set WRANGLER_LOG_SANITIZE=false to include sanitized data
---

--- 2025-12-26T06:32:11.102Z debug
HEADERS: omitted; set WRANGLER_LOG_SANITIZE=false to include sanitized data
---

--- 2025-12-26T06:32:11.102Z debug
INIT: omitted; set WRANGLER_LOG_SANITIZE=false to include sanitized data
---

--- 2025-12-26T06:32:11.102Z debug
-- END CF API REQUEST
---

--- 2025-12-26T06:32:11.448Z debug
-- START CF API RESPONSE: OK 200
---

--- 2025-12-26T06:32:11.448Z debug
HEADERS: omitted; set WRANGLER_LOG_SANITIZE=false to include sanitized data
---

--- 2025-12-26T06:32:11.448Z debug
RESPONSE: omitted; set WRANGLER_LOG_SANITIZE=false to include sanitized data
---

--- 2025-12-26T06:32:11.448Z debug
-- END CF API RESPONSE
---

--- 2025-12-26T06:32:11.460Z debug
POST /pages/assets/upload
---

--- 2025-12-26T06:32:11.462Z debug
-- START CF API REQUEST: POST https://api.cloudflare.com/client/v4/pages/assets/upload
---

--- 2025-12-26T06:32:11.462Z debug
QUERY STRING: omitted; set WRANGLER_LOG_SANITIZE=false to include sanitized data
---

--- 2025-12-26T06:32:11.463Z debug
HEADERS: omitted; set WRANGLER_LOG_SANITIZE=false to include sanitized data
---

--- 2025-12-26T06:32:11.463Z debug
INIT: omitted; set WRANGLER_LOG_SANITIZE=false to include sanitized data
---

--- 2025-12-26T06:32:11.463Z debug
-- END CF API REQUEST
---

--- 2025-12-26T06:32:11.473Z debug
POST /pages/assets/upload
---

--- 2025-12-26T06:32:11.495Z debug
-- START CF API REQUEST: POST https://api.cloudflare.com/client/v4/pages/assets/upload
---

--- 2025-12-26T06:32:11.495Z debug
QUERY STRING: omitted; set WRANGLER_LOG_SANITIZE=false to include sanitized data
---

--- 2025-12-26T06:32:11.495Z debug
HEADERS: omitted; set WRANGLER_LOG_SANITIZE=false to include sanitized data
---

--- 2025-12-26T06:32:11.513Z debug
INIT: omitted; set WRANGLER_LOG_SANITIZE=false to include sanitized data
---

--- 2025-12-26T06:32:11.513Z debug
-- END CF API REQUEST
---

--- 2025-12-26T06:32:12.515Z debug
-- START CF API RESPONSE: OK 200
---

--- 2025-12-26T06:32:12.516Z debug
HEADERS: omitted; set WRANGLER_LOG_SANITIZE=false to include sanitized data
---

--- 2025-12-26T06:32:12.516Z debug
RESPONSE: omitted; set WRANGLER_LOG_SANITIZE=false to include sanitized data
---

--- 2025-12-26T06:32:12.516Z debug
-- END CF API RESPONSE
---

--- 2025-12-26T06:32:12.517Z debug
result: { successful_key_count: 1, unsuccessful_keys: [] }
---

--- 2025-12-26T06:32:19.219Z debug
-- START CF API RESPONSE: OK 200
---

--- 2025-12-26T06:32:19.219Z debug
HEADERS: omitted; set WRANGLER_LOG_SANITIZE=false to include sanitized data
---

--- 2025-12-26T06:32:19.219Z debug
RESPONSE: omitted; set WRANGLER_LOG_SANITIZE=false to include sanitized data
---

--- 2025-12-26T06:32:19.219Z debug
-- END CF API RESPONSE
---

--- 2025-12-26T06:32:19.220Z debug
result: { successful_key_count: 1, unsuccessful_keys: [] }
---

--- 2025-12-26T06:32:19.221Z log
✨ Success! Uploaded 2 files (37 already uploaded) (8.12 sec)

---

--- 2025-12-26T06:32:19.224Z debug
-- START CF API REQUEST: POST https://api.cloudflare.com/client/v4/pages/assets/upsert-hashes
---

--- 2025-12-26T06:32:19.224Z debug
QUERY STRING: omitted; set WRANGLER_LOG_SANITIZE=false to include sanitized data
---

--- 2025-12-26T06:32:19.224Z debug
HEADERS: omitted; set WRANGLER_LOG_SANITIZE=false to include sanitized data
---

--- 2025-12-26T06:32:19.224Z debug
INIT: omitted; set WRANGLER_LOG_SANITIZE=false to include sanitized data
---

--- 2025-12-26T06:32:19.224Z debug
-- END CF API REQUEST
---

--- 2025-12-26T06:32:19.651Z debug
-- START CF API RESPONSE: OK 200
---

--- 2025-12-26T06:32:19.652Z debug
HEADERS: omitted; set WRANGLER_LOG_SANITIZE=false to include sanitized data
---

--- 2025-12-26T06:32:19.652Z debug
RESPONSE: omitted; set WRANGLER_LOG_SANITIZE=false to include sanitized data
---

--- 2025-12-26T06:32:19.652Z debug
-- END CF API RESPONSE
---

--- 2025-12-26T06:32:19.656Z log
✨ Uploading _headers
---

--- 2025-12-26T06:32:19.658Z log
✨ Uploading _redirects
---

--- 2025-12-26T06:32:19.659Z debug
-- START CF API REQUEST: POST https://api.cloudflare.com/client/v4/accounts/f006ec5b85550c77e565a3f9f99a35c0/pages/projects/leafvault-notes/deployments
---

--- 2025-12-26T06:32:19.659Z debug
QUERY STRING: omitted; set WRANGLER_LOG_SANITIZE=false to include sanitized data
---

--- 2025-12-26T06:32:19.659Z debug
HEADERS: omitted; set WRANGLER_LOG_SANITIZE=false to include sanitized data
---

--- 2025-12-26T06:32:19.659Z debug
INIT: omitted; set WRANGLER_LOG_SANITIZE=false to include sanitized data
---

--- 2025-12-26T06:32:19.667Z debug
BODY: omitted; set WRANGLER_LOG_SANITIZE=false to include sanitized data
---

--- 2025-12-26T06:32:19.667Z debug
-- END CF API REQUEST
---

--- 2025-12-26T06:32:21.884Z debug
-- START CF API RESPONSE: OK 200
---

--- 2025-12-26T06:32:21.884Z debug
HEADERS: omitted; set WRANGLER_LOG_SANITIZE=false to include sanitized data
---

--- 2025-12-26T06:32:21.884Z debug
RESPONSE: omitted; set WRANGLER_LOG_SANITIZE=false to include sanitized data
---

--- 2025-12-26T06:32:21.884Z debug
-- END CF API RESPONSE
---

--- 2025-12-26T06:32:21.886Z debug
Saving to cache: {"account_id":"f006ec5b85550c77e565a3f9f99a35c0","project_name":"leafvault-notes"}
---

--- 2025-12-26T06:32:21.887Z log
🌎 Deploying...
---

--- 2025-12-26T06:32:22.891Z debug
attempt #1: Attempting to fetch status for deployment with id "6ba85ee5-c408-4f36-ada5-892aa9ac329f" ...
---

--- 2025-12-26T06:32:22.892Z debug
-- START CF API REQUEST: GET https://api.cloudflare.com/client/v4/accounts/f006ec5b85550c77e565a3f9f99a35c0/pages/projects/leafvault-notes/deployments/6ba85ee5-c408-4f36-ada5-892aa9ac329f
---

--- 2025-12-26T06:32:22.892Z debug
QUERY STRING: omitted; set WRANGLER_LOG_SANITIZE=false to include sanitized data
---

--- 2025-12-26T06:32:22.892Z debug
HEADERS: omitted; set WRANGLER_LOG_SANITIZE=false to include sanitized data
---

--- 2025-12-26T06:32:22.892Z debug
INIT: omitted; set WRANGLER_LOG_SANITIZE=false to include sanitized data
---

--- 2025-12-26T06:32:22.892Z debug
-- END CF API REQUEST
---

--- 2025-12-26T06:32:24.602Z debug
-- START CF API RESPONSE: OK 200
---

--- 2025-12-26T06:32:24.603Z debug
HEADERS: omitted; set WRANGLER_LOG_SANITIZE=false to include sanitized data
---

--- 2025-12-26T06:32:24.603Z debug
RESPONSE: omitted; set WRANGLER_LOG_SANITIZE=false to include sanitized data
---

--- 2025-12-26T06:32:24.603Z debug
-- END CF API RESPONSE
---

--- 2025-12-26T06:32:24.606Z log
✨ Deployment complete! Take a peek over at https://6ba85ee5.leafvault-notes.pages.dev
---

--- 2025-12-26T06:32:24.608Z debug
Metrics dispatcher: Posting data {"deviceId":"d39dff02-21f2-40cf-941a-454076f127d1","event":"create pages deployment","timestamp":1766730744608,"properties":{"category":"Workers","wranglerVersion":"4.53.0","os":"linux:x64"}}
---

--- 2025-12-26T06:32:24.615Z debug
Metrics dispatcher: Posting data {"deviceId":"d39dff02-21f2-40cf-941a-454076f127d1","event":"wrangler command completed","timestamp":1766730744615,"properties":{"amplitude_session_id":1766730725653,"amplitude_event_id":1,"wranglerVersion":"4.53.0","osPlatform":"Linux","osVersion":"#1 SMP PREEMPT_DYNAMIC Thu Jun  5 18:30:46 UTC 2025","nodeVersion":22,"packageManager":"npm","isFirstUsage":false,"configFileType":"none","isCI":false,"isPagesCI":false,"isWorkersCI":false,"isInteractive":true,"hasAssets":false,"argsUsed":[],"argsCombination":"","command":"wrangler pages deploy","args":{},"durationMs":19086,"durationSeconds":19.086,"durationMinutes":0.3181}}
---
