
--- 2025-12-25T16:41:42.592Z debug
🪵  Writing logs to "/home/hades/.config/.wrangler/logs/wrangler-2025-12-25_16-41-41_718.log"
---

--- 2025-12-25T16:41:42.592Z debug
Metrics dispatcher: Posting data {"deviceId":"d39dff02-21f2-40cf-941a-454076f127d1","event":"wrangler command started","timestamp":1766680902592,"properties":{"amplitude_session_id":1766680902588,"amplitude_event_id":0,"wranglerVersion":"4.53.0","osPlatform":"Linux","osVersion":"#1 SMP PREEMPT_DYNAMIC Thu Jun  5 18:30:46 UTC 2025","nodeVersion":22,"isFirstUsage":false,"configFileType":"toml","isCI":false,"isPagesCI":false,"isWorkersCI":false,"isInteractive":true,"hasAssets":false,"argsUsed":[],"argsCombination":"","command":"wrangler whoami","args":{}}}
---

--- 2025-12-25T16:41:42.625Z debug
.env file not found at "/home/hades/FUN/tempmail/cloudflare_temp_email/worker/.env". Continuing... For more details, refer to https://developers.cloudflare.com/workers/wrangler/system-environment-variables/
---

--- 2025-12-25T16:41:42.625Z debug
.env file not found at "/home/hades/FUN/tempmail/cloudflare_temp_email/worker/.env.local". Continuing... For more details, refer to https://developers.cloudflare.com/workers/wrangler/system-environment-variables/
---

--- 2025-12-25T16:41:42.692Z log

 ⛅️ wrangler 4.53.0 (update available 4.54.0)
─────────────────────────────────────────────
---

--- 2025-12-25T16:41:42.749Z log
Getting User settings...
---

--- 2025-12-25T16:41:42.752Z debug
fetching auth token grant_type=refresh_token&refresh_token=wiZtYBsm8Q8opsC7yCougy0W01dzYPp9eeunEfp--jQ.wOtW0BP2zmSwQcmXdUAxyAYWKQYGNaoTAfnSfNeX5Y4&client_id=54d11594-84e4-41aa-b438-e81b8fa78ee7
---

--- 2025-12-25T16:41:42.752Z debug
Checking if domain has Access enabled: dash.cloudflare.com
---

--- 2025-12-25T16:41:42.752Z debug
Access switch not cached for: dash.cloudflare.com
---

--- 2025-12-25T16:41:43.008Z debug
Caching access switch for: dash.cloudflare.com
---

--- 2025-12-25T16:41:43.008Z debug
Fetching auth token from https://dash.cloudflare.com/oauth2/token
---

--- 2025-12-25T16:41:43.847Z debug
-- START CF API REQUEST: GET https://api.cloudflare.com/client/v4/user
---

--- 2025-12-25T16:41:43.848Z debug
QUERY STRING: omitted; set WRANGLER_LOG_SANITIZE=false to include sanitized data
---

--- 2025-12-25T16:41:43.851Z debug
HEADERS: omitted; set WRANGLER_LOG_SANITIZE=false to include sanitized data
---

--- 2025-12-25T16:41:43.851Z debug
INIT: omitted; set WRANGLER_LOG_SANITIZE=false to include sanitized data
---

--- 2025-12-25T16:41:43.851Z debug
-- END CF API REQUEST
---

--- 2025-12-25T16:41:45.057Z debug
-- START CF API RESPONSE: OK 200
---

--- 2025-12-25T16:41:45.058Z debug
HEADERS: omitted; set WRANGLER_LOG_SANITIZE=false to include sanitized data
---

--- 2025-12-25T16:41:45.058Z debug
RESPONSE: omitted; set WRANGLER_LOG_SANITIZE=false to include sanitized data
---

--- 2025-12-25T16:41:45.058Z debug
-- END CF API RESPONSE
---

--- 2025-12-25T16:41:45.062Z debug
-- START CF API REQUEST: GET https://api.cloudflare.com/client/v4/accounts
---

--- 2025-12-25T16:41:45.062Z debug
QUERY STRING: omitted; set WRANGLER_LOG_SANITIZE=false to include sanitized data
---

--- 2025-12-25T16:41:45.063Z debug
HEADERS: omitted; set WRANGLER_LOG_SANITIZE=false to include sanitized data
---

--- 2025-12-25T16:41:45.063Z debug
INIT: omitted; set WRANGLER_LOG_SANITIZE=false to include sanitized data
---

--- 2025-12-25T16:41:45.063Z debug
-- END CF API REQUEST
---

--- 2025-12-25T16:41:46.091Z debug
-- START CF API RESPONSE: OK 200
---

--- 2025-12-25T16:41:46.093Z debug
HEADERS: omitted; set WRANGLER_LOG_SANITIZE=false to include sanitized data
---

--- 2025-12-25T16:41:46.094Z debug
RESPONSE: omitted; set WRANGLER_LOG_SANITIZE=false to include sanitized data
---

--- 2025-12-25T16:41:46.094Z debug
-- END CF API RESPONSE
---

--- 2025-12-25T16:41:46.099Z log
👋 You are logged in with an OAuth Token, associated with the email dwirxx@gmail.com.
---

--- 2025-12-25T16:41:46.129Z log
┌────────────────────────────┬──────────────────────────────────┐
│ Account Name               │ Account ID                       │
├────────────────────────────┼──────────────────────────────────┤
│ Dwirxx@gmail.com's Account │ f006ec5b85550c77e565a3f9f99a35c0 │
└────────────────────────────┴──────────────────────────────────┘
---

--- 2025-12-25T16:41:46.131Z log
🔓 Token Permissions:
---

--- 2025-12-25T16:41:46.132Z log
Scope (Access)
---

--- 2025-12-25T16:41:46.132Z log
- account (read)
---

--- 2025-12-25T16:41:46.133Z log
- user (read)
---

--- 2025-12-25T16:41:46.133Z log
- workers (write)
---

--- 2025-12-25T16:41:46.135Z log
- workers_kv (write)
---

--- 2025-12-25T16:41:46.136Z log
- workers_routes (write)
---

--- 2025-12-25T16:41:46.144Z log
- workers_scripts (write)
---

--- 2025-12-25T16:41:46.144Z log
- workers_tail (read)
---

--- 2025-12-25T16:41:46.145Z log
- d1 (write)
---

--- 2025-12-25T16:41:46.145Z log
- pages (write)
---

--- 2025-12-25T16:41:46.146Z log
- zone (read)
---

--- 2025-12-25T16:41:46.146Z log
- ssl_certs (write)
---

--- 2025-12-25T16:41:46.146Z log
- ai (write)
---

--- 2025-12-25T16:41:46.146Z log
- queues (write)
---

--- 2025-12-25T16:41:46.146Z log
- pipelines (write)
---

--- 2025-12-25T16:41:46.147Z log
- secrets_store (write)
---

--- 2025-12-25T16:41:46.147Z log
- containers (write)
---

--- 2025-12-25T16:41:46.147Z log
- cloudchamber (write)
---

--- 2025-12-25T16:41:46.147Z log
- connectivity (admin)
---

--- 2025-12-25T16:41:46.148Z log
- offline_access 
---

--- 2025-12-25T16:41:46.151Z debug
Metrics dispatcher: Posting data {"deviceId":"d39dff02-21f2-40cf-941a-454076f127d1","event":"view accounts","timestamp":1766680906151,"properties":{"category":"Workers","wranglerVersion":"4.53.0","os":"linux:x64"}}
---

--- 2025-12-25T16:41:46.185Z debug
Metrics dispatcher: Posting data {"deviceId":"d39dff02-21f2-40cf-941a-454076f127d1","event":"wrangler command completed","timestamp":1766680906184,"properties":{"amplitude_session_id":1766680902588,"amplitude_event_id":1,"wranglerVersion":"4.53.0","osPlatform":"Linux","osVersion":"#1 SMP PREEMPT_DYNAMIC Thu Jun  5 18:30:46 UTC 2025","nodeVersion":22,"isFirstUsage":false,"configFileType":"toml","isCI":false,"isPagesCI":false,"isWorkersCI":false,"isInteractive":true,"hasAssets":false,"argsUsed":[],"argsCombination":"","command":"wrangler whoami","args":{},"durationMs":3679,"durationSeconds":3.679,"durationMinutes":0.061316666666666665}}
---
