
--- 2025-12-24T07:17:25.492Z debug
🪵  Writing logs to "/home/hades/.config/.wrangler/logs/wrangler-2025-12-24_07-17-24_891.log"
---

--- 2025-12-24T07:17:25.491Z debug
Metrics dispatcher: Posting data {"deviceId":"d39dff02-21f2-40cf-941a-454076f127d1","event":"wrangler command started","timestamp":1766560645491,"properties":{"amplitude_session_id":1766560645489,"amplitude_event_id":0,"wranglerVersion":"4.53.0","osPlatform":"Linux","osVersion":"#1 SMP PREEMPT_DYNAMIC Thu Jun  5 18:30:46 UTC 2025","nodeVersion":22,"packageManager":"npm","isFirstUsage":false,"configFileType":"none","isCI":false,"isPagesCI":false,"isWorkersCI":false,"isInteractive":true,"hasAssets":false,"argsUsed":[],"argsCombination":"","command":"wrangler whoami","args":{}}}
---

--- 2025-12-24T07:17:25.519Z debug
.env file not found at "/home/hades/FUN/NotesProjeck/beta/vaultnotes/.env.local". Continuing... For more details, refer to https://developers.cloudflare.com/workers/wrangler/system-environment-variables/
---

--- 2025-12-24T07:17:25.561Z log

 ⛅️ wrangler 4.53.0 (update available 4.56.0)
─────────────────────────────────────────────
---

--- 2025-12-24T07:17:25.587Z log
Getting User settings...
---

--- 2025-12-24T07:17:25.591Z debug
-- START CF API REQUEST: GET https://api.cloudflare.com/client/v4/user
---

--- 2025-12-24T07:17:25.592Z debug
QUERY STRING: omitted; set WRANGLER_LOG_SANITIZE=false to include sanitized data
---

--- 2025-12-24T07:17:25.594Z debug
HEADERS: omitted; set WRANGLER_LOG_SANITIZE=false to include sanitized data
---

--- 2025-12-24T07:17:25.594Z debug
INIT: omitted; set WRANGLER_LOG_SANITIZE=false to include sanitized data
---

--- 2025-12-24T07:17:25.594Z debug
-- END CF API REQUEST
---

--- 2025-12-24T07:17:26.814Z debug
-- START CF API RESPONSE: OK 200
---

--- 2025-12-24T07:17:26.818Z debug
HEADERS: omitted; set WRANGLER_LOG_SANITIZE=false to include sanitized data
---

--- 2025-12-24T07:17:26.818Z debug
RESPONSE: omitted; set WRANGLER_LOG_SANITIZE=false to include sanitized data
---

--- 2025-12-24T07:17:26.818Z debug
-- END CF API RESPONSE
---

--- 2025-12-24T07:17:26.829Z debug
-- START CF API REQUEST: GET https://api.cloudflare.com/client/v4/accounts
---

--- 2025-12-24T07:17:26.829Z debug
QUERY STRING: omitted; set WRANGLER_LOG_SANITIZE=false to include sanitized data
---

--- 2025-12-24T07:17:26.829Z debug
HEADERS: omitted; set WRANGLER_LOG_SANITIZE=false to include sanitized data
---

--- 2025-12-24T07:17:26.829Z debug
INIT: omitted; set WRANGLER_LOG_SANITIZE=false to include sanitized data
---

--- 2025-12-24T07:17:26.829Z debug
-- END CF API REQUEST
---

--- 2025-12-24T07:17:27.798Z debug
-- START CF API RESPONSE: OK 200
---

--- 2025-12-24T07:17:27.798Z debug
HEADERS: omitted; set WRANGLER_LOG_SANITIZE=false to include sanitized data
---

--- 2025-12-24T07:17:27.799Z debug
RESPONSE: omitted; set WRANGLER_LOG_SANITIZE=false to include sanitized data
---

--- 2025-12-24T07:17:27.799Z debug
-- END CF API RESPONSE
---

--- 2025-12-24T07:17:27.801Z log
👋 You are logged in with an OAuth Token, associated with the email dwirxx@gmail.com.
---

--- 2025-12-24T07:17:27.822Z log
┌────────────────────────────┬──────────────────────────────────┐
│ Account Name               │ Account ID                       │
├────────────────────────────┼──────────────────────────────────┤
│ Dwirxx@gmail.com's Account │ f006ec5b85550c77e565a3f9f99a35c0 │
└────────────────────────────┴──────────────────────────────────┘
---

--- 2025-12-24T07:17:27.824Z log
🔓 Token Permissions:
---

--- 2025-12-24T07:17:27.824Z log
Scope (Access)
---

--- 2025-12-24T07:17:27.825Z log
- account (read)
---

--- 2025-12-24T07:17:27.826Z log
- user (read)
---

--- 2025-12-24T07:17:27.827Z log
- workers (write)
---

--- 2025-12-24T07:17:27.828Z log
- workers_kv (write)
---

--- 2025-12-24T07:17:27.828Z log
- workers_routes (write)
---

--- 2025-12-24T07:17:27.829Z log
- workers_scripts (write)
---

--- 2025-12-24T07:17:27.830Z log
- workers_tail (read)
---

--- 2025-12-24T07:17:27.831Z log
- d1 (write)
---

--- 2025-12-24T07:17:27.831Z log
- pages (write)
---

--- 2025-12-24T07:17:27.832Z log
- zone (read)
---

--- 2025-12-24T07:17:27.832Z log
- ssl_certs (write)
---

--- 2025-12-24T07:17:27.832Z log
- ai (write)
---

--- 2025-12-24T07:17:27.833Z log
- queues (write)
---

--- 2025-12-24T07:17:27.833Z log
- pipelines (write)
---

--- 2025-12-24T07:17:27.833Z log
- secrets_store (write)
---

--- 2025-12-24T07:17:27.834Z log
- containers (write)
---

--- 2025-12-24T07:17:27.834Z log
- cloudchamber (write)
---

--- 2025-12-24T07:17:27.835Z log
- connectivity (admin)
---

--- 2025-12-24T07:17:27.836Z log
- offline_access 
---

--- 2025-12-24T07:17:27.839Z debug
Metrics dispatcher: Posting data {"deviceId":"d39dff02-21f2-40cf-941a-454076f127d1","event":"view accounts","timestamp":1766560647839,"properties":{"category":"Workers","wranglerVersion":"4.53.0","os":"linux:x64"}}
---

--- 2025-12-24T07:17:27.848Z debug
Metrics dispatcher: Posting data {"deviceId":"d39dff02-21f2-40cf-941a-454076f127d1","event":"wrangler command completed","timestamp":1766560647847,"properties":{"amplitude_session_id":1766560645489,"amplitude_event_id":1,"wranglerVersion":"4.53.0","osPlatform":"Linux","osVersion":"#1 SMP PREEMPT_DYNAMIC Thu Jun  5 18:30:46 UTC 2025","nodeVersion":22,"packageManager":"npm","isFirstUsage":false,"configFileType":"none","isCI":false,"isPagesCI":false,"isWorkersCI":false,"isInteractive":true,"hasAssets":false,"argsUsed":[],"argsCombination":"","command":"wrangler whoami","args":{},"durationMs":2411,"durationSeconds":2.411,"durationMinutes":0.040183333333333335}}
---
