
--- 2025-12-25T20:18:55.042Z debug
🪵  Writing logs to "/home/hades/.config/.wrangler/logs/wrangler-2025-12-25_20-18-54_058.log"
---

--- 2025-12-25T20:18:55.041Z debug
Metrics dispatcher: Posting data {"deviceId":"d39dff02-21f2-40cf-941a-454076f127d1","event":"wrangler command started","timestamp":1766693935041,"properties":{"amplitude_session_id":1766693935036,"amplitude_event_id":0,"wranglerVersion":"4.53.0","osPlatform":"Linux","osVersion":"#1 SMP PREEMPT_DYNAMIC Thu Jun  5 18:30:46 UTC 2025","nodeVersion":22,"packageManager":"npm","isFirstUsage":false,"configFileType":"none","isCI":false,"isPagesCI":false,"isWorkersCI":false,"isInteractive":true,"hasAssets":false,"argsUsed":[],"argsCombination":"","command":"wrangler pages deploy","args":{}}}
---

--- 2025-12-25T20:18:55.080Z debug
.env file not found at "/home/hades/FUN/tempmail/vaultnotes-beta/.env.local". Continuing... For more details, refer to https://developers.cloudflare.com/workers/wrangler/system-environment-variables/
---

--- 2025-12-25T20:18:55.158Z log

 ⛅️ wrangler 4.53.0 (update available 4.54.0)
─────────────────────────────────────────────
---

--- 2025-12-25T20:18:55.244Z debug
Retrieving cached values for account_id and project_name from node_modules/.cache/wrangler
---

--- 2025-12-25T20:18:55.248Z debug
-- START CF API REQUEST: GET https://api.cloudflare.com/client/v4/accounts/f006ec5b85550c77e565a3f9f99a35c0/pages/projects/leafvault-app
---

--- 2025-12-25T20:18:55.248Z debug
QUERY STRING: omitted; set WRANGLER_LOG_SANITIZE=false to include sanitized data
---

--- 2025-12-25T20:18:55.251Z debug
HEADERS: omitted; set WRANGLER_LOG_SANITIZE=false to include sanitized data
---

--- 2025-12-25T20:18:55.251Z debug
INIT: omitted; set WRANGLER_LOG_SANITIZE=false to include sanitized data
---

--- 2025-12-25T20:18:55.251Z debug
-- END CF API REQUEST
---

--- 2025-12-25T20:18:56.885Z debug
-- START CF API RESPONSE: OK 200
---

--- 2025-12-25T20:18:56.886Z debug
HEADERS: omitted; set WRANGLER_LOG_SANITIZE=false to include sanitized data
---

--- 2025-12-25T20:18:56.886Z debug
RESPONSE: omitted; set WRANGLER_LOG_SANITIZE=false to include sanitized data
---

--- 2025-12-25T20:18:56.886Z debug
-- END CF API RESPONSE
---

--- 2025-12-25T20:18:56.991Z debug
-- START CF API REQUEST: GET https://api.cloudflare.com/client/v4/accounts/f006ec5b85550c77e565a3f9f99a35c0/pages/projects/leafvault-app
---

--- 2025-12-25T20:18:56.991Z debug
QUERY STRING: omitted; set WRANGLER_LOG_SANITIZE=false to include sanitized data
---

--- 2025-12-25T20:18:56.991Z debug
HEADERS: omitted; set WRANGLER_LOG_SANITIZE=false to include sanitized data
---

--- 2025-12-25T20:18:56.992Z debug
INIT: omitted; set WRANGLER_LOG_SANITIZE=false to include sanitized data
---

--- 2025-12-25T20:18:56.992Z debug
-- END CF API REQUEST
---

--- 2025-12-25T20:18:58.454Z debug
-- START CF API RESPONSE: OK 200
---

--- 2025-12-25T20:18:58.454Z debug
HEADERS: omitted; set WRANGLER_LOG_SANITIZE=false to include sanitized data
---

--- 2025-12-25T20:18:58.454Z debug
RESPONSE: omitted; set WRANGLER_LOG_SANITIZE=false to include sanitized data
---

--- 2025-12-25T20:18:58.454Z debug
-- END CF API RESPONSE
---

--- 2025-12-25T20:18:58.586Z debug
-- START CF API REQUEST: GET https://api.cloudflare.com/client/v4/accounts/f006ec5b85550c77e565a3f9f99a35c0/pages/projects/leafvault-app/upload-token
---

--- 2025-12-25T20:18:58.586Z debug
QUERY STRING: omitted; set WRANGLER_LOG_SANITIZE=false to include sanitized data
---

--- 2025-12-25T20:18:58.586Z debug
HEADERS: omitted; set WRANGLER_LOG_SANITIZE=false to include sanitized data
---

--- 2025-12-25T20:18:58.586Z debug
INIT: omitted; set WRANGLER_LOG_SANITIZE=false to include sanitized data
---

--- 2025-12-25T20:18:58.586Z debug
-- END CF API REQUEST
---

--- 2025-12-25T20:19:00.012Z debug
-- START CF API RESPONSE: OK 200
---

--- 2025-12-25T20:19:00.013Z debug
HEADERS: omitted; set WRANGLER_LOG_SANITIZE=false to include sanitized data
---

--- 2025-12-25T20:19:00.013Z debug
RESPONSE: omitted; set WRANGLER_LOG_SANITIZE=false to include sanitized data
---

--- 2025-12-25T20:19:00.013Z debug
-- END CF API RESPONSE
---

--- 2025-12-25T20:19:00.017Z debug
-- START CF API REQUEST: POST https://api.cloudflare.com/client/v4/pages/assets/check-missing
---

--- 2025-12-25T20:19:00.017Z debug
QUERY STRING: omitted; set WRANGLER_LOG_SANITIZE=false to include sanitized data
---

--- 2025-12-25T20:19:00.018Z debug
HEADERS: omitted; set WRANGLER_LOG_SANITIZE=false to include sanitized data
---

--- 2025-12-25T20:19:00.018Z debug
INIT: omitted; set WRANGLER_LOG_SANITIZE=false to include sanitized data
---

--- 2025-12-25T20:19:00.018Z debug
-- END CF API REQUEST
---

--- 2025-12-25T20:19:00.308Z debug
-- START CF API RESPONSE: OK 200
---

--- 2025-12-25T20:19:00.310Z debug
HEADERS: omitted; set WRANGLER_LOG_SANITIZE=false to include sanitized data
---

--- 2025-12-25T20:19:00.310Z debug
RESPONSE: omitted; set WRANGLER_LOG_SANITIZE=false to include sanitized data
---

--- 2025-12-25T20:19:00.311Z debug
-- END CF API RESPONSE
---

--- 2025-12-25T20:19:00.315Z log
✨ Success! Uploaded 0 files (39 already uploaded) (0.30 sec)

---

--- 2025-12-25T20:19:00.318Z debug
-- START CF API REQUEST: POST https://api.cloudflare.com/client/v4/pages/assets/upsert-hashes
---

--- 2025-12-25T20:19:00.318Z debug
QUERY STRING: omitted; set WRANGLER_LOG_SANITIZE=false to include sanitized data
---

--- 2025-12-25T20:19:00.318Z debug
HEADERS: omitted; set WRANGLER_LOG_SANITIZE=false to include sanitized data
---

--- 2025-12-25T20:19:00.318Z debug
INIT: omitted; set WRANGLER_LOG_SANITIZE=false to include sanitized data
---

--- 2025-12-25T20:19:00.318Z debug
-- END CF API REQUEST
---

--- 2025-12-25T20:19:00.619Z debug
-- START CF API RESPONSE: OK 200
---

--- 2025-12-25T20:19:00.620Z debug
HEADERS: omitted; set WRANGLER_LOG_SANITIZE=false to include sanitized data
---

--- 2025-12-25T20:19:00.620Z debug
RESPONSE: omitted; set WRANGLER_LOG_SANITIZE=false to include sanitized data
---

--- 2025-12-25T20:19:00.620Z debug
-- END CF API RESPONSE
---

--- 2025-12-25T20:19:00.623Z log
✨ Uploading _headers
---

--- 2025-12-25T20:19:00.625Z log
✨ Uploading _redirects
---

--- 2025-12-25T20:19:00.627Z debug
-- START CF API REQUEST: POST https://api.cloudflare.com/client/v4/accounts/f006ec5b85550c77e565a3f9f99a35c0/pages/projects/leafvault-app/deployments
---

--- 2025-12-25T20:19:00.627Z debug
QUERY STRING: omitted; set WRANGLER_LOG_SANITIZE=false to include sanitized data
---

--- 2025-12-25T20:19:00.629Z debug
HEADERS: omitted; set WRANGLER_LOG_SANITIZE=false to include sanitized data
---

--- 2025-12-25T20:19:00.629Z debug
INIT: omitted; set WRANGLER_LOG_SANITIZE=false to include sanitized data
---

--- 2025-12-25T20:19:00.657Z debug
BODY: omitted; set WRANGLER_LOG_SANITIZE=false to include sanitized data
---

--- 2025-12-25T20:19:00.657Z debug
-- END CF API REQUEST
---

--- 2025-12-25T20:19:02.822Z debug
-- START CF API RESPONSE: OK 200
---

--- 2025-12-25T20:19:02.823Z debug
HEADERS: omitted; set WRANGLER_LOG_SANITIZE=false to include sanitized data
---

--- 2025-12-25T20:19:02.823Z debug
RESPONSE: omitted; set WRANGLER_LOG_SANITIZE=false to include sanitized data
---

--- 2025-12-25T20:19:02.823Z debug
-- END CF API RESPONSE
---

--- 2025-12-25T20:19:02.827Z debug
Saving to cache: {"account_id":"f006ec5b85550c77e565a3f9f99a35c0","project_name":"leafvault-app"}
---

--- 2025-12-25T20:19:02.828Z log
🌎 Deploying...
---

--- 2025-12-25T20:19:03.830Z debug
attempt #1: Attempting to fetch status for deployment with id "0d572adc-a8d1-490f-8533-8dd7f216cfac" ...
---

--- 2025-12-25T20:19:03.831Z debug
-- START CF API REQUEST: GET https://api.cloudflare.com/client/v4/accounts/f006ec5b85550c77e565a3f9f99a35c0/pages/projects/leafvault-app/deployments/0d572adc-a8d1-490f-8533-8dd7f216cfac
---

--- 2025-12-25T20:19:03.831Z debug
QUERY STRING: omitted; set WRANGLER_LOG_SANITIZE=false to include sanitized data
---

--- 2025-12-25T20:19:03.831Z debug
HEADERS: omitted; set WRANGLER_LOG_SANITIZE=false to include sanitized data
---

--- 2025-12-25T20:19:03.831Z debug
INIT: omitted; set WRANGLER_LOG_SANITIZE=false to include sanitized data
---

--- 2025-12-25T20:19:03.831Z debug
-- END CF API REQUEST
---

--- 2025-12-25T20:19:05.566Z debug
-- START CF API RESPONSE: OK 200
---

--- 2025-12-25T20:19:05.567Z debug
HEADERS: omitted; set WRANGLER_LOG_SANITIZE=false to include sanitized data
---

--- 2025-12-25T20:19:05.567Z debug
RESPONSE: omitted; set WRANGLER_LOG_SANITIZE=false to include sanitized data
---

--- 2025-12-25T20:19:05.567Z debug
-- END CF API RESPONSE
---

--- 2025-12-25T20:19:05.571Z log
✨ Deployment complete! Take a peek over at https://0d572adc.leafvault-app.pages.dev
---

--- 2025-12-25T20:19:05.575Z debug
Metrics dispatcher: Posting data {"deviceId":"d39dff02-21f2-40cf-941a-454076f127d1","event":"create pages deployment","timestamp":1766693945575,"properties":{"category":"Workers","wranglerVersion":"4.53.0","os":"linux:x64"}}
---

--- 2025-12-25T20:19:05.602Z debug
Metrics dispatcher: Posting data {"deviceId":"d39dff02-21f2-40cf-941a-454076f127d1","event":"wrangler command completed","timestamp":1766693945602,"properties":{"amplitude_session_id":1766693935036,"amplitude_event_id":1,"wranglerVersion":"4.53.0","osPlatform":"Linux","osVersion":"#1 SMP PREEMPT_DYNAMIC Thu Jun  5 18:30:46 UTC 2025","nodeVersion":22,"packageManager":"npm","isFirstUsage":false,"configFileType":"none","isCI":false,"isPagesCI":false,"isWorkersCI":false,"isInteractive":true,"hasAssets":false,"argsUsed":[],"argsCombination":"","command":"wrangler pages deploy","args":{},"durationMs":10697,"durationSeconds":10.697,"durationMinutes":0.17828333333333332}}
---
