
--- 2026-01-02T05:46:41.292Z debug
🪵  Writing logs to "/home/hades/.config/.wrangler/logs/wrangler-2026-01-02_05-46-40_401.log"
---

--- 2026-01-02T05:46:41.291Z debug
Metrics dispatcher: Posting data {"deviceId":"d39dff02-21f2-40cf-941a-454076f127d1","event":"wrangler command started","timestamp":1767332801291,"properties":{"amplitude_session_id":1767332801285,"amplitude_event_id":0,"wranglerVersion":"4.53.0","osPlatform":"Linux","osVersion":"#1 SMP PREEMPT_DYNAMIC Thu Jun  5 18:30:46 UTC 2025","nodeVersion":22,"isFirstUsage":false,"configFileType":"toml","isCI":false,"isPagesCI":false,"isWorkersCI":false,"isInteractive":true,"hasAssets":false,"argsUsed":[],"argsCombination":"","command":"wrangler d1 execute","args":{}}}
---

--- 2026-01-02T05:46:41.336Z debug
.env file not found at "/home/hades/FUN/cloudflareProjet/passvault/.env.local". Continuing... For more details, refer to https://developers.cloudflare.com/workers/wrangler/system-environment-variables/
---

--- 2026-01-02T05:46:41.444Z log

 ⛅️ wrangler 4.53.0 (update available 4.54.0)
─────────────────────────────────────────────
---

--- 2026-01-02T05:46:41.448Z log
Resource location: local 

---

--- 2026-01-02T05:46:41.448Z log
Use --remote if you want to access the remote instance.

---

--- 2026-01-02T05:46:41.531Z log
🌀 Executing on local database passvault-db (ed03d8fe-6a25-4682-9406-2f3410ebc417) from .wrangler/state/v3/d1:
---

--- 2026-01-02T05:46:41.532Z log
🌀 To execute on your remote database, add a --remote flag to your wrangler command.
---

--- 2026-01-02T05:46:43.383Z log
🚣 1 command executed successfully.
---

--- 2026-01-02T05:46:43.450Z log
┌─────────────┐
│ table_count │
├─────────────┤
│ 10          │
└─────────────┘
---

--- 2026-01-02T05:46:43.510Z debug
Metrics dispatcher: Posting data {"deviceId":"d39dff02-21f2-40cf-941a-454076f127d1","event":"wrangler command completed","timestamp":1767332803510,"properties":{"amplitude_session_id":1767332801285,"amplitude_event_id":1,"wranglerVersion":"4.53.0","osPlatform":"Linux","osVersion":"#1 SMP PREEMPT_DYNAMIC Thu Jun  5 18:30:46 UTC 2025","nodeVersion":22,"isFirstUsage":false,"configFileType":"toml","isCI":false,"isPagesCI":false,"isWorkersCI":false,"isInteractive":true,"hasAssets":false,"argsUsed":[],"argsCombination":"","command":"wrangler d1 execute","args":{},"durationMs":2358,"durationSeconds":2.358,"durationMinutes":0.0393}}
---
