
--- 2025-12-24T07:24:52.410Z debug
🪵  Writing logs to "/home/hades/.config/.wrangler/logs/wrangler-2025-12-24_07-24-51_389.log"
---

--- 2025-12-24T07:24:52.410Z debug
Metrics dispatcher: Posting data {"deviceId":"d39dff02-21f2-40cf-941a-454076f127d1","event":"wrangler command started","timestamp":1766561092410,"properties":{"amplitude_session_id":1766561092405,"amplitude_event_id":0,"wranglerVersion":"4.53.0","osPlatform":"Linux","osVersion":"#1 SMP PREEMPT_DYNAMIC Thu Jun  5 18:30:46 UTC 2025","nodeVersion":22,"packageManager":"npm","isFirstUsage":false,"configFileType":"none","isCI":false,"isPagesCI":false,"isWorkersCI":false,"isInteractive":true,"hasAssets":false,"argsUsed":[],"argsCombination":"","command":"wrangler pages deploy","args":{}}}
---

--- 2025-12-24T07:24:52.443Z debug
.env file not found at "/home/hades/FUN/NotesProjeck/beta/vaultnotes/.env.local". Continuing... For more details, refer to https://developers.cloudflare.com/workers/wrangler/system-environment-variables/
---

--- 2025-12-24T07:24:52.541Z log

 ⛅️ wrangler 4.53.0 (update available 4.56.0)
─────────────────────────────────────────────
---

--- 2025-12-24T07:24:52.609Z debug
Retrieving cached values for account_id and project_name from node_modules/.cache/wrangler
---

--- 2025-12-24T07:24:52.614Z debug
-- START CF API REQUEST: GET https://api.cloudflare.com/client/v4/accounts/f006ec5b85550c77e565a3f9f99a35c0/pages/projects/leafvault-notes
---

--- 2025-12-24T07:24:52.614Z debug
QUERY STRING: omitted; set WRANGLER_LOG_SANITIZE=false to include sanitized data
---

--- 2025-12-24T07:24:52.616Z debug
HEADERS: omitted; set WRANGLER_LOG_SANITIZE=false to include sanitized data
---

--- 2025-12-24T07:24:52.617Z debug
INIT: omitted; set WRANGLER_LOG_SANITIZE=false to include sanitized data
---

--- 2025-12-24T07:24:52.617Z debug
-- END CF API REQUEST
---

--- 2025-12-24T07:24:54.734Z debug
-- START CF API RESPONSE: OK 200
---

--- 2025-12-24T07:24:54.736Z debug
HEADERS: omitted; set WRANGLER_LOG_SANITIZE=false to include sanitized data
---

--- 2025-12-24T07:24:54.736Z debug
RESPONSE: omitted; set WRANGLER_LOG_SANITIZE=false to include sanitized data
---

--- 2025-12-24T07:24:54.737Z debug
-- END CF API RESPONSE
---

--- 2025-12-24T07:24:54.838Z debug
-- START CF API REQUEST: GET https://api.cloudflare.com/client/v4/accounts/f006ec5b85550c77e565a3f9f99a35c0/pages/projects/leafvault-notes
---

--- 2025-12-24T07:24:54.838Z debug
QUERY STRING: omitted; set WRANGLER_LOG_SANITIZE=false to include sanitized data
---

--- 2025-12-24T07:24:54.839Z debug
HEADERS: omitted; set WRANGLER_LOG_SANITIZE=false to include sanitized data
---

--- 2025-12-24T07:24:54.839Z debug
INIT: omitted; set WRANGLER_LOG_SANITIZE=false to include sanitized data
---

--- 2025-12-24T07:24:54.839Z debug
-- END CF API REQUEST
---

--- 2025-12-24T07:24:56.352Z debug
-- START CF API RESPONSE: OK 200
---

--- 2025-12-24T07:24:56.354Z debug
HEADERS: omitted; set WRANGLER_LOG_SANITIZE=false to include sanitized data
---

--- 2025-12-24T07:24:56.354Z debug
RESPONSE: omitted; set WRANGLER_LOG_SANITIZE=false to include sanitized data
---

--- 2025-12-24T07:24:56.354Z debug
-- END CF API RESPONSE
---

--- 2025-12-24T07:24:56.459Z debug
-- START CF API REQUEST: GET https://api.cloudflare.com/client/v4/accounts/f006ec5b85550c77e565a3f9f99a35c0/pages/projects/leafvault-notes/upload-token
---

--- 2025-12-24T07:24:56.459Z debug
QUERY STRING: omitted; set WRANGLER_LOG_SANITIZE=false to include sanitized data
---

--- 2025-12-24T07:24:56.459Z debug
HEADERS: omitted; set WRANGLER_LOG_SANITIZE=false to include sanitized data
---

--- 2025-12-24T07:24:56.459Z debug
INIT: omitted; set WRANGLER_LOG_SANITIZE=false to include sanitized data
---

--- 2025-12-24T07:24:56.459Z debug
-- END CF API REQUEST
---

--- 2025-12-24T07:24:57.954Z debug
-- START CF API RESPONSE: OK 200
---

--- 2025-12-24T07:24:57.955Z debug
HEADERS: omitted; set WRANGLER_LOG_SANITIZE=false to include sanitized data
---

--- 2025-12-24T07:24:57.955Z debug
RESPONSE: omitted; set WRANGLER_LOG_SANITIZE=false to include sanitized data
---

--- 2025-12-24T07:24:57.955Z debug
-- END CF API RESPONSE
---

--- 2025-12-24T07:24:57.957Z debug
-- START CF API REQUEST: POST https://api.cloudflare.com/client/v4/pages/assets/check-missing
---

--- 2025-12-24T07:24:57.957Z debug
QUERY STRING: omitted; set WRANGLER_LOG_SANITIZE=false to include sanitized data
---

--- 2025-12-24T07:24:57.957Z debug
HEADERS: omitted; set WRANGLER_LOG_SANITIZE=false to include sanitized data
---

--- 2025-12-24T07:24:57.957Z debug
INIT: omitted; set WRANGLER_LOG_SANITIZE=false to include sanitized data
---

--- 2025-12-24T07:24:57.957Z debug
-- END CF API REQUEST
---

--- 2025-12-24T07:24:58.290Z debug
-- START CF API RESPONSE: OK 200
---

--- 2025-12-24T07:24:58.291Z debug
HEADERS: omitted; set WRANGLER_LOG_SANITIZE=false to include sanitized data
---

--- 2025-12-24T07:24:58.291Z debug
RESPONSE: omitted; set WRANGLER_LOG_SANITIZE=false to include sanitized data
---

--- 2025-12-24T07:24:58.291Z debug
-- END CF API RESPONSE
---

--- 2025-12-24T07:24:58.315Z debug
POST /pages/assets/upload
---

--- 2025-12-24T07:24:58.318Z debug
-- START CF API REQUEST: POST https://api.cloudflare.com/client/v4/pages/assets/upload
---

--- 2025-12-24T07:24:58.318Z debug
QUERY STRING: omitted; set WRANGLER_LOG_SANITIZE=false to include sanitized data
---

--- 2025-12-24T07:24:58.319Z debug
HEADERS: omitted; set WRANGLER_LOG_SANITIZE=false to include sanitized data
---

--- 2025-12-24T07:24:58.320Z debug
INIT: omitted; set WRANGLER_LOG_SANITIZE=false to include sanitized data
---

--- 2025-12-24T07:24:58.321Z debug
-- END CF API REQUEST
---

--- 2025-12-24T07:24:58.326Z debug
POST /pages/assets/upload
---

--- 2025-12-24T07:24:58.327Z debug
-- START CF API REQUEST: POST https://api.cloudflare.com/client/v4/pages/assets/upload
---

--- 2025-12-24T07:24:58.327Z debug
QUERY STRING: omitted; set WRANGLER_LOG_SANITIZE=false to include sanitized data
---

--- 2025-12-24T07:24:58.327Z debug
HEADERS: omitted; set WRANGLER_LOG_SANITIZE=false to include sanitized data
---

--- 2025-12-24T07:24:58.327Z debug
INIT: omitted; set WRANGLER_LOG_SANITIZE=false to include sanitized data
---

--- 2025-12-24T07:24:58.327Z debug
-- END CF API REQUEST
---

--- 2025-12-24T07:24:58.340Z debug
POST /pages/assets/upload
---

--- 2025-12-24T07:24:58.360Z debug
-- START CF API REQUEST: POST https://api.cloudflare.com/client/v4/pages/assets/upload
---

--- 2025-12-24T07:24:58.360Z debug
QUERY STRING: omitted; set WRANGLER_LOG_SANITIZE=false to include sanitized data
---

--- 2025-12-24T07:24:58.360Z debug
HEADERS: omitted; set WRANGLER_LOG_SANITIZE=false to include sanitized data
---

--- 2025-12-24T07:24:58.374Z debug
INIT: omitted; set WRANGLER_LOG_SANITIZE=false to include sanitized data
---

--- 2025-12-24T07:24:58.374Z debug
-- END CF API REQUEST
---

--- 2025-12-24T07:25:00.004Z debug
-- START CF API RESPONSE: OK 200
---

--- 2025-12-24T07:25:00.005Z debug
HEADERS: omitted; set WRANGLER_LOG_SANITIZE=false to include sanitized data
---

--- 2025-12-24T07:25:00.005Z debug
RESPONSE: omitted; set WRANGLER_LOG_SANITIZE=false to include sanitized data
---

--- 2025-12-24T07:25:00.005Z debug
-- END CF API RESPONSE
---

--- 2025-12-24T07:25:00.006Z debug
result: { successful_key_count: 2, unsuccessful_keys: [] }
---

--- 2025-12-24T07:25:00.889Z debug
-- START CF API RESPONSE: OK 200
---

--- 2025-12-24T07:25:00.890Z debug
HEADERS: omitted; set WRANGLER_LOG_SANITIZE=false to include sanitized data
---

--- 2025-12-24T07:25:00.890Z debug
RESPONSE: omitted; set WRANGLER_LOG_SANITIZE=false to include sanitized data
---

--- 2025-12-24T07:25:00.890Z debug
-- END CF API RESPONSE
---

--- 2025-12-24T07:25:00.891Z debug
result: { successful_key_count: 3, unsuccessful_keys: [] }
---

--- 2025-12-24T07:25:09.024Z debug
-- START CF API RESPONSE: OK 200
---

--- 2025-12-24T07:25:09.025Z debug
HEADERS: omitted; set WRANGLER_LOG_SANITIZE=false to include sanitized data
---

--- 2025-12-24T07:25:09.025Z debug
RESPONSE: omitted; set WRANGLER_LOG_SANITIZE=false to include sanitized data
---

--- 2025-12-24T07:25:09.025Z debug
-- END CF API RESPONSE
---

--- 2025-12-24T07:25:09.026Z debug
result: { successful_key_count: 3, unsuccessful_keys: [] }
---

--- 2025-12-24T07:25:09.027Z log
✨ Success! Uploaded 8 files (30 already uploaded) (11.07 sec)

---

--- 2025-12-24T07:25:09.030Z debug
-- START CF API REQUEST: POST https://api.cloudflare.com/client/v4/pages/assets/upsert-hashes
---

--- 2025-12-24T07:25:09.030Z debug
QUERY STRING: omitted; set WRANGLER_LOG_SANITIZE=false to include sanitized data
---

--- 2025-12-24T07:25:09.030Z debug
HEADERS: omitted; set WRANGLER_LOG_SANITIZE=false to include sanitized data
---

--- 2025-12-24T07:25:09.030Z debug
INIT: omitted; set WRANGLER_LOG_SANITIZE=false to include sanitized data
---

--- 2025-12-24T07:25:09.030Z debug
-- END CF API REQUEST
---

--- 2025-12-24T07:25:09.622Z debug
-- START CF API RESPONSE: OK 200
---

--- 2025-12-24T07:25:09.622Z debug
HEADERS: omitted; set WRANGLER_LOG_SANITIZE=false to include sanitized data
---

--- 2025-12-24T07:25:09.623Z debug
RESPONSE: omitted; set WRANGLER_LOG_SANITIZE=false to include sanitized data
---

--- 2025-12-24T07:25:09.623Z debug
-- END CF API RESPONSE
---

--- 2025-12-24T07:25:09.626Z log
✨ Uploading _headers
---

--- 2025-12-24T07:25:09.627Z log
✨ Uploading _redirects
---

--- 2025-12-24T07:25:09.635Z debug
-- START CF API REQUEST: POST https://api.cloudflare.com/client/v4/accounts/f006ec5b85550c77e565a3f9f99a35c0/pages/projects/leafvault-notes/deployments
---

--- 2025-12-24T07:25:09.635Z debug
QUERY STRING: omitted; set WRANGLER_LOG_SANITIZE=false to include sanitized data
---

--- 2025-12-24T07:25:09.636Z debug
HEADERS: omitted; set WRANGLER_LOG_SANITIZE=false to include sanitized data
---

--- 2025-12-24T07:25:09.636Z debug
INIT: omitted; set WRANGLER_LOG_SANITIZE=false to include sanitized data
---

--- 2025-12-24T07:25:09.644Z debug
BODY: omitted; set WRANGLER_LOG_SANITIZE=false to include sanitized data
---

--- 2025-12-24T07:25:09.644Z debug
-- END CF API REQUEST
---

--- 2025-12-24T07:25:12.342Z debug
-- START CF API RESPONSE: OK 200
---

--- 2025-12-24T07:25:12.342Z debug
HEADERS: omitted; set WRANGLER_LOG_SANITIZE=false to include sanitized data
---

--- 2025-12-24T07:25:12.343Z debug
RESPONSE: omitted; set WRANGLER_LOG_SANITIZE=false to include sanitized data
---

--- 2025-12-24T07:25:12.343Z debug
-- END CF API RESPONSE
---

--- 2025-12-24T07:25:12.345Z debug
Saving to cache: {"account_id":"f006ec5b85550c77e565a3f9f99a35c0","project_name":"leafvault-notes"}
---

--- 2025-12-24T07:25:12.346Z log
🌎 Deploying...
---

--- 2025-12-24T07:25:13.349Z debug
attempt #1: Attempting to fetch status for deployment with id "a4d149c6-1eed-4f76-9557-6398104dc3ed" ...
---

--- 2025-12-24T07:25:13.349Z debug
-- START CF API REQUEST: GET https://api.cloudflare.com/client/v4/accounts/f006ec5b85550c77e565a3f9f99a35c0/pages/projects/leafvault-notes/deployments/a4d149c6-1eed-4f76-9557-6398104dc3ed
---

--- 2025-12-24T07:25:13.350Z debug
QUERY STRING: omitted; set WRANGLER_LOG_SANITIZE=false to include sanitized data
---

--- 2025-12-24T07:25:13.350Z debug
HEADERS: omitted; set WRANGLER_LOG_SANITIZE=false to include sanitized data
---

--- 2025-12-24T07:25:13.350Z debug
INIT: omitted; set WRANGLER_LOG_SANITIZE=false to include sanitized data
---

--- 2025-12-24T07:25:13.350Z debug
-- END CF API REQUEST
---

--- 2025-12-24T07:25:15.058Z debug
-- START CF API RESPONSE: OK 200
---

--- 2025-12-24T07:25:15.059Z debug
HEADERS: omitted; set WRANGLER_LOG_SANITIZE=false to include sanitized data
---

--- 2025-12-24T07:25:15.059Z debug
RESPONSE: omitted; set WRANGLER_LOG_SANITIZE=false to include sanitized data
---

--- 2025-12-24T07:25:15.059Z debug
-- END CF API RESPONSE
---

--- 2025-12-24T07:25:15.062Z log
✨ Deployment complete! Take a peek over at https://a4d149c6.leafvault-notes.pages.dev
---

--- 2025-12-24T07:25:15.065Z debug
Metrics dispatcher: Posting data {"deviceId":"d39dff02-21f2-40cf-941a-454076f127d1","event":"create pages deployment","timestamp":1766561115065,"properties":{"category":"Workers","wranglerVersion":"4.53.0","os":"linux:x64"}}
---

--- 2025-12-24T07:25:15.075Z debug
Metrics dispatcher: Posting data {"deviceId":"d39dff02-21f2-40cf-941a-454076f127d1","event":"wrangler command completed","timestamp":1766561115075,"properties":{"amplitude_session_id":1766561092405,"amplitude_event_id":1,"wranglerVersion":"4.53.0","osPlatform":"Linux","osVersion":"#1 SMP PREEMPT_DYNAMIC Thu Jun  5 18:30:46 UTC 2025","nodeVersion":22,"packageManager":"npm","isFirstUsage":false,"configFileType":"none","isCI":false,"isPagesCI":false,"isWorkersCI":false,"isInteractive":true,"hasAssets":false,"argsUsed":[],"argsCombination":"","command":"wrangler pages deploy","args":{},"durationMs":22790,"durationSeconds":22.79,"durationMinutes":0.3798333333333333}}
---
