
--- 2025-12-25T17:51:29.881Z debug
🪵  Writing logs to "/home/hades/.config/.wrangler/logs/wrangler-2025-12-25_17-51-29_086.log"
---

--- 2025-12-25T17:51:29.881Z debug
Metrics dispatcher: Posting data {"deviceId":"d39dff02-21f2-40cf-941a-454076f127d1","event":"wrangler command started","timestamp":1766685089880,"properties":{"amplitude_session_id":1766685089874,"amplitude_event_id":0,"wranglerVersion":"4.54.0","osPlatform":"Linux","osVersion":"#1 SMP PREEMPT_DYNAMIC Thu Jun  5 18:30:46 UTC 2025","nodeVersion":22,"packageManager":"pnpm","isFirstUsage":false,"configFileType":"toml","isCI":false,"isPagesCI":false,"isWorkersCI":false,"isInteractive":true,"hasAssets":false,"argsUsed":["minify"],"argsCombination":"minify","command":"wrangler deploy","args":{}}}
---

--- 2025-12-25T17:51:29.913Z debug
.env file not found at "/home/hades/FUN/tempmail/lexa_tempmail/worker/.env". Continuing... For more details, refer to https://developers.cloudflare.com/workers/wrangler/system-environment-variables/
---

--- 2025-12-25T17:51:29.913Z debug
.env file not found at "/home/hades/FUN/tempmail/lexa_tempmail/worker/.env.local". Continuing... For more details, refer to https://developers.cloudflare.com/workers/wrangler/system-environment-variables/
---

--- 2025-12-25T17:51:29.996Z log

 ⛅️ wrangler 4.54.0
───────────────────
---

--- 2025-12-25T17:51:30.127Z debug
Retrieving cached values for account from node_modules/.cache/wrangler
---

--- 2025-12-25T17:51:30.128Z debug
Starting verifyWorkerMatchesCITag() with tag: undefined, name: cloudflare_temp_email
---

--- 2025-12-25T17:51:30.128Z debug
No WRANGLER_CI_MATCH_TAG variable provided, aborting verifyWorkerMatchesCITag()
---

--- 2025-12-25T17:51:30.133Z debug
-- START CF API REQUEST: GET https://api.cloudflare.com/client/v4/accounts/f006ec5b85550c77e565a3f9f99a35c0/workers/services/cloudflare_temp_email
---

--- 2025-12-25T17:51:30.134Z debug
QUERY STRING: omitted; set WRANGLER_LOG_SANITIZE=false to include sanitized data
---

--- 2025-12-25T17:51:30.136Z debug
HEADERS: omitted; set WRANGLER_LOG_SANITIZE=false to include sanitized data
---

--- 2025-12-25T17:51:30.136Z debug
INIT: omitted; set WRANGLER_LOG_SANITIZE=false to include sanitized data
---

--- 2025-12-25T17:51:30.136Z debug
-- END CF API REQUEST
---

--- 2025-12-25T17:51:32.002Z debug
-- START CF API RESPONSE: OK 200
---

--- 2025-12-25T17:51:32.004Z debug
HEADERS: omitted; set WRANGLER_LOG_SANITIZE=false to include sanitized data
---

--- 2025-12-25T17:51:32.004Z debug
RESPONSE: omitted; set WRANGLER_LOG_SANITIZE=false to include sanitized data
---

--- 2025-12-25T17:51:32.004Z debug
-- END CF API RESPONSE
---

--- 2025-12-25T17:51:32.015Z debug
-- START CF API REQUEST: GET https://api.cloudflare.com/client/v4/accounts/f006ec5b85550c77e565a3f9f99a35c0/workers/scripts/cloudflare_temp_email/secrets
---

--- 2025-12-25T17:51:32.016Z debug
QUERY STRING: omitted; set WRANGLER_LOG_SANITIZE=false to include sanitized data
---

--- 2025-12-25T17:51:32.016Z debug
HEADERS: omitted; set WRANGLER_LOG_SANITIZE=false to include sanitized data
---

--- 2025-12-25T17:51:32.016Z debug
INIT: omitted; set WRANGLER_LOG_SANITIZE=false to include sanitized data
---

--- 2025-12-25T17:51:32.016Z debug
-- END CF API REQUEST
---

--- 2025-12-25T17:51:33.607Z debug
-- START CF API RESPONSE: OK 200
---

--- 2025-12-25T17:51:33.608Z debug
HEADERS: omitted; set WRANGLER_LOG_SANITIZE=false to include sanitized data
---

--- 2025-12-25T17:51:33.608Z debug
RESPONSE: omitted; set WRANGLER_LOG_SANITIZE=false to include sanitized data
---

--- 2025-12-25T17:51:33.608Z debug
-- END CF API RESPONSE
---

--- 2025-12-25T17:51:33.613Z debug
-- START CF API REQUEST: GET https://api.cloudflare.com/client/v4/accounts/f006ec5b85550c77e565a3f9f99a35c0/workers/scripts/cloudflare_temp_email/deployments
---

--- 2025-12-25T17:51:33.614Z debug
QUERY STRING: omitted; set WRANGLER_LOG_SANITIZE=false to include sanitized data
---

--- 2025-12-25T17:51:33.614Z debug
HEADERS: omitted; set WRANGLER_LOG_SANITIZE=false to include sanitized data
---

--- 2025-12-25T17:51:33.614Z debug
INIT: omitted; set WRANGLER_LOG_SANITIZE=false to include sanitized data
---

--- 2025-12-25T17:51:33.614Z debug
-- END CF API REQUEST
---

--- 2025-12-25T17:51:35.011Z debug
-- START CF API RESPONSE: OK 200
---

--- 2025-12-25T17:51:35.012Z debug
HEADERS: omitted; set WRANGLER_LOG_SANITIZE=false to include sanitized data
---

--- 2025-12-25T17:51:35.012Z debug
RESPONSE: omitted; set WRANGLER_LOG_SANITIZE=false to include sanitized data
---

--- 2025-12-25T17:51:35.012Z debug
-- END CF API RESPONSE
---

--- 2025-12-25T17:51:37.293Z log
Total Upload: 1624.03 KiB / gzip: 458.69 KiB
---

--- 2025-12-25T17:51:37.296Z debug
-- START CF API REQUEST: GET https://api.cloudflare.com/client/v4/accounts/f006ec5b85550c77e565a3f9f99a35c0/workers/scripts/cloudflare_temp_email/settings
---

--- 2025-12-25T17:51:37.296Z debug
QUERY STRING: omitted; set WRANGLER_LOG_SANITIZE=false to include sanitized data
---

--- 2025-12-25T17:51:37.296Z debug
HEADERS: omitted; set WRANGLER_LOG_SANITIZE=false to include sanitized data
---

--- 2025-12-25T17:51:37.296Z debug
INIT: omitted; set WRANGLER_LOG_SANITIZE=false to include sanitized data
---

--- 2025-12-25T17:51:37.296Z debug
-- END CF API REQUEST
---

--- 2025-12-25T17:51:38.762Z debug
-- START CF API RESPONSE: OK 200
---

--- 2025-12-25T17:51:38.764Z debug
HEADERS: omitted; set WRANGLER_LOG_SANITIZE=false to include sanitized data
---

--- 2025-12-25T17:51:38.764Z debug
RESPONSE: omitted; set WRANGLER_LOG_SANITIZE=false to include sanitized data
---

--- 2025-12-25T17:51:38.764Z debug
-- END CF API RESPONSE
---

--- 2025-12-25T17:51:38.784Z debug
-- START CF API REQUEST: POST https://api.cloudflare.com/client/v4/accounts/f006ec5b85550c77e565a3f9f99a35c0/workers/scripts/cloudflare_temp_email/versions
---

--- 2025-12-25T17:51:38.784Z debug
QUERY STRING: omitted; set WRANGLER_LOG_SANITIZE=false to include sanitized data
---

--- 2025-12-25T17:51:38.784Z debug
HEADERS: omitted; set WRANGLER_LOG_SANITIZE=false to include sanitized data
---

--- 2025-12-25T17:51:38.784Z debug
INIT: omitted; set WRANGLER_LOG_SANITIZE=false to include sanitized data
---

--- 2025-12-25T17:51:38.807Z debug
BODY: omitted; set WRANGLER_LOG_SANITIZE=false to include sanitized data
---

--- 2025-12-25T17:51:38.808Z debug
-- END CF API REQUEST
---

--- 2025-12-25T17:51:47.743Z debug
-- START CF API RESPONSE: OK 200
---

--- 2025-12-25T17:51:47.745Z debug
HEADERS: omitted; set WRANGLER_LOG_SANITIZE=false to include sanitized data
---

--- 2025-12-25T17:51:47.745Z debug
RESPONSE: omitted; set WRANGLER_LOG_SANITIZE=false to include sanitized data
---

--- 2025-12-25T17:51:47.745Z debug
-- END CF API RESPONSE
---

--- 2025-12-25T17:51:47.749Z debug
-- START CF API REQUEST: POST https://api.cloudflare.com/client/v4/accounts/f006ec5b85550c77e565a3f9f99a35c0/workers/scripts/cloudflare_temp_email/deployments
---

--- 2025-12-25T17:51:47.749Z debug
QUERY STRING: omitted; set WRANGLER_LOG_SANITIZE=false to include sanitized data
---

--- 2025-12-25T17:51:47.750Z debug
HEADERS: omitted; set WRANGLER_LOG_SANITIZE=false to include sanitized data
---

--- 2025-12-25T17:51:47.750Z debug
INIT: omitted; set WRANGLER_LOG_SANITIZE=false to include sanitized data
---

--- 2025-12-25T17:51:47.750Z debug
-- END CF API REQUEST
---

--- 2025-12-25T17:51:49.427Z debug
-- START CF API RESPONSE: OK 200
---

--- 2025-12-25T17:51:49.428Z debug
HEADERS: omitted; set WRANGLER_LOG_SANITIZE=false to include sanitized data
---

--- 2025-12-25T17:51:49.428Z debug
RESPONSE: omitted; set WRANGLER_LOG_SANITIZE=false to include sanitized data
---

--- 2025-12-25T17:51:49.428Z debug
-- END CF API RESPONSE
---

--- 2025-12-25T17:51:49.429Z debug
-- START CF API REQUEST: PATCH https://api.cloudflare.com/client/v4/accounts/f006ec5b85550c77e565a3f9f99a35c0/workers/scripts/cloudflare_temp_email/script-settings
---

--- 2025-12-25T17:51:49.429Z debug
QUERY STRING: omitted; set WRANGLER_LOG_SANITIZE=false to include sanitized data
---

--- 2025-12-25T17:51:49.430Z debug
HEADERS: omitted; set WRANGLER_LOG_SANITIZE=false to include sanitized data
---

--- 2025-12-25T17:51:49.430Z debug
INIT: omitted; set WRANGLER_LOG_SANITIZE=false to include sanitized data
---

--- 2025-12-25T17:51:49.430Z debug
-- END CF API REQUEST
---

--- 2025-12-25T17:51:51.127Z debug
-- START CF API RESPONSE: OK 200
---

--- 2025-12-25T17:51:51.128Z debug
HEADERS: omitted; set WRANGLER_LOG_SANITIZE=false to include sanitized data
---

--- 2025-12-25T17:51:51.128Z debug
RESPONSE: omitted; set WRANGLER_LOG_SANITIZE=false to include sanitized data
---

--- 2025-12-25T17:51:51.128Z debug
-- END CF API RESPONSE
---

--- 2025-12-25T17:51:51.129Z log
Worker Startup Time: 66 ms
---

--- 2025-12-25T17:51:51.145Z log
Your Worker has access to the following bindings:
---

--- 2025-12-25T17:51:51.146Z log
Binding                         Resource                
---

--- 2025-12-25T17:51:51.147Z log
env.DB                          D1 Database             
  lexa-tempmail-dev
---

--- 2025-12-25T17:51:51.148Z log
env.DEFAULT_LANG                Environment Variable    
  "en"
---

--- 2025-12-25T17:51:51.149Z log
env.PREFIX                      Environment Variable    
  ""
---

--- 2025-12-25T17:51:51.149Z log
env.ADMIN_PASSWORDS             Environment Variable    
  ["Arema132."]
---

--- 2025-12-25T17:51:51.158Z log
env.DEFAULT_DOMAINS             Environment Variable    
  ["lexa.my.id"]
---

--- 2025-12-25T17:51:51.159Z log
env.DOMAINS                     Environment Variable    
  ["lexa.my.id"]
---

--- 2025-12-25T17:51:51.160Z log
env.JWT_SECRET                  Environment Variable    
  "JTmkVH30AkAv+Rkdh0adOReDa9cOIzuAI0BYJ..."
---

--- 2025-12-25T17:51:51.160Z log
env.BLACK_LIST                  Environment Variable    
  ""
---

--- 2025-12-25T17:51:51.161Z log
env.ENABLE_USER_CREATE_EMAIL    Environment Variable    
  true
---

--- 2025-12-25T17:51:51.161Z log
env.ENABLE_USER_DELETE_EMAIL    Environment Variable    
  true
---

--- 2025-12-25T17:51:51.162Z log
env.ENABLE_AUTO_REPLY           Environment Variable    
  false
---

--- 2025-12-25T17:51:51.162Z log
env.CF_TURNSTILE_SITE_KEY       Environment Variable    
  "0x4AAAAAACJExvZEoLPf3P8C"
---

--- 2025-12-25T17:51:51.162Z log
env.CF_TURNSTILE_SECRET_KEY     Environment Variable    
  "0x4AAAAAACJExrezM3hZhstE5MnCzflEm3I"
---

--- 2025-12-25T17:51:51.162Z log

---

--- 2025-12-25T17:51:51.216Z log
Uploaded cloudflare_temp_email (17.60 sec)
---

--- 2025-12-25T17:51:51.221Z debug
-- START CF API REQUEST: GET https://api.cloudflare.com/client/v4/accounts/f006ec5b85550c77e565a3f9f99a35c0/workers/scripts/cloudflare_temp_email/subdomain
---

--- 2025-12-25T17:51:51.221Z debug
QUERY STRING: omitted; set WRANGLER_LOG_SANITIZE=false to include sanitized data
---

--- 2025-12-25T17:51:51.222Z debug
HEADERS: omitted; set WRANGLER_LOG_SANITIZE=false to include sanitized data
---

--- 2025-12-25T17:51:51.222Z debug
INIT: omitted; set WRANGLER_LOG_SANITIZE=false to include sanitized data
---

--- 2025-12-25T17:51:51.222Z debug
-- END CF API REQUEST
---

--- 2025-12-25T17:51:52.713Z debug
-- START CF API RESPONSE: OK 200
---

--- 2025-12-25T17:51:52.713Z debug
HEADERS: omitted; set WRANGLER_LOG_SANITIZE=false to include sanitized data
---

--- 2025-12-25T17:51:52.713Z debug
RESPONSE: omitted; set WRANGLER_LOG_SANITIZE=false to include sanitized data
---

--- 2025-12-25T17:51:52.713Z debug
-- END CF API RESPONSE
---

--- 2025-12-25T17:51:52.715Z debug
-- START CF API REQUEST: POST https://api.cloudflare.com/client/v4/accounts/f006ec5b85550c77e565a3f9f99a35c0/workers/scripts/cloudflare_temp_email/subdomain
---

--- 2025-12-25T17:51:52.715Z debug
QUERY STRING: omitted; set WRANGLER_LOG_SANITIZE=false to include sanitized data
---

--- 2025-12-25T17:51:52.715Z debug
HEADERS: omitted; set WRANGLER_LOG_SANITIZE=false to include sanitized data
---

--- 2025-12-25T17:51:52.715Z debug
INIT: omitted; set WRANGLER_LOG_SANITIZE=false to include sanitized data
---

--- 2025-12-25T17:51:52.715Z debug
-- END CF API REQUEST
---

--- 2025-12-25T17:51:54.418Z debug
-- START CF API RESPONSE: OK 200
---

--- 2025-12-25T17:51:54.419Z debug
HEADERS: omitted; set WRANGLER_LOG_SANITIZE=false to include sanitized data
---

--- 2025-12-25T17:51:54.419Z debug
RESPONSE: omitted; set WRANGLER_LOG_SANITIZE=false to include sanitized data
---

--- 2025-12-25T17:51:54.419Z debug
-- END CF API RESPONSE
---

--- 2025-12-25T17:51:54.430Z debug
-- START CF API REQUEST: GET https://api.cloudflare.com/client/v4/zones
---

--- 2025-12-25T17:51:54.431Z debug
QUERY STRING: omitted; set WRANGLER_LOG_SANITIZE=false to include sanitized data
---

--- 2025-12-25T17:51:54.431Z debug
HEADERS: omitted; set WRANGLER_LOG_SANITIZE=false to include sanitized data
---

--- 2025-12-25T17:51:54.431Z debug
INIT: omitted; set WRANGLER_LOG_SANITIZE=false to include sanitized data
---

--- 2025-12-25T17:51:54.431Z debug
-- END CF API REQUEST
---

--- 2025-12-25T17:51:55.432Z debug
-- START CF API RESPONSE: OK 200
---

--- 2025-12-25T17:51:55.434Z debug
HEADERS: omitted; set WRANGLER_LOG_SANITIZE=false to include sanitized data
---

--- 2025-12-25T17:51:55.434Z debug
RESPONSE: omitted; set WRANGLER_LOG_SANITIZE=false to include sanitized data
---

--- 2025-12-25T17:51:55.434Z debug
-- END CF API RESPONSE
---

--- 2025-12-25T17:51:55.444Z debug
-- START CF API REQUEST: GET https://api.cloudflare.com/client/v4/zones
---

--- 2025-12-25T17:51:55.444Z debug
QUERY STRING: omitted; set WRANGLER_LOG_SANITIZE=false to include sanitized data
---

--- 2025-12-25T17:51:55.445Z debug
HEADERS: omitted; set WRANGLER_LOG_SANITIZE=false to include sanitized data
---

--- 2025-12-25T17:51:55.445Z debug
INIT: omitted; set WRANGLER_LOG_SANITIZE=false to include sanitized data
---

--- 2025-12-25T17:51:55.445Z debug
-- END CF API REQUEST
---

--- 2025-12-25T17:51:56.477Z debug
-- START CF API RESPONSE: OK 200
---

--- 2025-12-25T17:51:56.478Z debug
HEADERS: omitted; set WRANGLER_LOG_SANITIZE=false to include sanitized data
---

--- 2025-12-25T17:51:56.478Z debug
RESPONSE: omitted; set WRANGLER_LOG_SANITIZE=false to include sanitized data
---

--- 2025-12-25T17:51:56.478Z debug
-- END CF API RESPONSE
---

--- 2025-12-25T17:51:56.490Z debug
-- START CF API REQUEST: GET https://api.cloudflare.com/client/v4/zones/3135039f210c2bf30cd0fec4c5397c78/workers/routes
---

--- 2025-12-25T17:51:56.490Z debug
QUERY STRING: omitted; set WRANGLER_LOG_SANITIZE=false to include sanitized data
---

--- 2025-12-25T17:51:56.491Z debug
HEADERS: omitted; set WRANGLER_LOG_SANITIZE=false to include sanitized data
---

--- 2025-12-25T17:51:56.491Z debug
INIT: omitted; set WRANGLER_LOG_SANITIZE=false to include sanitized data
---

--- 2025-12-25T17:51:56.491Z debug
-- END CF API REQUEST
---

--- 2025-12-25T17:51:58.016Z debug
-- START CF API RESPONSE: OK 200
---

--- 2025-12-25T17:51:58.017Z debug
HEADERS: omitted; set WRANGLER_LOG_SANITIZE=false to include sanitized data
---

--- 2025-12-25T17:51:58.017Z debug
RESPONSE: omitted; set WRANGLER_LOG_SANITIZE=false to include sanitized data
---

--- 2025-12-25T17:51:58.017Z debug
-- END CF API RESPONSE
---

--- 2025-12-25T17:51:58.020Z debug
-- START CF API REQUEST: POST https://api.cloudflare.com/client/v4/accounts/f006ec5b85550c77e565a3f9f99a35c0/workers/scripts/cloudflare_temp_email/domains/changeset?replace_state=true
---

--- 2025-12-25T17:51:58.020Z debug
QUERY STRING: omitted; set WRANGLER_LOG_SANITIZE=false to include sanitized data
---

--- 2025-12-25T17:51:58.020Z debug
HEADERS: omitted; set WRANGLER_LOG_SANITIZE=false to include sanitized data
---

--- 2025-12-25T17:51:58.020Z debug
INIT: omitted; set WRANGLER_LOG_SANITIZE=false to include sanitized data
---

--- 2025-12-25T17:51:58.020Z debug
-- END CF API REQUEST
---

--- 2025-12-25T17:51:59.684Z debug
-- START CF API RESPONSE: OK 200
---

--- 2025-12-25T17:51:59.685Z debug
HEADERS: omitted; set WRANGLER_LOG_SANITIZE=false to include sanitized data
---

--- 2025-12-25T17:51:59.685Z debug
RESPONSE: omitted; set WRANGLER_LOG_SANITIZE=false to include sanitized data
---

--- 2025-12-25T17:51:59.685Z debug
-- END CF API RESPONSE
---

--- 2025-12-25T17:51:59.687Z debug
-- START CF API REQUEST: PUT https://api.cloudflare.com/client/v4/accounts/f006ec5b85550c77e565a3f9f99a35c0/workers/scripts/cloudflare_temp_email/domains/records
---

--- 2025-12-25T17:51:59.687Z debug
QUERY STRING: omitted; set WRANGLER_LOG_SANITIZE=false to include sanitized data
---

--- 2025-12-25T17:51:59.687Z debug
HEADERS: omitted; set WRANGLER_LOG_SANITIZE=false to include sanitized data
---

--- 2025-12-25T17:51:59.687Z debug
INIT: omitted; set WRANGLER_LOG_SANITIZE=false to include sanitized data
---

--- 2025-12-25T17:51:59.687Z debug
-- END CF API REQUEST
---

--- 2025-12-25T17:52:01.387Z debug
-- START CF API RESPONSE: OK 200
---

--- 2025-12-25T17:52:01.387Z debug
HEADERS: omitted; set WRANGLER_LOG_SANITIZE=false to include sanitized data
---

--- 2025-12-25T17:52:01.387Z debug
RESPONSE: omitted; set WRANGLER_LOG_SANITIZE=false to include sanitized data
---

--- 2025-12-25T17:52:01.387Z debug
-- END CF API RESPONSE
---

--- 2025-12-25T17:52:01.388Z log
Deployed cloudflare_temp_email triggers (10.17 sec)
---

--- 2025-12-25T17:52:01.389Z log
  temp-mail-api.lexa.my.id (custom domain)
---

--- 2025-12-25T17:52:01.390Z log
Current Version ID: fe42c22a-86f3-45c3-ab05-cd2cb937deaf
---

--- 2025-12-25T17:52:01.393Z debug
Metrics dispatcher: Posting data {"deviceId":"d39dff02-21f2-40cf-941a-454076f127d1","event":"deploy worker script","timestamp":1766685121393,"properties":{"category":"Workers","wranglerVersion":"4.54.0","os":"linux:x64","usesTypeScript":true,"durationMs":31264}}
---

--- 2025-12-25T17:52:01.409Z debug
Metrics dispatcher: Posting data {"deviceId":"d39dff02-21f2-40cf-941a-454076f127d1","event":"wrangler command completed","timestamp":1766685121409,"properties":{"amplitude_session_id":1766685089874,"amplitude_event_id":1,"wranglerVersion":"4.54.0","osPlatform":"Linux","osVersion":"#1 SMP PREEMPT_DYNAMIC Thu Jun  5 18:30:46 UTC 2025","nodeVersion":22,"packageManager":"pnpm","isFirstUsage":false,"configFileType":"toml","isCI":false,"isPagesCI":false,"isWorkersCI":false,"isInteractive":true,"hasAssets":false,"argsUsed":["minify"],"argsCombination":"minify","command":"wrangler deploy","args":{},"durationMs":31606,"durationSeconds":31.606,"durationMinutes":0.5267666666666667}}
---
