
--- 2025-12-26T06:03:32.916Z debug
🪵  Writing logs to "/home/hades/.config/.wrangler/logs/wrangler-2025-12-26_06-03-31_988.log"
---

--- 2025-12-26T06:03:32.916Z debug
Metrics dispatcher: Posting data {"deviceId":"d39dff02-21f2-40cf-941a-454076f127d1","event":"wrangler command started","timestamp":1766729012916,"properties":{"amplitude_session_id":1766729012911,"amplitude_event_id":0,"wranglerVersion":"4.53.0","osPlatform":"Linux","osVersion":"#1 SMP PREEMPT_DYNAMIC Thu Jun  5 18:30:46 UTC 2025","nodeVersion":22,"packageManager":"npm","isFirstUsage":false,"configFileType":"none","isCI":false,"isPagesCI":false,"isWorkersCI":false,"isInteractive":true,"hasAssets":false,"argsUsed":[],"argsCombination":"","command":"wrangler pages deploy","args":{}}}
---

--- 2025-12-26T06:03:32.950Z debug
.env file not found at "/home/hades/FUN/tempmail/vaultnotes-beta/.env.local". Continuing... For more details, refer to https://developers.cloudflare.com/workers/wrangler/system-environment-variables/
---

--- 2025-12-26T06:04:01.176Z log

 ⛅️ wrangler 4.53.0 (update available 4.54.0)
─────────────────────────────────────────────
---

--- 2025-12-26T06:04:01.248Z debug
Retrieving cached values for account_id and project_name from node_modules/.cache/wrangler
---

--- 2025-12-26T06:04:01.250Z debug
fetching auth token grant_type=refresh_token&refresh_token=WdXU6p1Q-GcYs4R_iHnCsaX8DTgUlpKMXDZpLPVdV3s.fUA0i_Q13D3W8qMJxTvG-Qbnj0fWXKYppLgAiKfKFrw&client_id=54d11594-84e4-41aa-b438-e81b8fa78ee7
---

--- 2025-12-26T06:04:01.250Z debug
Checking if domain has Access enabled: dash.cloudflare.com
---

--- 2025-12-26T06:04:01.250Z debug
Access switch not cached for: dash.cloudflare.com
---

--- 2025-12-26T06:04:01.558Z debug
Caching access switch for: dash.cloudflare.com
---

--- 2025-12-26T06:04:01.558Z debug
Fetching auth token from https://dash.cloudflare.com/oauth2/token
---

--- 2025-12-26T06:04:02.525Z debug
-- START CF API REQUEST: GET https://api.cloudflare.com/client/v4/accounts/f006ec5b85550c77e565a3f9f99a35c0/pages/projects/leafvault-notes
---

--- 2025-12-26T06:04:02.526Z debug
QUERY STRING: omitted; set WRANGLER_LOG_SANITIZE=false to include sanitized data
---

--- 2025-12-26T06:04:02.527Z debug
HEADERS: omitted; set WRANGLER_LOG_SANITIZE=false to include sanitized data
---

--- 2025-12-26T06:04:02.527Z debug
INIT: omitted; set WRANGLER_LOG_SANITIZE=false to include sanitized data
---

--- 2025-12-26T06:04:02.527Z debug
-- END CF API REQUEST
---

--- 2025-12-26T06:04:04.334Z debug
-- START CF API RESPONSE: OK 200
---

--- 2025-12-26T06:04:04.337Z debug
HEADERS: omitted; set WRANGLER_LOG_SANITIZE=false to include sanitized data
---

--- 2025-12-26T06:04:04.337Z debug
RESPONSE: omitted; set WRANGLER_LOG_SANITIZE=false to include sanitized data
---

--- 2025-12-26T06:04:04.337Z debug
-- END CF API RESPONSE
---

--- 2025-12-26T06:04:04.491Z debug
-- START CF API REQUEST: GET https://api.cloudflare.com/client/v4/accounts/f006ec5b85550c77e565a3f9f99a35c0/pages/projects/leafvault-notes
---

--- 2025-12-26T06:04:04.492Z debug
QUERY STRING: omitted; set WRANGLER_LOG_SANITIZE=false to include sanitized data
---

--- 2025-12-26T06:04:04.492Z debug
HEADERS: omitted; set WRANGLER_LOG_SANITIZE=false to include sanitized data
---

--- 2025-12-26T06:04:04.492Z debug
INIT: omitted; set WRANGLER_LOG_SANITIZE=false to include sanitized data
---

--- 2025-12-26T06:04:04.492Z debug
-- END CF API REQUEST
---

--- 2025-12-26T06:04:06.012Z debug
-- START CF API RESPONSE: OK 200
---

--- 2025-12-26T06:04:06.013Z debug
HEADERS: omitted; set WRANGLER_LOG_SANITIZE=false to include sanitized data
---

--- 2025-12-26T06:04:06.013Z debug
RESPONSE: omitted; set WRANGLER_LOG_SANITIZE=false to include sanitized data
---

--- 2025-12-26T06:04:06.013Z debug
-- END CF API RESPONSE
---

--- 2025-12-26T06:04:06.109Z debug
-- START CF API REQUEST: GET https://api.cloudflare.com/client/v4/accounts/f006ec5b85550c77e565a3f9f99a35c0/pages/projects/leafvault-notes/upload-token
---

--- 2025-12-26T06:04:06.109Z debug
QUERY STRING: omitted; set WRANGLER_LOG_SANITIZE=false to include sanitized data
---

--- 2025-12-26T06:04:06.109Z debug
HEADERS: omitted; set WRANGLER_LOG_SANITIZE=false to include sanitized data
---

--- 2025-12-26T06:04:06.109Z debug
INIT: omitted; set WRANGLER_LOG_SANITIZE=false to include sanitized data
---

--- 2025-12-26T06:04:06.109Z debug
-- END CF API REQUEST
---

--- 2025-12-26T06:04:07.619Z debug
-- START CF API RESPONSE: OK 200
---

--- 2025-12-26T06:04:07.620Z debug
HEADERS: omitted; set WRANGLER_LOG_SANITIZE=false to include sanitized data
---

--- 2025-12-26T06:04:07.621Z debug
RESPONSE: omitted; set WRANGLER_LOG_SANITIZE=false to include sanitized data
---

--- 2025-12-26T06:04:07.621Z debug
-- END CF API RESPONSE
---

--- 2025-12-26T06:04:07.623Z debug
-- START CF API REQUEST: POST https://api.cloudflare.com/client/v4/pages/assets/check-missing
---

--- 2025-12-26T06:04:07.623Z debug
QUERY STRING: omitted; set WRANGLER_LOG_SANITIZE=false to include sanitized data
---

--- 2025-12-26T06:04:07.633Z debug
HEADERS: omitted; set WRANGLER_LOG_SANITIZE=false to include sanitized data
---

--- 2025-12-26T06:04:07.633Z debug
INIT: omitted; set WRANGLER_LOG_SANITIZE=false to include sanitized data
---

--- 2025-12-26T06:04:07.633Z debug
-- END CF API REQUEST
---

--- 2025-12-26T06:04:07.970Z debug
-- START CF API RESPONSE: OK 200
---

--- 2025-12-26T06:04:07.971Z debug
HEADERS: omitted; set WRANGLER_LOG_SANITIZE=false to include sanitized data
---

--- 2025-12-26T06:04:07.971Z debug
RESPONSE: omitted; set WRANGLER_LOG_SANITIZE=false to include sanitized data
---

--- 2025-12-26T06:04:07.971Z debug
-- END CF API RESPONSE
---

--- 2025-12-26T06:04:07.981Z debug
POST /pages/assets/upload
---

--- 2025-12-26T06:04:07.982Z debug
-- START CF API REQUEST: POST https://api.cloudflare.com/client/v4/pages/assets/upload
---

--- 2025-12-26T06:04:07.982Z debug
QUERY STRING: omitted; set WRANGLER_LOG_SANITIZE=false to include sanitized data
---

--- 2025-12-26T06:04:07.982Z debug
HEADERS: omitted; set WRANGLER_LOG_SANITIZE=false to include sanitized data
---

--- 2025-12-26T06:04:07.982Z debug
INIT: omitted; set WRANGLER_LOG_SANITIZE=false to include sanitized data
---

--- 2025-12-26T06:04:07.982Z debug
-- END CF API REQUEST
---

--- 2025-12-26T06:04:07.992Z debug
POST /pages/assets/upload
---

--- 2025-12-26T06:04:08.018Z debug
-- START CF API REQUEST: POST https://api.cloudflare.com/client/v4/pages/assets/upload
---

--- 2025-12-26T06:04:08.018Z debug
QUERY STRING: omitted; set WRANGLER_LOG_SANITIZE=false to include sanitized data
---

--- 2025-12-26T06:04:08.019Z debug
HEADERS: omitted; set WRANGLER_LOG_SANITIZE=false to include sanitized data
---

--- 2025-12-26T06:04:08.039Z debug
INIT: omitted; set WRANGLER_LOG_SANITIZE=false to include sanitized data
---

--- 2025-12-26T06:04:08.039Z debug
-- END CF API REQUEST
---

--- 2025-12-26T06:04:08.797Z debug
-- START CF API RESPONSE: OK 200
---

--- 2025-12-26T06:04:08.798Z debug
HEADERS: omitted; set WRANGLER_LOG_SANITIZE=false to include sanitized data
---

--- 2025-12-26T06:04:08.798Z debug
RESPONSE: omitted; set WRANGLER_LOG_SANITIZE=false to include sanitized data
---

--- 2025-12-26T06:04:08.798Z debug
-- END CF API RESPONSE
---

--- 2025-12-26T06:04:08.799Z debug
result: { successful_key_count: 1, unsuccessful_keys: [] }
---

--- 2025-12-26T06:04:17.380Z debug
-- START CF API RESPONSE: OK 200
---

--- 2025-12-26T06:04:17.381Z debug
HEADERS: omitted; set WRANGLER_LOG_SANITIZE=false to include sanitized data
---

--- 2025-12-26T06:04:17.381Z debug
RESPONSE: omitted; set WRANGLER_LOG_SANITIZE=false to include sanitized data
---

--- 2025-12-26T06:04:17.381Z debug
-- END CF API RESPONSE
---

--- 2025-12-26T06:04:17.381Z debug
result: { successful_key_count: 1, unsuccessful_keys: [] }
---

--- 2025-12-26T06:04:17.382Z log
✨ Success! Uploaded 2 files (37 already uploaded) (9.76 sec)

---

--- 2025-12-26T06:04:17.385Z debug
-- START CF API REQUEST: POST https://api.cloudflare.com/client/v4/pages/assets/upsert-hashes
---

--- 2025-12-26T06:04:17.385Z debug
QUERY STRING: omitted; set WRANGLER_LOG_SANITIZE=false to include sanitized data
---

--- 2025-12-26T06:04:17.387Z debug
HEADERS: omitted; set WRANGLER_LOG_SANITIZE=false to include sanitized data
---

--- 2025-12-26T06:04:17.387Z debug
INIT: omitted; set WRANGLER_LOG_SANITIZE=false to include sanitized data
---

--- 2025-12-26T06:04:17.387Z debug
-- END CF API REQUEST
---

--- 2025-12-26T06:04:17.795Z debug
-- START CF API RESPONSE: OK 200
---

--- 2025-12-26T06:04:17.795Z debug
HEADERS: omitted; set WRANGLER_LOG_SANITIZE=false to include sanitized data
---

--- 2025-12-26T06:04:17.795Z debug
RESPONSE: omitted; set WRANGLER_LOG_SANITIZE=false to include sanitized data
---

--- 2025-12-26T06:04:17.795Z debug
-- END CF API RESPONSE
---

--- 2025-12-26T06:04:17.797Z log
✨ Uploading _headers
---

--- 2025-12-26T06:04:17.798Z log
✨ Uploading _redirects
---

--- 2025-12-26T06:04:17.799Z debug
-- START CF API REQUEST: POST https://api.cloudflare.com/client/v4/accounts/f006ec5b85550c77e565a3f9f99a35c0/pages/projects/leafvault-notes/deployments
---

--- 2025-12-26T06:04:17.799Z debug
QUERY STRING: omitted; set WRANGLER_LOG_SANITIZE=false to include sanitized data
---

--- 2025-12-26T06:04:17.799Z debug
HEADERS: omitted; set WRANGLER_LOG_SANITIZE=false to include sanitized data
---

--- 2025-12-26T06:04:17.799Z debug
INIT: omitted; set WRANGLER_LOG_SANITIZE=false to include sanitized data
---

--- 2025-12-26T06:04:17.808Z debug
BODY: omitted; set WRANGLER_LOG_SANITIZE=false to include sanitized data
---

--- 2025-12-26T06:04:17.808Z debug
-- END CF API REQUEST
---

--- 2025-12-26T06:04:20.106Z debug
-- START CF API RESPONSE: OK 200
---

--- 2025-12-26T06:04:20.107Z debug
HEADERS: omitted; set WRANGLER_LOG_SANITIZE=false to include sanitized data
---

--- 2025-12-26T06:04:20.107Z debug
RESPONSE: omitted; set WRANGLER_LOG_SANITIZE=false to include sanitized data
---

--- 2025-12-26T06:04:20.107Z debug
-- END CF API RESPONSE
---

--- 2025-12-26T06:04:20.109Z debug
Saving to cache: {"account_id":"f006ec5b85550c77e565a3f9f99a35c0","project_name":"leafvault-notes"}
---

--- 2025-12-26T06:04:20.110Z log
🌎 Deploying...
---

--- 2025-12-26T06:04:21.111Z debug
attempt #1: Attempting to fetch status for deployment with id "02d4fe33-7ce5-495b-9a0a-f89e9b7df804" ...
---

--- 2025-12-26T06:04:21.112Z debug
-- START CF API REQUEST: GET https://api.cloudflare.com/client/v4/accounts/f006ec5b85550c77e565a3f9f99a35c0/pages/projects/leafvault-notes/deployments/02d4fe33-7ce5-495b-9a0a-f89e9b7df804
---

--- 2025-12-26T06:04:21.112Z debug
QUERY STRING: omitted; set WRANGLER_LOG_SANITIZE=false to include sanitized data
---

--- 2025-12-26T06:04:21.112Z debug
HEADERS: omitted; set WRANGLER_LOG_SANITIZE=false to include sanitized data
---

--- 2025-12-26T06:04:21.112Z debug
INIT: omitted; set WRANGLER_LOG_SANITIZE=false to include sanitized data
---

--- 2025-12-26T06:04:21.112Z debug
-- END CF API REQUEST
---

--- 2025-12-26T06:04:22.836Z debug
-- START CF API RESPONSE: OK 200
---

--- 2025-12-26T06:04:22.837Z debug
HEADERS: omitted; set WRANGLER_LOG_SANITIZE=false to include sanitized data
---

--- 2025-12-26T06:04:22.837Z debug
RESPONSE: omitted; set WRANGLER_LOG_SANITIZE=false to include sanitized data
---

--- 2025-12-26T06:04:22.837Z debug
-- END CF API RESPONSE
---

--- 2025-12-26T06:04:22.840Z log
✨ Deployment complete! Take a peek over at https://02d4fe33.leafvault-notes.pages.dev
---

--- 2025-12-26T06:04:22.842Z debug
Metrics dispatcher: Posting data {"deviceId":"d39dff02-21f2-40cf-941a-454076f127d1","event":"create pages deployment","timestamp":1766729062842,"properties":{"category":"Workers","wranglerVersion":"4.53.0","os":"linux:x64"}}
---

--- 2025-12-26T06:04:22.852Z debug
Metrics dispatcher: Posting data {"deviceId":"d39dff02-21f2-40cf-941a-454076f127d1","event":"wrangler command completed","timestamp":1766729062852,"properties":{"amplitude_session_id":1766729012911,"amplitude_event_id":1,"wranglerVersion":"4.53.0","osPlatform":"Linux","osVersion":"#1 SMP PREEMPT_DYNAMIC Thu Jun  5 18:30:46 UTC 2025","nodeVersion":22,"packageManager":"npm","isFirstUsage":false,"configFileType":"none","isCI":false,"isPagesCI":false,"isWorkersCI":false,"isInteractive":true,"hasAssets":false,"argsUsed":[],"argsCombination":"","command":"wrangler pages deploy","args":{},"durationMs":50123,"durationSeconds":50.123,"durationMinutes":0.8353833333333333}}
---
