
--- 2025-12-06T02:38:47.295Z debug
🪵  Writing logs to "/home/hades/.config/.wrangler/logs/wrangler-2025-12-06_02-38-46_426.log"
---

--- 2025-12-06T02:38:47.295Z debug
Metrics dispatcher: Posting data {"deviceId":"d39dff02-21f2-40cf-941a-454076f127d1","event":"wrangler command started","timestamp":1764988727294,"properties":{"amplitude_session_id":1764988727287,"amplitude_event_id":0,"wranglerVersion":"4.53.0","osPlatform":"Linux","osVersion":"#1 SMP PREEMPT_DYNAMIC Thu Jun  5 18:30:46 UTC 2025","nodeVersion":22,"isFirstUsage":false,"configFileType":"toml","isCI":false,"isPagesCI":false,"isWorkersCI":false,"isInteractive":true,"hasAssets":false,"argsUsed":[],"argsCombination":"","command":"wrangler login","args":{}}}
---

--- 2025-12-06T02:38:47.340Z debug
.env file not found at "/home/hades/FUN/pythonProject/.env". Continuing... For more details, refer to https://developers.cloudflare.com/workers/wrangler/system-environment-variables/
---

--- 2025-12-06T02:38:47.341Z debug
.env file not found at "/home/hades/FUN/pythonProject/.env.local". Continuing... For more details, refer to https://developers.cloudflare.com/workers/wrangler/system-environment-variables/
---

--- 2025-12-06T02:38:47.575Z log

 ⛅️ wrangler 4.53.0
───────────────────
---

--- 2025-12-06T02:38:47.634Z log
Attempting to login via OAuth...
---

--- 2025-12-06T02:38:47.646Z log
Opening a link in your default browser: https://dash.cloudflare.com/oauth2/auth?response_type=code&client_id=54d11594-84e4-41aa-b438-e81b8fa78ee7&redirect_uri=http%3A%2F%2Flocalhost%3A8976%2Foauth%2Fcallback&scope=account%3Aread%20user%3Aread%20workers%3Awrite%20workers_kv%3Awrite%20workers_routes%3Awrite%20workers_scripts%3Awrite%20workers_tail%3Aread%20d1%3Awrite%20pages%3Awrite%20zone%3Aread%20ssl_certs%3Awrite%20ai%3Awrite%20queues%3Awrite%20pipelines%3Awrite%20secrets_store%3Awrite%20containers%3Awrite%20cloudchamber%3Awrite%20connectivity%3Aadmin%20offline_access&state=4xYzIO5Jw06Tn69FZG_HS5Kw-1IVF.ii&code_challenge=6CA7igo8e51x8TviZE3s-m6UGwj1ThawK3252ihSe1k&code_challenge_method=S256
---

--- 2025-12-06T02:39:07.441Z debug
fetching auth token grant_type=authorization_code&code=wCTAcw9r5ygy-54VBbHOXlk8yRd8WCNLngzfehjxYvA.azX6VWN0wYEuptGTuAqYPJ2lZ4M6tAuPhET9r3vZosY&redirect_uri=http%3A%2F%2Flocalhost%3A8976%2Foauth%2Fcallback&client_id=54d11594-84e4-41aa-b438-e81b8fa78ee7&code_verifier=YklmZWZoekZ4VXFINUFSeE1nb2loUTZVbkRCWVlRcGEtUzZieHc4VGJXUjdCb1cyU2dxYzVpU3dmbG1oQ1NBbGJramNXMldUUXNSWFFpY3FhLnREeUJwd1lxRlRmRmlR
---

--- 2025-12-06T02:39:07.443Z debug
Checking if domain has Access enabled: dash.cloudflare.com
---

--- 2025-12-06T02:39:07.443Z debug
Access switch not cached for: dash.cloudflare.com
---

--- 2025-12-06T02:39:07.854Z debug
Caching access switch for: dash.cloudflare.com
---

--- 2025-12-06T02:39:07.855Z debug
Fetching auth token from https://dash.cloudflare.com/oauth2/token
---

--- 2025-12-06T02:39:08.717Z log
Successfully logged in.
---

--- 2025-12-06T02:39:08.721Z debug
No folder available to cache configuration
---

--- 2025-12-06T02:39:08.722Z debug
Metrics dispatcher: Posting data {"deviceId":"d39dff02-21f2-40cf-941a-454076f127d1","event":"login user","timestamp":1764988748722,"properties":{"category":"Workers","wranglerVersion":"4.53.0","os":"linux:x64"}}
---

--- 2025-12-06T02:39:08.736Z debug
Metrics dispatcher: Posting data {"deviceId":"d39dff02-21f2-40cf-941a-454076f127d1","event":"wrangler command completed","timestamp":1764988748736,"properties":{"amplitude_session_id":1764988727287,"amplitude_event_id":1,"wranglerVersion":"4.53.0","osPlatform":"Linux","osVersion":"#1 SMP PREEMPT_DYNAMIC Thu Jun  5 18:30:46 UTC 2025","nodeVersion":22,"isFirstUsage":false,"configFileType":"toml","isCI":false,"isPagesCI":false,"isWorkersCI":false,"isInteractive":true,"hasAssets":false,"argsUsed":[],"argsCombination":"","command":"wrangler login","args":{},"durationMs":21566,"durationSeconds":21.566,"durationMinutes":0.3594333333333333}}
---
