
--- 2025-12-26T07:31:19.444Z debug
🪵  Writing logs to "/home/hades/.config/.wrangler/logs/wrangler-2025-12-26_07-31-18_488.log"
---

--- 2025-12-26T07:31:19.443Z debug
Metrics dispatcher: Posting data {"deviceId":"d39dff02-21f2-40cf-941a-454076f127d1","event":"wrangler command started","timestamp":1766734279443,"properties":{"amplitude_session_id":1766734279438,"amplitude_event_id":0,"wranglerVersion":"4.53.0","osPlatform":"Linux","osVersion":"#1 SMP PREEMPT_DYNAMIC Thu Jun  5 18:30:46 UTC 2025","nodeVersion":22,"packageManager":"npm","isFirstUsage":false,"configFileType":"none","isCI":false,"isPagesCI":false,"isWorkersCI":false,"isInteractive":true,"hasAssets":false,"argsUsed":[],"argsCombination":"","command":"wrangler pages deploy","args":{}}}
---

--- 2025-12-26T07:31:19.478Z debug
.env file not found at "/home/hades/FUN/tempmail/vaultnotes-beta/.env.local". Continuing... For more details, refer to https://developers.cloudflare.com/workers/wrangler/system-environment-variables/
---

--- 2025-12-26T07:31:19.567Z log

 ⛅️ wrangler 4.53.0 (update available 4.54.0)
─────────────────────────────────────────────
---

--- 2025-12-26T07:31:19.629Z debug
Retrieving cached values for account_id and project_name from node_modules/.cache/wrangler
---

--- 2025-12-26T07:31:19.633Z debug
-- START CF API REQUEST: GET https://api.cloudflare.com/client/v4/accounts/f006ec5b85550c77e565a3f9f99a35c0/pages/projects/leafvault-notes
---

--- 2025-12-26T07:31:19.633Z debug
QUERY STRING: omitted; set WRANGLER_LOG_SANITIZE=false to include sanitized data
---

--- 2025-12-26T07:31:19.636Z debug
HEADERS: omitted; set WRANGLER_LOG_SANITIZE=false to include sanitized data
---

--- 2025-12-26T07:31:19.636Z debug
INIT: omitted; set WRANGLER_LOG_SANITIZE=false to include sanitized data
---

--- 2025-12-26T07:31:19.636Z debug
-- END CF API REQUEST
---

--- 2025-12-26T07:31:22.352Z debug
-- START CF API RESPONSE: OK 200
---

--- 2025-12-26T07:31:22.353Z debug
HEADERS: omitted; set WRANGLER_LOG_SANITIZE=false to include sanitized data
---

--- 2025-12-26T07:31:22.353Z debug
RESPONSE: omitted; set WRANGLER_LOG_SANITIZE=false to include sanitized data
---

--- 2025-12-26T07:31:22.354Z debug
-- END CF API RESPONSE
---

--- 2025-12-26T07:31:22.456Z debug
-- START CF API REQUEST: GET https://api.cloudflare.com/client/v4/accounts/f006ec5b85550c77e565a3f9f99a35c0/pages/projects/leafvault-notes
---

--- 2025-12-26T07:31:22.457Z debug
QUERY STRING: omitted; set WRANGLER_LOG_SANITIZE=false to include sanitized data
---

--- 2025-12-26T07:31:22.457Z debug
HEADERS: omitted; set WRANGLER_LOG_SANITIZE=false to include sanitized data
---

--- 2025-12-26T07:31:22.457Z debug
INIT: omitted; set WRANGLER_LOG_SANITIZE=false to include sanitized data
---

--- 2025-12-26T07:31:22.457Z debug
-- END CF API REQUEST
---

--- 2025-12-26T07:31:23.993Z debug
-- START CF API RESPONSE: OK 200
---

--- 2025-12-26T07:31:23.994Z debug
HEADERS: omitted; set WRANGLER_LOG_SANITIZE=false to include sanitized data
---

--- 2025-12-26T07:31:23.994Z debug
RESPONSE: omitted; set WRANGLER_LOG_SANITIZE=false to include sanitized data
---

--- 2025-12-26T07:31:23.994Z debug
-- END CF API RESPONSE
---

--- 2025-12-26T07:31:24.109Z debug
-- START CF API REQUEST: GET https://api.cloudflare.com/client/v4/accounts/f006ec5b85550c77e565a3f9f99a35c0/pages/projects/leafvault-notes/upload-token
---

--- 2025-12-26T07:31:24.109Z debug
QUERY STRING: omitted; set WRANGLER_LOG_SANITIZE=false to include sanitized data
---

--- 2025-12-26T07:31:24.109Z debug
HEADERS: omitted; set WRANGLER_LOG_SANITIZE=false to include sanitized data
---

--- 2025-12-26T07:31:24.109Z debug
INIT: omitted; set WRANGLER_LOG_SANITIZE=false to include sanitized data
---

--- 2025-12-26T07:31:24.109Z debug
-- END CF API REQUEST
---

--- 2025-12-26T07:31:25.472Z debug
-- START CF API RESPONSE: OK 200
---

--- 2025-12-26T07:31:25.473Z debug
HEADERS: omitted; set WRANGLER_LOG_SANITIZE=false to include sanitized data
---

--- 2025-12-26T07:31:25.473Z debug
RESPONSE: omitted; set WRANGLER_LOG_SANITIZE=false to include sanitized data
---

--- 2025-12-26T07:31:25.473Z debug
-- END CF API RESPONSE
---

--- 2025-12-26T07:31:25.476Z debug
-- START CF API REQUEST: POST https://api.cloudflare.com/client/v4/pages/assets/check-missing
---

--- 2025-12-26T07:31:25.476Z debug
QUERY STRING: omitted; set WRANGLER_LOG_SANITIZE=false to include sanitized data
---

--- 2025-12-26T07:31:25.477Z debug
HEADERS: omitted; set WRANGLER_LOG_SANITIZE=false to include sanitized data
---

--- 2025-12-26T07:31:25.477Z debug
INIT: omitted; set WRANGLER_LOG_SANITIZE=false to include sanitized data
---

--- 2025-12-26T07:31:25.477Z debug
-- END CF API REQUEST
---

--- 2025-12-26T07:31:25.792Z debug
-- START CF API RESPONSE: OK 200
---

--- 2025-12-26T07:31:25.793Z debug
HEADERS: omitted; set WRANGLER_LOG_SANITIZE=false to include sanitized data
---

--- 2025-12-26T07:31:25.793Z debug
RESPONSE: omitted; set WRANGLER_LOG_SANITIZE=false to include sanitized data
---

--- 2025-12-26T07:31:25.793Z debug
-- END CF API RESPONSE
---

--- 2025-12-26T07:31:25.802Z debug
POST /pages/assets/upload
---

--- 2025-12-26T07:31:25.802Z debug
-- START CF API REQUEST: POST https://api.cloudflare.com/client/v4/pages/assets/upload
---

--- 2025-12-26T07:31:25.802Z debug
QUERY STRING: omitted; set WRANGLER_LOG_SANITIZE=false to include sanitized data
---

--- 2025-12-26T07:31:25.803Z debug
HEADERS: omitted; set WRANGLER_LOG_SANITIZE=false to include sanitized data
---

--- 2025-12-26T07:31:25.803Z debug
INIT: omitted; set WRANGLER_LOG_SANITIZE=false to include sanitized data
---

--- 2025-12-26T07:31:25.803Z debug
-- END CF API REQUEST
---

--- 2025-12-26T07:31:25.812Z debug
POST /pages/assets/upload
---

--- 2025-12-26T07:31:25.833Z debug
-- START CF API REQUEST: POST https://api.cloudflare.com/client/v4/pages/assets/upload
---

--- 2025-12-26T07:31:25.833Z debug
QUERY STRING: omitted; set WRANGLER_LOG_SANITIZE=false to include sanitized data
---

--- 2025-12-26T07:31:25.833Z debug
HEADERS: omitted; set WRANGLER_LOG_SANITIZE=false to include sanitized data
---

--- 2025-12-26T07:31:25.849Z debug
INIT: omitted; set WRANGLER_LOG_SANITIZE=false to include sanitized data
---

--- 2025-12-26T07:31:25.849Z debug
-- END CF API REQUEST
---

--- 2025-12-26T07:31:26.711Z debug
-- START CF API RESPONSE: OK 200
---

--- 2025-12-26T07:31:26.712Z debug
HEADERS: omitted; set WRANGLER_LOG_SANITIZE=false to include sanitized data
---

--- 2025-12-26T07:31:26.712Z debug
RESPONSE: omitted; set WRANGLER_LOG_SANITIZE=false to include sanitized data
---

--- 2025-12-26T07:31:26.712Z debug
-- END CF API RESPONSE
---

--- 2025-12-26T07:31:26.713Z debug
result: { successful_key_count: 1, unsuccessful_keys: [] }
---

--- 2025-12-26T07:31:33.341Z debug
-- START CF API RESPONSE: OK 200
---

--- 2025-12-26T07:31:33.342Z debug
HEADERS: omitted; set WRANGLER_LOG_SANITIZE=false to include sanitized data
---

--- 2025-12-26T07:31:33.342Z debug
RESPONSE: omitted; set WRANGLER_LOG_SANITIZE=false to include sanitized data
---

--- 2025-12-26T07:31:33.342Z debug
-- END CF API RESPONSE
---

--- 2025-12-26T07:31:33.342Z debug
result: { successful_key_count: 1, unsuccessful_keys: [] }
---

--- 2025-12-26T07:31:33.343Z log
✨ Success! Uploaded 2 files (37 already uploaded) (7.87 sec)

---

--- 2025-12-26T07:31:33.345Z debug
-- START CF API REQUEST: POST https://api.cloudflare.com/client/v4/pages/assets/upsert-hashes
---

--- 2025-12-26T07:31:33.345Z debug
QUERY STRING: omitted; set WRANGLER_LOG_SANITIZE=false to include sanitized data
---

--- 2025-12-26T07:31:33.345Z debug
HEADERS: omitted; set WRANGLER_LOG_SANITIZE=false to include sanitized data
---

--- 2025-12-26T07:31:33.345Z debug
INIT: omitted; set WRANGLER_LOG_SANITIZE=false to include sanitized data
---

--- 2025-12-26T07:31:33.345Z debug
-- END CF API REQUEST
---

--- 2025-12-26T07:31:33.750Z debug
-- START CF API RESPONSE: OK 200
---

--- 2025-12-26T07:31:33.751Z debug
HEADERS: omitted; set WRANGLER_LOG_SANITIZE=false to include sanitized data
---

--- 2025-12-26T07:31:33.751Z debug
RESPONSE: omitted; set WRANGLER_LOG_SANITIZE=false to include sanitized data
---

--- 2025-12-26T07:31:33.751Z debug
-- END CF API RESPONSE
---

--- 2025-12-26T07:31:33.754Z log
✨ Uploading _headers
---

--- 2025-12-26T07:31:33.755Z log
✨ Uploading _redirects
---

--- 2025-12-26T07:31:33.756Z debug
-- START CF API REQUEST: POST https://api.cloudflare.com/client/v4/accounts/f006ec5b85550c77e565a3f9f99a35c0/pages/projects/leafvault-notes/deployments
---

--- 2025-12-26T07:31:33.756Z debug
QUERY STRING: omitted; set WRANGLER_LOG_SANITIZE=false to include sanitized data
---

--- 2025-12-26T07:31:33.756Z debug
HEADERS: omitted; set WRANGLER_LOG_SANITIZE=false to include sanitized data
---

--- 2025-12-26T07:31:33.756Z debug
INIT: omitted; set WRANGLER_LOG_SANITIZE=false to include sanitized data
---

--- 2025-12-26T07:31:33.766Z debug
BODY: omitted; set WRANGLER_LOG_SANITIZE=false to include sanitized data
---

--- 2025-12-26T07:31:33.766Z debug
-- END CF API REQUEST
---

--- 2025-12-26T07:31:36.099Z debug
-- START CF API RESPONSE: OK 200
---

--- 2025-12-26T07:31:36.103Z debug
HEADERS: omitted; set WRANGLER_LOG_SANITIZE=false to include sanitized data
---

--- 2025-12-26T07:31:36.103Z debug
RESPONSE: omitted; set WRANGLER_LOG_SANITIZE=false to include sanitized data
---

--- 2025-12-26T07:31:36.103Z debug
-- END CF API RESPONSE
---

--- 2025-12-26T07:31:36.112Z debug
Saving to cache: {"account_id":"f006ec5b85550c77e565a3f9f99a35c0","project_name":"leafvault-notes"}
---

--- 2025-12-26T07:31:36.118Z log
🌎 Deploying...
---

--- 2025-12-26T07:31:37.120Z debug
attempt #1: Attempting to fetch status for deployment with id "e34bec8c-ca42-477e-9907-d43c4cd1ead9" ...
---

--- 2025-12-26T07:31:37.121Z debug
-- START CF API REQUEST: GET https://api.cloudflare.com/client/v4/accounts/f006ec5b85550c77e565a3f9f99a35c0/pages/projects/leafvault-notes/deployments/e34bec8c-ca42-477e-9907-d43c4cd1ead9
---

--- 2025-12-26T07:31:37.121Z debug
QUERY STRING: omitted; set WRANGLER_LOG_SANITIZE=false to include sanitized data
---

--- 2025-12-26T07:31:37.121Z debug
HEADERS: omitted; set WRANGLER_LOG_SANITIZE=false to include sanitized data
---

--- 2025-12-26T07:31:37.121Z debug
INIT: omitted; set WRANGLER_LOG_SANITIZE=false to include sanitized data
---

--- 2025-12-26T07:31:37.121Z debug
-- END CF API REQUEST
---

--- 2025-12-26T07:31:38.942Z debug
-- START CF API RESPONSE: OK 200
---

--- 2025-12-26T07:31:38.942Z debug
HEADERS: omitted; set WRANGLER_LOG_SANITIZE=false to include sanitized data
---

--- 2025-12-26T07:31:38.942Z debug
RESPONSE: omitted; set WRANGLER_LOG_SANITIZE=false to include sanitized data
---

--- 2025-12-26T07:31:38.942Z debug
-- END CF API RESPONSE
---

--- 2025-12-26T07:31:38.944Z log
✨ Deployment complete! Take a peek over at https://e34bec8c.leafvault-notes.pages.dev
---

--- 2025-12-26T07:31:38.945Z debug
Metrics dispatcher: Posting data {"deviceId":"d39dff02-21f2-40cf-941a-454076f127d1","event":"create pages deployment","timestamp":1766734298945,"properties":{"category":"Workers","wranglerVersion":"4.53.0","os":"linux:x64"}}
---

--- 2025-12-26T07:31:38.950Z debug
Metrics dispatcher: Posting data {"deviceId":"d39dff02-21f2-40cf-941a-454076f127d1","event":"wrangler command completed","timestamp":1766734298950,"properties":{"amplitude_session_id":1766734279438,"amplitude_event_id":1,"wranglerVersion":"4.53.0","osPlatform":"Linux","osVersion":"#1 SMP PREEMPT_DYNAMIC Thu Jun  5 18:30:46 UTC 2025","nodeVersion":22,"packageManager":"npm","isFirstUsage":false,"configFileType":"none","isCI":false,"isPagesCI":false,"isWorkersCI":false,"isInteractive":true,"hasAssets":false,"argsUsed":[],"argsCombination":"","command":"wrangler pages deploy","args":{},"durationMs":19652,"durationSeconds":19.652,"durationMinutes":0.32753333333333334}}
---
