
--- 2026-01-02T05:58:34.555Z debug
🪵  Writing logs to "/home/hades/.config/.wrangler/logs/wrangler-2026-01-02_05-58-33_681.log"
---

--- 2026-01-02T05:58:34.555Z debug
Metrics dispatcher: Posting data {"deviceId":"d39dff02-21f2-40cf-941a-454076f127d1","event":"wrangler command started","timestamp":1767333514554,"properties":{"amplitude_session_id":1767333514548,"amplitude_event_id":0,"wranglerVersion":"4.53.0","osPlatform":"Linux","osVersion":"#1 SMP PREEMPT_DYNAMIC Thu Jun  5 18:30:46 UTC 2025","nodeVersion":22,"isFirstUsage":false,"configFileType":"toml","isCI":false,"isPagesCI":false,"isWorkersCI":false,"isInteractive":false,"hasAssets":false,"argsUsed":[],"argsCombination":"","command":"wrangler pages deploy","args":{}}}
---

--- 2026-01-02T05:58:34.593Z debug
.env file not found at "/home/hades/FUN/cloudflareProjet/passvault/.env.local". Continuing... For more details, refer to https://developers.cloudflare.com/workers/wrangler/system-environment-variables/
---

--- 2026-01-02T05:58:34.678Z log

 ⛅️ wrangler 4.53.0 (update available 4.54.0)
─────────────────────────────────────────────
---

--- 2026-01-02T05:58:34.758Z debug
Configuration file belonging to ⚡️ Pages ⚡️ project detected.
---

--- 2026-01-02T05:58:34.763Z debug
-- START CF API REQUEST: GET https://api.cloudflare.com/client/v4/accounts/f006ec5b85550c77e565a3f9f99a35c0/pages/projects/passvault-frontend
---

--- 2026-01-02T05:58:34.763Z debug
QUERY STRING: omitted; set WRANGLER_LOG_SANITIZE=false to include sanitized data
---

--- 2026-01-02T05:58:34.765Z debug
HEADERS: omitted; set WRANGLER_LOG_SANITIZE=false to include sanitized data
---

--- 2026-01-02T05:58:34.765Z debug
INIT: omitted; set WRANGLER_LOG_SANITIZE=false to include sanitized data
---

--- 2026-01-02T05:58:34.765Z debug
-- END CF API REQUEST
---

--- 2026-01-02T05:58:36.401Z debug
-- START CF API RESPONSE: OK 200
---

--- 2026-01-02T05:58:36.404Z debug
HEADERS: omitted; set WRANGLER_LOG_SANITIZE=false to include sanitized data
---

--- 2026-01-02T05:58:36.404Z debug
RESPONSE: omitted; set WRANGLER_LOG_SANITIZE=false to include sanitized data
---

--- 2026-01-02T05:58:36.404Z debug
-- END CF API RESPONSE
---

--- 2026-01-02T05:58:36.622Z debug
-- START CF API REQUEST: GET https://api.cloudflare.com/client/v4/accounts/f006ec5b85550c77e565a3f9f99a35c0/pages/projects/passvault-frontend
---

--- 2026-01-02T05:58:36.622Z debug
QUERY STRING: omitted; set WRANGLER_LOG_SANITIZE=false to include sanitized data
---

--- 2026-01-02T05:58:36.623Z debug
HEADERS: omitted; set WRANGLER_LOG_SANITIZE=false to include sanitized data
---

--- 2026-01-02T05:58:36.623Z debug
INIT: omitted; set WRANGLER_LOG_SANITIZE=false to include sanitized data
---

--- 2026-01-02T05:58:36.623Z debug
-- END CF API REQUEST
---

--- 2026-01-02T05:58:38.150Z debug
-- START CF API RESPONSE: OK 200
---

--- 2026-01-02T05:58:38.151Z debug
HEADERS: omitted; set WRANGLER_LOG_SANITIZE=false to include sanitized data
---

--- 2026-01-02T05:58:38.151Z debug
RESPONSE: omitted; set WRANGLER_LOG_SANITIZE=false to include sanitized data
---

--- 2026-01-02T05:58:38.151Z debug
-- END CF API RESPONSE
---

--- 2026-01-02T05:58:38.163Z debug
Configuration file belonging to ⚡️ Pages ⚡️ project detected.
---

--- 2026-01-02T05:58:38.215Z debug
-- START CF API REQUEST: GET https://api.cloudflare.com/client/v4/accounts/f006ec5b85550c77e565a3f9f99a35c0/pages/projects/passvault-frontend/upload-token
---

--- 2026-01-02T05:58:38.215Z debug
QUERY STRING: omitted; set WRANGLER_LOG_SANITIZE=false to include sanitized data
---

--- 2026-01-02T05:58:38.216Z debug
HEADERS: omitted; set WRANGLER_LOG_SANITIZE=false to include sanitized data
---

--- 2026-01-02T05:58:38.216Z debug
INIT: omitted; set WRANGLER_LOG_SANITIZE=false to include sanitized data
---

--- 2026-01-02T05:58:38.216Z debug
-- END CF API REQUEST
---

--- 2026-01-02T05:58:39.621Z debug
-- START CF API RESPONSE: OK 200
---

--- 2026-01-02T05:58:39.622Z debug
HEADERS: omitted; set WRANGLER_LOG_SANITIZE=false to include sanitized data
---

--- 2026-01-02T05:58:39.622Z debug
RESPONSE: omitted; set WRANGLER_LOG_SANITIZE=false to include sanitized data
---

--- 2026-01-02T05:58:39.622Z debug
-- END CF API RESPONSE
---

--- 2026-01-02T05:58:39.623Z debug
-- START CF API REQUEST: POST https://api.cloudflare.com/client/v4/pages/assets/check-missing
---

--- 2026-01-02T05:58:39.623Z debug
QUERY STRING: omitted; set WRANGLER_LOG_SANITIZE=false to include sanitized data
---

--- 2026-01-02T05:58:39.624Z debug
HEADERS: omitted; set WRANGLER_LOG_SANITIZE=false to include sanitized data
---

--- 2026-01-02T05:58:39.624Z debug
INIT: omitted; set WRANGLER_LOG_SANITIZE=false to include sanitized data
---

--- 2026-01-02T05:58:39.624Z debug
-- END CF API REQUEST
---

--- 2026-01-02T05:58:39.928Z debug
-- START CF API RESPONSE: OK 200
---

--- 2026-01-02T05:58:39.929Z debug
HEADERS: omitted; set WRANGLER_LOG_SANITIZE=false to include sanitized data
---

--- 2026-01-02T05:58:39.929Z debug
RESPONSE: omitted; set WRANGLER_LOG_SANITIZE=false to include sanitized data
---

--- 2026-01-02T05:58:39.929Z debug
-- END CF API RESPONSE
---

--- 2026-01-02T05:58:39.931Z log
Uploading... (4/6)
---

--- 2026-01-02T05:58:39.942Z debug
POST /pages/assets/upload
---

--- 2026-01-02T05:58:39.942Z debug
-- START CF API REQUEST: POST https://api.cloudflare.com/client/v4/pages/assets/upload
---

--- 2026-01-02T05:58:39.942Z debug
QUERY STRING: omitted; set WRANGLER_LOG_SANITIZE=false to include sanitized data
---

--- 2026-01-02T05:58:39.943Z debug
HEADERS: omitted; set WRANGLER_LOG_SANITIZE=false to include sanitized data
---

--- 2026-01-02T05:58:39.943Z debug
INIT: omitted; set WRANGLER_LOG_SANITIZE=false to include sanitized data
---

--- 2026-01-02T05:58:39.943Z debug
-- END CF API REQUEST
---

--- 2026-01-02T05:58:39.949Z debug
POST /pages/assets/upload
---

--- 2026-01-02T05:58:39.964Z debug
-- START CF API REQUEST: POST https://api.cloudflare.com/client/v4/pages/assets/upload
---

--- 2026-01-02T05:58:39.964Z debug
QUERY STRING: omitted; set WRANGLER_LOG_SANITIZE=false to include sanitized data
---

--- 2026-01-02T05:58:39.964Z debug
HEADERS: omitted; set WRANGLER_LOG_SANITIZE=false to include sanitized data
---

--- 2026-01-02T05:58:39.979Z debug
INIT: omitted; set WRANGLER_LOG_SANITIZE=false to include sanitized data
---

--- 2026-01-02T05:58:39.980Z debug
-- END CF API REQUEST
---

--- 2026-01-02T05:58:40.690Z debug
-- START CF API RESPONSE: OK 200
---

--- 2026-01-02T05:58:40.691Z debug
HEADERS: omitted; set WRANGLER_LOG_SANITIZE=false to include sanitized data
---

--- 2026-01-02T05:58:40.691Z debug
RESPONSE: omitted; set WRANGLER_LOG_SANITIZE=false to include sanitized data
---

--- 2026-01-02T05:58:40.691Z debug
-- END CF API RESPONSE
---

--- 2026-01-02T05:58:40.693Z debug
result: { successful_key_count: 1, unsuccessful_keys: [] }
---

--- 2026-01-02T05:58:40.693Z log
Uploading... (5/6)
---

--- 2026-01-02T05:58:44.958Z debug
-- START CF API RESPONSE: OK 200
---

--- 2026-01-02T05:58:44.959Z debug
HEADERS: omitted; set WRANGLER_LOG_SANITIZE=false to include sanitized data
---

--- 2026-01-02T05:58:44.959Z debug
RESPONSE: omitted; set WRANGLER_LOG_SANITIZE=false to include sanitized data
---

--- 2026-01-02T05:58:44.959Z debug
-- END CF API RESPONSE
---

--- 2026-01-02T05:58:44.960Z debug
result: { successful_key_count: 1, unsuccessful_keys: [] }
---

--- 2026-01-02T05:58:44.960Z log
Uploading... (6/6)
---

--- 2026-01-02T05:58:44.961Z log
✨ Success! Uploaded 2 files (4 already uploaded) (5.34 sec)

---

--- 2026-01-02T05:58:44.963Z debug
-- START CF API REQUEST: POST https://api.cloudflare.com/client/v4/pages/assets/upsert-hashes
---

--- 2026-01-02T05:58:44.963Z debug
QUERY STRING: omitted; set WRANGLER_LOG_SANITIZE=false to include sanitized data
---

--- 2026-01-02T05:58:44.963Z debug
HEADERS: omitted; set WRANGLER_LOG_SANITIZE=false to include sanitized data
---

--- 2026-01-02T05:58:44.963Z debug
INIT: omitted; set WRANGLER_LOG_SANITIZE=false to include sanitized data
---

--- 2026-01-02T05:58:44.963Z debug
-- END CF API REQUEST
---

--- 2026-01-02T05:58:45.342Z debug
-- START CF API RESPONSE: OK 200
---

--- 2026-01-02T05:58:45.343Z debug
HEADERS: omitted; set WRANGLER_LOG_SANITIZE=false to include sanitized data
---

--- 2026-01-02T05:58:45.343Z debug
RESPONSE: omitted; set WRANGLER_LOG_SANITIZE=false to include sanitized data
---

--- 2026-01-02T05:58:45.343Z debug
-- END CF API RESPONSE
---

--- 2026-01-02T05:58:45.347Z log
✨ Uploading _headers
---

--- 2026-01-02T05:58:45.348Z log
✨ Uploading _redirects
---

--- 2026-01-02T05:58:45.356Z debug
-- START CF API REQUEST: POST https://api.cloudflare.com/client/v4/accounts/f006ec5b85550c77e565a3f9f99a35c0/pages/projects/passvault-frontend/deployments
---

--- 2026-01-02T05:58:45.357Z debug
QUERY STRING: omitted; set WRANGLER_LOG_SANITIZE=false to include sanitized data
---

--- 2026-01-02T05:58:45.357Z debug
HEADERS: omitted; set WRANGLER_LOG_SANITIZE=false to include sanitized data
---

--- 2026-01-02T05:58:45.357Z debug
INIT: omitted; set WRANGLER_LOG_SANITIZE=false to include sanitized data
---

--- 2026-01-02T05:58:45.366Z debug
BODY: omitted; set WRANGLER_LOG_SANITIZE=false to include sanitized data
---

--- 2026-01-02T05:58:45.366Z debug
-- END CF API REQUEST
---

--- 2026-01-02T05:58:48.149Z debug
-- START CF API RESPONSE: OK 200
---

--- 2026-01-02T05:58:48.150Z debug
HEADERS: omitted; set WRANGLER_LOG_SANITIZE=false to include sanitized data
---

--- 2026-01-02T05:58:48.150Z debug
RESPONSE: omitted; set WRANGLER_LOG_SANITIZE=false to include sanitized data
---

--- 2026-01-02T05:58:48.150Z debug
-- END CF API RESPONSE
---

--- 2026-01-02T05:58:48.153Z debug
Saving to cache: {"account_id":"f006ec5b85550c77e565a3f9f99a35c0","project_name":"passvault-frontend"}
---

--- 2026-01-02T05:58:48.154Z log
🌎 Deploying...
---

--- 2026-01-02T05:58:49.157Z debug
attempt #1: Attempting to fetch status for deployment with id "b451d09d-67b1-423b-8404-32330049381d" ...
---

--- 2026-01-02T05:58:49.158Z debug
-- START CF API REQUEST: GET https://api.cloudflare.com/client/v4/accounts/f006ec5b85550c77e565a3f9f99a35c0/pages/projects/passvault-frontend/deployments/b451d09d-67b1-423b-8404-32330049381d
---

--- 2026-01-02T05:58:49.158Z debug
QUERY STRING: omitted; set WRANGLER_LOG_SANITIZE=false to include sanitized data
---

--- 2026-01-02T05:58:49.158Z debug
HEADERS: omitted; set WRANGLER_LOG_SANITIZE=false to include sanitized data
---

--- 2026-01-02T05:58:49.158Z debug
INIT: omitted; set WRANGLER_LOG_SANITIZE=false to include sanitized data
---

--- 2026-01-02T05:58:49.158Z debug
-- END CF API REQUEST
---

--- 2026-01-02T05:58:50.869Z debug
-- START CF API RESPONSE: OK 200
---

--- 2026-01-02T05:58:50.871Z debug
HEADERS: omitted; set WRANGLER_LOG_SANITIZE=false to include sanitized data
---

--- 2026-01-02T05:58:50.871Z debug
RESPONSE: omitted; set WRANGLER_LOG_SANITIZE=false to include sanitized data
---

--- 2026-01-02T05:58:50.871Z debug
-- END CF API RESPONSE
---

--- 2026-01-02T05:58:50.875Z log
✨ Deployment complete! Take a peek over at https://b451d09d.passvault-frontend.pages.dev
---

--- 2026-01-02T05:58:50.879Z debug
Metrics dispatcher: Posting data {"deviceId":"d39dff02-21f2-40cf-941a-454076f127d1","event":"create pages deployment","timestamp":1767333530879,"properties":{"category":"Workers","wranglerVersion":"4.53.0","os":"linux:x64"}}
---

--- 2026-01-02T05:58:50.897Z debug
Metrics dispatcher: Posting data {"deviceId":"d39dff02-21f2-40cf-941a-454076f127d1","event":"wrangler command completed","timestamp":1767333530897,"properties":{"amplitude_session_id":1767333514548,"amplitude_event_id":1,"wranglerVersion":"4.53.0","osPlatform":"Linux","osVersion":"#1 SMP PREEMPT_DYNAMIC Thu Jun  5 18:30:46 UTC 2025","nodeVersion":22,"isFirstUsage":false,"configFileType":"toml","isCI":false,"isPagesCI":false,"isWorkersCI":false,"isInteractive":false,"hasAssets":false,"argsUsed":[],"argsCombination":"","command":"wrangler pages deploy","args":{},"durationMs":16478,"durationSeconds":16.478,"durationMinutes":0.27463333333333334}}
---
