
--- 2026-01-02T05:51:38.329Z debug
🪵  Writing logs to "/home/hades/.config/.wrangler/logs/wrangler-2026-01-02_05-51-37_420.log"
---

--- 2026-01-02T05:51:38.329Z log

Cloudflare collects anonymous telemetry about your usage of Wrangler. Learn more at https://github.com/cloudflare/workers-sdk/tree/main/packages/wrangler/telemetry.md
---

--- 2026-01-02T05:51:38.345Z debug
Metrics dispatcher: Posting data {"deviceId":"d39dff02-21f2-40cf-941a-454076f127d1","event":"wrangler command started","timestamp":1767333098345,"properties":{"amplitude_session_id":1767333098325,"amplitude_event_id":0,"wranglerVersion":"4.53.0","osPlatform":"Linux","osVersion":"#1 SMP PREEMPT_DYNAMIC Thu Jun  5 18:30:46 UTC 2025","nodeVersion":22,"isFirstUsage":false,"configFileType":"toml","isCI":false,"isPagesCI":false,"isWorkersCI":false,"isInteractive":true,"hasAssets":false,"argsUsed":["env"],"argsCombination":"env","command":"wrangler deploy","args":{}}}
---

--- 2026-01-02T05:51:38.388Z debug
.env file not found at "/home/hades/FUN/cloudflareProjet/passvault/api/.env". Continuing... For more details, refer to https://developers.cloudflare.com/workers/wrangler/system-environment-variables/
---

--- 2026-01-02T05:51:38.388Z debug
.env file not found at "/home/hades/FUN/cloudflareProjet/passvault/api/.env.local". Continuing... For more details, refer to https://developers.cloudflare.com/workers/wrangler/system-environment-variables/
---

--- 2026-01-02T05:51:38.389Z debug
.env file not found at "/home/hades/FUN/cloudflareProjet/passvault/api/.env.production". Continuing... For more details, refer to https://developers.cloudflare.com/workers/wrangler/system-environment-variables/
---

--- 2026-01-02T05:51:38.389Z debug
.env file not found at "/home/hades/FUN/cloudflareProjet/passvault/api/.env.production.local". Continuing... For more details, refer to https://developers.cloudflare.com/workers/wrangler/system-environment-variables/
---

--- 2026-01-02T05:51:38.505Z log

 ⛅️ wrangler 4.53.0 (update available 4.54.0)
─────────────────────────────────────────────
---

--- 2026-01-02T05:51:38.530Z log

---

--- 2026-01-02T05:51:38.756Z error
✘ [ERROR] Processing wrangler.toml configuration:

    - Removed: "node_compat":
      The "node_compat" field is no longer supported as of Wrangler v4. Instead, use the
  `nodejs_compat` compatibility flag. This includes the functionality from legacy `node_compat`
  polyfills and natively implemented Node.js APIs. See
  https://developers.cloudflare.com/workers/runtime-apis/nodejs for more information.


---

--- 2026-01-02T05:51:38.757Z debug
Error: Processing wrangler.toml configuration:
  - Removed: "node_compat":
    The "node_compat" field is no longer supported as of Wrangler v4. Instead, use the `nodejs_compat` compatibility flag. This includes the functionality from legacy `node_compat` polyfills and natively implemented Node.js APIs. See https://developers.cloudflare.com/workers/runtime-apis/nodejs for more information.
    at readConfig (/home/hades/.local/share/fnm/node-versions/v22.21.1/installation/lib/node_modules/wrangler/wrangler-dist/cli.js:50147:11)
    at /home/hades/.local/share/fnm/node-versions/v22.21.1/installation/lib/node_modules/wrangler/wrangler-dist/cli.js:165177:63
    at AsyncLocalStorage.run (node:internal/async_local_storage/async_hooks:91:14)
    at run (/home/hades/.local/share/fnm/node-versions/v22.21.1/installation/lib/node_modules/wrangler/wrangler-dist/cli.js:48005:61)
    at Object.handler (/home/hades/.local/share/fnm/node-versions/v22.21.1/installation/lib/node_modules/wrangler/wrangler-dist/cli.js:165176:13)
---

--- 2026-01-02T05:51:38.759Z debug
Metrics dispatcher: Posting data {"deviceId":"d39dff02-21f2-40cf-941a-454076f127d1","event":"wrangler command errored","timestamp":1767333098759,"properties":{"amplitude_session_id":1767333098325,"amplitude_event_id":1,"wranglerVersion":"4.53.0","osPlatform":"Linux","osVersion":"#1 SMP PREEMPT_DYNAMIC Thu Jun  5 18:30:46 UTC 2025","nodeVersion":22,"isFirstUsage":false,"configFileType":"toml","isCI":false,"isPagesCI":false,"isWorkersCI":false,"isInteractive":true,"hasAssets":false,"argsUsed":["env"],"argsCombination":"env","command":"wrangler deploy","args":{},"durationMs":566,"durationSeconds":0.566,"durationMinutes":0.009433333333333332,"errorType":"UserError"}}
---
