
--- 2025-12-24T07:14:51.662Z debug
🪵  Writing logs to "/home/hades/.config/.wrangler/logs/wrangler-2025-12-24_07-14-51_234.log"
---

--- 2025-12-24T07:14:51.662Z debug
Metrics dispatcher: Posting data {"deviceId":"d39dff02-21f2-40cf-941a-454076f127d1","event":"wrangler command started","timestamp":1766560491662,"properties":{"amplitude_session_id":1766560491659,"amplitude_event_id":0,"wranglerVersion":"4.53.0","osPlatform":"Linux","osVersion":"#1 SMP PREEMPT_DYNAMIC Thu Jun  5 18:30:46 UTC 2025","nodeVersion":22,"packageManager":"npm","isFirstUsage":false,"configFileType":"none","isCI":false,"isPagesCI":false,"isWorkersCI":false,"isInteractive":false,"hasAssets":false,"argsUsed":[],"argsCombination":"","command":"wrangler pages deployment list","args":{}}}
---

--- 2025-12-24T07:14:51.689Z debug
.env file not found at "/home/hades/FUN/NotesProjeck/beta/vaultnotes/.env.local". Continuing... For more details, refer to https://developers.cloudflare.com/workers/wrangler/system-environment-variables/
---

--- 2025-12-24T07:14:51.737Z log

 ⛅️ wrangler 4.53.0 (update available 4.56.0)
─────────────────────────────────────────────
---

--- 2025-12-24T07:14:51.767Z debug
-- START CF API REQUEST: GET https://api.cloudflare.com/client/v4/accounts/f006ec5b85550c77e565a3f9f99a35c0/pages/projects/leafvault-notes/deployments
---

--- 2025-12-24T07:14:51.769Z debug
QUERY STRING: omitted; set WRANGLER_LOG_SANITIZE=false to include sanitized data
---

--- 2025-12-24T07:14:51.770Z debug
HEADERS: omitted; set WRANGLER_LOG_SANITIZE=false to include sanitized data
---

--- 2025-12-24T07:14:51.771Z debug
INIT: omitted; set WRANGLER_LOG_SANITIZE=false to include sanitized data
---

--- 2025-12-24T07:14:51.772Z debug
-- END CF API REQUEST
---

--- 2025-12-24T07:14:53.500Z debug
-- START CF API RESPONSE: OK 200
---

--- 2025-12-24T07:14:53.503Z debug
HEADERS: omitted; set WRANGLER_LOG_SANITIZE=false to include sanitized data
---

--- 2025-12-24T07:14:53.503Z debug
RESPONSE: omitted; set WRANGLER_LOG_SANITIZE=false to include sanitized data
---

--- 2025-12-24T07:14:53.503Z debug
-- END CF API RESPONSE
---

--- 2025-12-24T07:14:53.523Z debug
Saving to cache: {"account_id":"f006ec5b85550c77e565a3f9f99a35c0"}
---

--- 2025-12-24T07:14:53.562Z log
┌──────────────────────────────────────┬─────────────┬────────────┬─────────┬────────────────────────────────────────────┬────────────────┬──────────────────────────────────────────────────────────────────────────────────────────────────────────────────────────────┐
│ Id                                   │ Environment │ Branch     │ Source  │ Deployment                                 │ Status         │ Build                                                                                                                        │
├──────────────────────────────────────┼─────────────┼────────────┼─────────┼────────────────────────────────────────────┼────────────────┼──────────────────────────────────────────────────────────────────────────────────────────────────────────────────────────────┤
│ 057ed04d-9888-42ee-b9ec-594c1366e005 │ Preview     │ production │ fd63ea7 │ https://057ed04d.leafvault-notes.pages.dev │ 28 seconds ago │ https://dash.cloudflare.com/f006ec5b85550c77e565a3f9f99a35c0/pages/view/leafvault-notes/057ed04d-9888-42ee-b9ec-594c1366e005 │
├──────────────────────────────────────┼─────────────┼────────────┼─────────┼────────────────────────────────────────────┼────────────────┼──────────────────────────────────────────────────────────────────────────────────────────────────────────────────────────────┤
│ 8c2861f7-4d99-4ace-8738-2a05e564e2fd │ Preview     │ main       │ fd63ea7 │ https://8c2861f7.leafvault-notes.pages.dev │ 2 minutes ago  │ https://dash.cloudflare.com/f006ec5b85550c77e565a3f9f99a35c0/pages/view/leafvault-notes/8c2861f7-4d99-4ace-8738-2a05e564e2fd │
├──────────────────────────────────────┼─────────────┼────────────┼─────────┼────────────────────────────────────────────┼────────────────┼──────────────────────────────────────────────────────────────────────────────────────────────────────────────────────────────┤
│ 4bb6c1da-8e7d-4fb4-aff8-1e751b8938bf │ Preview     │ main       │ fd63ea7 │ https://4bb6c1da.leafvault-notes.pages.dev │ 9 minutes ago  │ https://dash.cloudflare.com/f006ec5b85550c77e565a3f9f99a35c0/pages/view/leafvault-notes/4bb6c1da-8e7d-4fb4-aff8-1e751b8938bf │
└──────────────────────────────────────┴─────────────┴────────────┴─────────┴────────────────────────────────────────────┴────────────────┴──────────────────────────────────────────────────────────────────────────────────────────────────────────────────────────────┘
---

--- 2025-12-24T07:14:53.567Z debug
Metrics dispatcher: Posting data {"deviceId":"d39dff02-21f2-40cf-941a-454076f127d1","event":"list pages deployments","timestamp":1766560493567,"properties":{"category":"Workers","wranglerVersion":"4.53.0","os":"linux:x64"}}
---

--- 2025-12-24T07:14:53.591Z debug
Metrics dispatcher: Posting data {"deviceId":"d39dff02-21f2-40cf-941a-454076f127d1","event":"wrangler command completed","timestamp":1766560493591,"properties":{"amplitude_session_id":1766560491659,"amplitude_event_id":1,"wranglerVersion":"4.53.0","osPlatform":"Linux","osVersion":"#1 SMP PREEMPT_DYNAMIC Thu Jun  5 18:30:46 UTC 2025","nodeVersion":22,"packageManager":"npm","isFirstUsage":false,"configFileType":"none","isCI":false,"isPagesCI":false,"isWorkersCI":false,"isInteractive":false,"hasAssets":false,"argsUsed":[],"argsCombination":"","command":"wrangler pages deployment list","args":{},"durationMs":2004,"durationSeconds":2.004,"durationMinutes":0.0334}}
---
