[
  {
    "action": "edit",
    "accountName": "dwirx",
    "platform": "github",
    "success": true,
    "timestamp": "2025-12-10T02:38:35.506Z"
  },
  {
    "action": "add",
    "accountName": "dwirx",
    "platform": "github",
    "success": true,
    "timestamp": "2025-12-10T02:38:35.507Z"
  },
  {
    "action": "test",
    "accountName": "dwirx",
    "method": "ssh",
    "platform": "github",
    "success": true,
    "timestamp": "2025-12-10T02:38:45.565Z"
  },
  {
    "action": "edit",
    "accountName": "gieapodsni",
    "platform": "gitea",
    "success": true,
    "timestamp": "2025-12-17T02:18:23.809Z"
  },
  {
    "action": "add",
    "accountName": "gieapodsni",
    "platform": "gitea",
    "success": true,
    "timestamp": "2025-12-17T02:18:23.829Z"
  },
  {
    "action": "test",
    "accountName": "gieapodsni",
    "method": "ssh",
    "platform": "gitea",
    "success": false,
    "error": "Connection failed. Check if SSH key is added to the Git service.",
    "timestamp": "2025-12-17T02:18:42.383Z"
  },
  {
    "action": "edit",
    "accountName": "giteapodsni",
    "platform": "gitea",
    "success": true,
    "timestamp": "2025-12-17T02:33:02.452Z"
  },
  {
    "action": "add",
    "accountName": "giteapodsni",
    "platform": "gitea",
    "success": true,
    "timestamp": "2025-12-17T02:33:02.453Z"
  },
  {
    "action": "test",
    "accountName": "giteapodsni",
    "method": "ssh",
    "platform": "gitea",
    "success": true,
    "timestamp": "2025-12-17T02:33:28.796Z"
  }
]